192.168.65.1 - - [05/Dec/2023:04:17:17 +0000] "GET /api/v1/actions?pageId=656e67b69e391b36e85c0655 HTTP/1.1" 200 811 "http://localhost:8080/app/my-first-application/page1-656e67b69e391b36e85c0655/edit/api/656ea43ea3b01b3b839290a5?editName=false&from=datasources" "Mozilla/5.0 (Macintosh; Intel Mac OS X 10_15_7) AppleWebKit/537.36 (KHTML, like Gecko) Chrome/119.0.0.0 Safari/537.36"
192.168.65.1 - - [05/Dec/2023:04:17:21 +0000] "PUT /api/v1/actions/656e8eaaa3b01b3b839290a0 HTTP/1.1" 200 708 "http://localhost:8080/app/my-first-application/page1-656e67b69e391b36e85c0655/edit/api/656e8eaaa3b01b3b839290a0" "Mozilla/5.0 (Macintosh; Intel Mac OS X 10_15_7) AppleWebKit/537.36 (KHTML, like Gecko) Chrome/119.0.0.0 Safari/537.36"
192.168.65.1 - - [05/Dec/2023:04:17:24 +0000] "PUT /api/v1/actions/656ea43ea3b01b3b839290a5 HTTP/1.1" 200 694 "http://localhost:8080/app/my-first-application/page1-656e67b69e391b36e85c0655/edit/api/656ea43ea3b01b3b839290a5" "Mozilla/5.0 (Macintosh; Intel Mac OS X 10_15_7) AppleWebKit/537.36 (KHTML, like Gecko) Chrome/119.0.0.0 Safari/537.36"
192.168.65.1 - - [05/Dec/2023:04:17:29 +0000] "PUT /api/v1/actions/656ea43ea3b01b3b839290a5 HTTP/1.1" 200 699 "http://localhost:8080/app/my-first-application/page1-656e67b69e391b36e85c0655/edit/api/656ea43ea3b01b3b839290a5" "Mozilla/5.0 (Macintosh; Intel Mac OS X 10_15_7) AppleWebKit/537.36 (KHTML, like Gecko) Chrome/119.0.0.0 Safari/537.36"
192.168.65.1 - - [05/Dec/2023:04:17:31 +0000] "POST /api/v1/actions/execute HTTP/1.1" 200 556 "http://localhost:8080/app/my-first-application/page1-656e67b69e391b36e85c0655/edit/api/656ea43ea3b01b3b839290a5" "Mozilla/5.0 (Macintosh; Intel Mac OS X 10_15_7) AppleWebKit/537.36 (KHTML, like Gecko) Chrome/119.0.0.0 Safari/537.36"
127.0.0.1 - - [05/Dec/2023:04:17:32 +0000] "GET / HTTP/1.1" 200 6702 "-" "curl/7.68.0"
192.168.65.1 - - [05/Dec/2023:04:17:34 +0000] "PUT /api/v1/actions/656ea43ea3b01b3b839290a5 HTTP/1.1" 200 701 "http://localhost:8080/app/my-first-application/page1-656e67b69e391b36e85c0655/edit/api/656ea43ea3b01b3b839290a5" "Mozilla/5.0 (Macintosh; Intel Mac OS X 10_15_7) AppleWebKit/537.36 (KHTML, like Gecko) Chrome/119.0.0.0 Safari/537.36"
192.168.65.1 - - [05/Dec/2023:04:17:34 +0000] "POST /api/v1/actions/execute HTTP/1.1" 200 582 "http://localhost:8080/app/my-first-application/page1-656e67b69e391b36e85c0655/edit/api/656ea43ea3b01b3b839290a5" "Mozilla/5.0 (Macintosh; Intel Mac OS X 10_15_7) AppleWebKit/537.36 (KHTML, like Gecko) Chrome/119.0.0.0 Safari/537.36"
127.0.0.1 - - [05/Dec/2023:04:17:47 +0000] "GET / HTTP/1.1" 200 6702 "-" "curl/7.68.0"
127.0.0.1 - - [05/Dec/2023:04:18:02 +0000] "GET / HTTP/1.1" 200 6702 "-" "curl/7.68.0"
127.0.0.1 - - [05/Dec/2023:04:18:17 +0000] "GET / HTTP/1.1" 200 6702 "-" "curl/7.68.0"
127.0.0.1 - - [05/Dec/2023:04:18:33 +0000] "GET / HTTP/1.1" 200 6702 "-" "curl/7.68.0"
127.0.0.1 - - [05/Dec/2023:04:18:48 +0000] "GET / HTTP/1.1" 200 6702 "-" "curl/7.68.0"
127.0.0.1 - - [05/Dec/2023:04:19:03 +0000] "GET / HTTP/1.1" 200 6702 "-" "curl/7.68.0"
127.0.0.1 - - [05/Dec/2023:04:19:18 +0000] "GET / HTTP/1.1" 200 6702 "-" "curl/7.68.0"
127.0.0.1 - - [05/Dec/2023:04:19:33 +0000] "GET / HTTP/1.1" 200 6702 "-" "curl/7.68.0"
127.0.0.1 - - [05/Dec/2023:04:19:49 +0000] "GET / HTTP/1.1" 200 6702 "-" "curl/7.68.0"
127.0.0.1 - - [05/Dec/2023:04:20:04 +0000] "GET / HTTP/1.1" 200 6702 "-" "curl/7.68.0"
127.0.0.1 - - [05/Dec/2023:04:20:19 +0000] "GET / HTTP/1.1" 200 6702 "-" "curl/7.68.0"
127.0.0.1 - - [05/Dec/2023:04:20:34 +0000] "GET / HTTP/1.1" 200 6702 "-" "curl/7.68.0"
127.0.0.1 - - [05/Dec/2023:04:20:49 +0000] "GET / HTTP/1.1" 200 6702 "-" "curl/7.68.0"
127.0.0.1 - - [05/Dec/2023:04:21:05 +0000] "GET / HTTP/1.1" 200 6702 "-" "curl/7.68.0"
127.0.0.1 - - [05/Dec/2023:04:21:20 +0000] "GET / HTTP/1.1" 200 6702 "-" "curl/7.68.0"
127.0.0.1 - - [05/Dec/2023:04:21:35 +0000] "GET / HTTP/1.1" 200 6702 "-" "curl/7.68.0"
127.0.0.1 - - [05/Dec/2023:04:21:50 +0000] "GET / HTTP/1.1" 200 6702 "-" "curl/7.68.0"
127.0.0.1 - - [05/Dec/2023:04:22:05 +0000] "GET / HTTP/1.1" 200 6702 "-" "curl/7.68.0"
192.168.65.1 - - [05/Dec/2023:04:22:17 +0000] "PUT /api/v1/applications/656e67b69e391b36e85c0652 HTTP/1.1" 200 454 "http://localhost:8080/app/my-first-application/page1-656e67b69e391b36e85c0655/edit/api/656ea43ea3b01b3b839290a5" "Mozilla/5.0 (Macintosh; Intel Mac OS X 10_15_7) AppleWebKit/537.36 (KHTML, like Gecko) Chrome/119.0.0.0 Safari/537.36"
127.0.0.1 - - [05/Dec/2023:04:22:20 +0000] "GET / HTTP/1.1" 200 6702 "-" "curl/7.68.0"
127.0.0.1 - - [05/Dec/2023:04:22:36 +0000] "GET / HTTP/1.1" 200 6702 "-" "curl/7.68.0"
127.0.0.1 - - [05/Dec/2023:04:22:51 +0000] "GET / HTTP/1.1" 200 6702 "-" "curl/7.68.0"
192.168.65.1 - - [05/Dec/2023:04:22:53 +0000] "PUT /api/v1/actions/656ea43ea3b01b3b839290a5 HTTP/1.1" 200 699 "http://localhost:8080/app/studystage/page1-656e67b69e391b36e85c0655/edit/api/656ea43ea3b01b3b839290a5" "Mozilla/5.0 (Macintosh; Intel Mac OS X 10_15_7) AppleWebKit/537.36 (KHTML, like Gecko) Chrome/119.0.0.0 Safari/537.36"
192.168.65.1 - - [05/Dec/2023:04:22:56 +0000] "PUT /api/v1/actions/656ea43ea3b01b3b839290a5 HTTP/1.1" 200 741 "http://localhost:8080/app/studystage/page1-656e67b69e391b36e85c0655/edit/api/656ea43ea3b01b3b839290a5" "Mozilla/5.0 (Macintosh; Intel Mac OS X 10_15_7) AppleWebKit/537.36 (KHTML, like Gecko) Chrome/119.0.0.0 Safari/537.36"
192.168.65.1 - - [05/Dec/2023:04:23:05 +0000] "PUT /api/v1/actions/656ea43ea3b01b3b839290a5 HTTP/1.1" 200 777 "http://localhost:8080/app/studystage/page1-656e67b69e391b36e85c0655/edit/api/656ea43ea3b01b3b839290a5" "Mozilla/5.0 (Macintosh; Intel Mac OS X 10_15_7) AppleWebKit/537.36 (KHTML, like Gecko) Chrome/119.0.0.0 Safari/537.36"
127.0.0.1 - - [05/Dec/2023:04:23:06 +0000] "GET / HTTP/1.1" 200 6702 "-" "curl/7.68.0"
192.168.65.1 - - [05/Dec/2023:04:23:15 +0000] "PUT /api/v1/actions/656ea43ea3b01b3b839290a5 HTTP/1.1" 200 778 "http://localhost:8080/app/studystage/page1-656e67b69e391b36e85c0655/edit/api/656ea43ea3b01b3b839290a5" "Mozilla/5.0 (Macintosh; Intel Mac OS X 10_15_7) AppleWebKit/537.36 (KHTML, like Gecko) Chrome/119.0.0.0 Safari/537.36"
192.168.65.1 - - [05/Dec/2023:04:23:16 +0000] "POST /api/v1/actions/execute HTTP/1.1" 200 581 "http://localhost:8080/app/studystage/page1-656e67b69e391b36e85c0655/edit/api/656ea43ea3b01b3b839290a5" "Mozilla/5.0 (Macintosh; Intel Mac OS X 10_15_7) AppleWebKit/537.36 (KHTML, like Gecko) Chrome/119.0.0.0 Safari/537.36"
127.0.0.1 - - [05/Dec/2023:04:23:21 +0000] "GET / HTTP/1.1" 200 6702 "-" "curl/7.68.0"
192.168.65.1 - - [05/Dec/2023:04:23:31 +0000] "PUT /api/v1/actions/656ea43ea3b01b3b839290a5 HTTP/1.1" 200 779 "http://localhost:8080/app/studystage/page1-656e67b69e391b36e85c0655/edit/api/656ea43ea3b01b3b839290a5" "Mozilla/5.0 (Macintosh; Intel Mac OS X 10_15_7) AppleWebKit/537.36 (KHTML, like Gecko) Chrome/119.0.0.0 Safari/537.36"
192.168.65.1 - - [05/Dec/2023:04:23:33 +0000] "PUT /api/v1/actions/656ea43ea3b01b3b839290a5 HTTP/1.1" 200 781 "http://localhost:8080/app/studystage/page1-656e67b69e391b36e85c0655/edit/api/656ea43ea3b01b3b839290a5" "Mozilla/5.0 (Macintosh; Intel Mac OS X 10_15_7) AppleWebKit/537.36 (KHTML, like Gecko) Chrome/119.0.0.0 Safari/537.36"
192.168.65.1 - - [05/Dec/2023:04:23:36 +0000] "PUT /api/v1/actions/656ea43ea3b01b3b839290a5 HTTP/1.1" 200 783 "http://localhost:8080/app/studystage/page1-656e67b69e391b36e85c0655/edit/api/656ea43ea3b01b3b839290a5" "Mozilla/5.0 (Macintosh; Intel Mac OS X 10_15_7) AppleWebKit/537.36 (KHTML, like Gecko) Chrome/119.0.0.0 Safari/537.36"
192.168.65.1 - - [05/Dec/2023:04:23:36 +0000] "POST /api/v1/actions/execute HTTP/1.1" 200 480 "http://localhost:8080/app/studystage/page1-656e67b69e391b36e85c0655/edit/api/656ea43ea3b01b3b839290a5" "Mozilla/5.0 (Macintosh; Intel Mac OS X 10_15_7) AppleWebKit/537.36 (KHTML, like Gecko) Chrome/119.0.0.0 Safari/537.36"
127.0.0.1 - - [05/Dec/2023:04:23:36 +0000] "GET / HTTP/1.1" 200 6702 "-" "curl/7.68.0"
127.0.0.1 - - [05/Dec/2023:04:23:52 +0000] "GET / HTTP/1.1" 200 6702 "-" "curl/7.68.0"
127.0.0.1 - - [05/Dec/2023:04:24:07 +0000] "GET / HTTP/1.1" 200 6702 "-" "curl/7.68.0"
127.0.0.1 - - [05/Dec/2023:04:24:22 +0000] "GET / HTTP/1.1" 200 6702 "-" "curl/7.68.0"
127.0.0.1 - - [05/Dec/2023:04:24:37 +0000] "GET / HTTP/1.1" 200 6702 "-" "curl/7.68.0"
127.0.0.1 - - [05/Dec/2023:04:24:52 +0000] "GET / HTTP/1.1" 200 6702 "-" "curl/7.68.0"
192.168.65.1 - - [05/Dec/2023:04:25:06 +0000] "PUT /api/v1/actions/656ea43ea3b01b3b839290a5 HTTP/1.1" 200 751 "http://localhost:8080/app/studystage/page1-656e67b69e391b36e85c0655/edit/api/656ea43ea3b01b3b839290a5" "Mozilla/5.0 (Macintosh; Intel Mac OS X 10_15_7) AppleWebKit/537.36 (KHTML, like Gecko) Chrome/119.0.0.0 Safari/537.36"
127.0.0.1 - - [05/Dec/2023:04:25:07 +0000] "GET / HTTP/1.1" 200 6702 "-" "curl/7.68.0"
192.168.65.1 - - [05/Dec/2023:04:25:10 +0000] "PUT /api/v1/actions/656ea43ea3b01b3b839290a5 HTTP/1.1" 200 743 "http://localhost:8080/app/studystage/page1-656e67b69e391b36e85c0655/edit/api/656ea43ea3b01b3b839290a5" "Mozilla/5.0 (Macintosh; Intel Mac OS X 10_15_7) AppleWebKit/537.36 (KHTML, like Gecko) Chrome/119.0.0.0 Safari/537.36"
192.168.65.1 - - [05/Dec/2023:04:25:21 +0000] "PUT /api/v1/layouts/656e67b69e391b36e85c0653/pages/656e67b69e391b36e85c0655?applicationId=656e67b69e391b36e85c0652 HTTP/1.1" 200 1885 "http://localhost:8080/app/studystage/page1-656e67b69e391b36e85c0655/edit/widgets/9sppth4ttc" "Mozilla/5.0 (Macintosh; Intel Mac OS X 10_15_7) AppleWebKit/537.36 (KHTML, like Gecko) Chrome/119.0.0.0 Safari/537.36"
127.0.0.1 - - [05/Dec/2023:04:25:23 +0000] "GET / HTTP/1.1" 200 6702 "-" "curl/7.68.0"
192.168.65.1 - - [05/Dec/2023:04:25:27 +0000] "PUT /api/v1/actions/656e8eaaa3b01b3b839290a0 HTTP/1.1" 200 708 "http://localhost:8080/app/studystage/page1-656e67b69e391b36e85c0655/edit/api/656e8eaaa3b01b3b839290a0" "Mozilla/5.0 (Macintosh; Intel Mac OS X 10_15_7) AppleWebKit/537.36 (KHTML, like Gecko) Chrome/119.0.0.0 Safari/537.36"
192.168.65.1 - - [05/Dec/2023:04:25:28 +0000] "POST /api/v1/actions/execute HTTP/1.1" 200 2637 "http://localhost:8080/app/studystage/page1-656e67b69e391b36e85c0655/edit/api/656e8eaaa3b01b3b839290a0" "Mozilla/5.0 (Macintosh; Intel Mac OS X 10_15_7) AppleWebKit/537.36 (KHTML, like Gecko) Chrome/119.0.0.0 Safari/537.36"
127.0.0.1 - - [05/Dec/2023:04:25:38 +0000] "GET / HTTP/1.1" 200 6702 "-" "curl/7.68.0"
192.168.65.1 - - [05/Dec/2023:04:25:41 +0000] "PUT /api/v1/layouts/656e67b69e391b36e85c0653/pages/656e67b69e391b36e85c0655?applicationId=656e67b69e391b36e85c0652 HTTP/1.1" 200 2263 "http://localhost:8080/app/studystage/page1-656e67b69e391b36e85c0655/edit/widgets/ptu8uco70a" "Mozilla/5.0 (Macintosh; Intel Mac OS X 10_15_7) AppleWebKit/537.36 (KHTML, like Gecko) Chrome/119.0.0.0 Safari/537.36"
192.168.65.1 - - [05/Dec/2023:04:25:43 +0000] "PUT /api/v1/layouts/656e67b69e391b36e85c0653/pages/656e67b69e391b36e85c0655?applicationId=656e67b69e391b36e85c0652 HTTP/1.1" 200 2239 "http://localhost:8080/app/studystage/page1-656e67b69e391b36e85c0655/edit/widgets/ptu8uco70a" "Mozilla/5.0 (Macintosh; Intel Mac OS X 10_15_7) AppleWebKit/537.36 (KHTML, like Gecko) Chrome/119.0.0.0 Safari/537.36"
127.0.0.1 - - [05/Dec/2023:04:25:53 +0000] "GET / HTTP/1.1" 200 6702 "-" "curl/7.68.0"
127.0.0.1 - - [05/Dec/2023:04:26:08 +0000] "GET / HTTP/1.1" 200 6702 "-" "curl/7.68.0"
192.168.65.1 - - [05/Dec/2023:04:26:10 +0000] "PUT /api/v1/layouts/656e67b69e391b36e85c0653/pages/656e67b69e391b36e85c0655?applicationId=656e67b69e391b36e85c0652 HTTP/1.1" 200 2242 "http://localhost:8080/app/studystage/page1-656e67b69e391b36e85c0655/edit/widgets/ptu8uco70a" "Mozilla/5.0 (Macintosh; Intel Mac OS X 10_15_7) AppleWebKit/537.36 (KHTML, like Gecko) Chrome/119.0.0.0 Safari/537.36"
192.168.65.1 - - [05/Dec/2023:04:26:13 +0000] "PUT /api/v1/layouts/656e67b69e391b36e85c0653/pages/656e67b69e391b36e85c0655?applicationId=656e67b69e391b36e85c0652 HTTP/1.1" 200 2321 "http://localhost:8080/app/studystage/page1-656e67b69e391b36e85c0655/edit/widgets/ptu8uco70a" "Mozilla/5.0 (Macintosh; Intel Mac OS X 10_15_7) AppleWebKit/537.36 (KHTML, like Gecko) Chrome/119.0.0.0 Safari/537.36"
192.168.65.1 - - [05/Dec/2023:04:26:16 +0000] "PUT /api/v1/layouts/656e67b69e391b36e85c0653/pages/656e67b69e391b36e85c0655?applicationId=656e67b69e391b36e85c0652 HTTP/1.1" 200 2307 "http://localhost:8080/app/studystage/page1-656e67b69e391b36e85c0655/edit/widgets/ptu8uco70a" "Mozilla/5.0 (Macintosh; Intel Mac OS X 10_15_7) AppleWebKit/537.36 (KHTML, like Gecko) Chrome/119.0.0.0 Safari/537.36"
192.168.65.1 - - [05/Dec/2023:04:26:18 +0000] "PUT /api/v1/layouts/656e67b69e391b36e85c0653/pages/656e67b69e391b36e85c0655?applicationId=656e67b69e391b36e85c0652 HTTP/1.1" 200 2239 "http://localhost:8080/app/studystage/page1-656e67b69e391b36e85c0655/edit/widgets/ptu8uco70a" "Mozilla/5.0 (Macintosh; Intel Mac OS X 10_15_7) AppleWebKit/537.36 (KHTML, like Gecko) Chrome/119.0.0.0 Safari/537.36"
127.0.0.1 - - [05/Dec/2023:04:26:23 +0000] "GET / HTTP/1.1" 200 6702 "-" "curl/7.68.0"
192.168.65.1 - - [05/Dec/2023:04:26:32 +0000] "PUT /api/v1/layouts/refactor HTTP/1.1" 200 2244 "http://localhost:8080/app/studystage/page1-656e67b69e391b36e85c0655/edit/widgets/ptu8uco70a" "Mozilla/5.0 (Macintosh; Intel Mac OS X 10_15_7) AppleWebKit/537.36 (KHTML, like Gecko) Chrome/119.0.0.0 Safari/537.36"
192.168.65.1 - - [05/Dec/2023:04:26:32 +0000] "GET /api/v1/collections/actions?pageId=656e67b69e391b36e85c0655 HTTP/1.1" 200 101 "http://localhost:8080/app/studystage/page1-656e67b69e391b36e85c0655/edit/widgets/ptu8uco70a" "Mozilla/5.0 (Macintosh; Intel Mac OS X 10_15_7) AppleWebKit/537.36 (KHTML, like Gecko) Chrome/119.0.0.0 Safari/537.36"
192.168.65.1 - - [05/Dec/2023:04:26:32 +0000] "GET /api/v1/actions?pageId=656e67b69e391b36e85c0655 HTTP/1.1" 200 838 "http://localhost:8080/app/studystage/page1-656e67b69e391b36e85c0655/edit/widgets/ptu8uco70a" "Mozilla/5.0 (Macintosh; Intel Mac OS X 10_15_7) AppleWebKit/537.36 (KHTML, like Gecko) Chrome/119.0.0.0 Safari/537.36"
192.168.65.1 - - [05/Dec/2023:04:26:34 +0000] "PUT /api/v1/actions/656ea43ea3b01b3b839290a5 HTTP/1.1" 200 743 "http://localhost:8080/app/studystage/page1-656e67b69e391b36e85c0655/edit/api/656ea43ea3b01b3b839290a5" "Mozilla/5.0 (Macintosh; Intel Mac OS X 10_15_7) AppleWebKit/537.36 (KHTML, like Gecko) Chrome/119.0.0.0 Safari/537.36"
192.168.65.1 - - [05/Dec/2023:04:26:36 +0000] "PUT /api/v1/actions/656ea43ea3b01b3b839290a5 HTTP/1.1" 200 743 "http://localhost:8080/app/studystage/page1-656e67b69e391b36e85c0655/edit/api/656ea43ea3b01b3b839290a5" "Mozilla/5.0 (Macintosh; Intel Mac OS X 10_15_7) AppleWebKit/537.36 (KHTML, like Gecko) Chrome/119.0.0.0 Safari/537.36"
127.0.0.1 - - [05/Dec/2023:04:26:38 +0000] "GET / HTTP/1.1" 200 6702 "-" "curl/7.68.0"
192.168.65.1 - - [05/Dec/2023:04:26:40 +0000] "PUT /api/v1/actions/656ea43ea3b01b3b839290a5 HTTP/1.1" 200 750 "http://localhost:8080/app/studystage/page1-656e67b69e391b36e85c0655/edit/api/656ea43ea3b01b3b839290a5" "Mozilla/5.0 (Macintosh; Intel Mac OS X 10_15_7) AppleWebKit/537.36 (KHTML, like Gecko) Chrome/119.0.0.0 Safari/537.36"
192.168.65.1 - - [05/Dec/2023:04:26:40 +0000] "PUT /api/v1/actions/656ea43ea3b01b3b839290a5 HTTP/1.1" 200 743 "http://localhost:8080/app/studystage/page1-656e67b69e391b36e85c0655/edit/api/656ea43ea3b01b3b839290a5" "Mozilla/5.0 (Macintosh; Intel Mac OS X 10_15_7) AppleWebKit/537.36 (KHTML, like Gecko) Chrome/119.0.0.0 Safari/537.36"
192.168.65.1 - - [05/Dec/2023:04:26:42 +0000] "PUT /api/v1/actions/656ea43ea3b01b3b839290a5 HTTP/1.1" 200 750 "http://localhost:8080/app/studystage/page1-656e67b69e391b36e85c0655/edit/api/656ea43ea3b01b3b839290a5" "Mozilla/5.0 (Macintosh; Intel Mac OS X 10_15_7) AppleWebKit/537.36 (KHTML, like Gecko) Chrome/119.0.0.0 Safari/537.36"
192.168.65.1 - - [05/Dec/2023:04:26:43 +0000] "PUT /api/v1/actions/656ea43ea3b01b3b839290a5 HTTP/1.1" 200 743 "http://localhost:8080/app/studystage/page1-656e67b69e391b36e85c0655/edit/api/656ea43ea3b01b3b839290a5" "Mozilla/5.0 (Macintosh; Intel Mac OS X 10_15_7) AppleWebKit/537.36 (KHTML, like Gecko) Chrome/119.0.0.0 Safari/537.36"
192.168.65.1 - - [05/Dec/2023:04:26:46 +0000] "PUT /api/v1/actions/656ea43ea3b01b3b839290a5 HTTP/1.1" 200 756 "http://localhost:8080/app/studystage/page1-656e67b69e391b36e85c0655/edit/api/656ea43ea3b01b3b839290a5" "Mozilla/5.0 (Macintosh; Intel Mac OS X 10_15_7) AppleWebKit/537.36 (KHTML, like Gecko) Chrome/119.0.0.0 Safari/537.36"
192.168.65.1 - - [05/Dec/2023:04:26:51 +0000] "PUT /api/v1/actions/656ea43ea3b01b3b839290a5 HTTP/1.1" 200 756 "http://localhost:8080/app/studystage/page1-656e67b69e391b36e85c0655/edit/api/656ea43ea3b01b3b839290a5" "Mozilla/5.0 (Macintosh; Intel Mac OS X 10_15_7) AppleWebKit/537.36 (KHTML, like Gecko) Chrome/119.0.0.0 Safari/537.36"
192.168.65.1 - - [05/Dec/2023:04:26:52 +0000] "PUT /api/v1/actions/656ea43ea3b01b3b839290a5 HTTP/1.1" 200 767 "http://localhost:8080/app/studystage/page1-656e67b69e391b36e85c0655/edit/api/656ea43ea3b01b3b839290a5" "Mozilla/5.0 (Macintosh; Intel Mac OS X 10_15_7) AppleWebKit/537.36 (KHTML, like Gecko) Chrome/119.0.0.0 Safari/537.36"
127.0.0.1 - - [05/Dec/2023:04:26:54 +0000] "GET / HTTP/1.1" 200 6702 "-" "curl/7.68.0"
192.168.65.1 - - [05/Dec/2023:04:26:55 +0000] "PUT /api/v1/actions/656ea43ea3b01b3b839290a5 HTTP/1.1" 200 762 "http://localhost:8080/app/studystage/page1-656e67b69e391b36e85c0655/edit/api/656ea43ea3b01b3b839290a5" "Mozilla/5.0 (Macintosh; Intel Mac OS X 10_15_7) AppleWebKit/537.36 (KHTML, like Gecko) Chrome/119.0.0.0 Safari/537.36"
127.0.0.1 - - [05/Dec/2023:04:27:09 +0000] "GET / HTTP/1.1" 200 6702 "-" "curl/7.68.0"
127.0.0.1 - - [05/Dec/2023:04:27:24 +0000] "GET / HTTP/1.1" 200 6702 "-" "curl/7.68.0"
127.0.0.1 - - [05/Dec/2023:04:27:39 +0000] "GET / HTTP/1.1" 200 6702 "-" "curl/7.68.0"
127.0.0.1 - - [05/Dec/2023:04:27:54 +0000] "GET / HTTP/1.1" 200 6702 "-" "curl/7.68.0"
127.0.0.1 - - [05/Dec/2023:04:28:10 +0000] "GET / HTTP/1.1" 200 6702 "-" "curl/7.68.0"
127.0.0.1 - - [05/Dec/2023:04:28:25 +0000] "GET / HTTP/1.1" 200 6702 "-" "curl/7.68.0"
127.0.0.1 - - [05/Dec/2023:04:28:40 +0000] "GET / HTTP/1.1" 200 6702 "-" "curl/7.68.0"
192.168.65.1 - - [05/Dec/2023:04:28:46 +0000] "PUT /api/v1/actions/656ea43ea3b01b3b839290a5 HTTP/1.1" 200 756 "http://localhost:8080/app/studystage/page1-656e67b69e391b36e85c0655/edit/api/656ea43ea3b01b3b839290a5" "Mozilla/5.0 (Macintosh; Intel Mac OS X 10_15_7) AppleWebKit/537.36 (KHTML, like Gecko) Chrome/119.0.0.0 Safari/537.36"
192.168.65.1 - - [05/Dec/2023:04:28:50 +0000] "PUT /api/v1/layouts/656e67b69e391b36e85c0653/pages/656e67b69e391b36e85c0655?applicationId=656e67b69e391b36e85c0652 HTTP/1.1" 200 1885 "http://localhost:8080/app/studystage/page1-656e67b69e391b36e85c0655/edit" "Mozilla/5.0 (Macintosh; Intel Mac OS X 10_15_7) AppleWebKit/537.36 (KHTML, like Gecko) Chrome/119.0.0.0 Safari/537.36"
127.0.0.1 - - [05/Dec/2023:04:28:55 +0000] "GET / HTTP/1.1" 200 6702 "-" "curl/7.68.0"
192.168.65.1 - - [05/Dec/2023:04:28:59 +0000] "PUT /api/v1/layouts/656e67b69e391b36e85c0653/pages/656e67b69e391b36e85c0655?applicationId=656e67b69e391b36e85c0652 HTTP/1.1" 200 3039 "http://localhost:8080/app/studystage/page1-656e67b69e391b36e85c0655/edit/widgets/70ydibesuv" "Mozilla/5.0 (Macintosh; Intel Mac OS X 10_15_7) AppleWebKit/537.36 (KHTML, like Gecko) Chrome/119.0.0.0 Safari/537.36"
192.168.65.1 - - [05/Dec/2023:04:29:02 +0000] "PUT /api/v1/layouts/656e67b69e391b36e85c0653/pages/656e67b69e391b36e85c0655?applicationId=656e67b69e391b36e85c0652 HTTP/1.1" 200 3043 "http://localhost:8080/app/studystage/page1-656e67b69e391b36e85c0655/edit/widgets/70ydibesuv" "Mozilla/5.0 (Macintosh; Intel Mac OS X 10_15_7) AppleWebKit/537.36 (KHTML, like Gecko) Chrome/119.0.0.0 Safari/537.36"
127.0.0.1 - - [05/Dec/2023:04:29:10 +0000] "GET / HTTP/1.1" 200 6702 "-" "curl/7.68.0"
127.0.0.1 - - [05/Dec/2023:04:29:26 +0000] "GET / HTTP/1.1" 200 6702 "-" "curl/7.68.0"
192.168.65.1 - - [05/Dec/2023:04:29:33 +0000] "POST /api/v1/applications/publish/656e67b69e391b36e85c0652? HTTP/1.1" 200 100 "http://localhost:8080/app/studystage/page1-656e67b69e391b36e85c0655/edit/widgets/70ydibesuv" "Mozilla/5.0 (Macintosh; Intel Mac OS X 10_15_7) AppleWebKit/537.36 (KHTML, like Gecko) Chrome/119.0.0.0 Safari/537.36"
192.168.65.1 - - [05/Dec/2023:04:29:33 +0000] "GET /app/studystage/page1-656e67b69e391b36e85c0655 HTTP/1.1" 200 2566 "http://localhost:8080/app/studystage/page1-656e67b69e391b36e85c0655/edit/widgets/70ydibesuv" "Mozilla/5.0 (Macintosh; Intel Mac OS X 10_15_7) AppleWebKit/537.36 (KHTML, like Gecko) Chrome/119.0.0.0 Safari/537.36"
192.168.65.1 - - [05/Dec/2023:04:29:33 +0000] "GET /api/v1/pages?pageId=656e67b69e391b36e85c0655&mode=EDIT HTTP/1.1" 200 520 "http://localhost:8080/app/studystage/page1-656e67b69e391b36e85c0655/edit/widgets/70ydibesuv" "Mozilla/5.0 (Macintosh; Intel Mac OS X 10_15_7) AppleWebKit/537.36 (KHTML, like Gecko) Chrome/119.0.0.0 Safari/537.36"
192.168.65.1 - - [05/Dec/2023:04:29:34 +0000] "GET /api/v1/product-alert/alert HTTP/1.1" 200 99 "http://localhost:8080/app/studystage/page1-656e67b69e391b36e85c0655" "Mozilla/5.0 (Macintosh; Intel Mac OS X 10_15_7) AppleWebKit/537.36 (KHTML, like Gecko) Chrome/119.0.0.0 Safari/537.36"
192.168.65.1 - - [05/Dec/2023:04:29:34 +0000] "GET /api/v1/tenants/current HTTP/1.1" 200 294 "http://localhost:8080/app/studystage/page1-656e67b69e391b36e85c0655" "Mozilla/5.0 (Macintosh; Intel Mac OS X 10_15_7) AppleWebKit/537.36 (KHTML, like Gecko) Chrome/119.0.0.0 Safari/537.36"
192.168.65.1 - - [05/Dec/2023:04:29:34 +0000] "GET /api/v1/users/me HTTP/1.1" 200 350 "http://localhost:8080/app/studystage/page1-656e67b69e391b36e85c0655" "Mozilla/5.0 (Macintosh; Intel Mac OS X 10_15_7) AppleWebKit/537.36 (KHTML, like Gecko) Chrome/119.0.0.0 Safari/537.36"
192.168.65.1 - - [05/Dec/2023:04:29:34 +0000] "GET /api/v1/pages?pageId=656e67b69e391b36e85c0655&mode=PUBLISHED HTTP/1.1" 200 520 "http://localhost:8080/app/studystage/page1-656e67b69e391b36e85c0655" "Mozilla/5.0 (Macintosh; Intel Mac OS X 10_15_7) AppleWebKit/537.36 (KHTML, like Gecko) Chrome/119.0.0.0 Safari/537.36"
192.168.65.1 - - [05/Dec/2023:04:29:34 +0000] "GET /api/v1/users/features HTTP/1.1" 200 130 "http://localhost:8080/app/studystage/page1-656e67b69e391b36e85c0655" "Mozilla/5.0 (Macintosh; Intel Mac OS X 10_15_7) AppleWebKit/537.36 (KHTML, like Gecko) Chrome/119.0.0.0 Safari/537.36"
192.168.65.1 - - [05/Dec/2023:04:29:35 +0000] "GET /api/v1/actions/view?applicationId=656e67b69e391b36e85c0652 HTTP/1.1" 200 230 "http://localhost:8080/app/studystage/page1-656e67b69e391b36e85c0655" "Mozilla/5.0 (Macintosh; Intel Mac OS X 10_15_7) AppleWebKit/537.36 (KHTML, like Gecko) Chrome/119.0.0.0 Safari/537.36"
192.168.65.1 - - [05/Dec/2023:04:29:35 +0000] "GET /api/v1/collections/actions/view?applicationId=656e67b69e391b36e85c0652 HTTP/1.1" 200 101 "http://localhost:8080/app/studystage/page1-656e67b69e391b36e85c0655" "Mozilla/5.0 (Macintosh; Intel Mac OS X 10_15_7) AppleWebKit/537.36 (KHTML, like Gecko) Chrome/119.0.0.0 Safari/537.36"
192.168.65.1 - - [05/Dec/2023:04:29:35 +0000] "GET /api/v1/libraries/656e67b69e391b36e85c0652/view HTTP/1.1" 200 101 "http://localhost:8080/app/studystage/page1-656e67b69e391b36e85c0655" "Mozilla/5.0 (Macintosh; Intel Mac OS X 10_15_7) AppleWebKit/537.36 (KHTML, like Gecko) Chrome/119.0.0.0 Safari/537.36"
192.168.65.1 - - [05/Dec/2023:04:29:35 +0000] "GET /api/v1/pages/656e67b69e391b36e85c0655/view?v=1701750575156 HTTP/1.1" 200 3143 "http://localhost:8080/app/studystage/page1-656e67b69e391b36e85c0655" "Mozilla/5.0 (Macintosh; Intel Mac OS X 10_15_7) AppleWebKit/537.36 (KHTML, like Gecko) Chrome/119.0.0.0 Safari/537.36"
192.168.65.1 - - [05/Dec/2023:04:29:35 +0000] "GET /api/v1/themes/applications/656e67b69e391b36e85c0652/current?mode=PUBLISHED HTTP/1.1" 200 1460 "http://localhost:8080/app/studystage/page1-656e67b69e391b36e85c0655" "Mozilla/5.0 (Macintosh; Intel Mac OS X 10_15_7) AppleWebKit/537.36 (KHTML, like Gecko) Chrome/119.0.0.0 Safari/537.36"
192.168.65.1 - - [05/Dec/2023:04:29:35 +0000] "GET /api/v1/themes/applications/656e67b69e391b36e85c0652 HTTP/1.1" 200 5279 "http://localhost:8080/app/studystage/page1-656e67b69e391b36e85c0655" "Mozilla/5.0 (Macintosh; Intel Mac OS X 10_15_7) AppleWebKit/537.36 (KHTML, like Gecko) Chrome/119.0.0.0 Safari/537.36"
192.168.65.1 - - [05/Dec/2023:04:29:37 +0000] "GET /api/v1/pages/656e67b69e391b36e85c0655/view?v=1701750577179 HTTP/1.1" 200 3143 "http://localhost:8080/app/studystage/page1-656e67b69e391b36e85c0655" "Mozilla/5.0 (Macintosh; Intel Mac OS X 10_15_7) AppleWebKit/537.36 (KHTML, like Gecko) Chrome/119.0.0.0 Safari/537.36"
192.168.65.1 - - [05/Dec/2023:04:29:37 +0000] "POST /api/v1/usage-pulse HTTP/1.1" 201 76 "http://localhost:8080/app/studystage/page1-656e67b69e391b36e85c0655" "Mozilla/5.0 (Macintosh; Intel Mac OS X 10_15_7) AppleWebKit/537.36 (KHTML, like Gecko) Chrome/119.0.0.0 Safari/537.36"
192.168.65.1 - - [05/Dec/2023:04:29:37 +0000] "POST /api/v1/actions/execute HTTP/1.1" 200 2394 "http://localhost:8080/app/studystage/page1-656e67b69e391b36e85c0655" "Mozilla/5.0 (Macintosh; Intel Mac OS X 10_15_7) AppleWebKit/537.36 (KHTML, like Gecko) Chrome/119.0.0.0 Safari/537.36"
192.168.65.1 - - [05/Dec/2023:04:29:37 +0000] "GET /pageService.js HTTP/1.1" 304 0 "http://localhost:8080/pageService.js" "Mozilla/5.0 (Macintosh; Intel Mac OS X 10_15_7) AppleWebKit/537.36 (KHTML, like Gecko) Chrome/119.0.0.0 Safari/537.36"
192.168.65.1 - - [05/Dec/2023:04:29:37 +0000] "GET /rts/?EIO=4&transport=websocket HTTP/1.1" 101 113 "-" "Mozilla/5.0 (Macintosh; Intel Mac OS X 10_15_7) AppleWebKit/537.36 (KHTML, like Gecko) Chrome/119.0.0.0 Safari/537.36"
192.168.65.1 - - [05/Dec/2023:04:29:41 +0000] "GET /rts/?EIO=4&transport=websocket HTTP/1.1" 101 113 "-" "Mozilla/5.0 (Macintosh; Intel Mac OS X 10_15_7) AppleWebKit/537.36 (KHTML, like Gecko) Chrome/119.0.0.0 Safari/537.36"
127.0.0.1 - - [05/Dec/2023:04:29:41 +0000] "GET / HTTP/1.1" 200 6702 "-" "curl/7.68.0"
127.0.0.1 - - [05/Dec/2023:04:29:56 +0000] "GET / HTTP/1.1" 200 6702 "-" "curl/7.68.0"
192.168.65.1 - - [05/Dec/2023:04:30:00 +0000] "PUT /api/v1/layouts/656e67b69e391b36e85c0653/pages/656e67b69e391b36e85c0655?applicationId=656e67b69e391b36e85c0652 HTTP/1.1" 200 3381 "http://localhost:8080/app/studystage/page1-656e67b69e391b36e85c0655/edit/widgets/6yivjh1n2q" "Mozilla/5.0 (Macintosh; Intel Mac OS X 10_15_7) AppleWebKit/537.36 (KHTML, like Gecko) Chrome/119.0.0.0 Safari/537.36"
192.168.65.1 - - [05/Dec/2023:04:30:03 +0000] "PUT /api/v1/layouts/656e67b69e391b36e85c0653/pages/656e67b69e391b36e85c0655?applicationId=656e67b69e391b36e85c0652 HTTP/1.1" 200 3385 "http://localhost:8080/app/studystage/page1-656e67b69e391b36e85c0655/edit/widgets/6yivjh1n2q" "Mozilla/5.0 (Macintosh; Intel Mac OS X 10_15_7) AppleWebKit/537.36 (KHTML, like Gecko) Chrome/119.0.0.0 Safari/537.36"
192.168.65.1 - - [05/Dec/2023:04:30:06 +0000] "PUT /api/v1/layouts/656e67b69e391b36e85c0653/pages/656e67b69e391b36e85c0655?applicationId=656e67b69e391b36e85c0652 HTTP/1.1" 200 3392 "http://localhost:8080/app/studystage/page1-656e67b69e391b36e85c0655/edit/widgets/6yivjh1n2q" "Mozilla/5.0 (Macintosh; Intel Mac OS X 10_15_7) AppleWebKit/537.36 (KHTML, like Gecko) Chrome/119.0.0.0 Safari/537.36"
127.0.0.1 - - [05/Dec/2023:04:30:11 +0000] "GET / HTTP/1.1" 200 6702 "-" "curl/7.68.0"
192.168.65.1 - - [05/Dec/2023:04:30:16 +0000] "PUT /api/v1/layouts/656e67b69e391b36e85c0653/pages/656e67b69e391b36e85c0655?applicationId=656e67b69e391b36e85c0652 HTTP/1.1" 200 3392 "http://localhost:8080/app/studystage/page1-656e67b69e391b36e85c0655/edit/widgets/6yivjh1n2q" "Mozilla/5.0 (Macintosh; Intel Mac OS X 10_15_7) AppleWebKit/537.36 (KHTML, like Gecko) Chrome/119.0.0.0 Safari/537.36"
127.0.0.1 - - [05/Dec/2023:04:30:26 +0000] "GET / HTTP/1.1" 200 6702 "-" "curl/7.68.0"
192.168.65.1 - - [05/Dec/2023:04:30:27 +0000] "PUT /api/v1/layouts/656e67b69e391b36e85c0653/pages/656e67b69e391b36e85c0655?applicationId=656e67b69e391b36e85c0652 HTTP/1.1" 200 3394 "http://localhost:8080/app/studystage/page1-656e67b69e391b36e85c0655/edit/widgets/puk0reofln" "Mozilla/5.0 (Macintosh; Intel Mac OS X 10_15_7) AppleWebKit/537.36 (KHTML, like Gecko) Chrome/119.0.0.0 Safari/537.36"
192.168.65.1 - - [05/Dec/2023:04:30:28 +0000] "PUT /api/v1/layouts/656e67b69e391b36e85c0653/pages/656e67b69e391b36e85c0655?applicationId=656e67b69e391b36e85c0652 HTTP/1.1" 200 3398 "http://localhost:8080/app/studystage/page1-656e67b69e391b36e85c0655/edit/widgets/puk0reofln" "Mozilla/5.0 (Macintosh; Intel Mac OS X 10_15_7) AppleWebKit/537.36 (KHTML, like Gecko) Chrome/119.0.0.0 Safari/537.36"
192.168.65.1 - - [05/Dec/2023:04:30:30 +0000] "PUT /api/v1/layouts/656e67b69e391b36e85c0653/pages/656e67b69e391b36e85c0655?applicationId=656e67b69e391b36e85c0652 HTTP/1.1" 200 3400 "http://localhost:8080/app/studystage/page1-656e67b69e391b36e85c0655/edit/widgets/puk0reofln" "Mozilla/5.0 (Macintosh; Intel Mac OS X 10_15_7) AppleWebKit/537.36 (KHTML, like Gecko) Chrome/119.0.0.0 Safari/537.36"
192.168.65.1 - - [05/Dec/2023:04:30:39 +0000] "PUT /api/v1/layouts/656e67b69e391b36e85c0653/pages/656e67b69e391b36e85c0655?applicationId=656e67b69e391b36e85c0652 HTTP/1.1" 200 3406 "http://localhost:8080/app/studystage/page1-656e67b69e391b36e85c0655/edit/widgets/6yivjh1n2q" "Mozilla/5.0 (Macintosh; Intel Mac OS X 10_15_7) AppleWebKit/537.36 (KHTML, like Gecko) Chrome/119.0.0.0 Safari/537.36"
192.168.65.1 - - [05/Dec/2023:04:30:39 +0000] "PUT /api/v1/layouts/656e67b69e391b36e85c0653/pages/656e67b69e391b36e85c0655?applicationId=656e67b69e391b36e85c0652 HTTP/1.1" 200 3406 "http://localhost:8080/app/studystage/page1-656e67b69e391b36e85c0655/edit/widgets/6yivjh1n2q" "Mozilla/5.0 (Macintosh; Intel Mac OS X 10_15_7) AppleWebKit/537.36 (KHTML, like Gecko) Chrome/119.0.0.0 Safari/537.36"
127.0.0.1 - - [05/Dec/2023:04:30:41 +0000] "GET / HTTP/1.1" 200 6702 "-" "curl/7.68.0"
127.0.0.1 - - [05/Dec/2023:04:30:57 +0000] "GET / HTTP/1.1" 200 6702 "-" "curl/7.68.0"
127.0.0.1 - - [05/Dec/2023:04:31:12 +0000] "GET / HTTP/1.1" 200 6702 "-" "curl/7.68.0"
127.0.0.1 - - [05/Dec/2023:04:31:27 +0000] "GET / HTTP/1.1" 200 6702 "-" "curl/7.68.0"
127.0.0.1 - - [05/Dec/2023:04:31:42 +0000] "GET / HTTP/1.1" 200 6702 "-" "curl/7.68.0"
127.0.0.1 - - [05/Dec/2023:04:31:57 +0000] "GET / HTTP/1.1" 200 6702 "-" "curl/7.68.0"
192.168.65.1 - - [05/Dec/2023:04:32:02 +0000] "PUT /api/v1/layouts/656e67b69e391b36e85c0653/pages/656e67b69e391b36e85c0655?applicationId=656e67b69e391b36e85c0652 HTTP/1.1" 200 3443 "http://localhost:8080/app/studystage/page1-656e67b69e391b36e85c0655/edit/widgets/44p09wffwo" "Mozilla/5.0 (Macintosh; Intel Mac OS X 10_15_7) AppleWebKit/537.36 (KHTML, like Gecko) Chrome/119.0.0.0 Safari/537.36"
192.168.65.1 - - [05/Dec/2023:04:32:09 +0000] "PUT /api/v1/layouts/656e67b69e391b36e85c0653/pages/656e67b69e391b36e85c0655?applicationId=656e67b69e391b36e85c0652 HTTP/1.1" 200 3472 "http://localhost:8080/app/studystage/page1-656e67b69e391b36e85c0655/edit/widgets/44p09wffwo" "Mozilla/5.0 (Macintosh; Intel Mac OS X 10_15_7) AppleWebKit/537.36 (KHTML, like Gecko) Chrome/119.0.0.0 Safari/537.36"
192.168.65.1 - - [05/Dec/2023:04:32:12 +0000] "PUT /api/v1/layouts/656e67b69e391b36e85c0653/pages/656e67b69e391b36e85c0655?applicationId=656e67b69e391b36e85c0652 HTTP/1.1" 200 3452 "http://localhost:8080/app/studystage/page1-656e67b69e391b36e85c0655/edit/widgets/44p09wffwo" "Mozilla/5.0 (Macintosh; Intel Mac OS X 10_15_7) AppleWebKit/537.36 (KHTML, like Gecko) Chrome/119.0.0.0 Safari/537.36"
127.0.0.1 - - [05/Dec/2023:04:32:13 +0000] "GET / HTTP/1.1" 200 6702 "-" "curl/7.68.0"
192.168.65.1 - - [05/Dec/2023:04:32:25 +0000] "PUT /api/v1/layouts/656e67b69e391b36e85c0653/pages/656e67b69e391b36e85c0655?applicationId=656e67b69e391b36e85c0652 HTTP/1.1" 200 3446 "http://localhost:8080/app/studystage/page1-656e67b69e391b36e85c0655/edit/widgets/44p09wffwo" "Mozilla/5.0 (Macintosh; Intel Mac OS X 10_15_7) AppleWebKit/537.36 (KHTML, like Gecko) Chrome/119.0.0.0 Safari/537.36"
192.168.65.1 - - [05/Dec/2023:04:32:26 +0000] "PUT /api/v1/layouts/656e67b69e391b36e85c0653/pages/656e67b69e391b36e85c0655?applicationId=656e67b69e391b36e85c0652 HTTP/1.1" 200 3448 "http://localhost:8080/app/studystage/page1-656e67b69e391b36e85c0655/edit/widgets/44p09wffwo" "Mozilla/5.0 (Macintosh; Intel Mac OS X 10_15_7) AppleWebKit/537.36 (KHTML, like Gecko) Chrome/119.0.0.0 Safari/537.36"
127.0.0.1 - - [05/Dec/2023:04:32:28 +0000] "GET / HTTP/1.1" 200 6702 "-" "curl/7.68.0"
192.168.65.1 - - [05/Dec/2023:04:32:34 +0000] "PUT /api/v1/layouts/656e67b69e391b36e85c0653/pages/656e67b69e391b36e85c0655?applicationId=656e67b69e391b36e85c0652 HTTP/1.1" 200 3469 "http://localhost:8080/app/studystage/page1-656e67b69e391b36e85c0655/edit/widgets/44p09wffwo" "Mozilla/5.0 (Macintosh; Intel Mac OS X 10_15_7) AppleWebKit/537.36 (KHTML, like Gecko) Chrome/119.0.0.0 Safari/537.36"
192.168.65.1 - - [05/Dec/2023:04:32:43 +0000] "POST /api/v1/actions/execute HTTP/1.1" 200 590 "http://localhost:8080/app/studystage/page1-656e67b69e391b36e85c0655/edit/widgets/44p09wffwo" "Mozilla/5.0 (Macintosh; Intel Mac OS X 10_15_7) AppleWebKit/537.36 (KHTML, like Gecko) Chrome/119.0.0.0 Safari/537.36"
127.0.0.1 - - [05/Dec/2023:04:32:43 +0000] "GET / HTTP/1.1" 200 6702 "-" "curl/7.68.0"
192.168.65.1 - - [05/Dec/2023:04:32:51 +0000] "POST /api/v1/actions/execute HTTP/1.1" 200 590 "http://localhost:8080/app/studystage/page1-656e67b69e391b36e85c0655/edit/widgets/44p09wffwo" "Mozilla/5.0 (Macintosh; Intel Mac OS X 10_15_7) AppleWebKit/537.36 (KHTML, like Gecko) Chrome/119.0.0.0 Safari/537.36"
192.168.65.1 - - [05/Dec/2023:04:32:54 +0000] "PUT /api/v1/actions/656ea43ea3b01b3b839290a5 HTTP/1.1" 200 756 "http://localhost:8080/app/studystage/page1-656e67b69e391b36e85c0655/edit/api/656ea43ea3b01b3b839290a5" "Mozilla/5.0 (Macintosh; Intel Mac OS X 10_15_7) AppleWebKit/537.36 (KHTML, like Gecko) Chrome/119.0.0.0 Safari/537.36"
127.0.0.1 - - [05/Dec/2023:04:32:58 +0000] "GET / HTTP/1.1" 200 6702 "-" "curl/7.68.0"
127.0.0.1 - - [05/Dec/2023:04:33:13 +0000] "GET / HTTP/1.1" 200 6702 "-" "curl/7.68.0"
127.0.0.1 - - [05/Dec/2023:04:33:28 +0000] "GET / HTTP/1.1" 200 6702 "-" "curl/7.68.0"
127.0.0.1 - - [05/Dec/2023:04:33:44 +0000] "GET / HTTP/1.1" 200 6702 "-" "curl/7.68.0"
192.168.65.1 - - [05/Dec/2023:04:33:47 +0000] "PUT /api/v1/actions/656ea43ea3b01b3b839290a5 HTTP/1.1" 200 743 "http://localhost:8080/app/studystage/page1-656e67b69e391b36e85c0655/edit/api/656ea43ea3b01b3b839290a5" "Mozilla/5.0 (Macintosh; Intel Mac OS X 10_15_7) AppleWebKit/537.36 (KHTML, like Gecko) Chrome/119.0.0.0 Safari/537.36"
192.168.65.1 - - [05/Dec/2023:04:33:52 +0000] "PUT /api/v1/actions/656ea43ea3b01b3b839290a5 HTTP/1.1" 200 743 "http://localhost:8080/app/studystage/page1-656e67b69e391b36e85c0655/edit/api/656ea43ea3b01b3b839290a5" "Mozilla/5.0 (Macintosh; Intel Mac OS X 10_15_7) AppleWebKit/537.36 (KHTML, like Gecko) Chrome/119.0.0.0 Safari/537.36"
192.168.65.1 - - [05/Dec/2023:04:33:53 +0000] "PUT /api/v1/actions/656ea43ea3b01b3b839290a5 HTTP/1.1" 200 745 "http://localhost:8080/app/studystage/page1-656e67b69e391b36e85c0655/edit/api/656ea43ea3b01b3b839290a5" "Mozilla/5.0 (Macintosh; Intel Mac OS X 10_15_7) AppleWebKit/537.36 (KHTML, like Gecko) Chrome/119.0.0.0 Safari/537.36"
192.168.65.1 - - [05/Dec/2023:04:33:54 +0000] "PUT /api/v1/actions/656ea43ea3b01b3b839290a5 HTTP/1.1" 200 743 "http://localhost:8080/app/studystage/page1-656e67b69e391b36e85c0655/edit/api/656ea43ea3b01b3b839290a5" "Mozilla/5.0 (Macintosh; Intel Mac OS X 10_15_7) AppleWebKit/537.36 (KHTML, like Gecko) Chrome/119.0.0.0 Safari/537.36"
192.168.65.1 - - [05/Dec/2023:04:33:57 +0000] "PUT /api/v1/actions/656ea43ea3b01b3b839290a5 HTTP/1.1" 200 746 "http://localhost:8080/app/studystage/page1-656e67b69e391b36e85c0655/edit/api/656ea43ea3b01b3b839290a5" "Mozilla/5.0 (Macintosh; Intel Mac OS X 10_15_7) AppleWebKit/537.36 (KHTML, like Gecko) Chrome/119.0.0.0 Safari/537.36"
192.168.65.1 - - [05/Dec/2023:04:33:58 +0000] "PUT /api/v1/actions/656ea43ea3b01b3b839290a5 HTTP/1.1" 200 743 "http://localhost:8080/app/studystage/page1-656e67b69e391b36e85c0655/edit/api/656ea43ea3b01b3b839290a5" "Mozilla/5.0 (Macintosh; Intel Mac OS X 10_15_7) AppleWebKit/537.36 (KHTML, like Gecko) Chrome/119.0.0.0 Safari/537.36"
127.0.0.1 - - [05/Dec/2023:04:33:59 +0000] "GET / HTTP/1.1" 200 6702 "-" "curl/7.68.0"
192.168.65.1 - - [05/Dec/2023:04:34:04 +0000] "PUT /api/v1/actions/656ea43ea3b01b3b839290a5 HTTP/1.1" 200 756 "http://localhost:8080/app/studystage/page1-656e67b69e391b36e85c0655/edit/api/656ea43ea3b01b3b839290a5" "Mozilla/5.0 (Macintosh; Intel Mac OS X 10_15_7) AppleWebKit/537.36 (KHTML, like Gecko) Chrome/119.0.0.0 Safari/537.36"
192.168.65.1 - - [05/Dec/2023:04:34:04 +0000] "PUT /api/v1/actions/656ea43ea3b01b3b839290a5 HTTP/1.1" 200 759 "http://localhost:8080/app/studystage/page1-656e67b69e391b36e85c0655/edit/api/656ea43ea3b01b3b839290a5" "Mozilla/5.0 (Macintosh; Intel Mac OS X 10_15_7) AppleWebKit/537.36 (KHTML, like Gecko) Chrome/119.0.0.0 Safari/537.36"
192.168.65.1 - - [05/Dec/2023:04:34:06 +0000] "PUT /api/v1/actions/656ea43ea3b01b3b839290a5 HTTP/1.1" 200 743 "http://localhost:8080/app/studystage/page1-656e67b69e391b36e85c0655/edit/api/656ea43ea3b01b3b839290a5" "Mozilla/5.0 (Macintosh; Intel Mac OS X 10_15_7) AppleWebKit/537.36 (KHTML, like Gecko) Chrome/119.0.0.0 Safari/537.36"
192.168.65.1 - - [05/Dec/2023:04:34:12 +0000] "PUT /api/v1/actions/656ea43ea3b01b3b839290a5 HTTP/1.1" 200 759 "http://localhost:8080/app/studystage/page1-656e67b69e391b36e85c0655/edit/api/656ea43ea3b01b3b839290a5" "Mozilla/5.0 (Macintosh; Intel Mac OS X 10_15_7) AppleWebKit/537.36 (KHTML, like Gecko) Chrome/119.0.0.0 Safari/537.36"
127.0.0.1 - - [05/Dec/2023:04:34:14 +0000] "GET / HTTP/1.1" 200 6702 "-" "curl/7.68.0"
192.168.65.1 - - [05/Dec/2023:04:34:15 +0000] "PUT /api/v1/actions/656ea43ea3b01b3b839290a5 HTTP/1.1" 200 743 "http://localhost:8080/app/studystage/page1-656e67b69e391b36e85c0655/edit/api/656ea43ea3b01b3b839290a5" "Mozilla/5.0 (Macintosh; Intel Mac OS X 10_15_7) AppleWebKit/537.36 (KHTML, like Gecko) Chrome/119.0.0.0 Safari/537.36"
192.168.65.1 - - [05/Dec/2023:04:34:20 +0000] "PUT /api/v1/actions/656ea43ea3b01b3b839290a5 HTTP/1.1" 200 759 "http://localhost:8080/app/studystage/page1-656e67b69e391b36e85c0655/edit/api/656ea43ea3b01b3b839290a5" "Mozilla/5.0 (Macintosh; Intel Mac OS X 10_15_7) AppleWebKit/537.36 (KHTML, like Gecko) Chrome/119.0.0.0 Safari/537.36"
192.168.65.1 - - [05/Dec/2023:04:34:25 +0000] "PUT /api/v1/actions/656ea43ea3b01b3b839290a5 HTTP/1.1" 200 773 "http://localhost:8080/app/studystage/page1-656e67b69e391b36e85c0655/edit/api/656ea43ea3b01b3b839290a5" "Mozilla/5.0 (Macintosh; Intel Mac OS X 10_15_7) AppleWebKit/537.36 (KHTML, like Gecko) Chrome/119.0.0.0 Safari/537.36"
127.0.0.1 - - [05/Dec/2023:04:34:29 +0000] "GET / HTTP/1.1" 200 6702 "-" "curl/7.68.0"
192.168.65.1 - - [05/Dec/2023:04:34:32 +0000] "PUT /api/v1/actions/656ea43ea3b01b3b839290a5 HTTP/1.1" 200 769 "http://localhost:8080/app/studystage/page1-656e67b69e391b36e85c0655/edit/api/656ea43ea3b01b3b839290a5" "Mozilla/5.0 (Macintosh; Intel Mac OS X 10_15_7) AppleWebKit/537.36 (KHTML, like Gecko) Chrome/119.0.0.0 Safari/537.36"
192.168.65.1 - - [05/Dec/2023:04:34:35 +0000] "PUT /api/v1/actions/656ea43ea3b01b3b839290a5 HTTP/1.1" 200 771 "http://localhost:8080/app/studystage/page1-656e67b69e391b36e85c0655/edit/api/656ea43ea3b01b3b839290a5" "Mozilla/5.0 (Macintosh; Intel Mac OS X 10_15_7) AppleWebKit/537.36 (KHTML, like Gecko) Chrome/119.0.0.0 Safari/537.36"
192.168.65.1 - - [05/Dec/2023:04:34:38 +0000] "PUT /api/v1/actions/656ea43ea3b01b3b839290a5 HTTP/1.1" 200 775 "http://localhost:8080/app/studystage/page1-656e67b69e391b36e85c0655/edit/api/656ea43ea3b01b3b839290a5" "Mozilla/5.0 (Macintosh; Intel Mac OS X 10_15_7) AppleWebKit/537.36 (KHTML, like Gecko) Chrome/119.0.0.0 Safari/537.36"
192.168.65.1 - - [05/Dec/2023:04:34:39 +0000] "PUT /api/v1/actions/656ea43ea3b01b3b839290a5 HTTP/1.1" 200 776 "http://localhost:8080/app/studystage/page1-656e67b69e391b36e85c0655/edit/api/656ea43ea3b01b3b839290a5" "Mozilla/5.0 (Macintosh; Intel Mac OS X 10_15_7) AppleWebKit/537.36 (KHTML, like Gecko) Chrome/119.0.0.0 Safari/537.36"
192.168.65.1 - - [05/Dec/2023:04:34:43 +0000] "PUT /api/v1/actions/656ea43ea3b01b3b839290a5 HTTP/1.1" 200 781 "http://localhost:8080/app/studystage/page1-656e67b69e391b36e85c0655/edit/api/656ea43ea3b01b3b839290a5" "Mozilla/5.0 (Macintosh; Intel Mac OS X 10_15_7) AppleWebKit/537.36 (KHTML, like Gecko) Chrome/119.0.0.0 Safari/537.36"
127.0.0.1 - - [05/Dec/2023:04:34:44 +0000] "GET / HTTP/1.1" 200 6702 "-" "curl/7.68.0"
192.168.65.1 - - [05/Dec/2023:04:34:59 +0000] "PUT /api/v1/layouts/refactor HTTP/1.1" 200 3472 "http://localhost:8080/app/studystage/page1-656e67b69e391b36e85c0655/edit/api/656ea43ea3b01b3b839290a5" "Mozilla/5.0 (Macintosh; Intel Mac OS X 10_15_7) AppleWebKit/537.36 (KHTML, like Gecko) Chrome/119.0.0.0 Safari/537.36"
192.168.65.1 - - [05/Dec/2023:04:34:59 +0000] "GET /api/v1/actions?pageId=656e67b69e391b36e85c0655 HTTP/1.1" 200 893 "http://localhost:8080/app/studystage/page1-656e67b69e391b36e85c0655/edit/api/656ea43ea3b01b3b839290a5" "Mozilla/5.0 (Macintosh; Intel Mac OS X 10_15_7) AppleWebKit/537.36 (KHTML, like Gecko) Chrome/119.0.0.0 Safari/537.36"
192.168.65.1 - - [05/Dec/2023:04:34:59 +0000] "GET /api/v1/collections/actions?pageId=656e67b69e391b36e85c0655 HTTP/1.1" 200 101 "http://localhost:8080/app/studystage/page1-656e67b69e391b36e85c0655/edit/api/656ea43ea3b01b3b839290a5" "Mozilla/5.0 (Macintosh; Intel Mac OS X 10_15_7) AppleWebKit/537.36 (KHTML, like Gecko) Chrome/119.0.0.0 Safari/537.36"
127.0.0.1 - - [05/Dec/2023:04:34:59 +0000] "GET / HTTP/1.1" 200 6702 "-" "curl/7.68.0"
192.168.65.1 - - [05/Dec/2023:04:35:02 +0000] "PUT /api/v1/actions/656ea43ea3b01b3b839290a5 HTTP/1.1" 200 784 "http://localhost:8080/app/studystage/page1-656e67b69e391b36e85c0655/edit/api/656ea43ea3b01b3b839290a5" "Mozilla/5.0 (Macintosh; Intel Mac OS X 10_15_7) AppleWebKit/537.36 (KHTML, like Gecko) Chrome/119.0.0.0 Safari/537.36"
192.168.65.1 - - [05/Dec/2023:04:35:06 +0000] "POST /api/v1/actions/execute HTTP/1.1" 200 587 "http://localhost:8080/app/studystage/page1-656e67b69e391b36e85c0655/edit/api/656ea43ea3b01b3b839290a5" "Mozilla/5.0 (Macintosh; Intel Mac OS X 10_15_7) AppleWebKit/537.36 (KHTML, like Gecko) Chrome/119.0.0.0 Safari/537.36"
192.168.65.1 - - [05/Dec/2023:04:35:07 +0000] "POST /api/v1/actions/execute HTTP/1.1" 200 586 "http://localhost:8080/app/studystage/page1-656e67b69e391b36e85c0655/edit/api/656ea43ea3b01b3b839290a5" "Mozilla/5.0 (Macintosh; Intel Mac OS X 10_15_7) AppleWebKit/537.36 (KHTML, like Gecko) Chrome/119.0.0.0 Safari/537.36"
192.168.65.1 - - [05/Dec/2023:04:35:14 +0000] "POST /api/v1/actions/execute HTTP/1.1" 200 587 "http://localhost:8080/app/studystage/page1-656e67b69e391b36e85c0655/edit/widgets/44p09wffwo" "Mozilla/5.0 (Macintosh; Intel Mac OS X 10_15_7) AppleWebKit/537.36 (KHTML, like Gecko) Chrome/119.0.0.0 Safari/537.36"
127.0.0.1 - - [05/Dec/2023:04:35:15 +0000] "GET / HTTP/1.1" 200 6702 "-" "curl/7.68.0"
127.0.0.1 - - [05/Dec/2023:04:35:30 +0000] "GET / HTTP/1.1" 200 6702 "-" "curl/7.68.0"
127.0.0.1 - - [05/Dec/2023:04:35:45 +0000] "GET / HTTP/1.1" 200 6702 "-" "curl/7.68.0"
127.0.0.1 - - [05/Dec/2023:04:36:00 +0000] "GET / HTTP/1.1" 200 6702 "-" "curl/7.68.0"
127.0.0.1 - - [05/Dec/2023:04:36:15 +0000] "GET / HTTP/1.1" 200 6702 "-" "curl/7.68.0"
127.0.0.1 - - [05/Dec/2023:04:36:31 +0000] "GET / HTTP/1.1" 200 6702 "-" "curl/7.68.0"
192.168.65.1 - - [05/Dec/2023:04:36:33 +0000] "PUT /api/v1/layouts/656e67b69e391b36e85c0653/pages/656e67b69e391b36e85c0655?applicationId=656e67b69e391b36e85c0652 HTTP/1.1" 200 3492 "http://localhost:8080/app/studystage/page1-656e67b69e391b36e85c0655/edit/widgets/6yivjh1n2q" "Mozilla/5.0 (Macintosh; Intel Mac OS X 10_15_7) AppleWebKit/537.36 (KHTML, like Gecko) Chrome/119.0.0.0 Safari/537.36"
192.168.65.1 - - [05/Dec/2023:04:36:42 +0000] "POST /api/v1/actions/execute HTTP/1.1" 200 588 "http://localhost:8080/app/studystage/page1-656e67b69e391b36e85c0655/edit/widgets/44p09wffwo" "Mozilla/5.0 (Macintosh; Intel Mac OS X 10_15_7) AppleWebKit/537.36 (KHTML, like Gecko) Chrome/119.0.0.0 Safari/537.36"
192.168.65.1 - - [05/Dec/2023:04:36:43 +0000] "POST /api/v1/actions/execute HTTP/1.1" 200 587 "http://localhost:8080/app/studystage/page1-656e67b69e391b36e85c0655/edit/widgets/44p09wffwo" "Mozilla/5.0 (Macintosh; Intel Mac OS X 10_15_7) AppleWebKit/537.36 (KHTML, like Gecko) Chrome/119.0.0.0 Safari/537.36"
127.0.0.1 - - [05/Dec/2023:04:36:46 +0000] "GET / HTTP/1.1" 200 6702 "-" "curl/7.68.0"
192.168.65.1 - - [05/Dec/2023:04:36:53 +0000] "PUT /api/v1/layouts/656e67b69e391b36e85c0653/pages/656e67b69e391b36e85c0655?applicationId=656e67b69e391b36e85c0652 HTTP/1.1" 200 3504 "http://localhost:8080/app/studystage/page1-656e67b69e391b36e85c0655/edit/widgets/cxr6jvvno7" "Mozilla/5.0 (Macintosh; Intel Mac OS X 10_15_7) AppleWebKit/537.36 (KHTML, like Gecko) Chrome/119.0.0.0 Safari/537.36"
192.168.65.1 - - [05/Dec/2023:04:36:54 +0000] "PUT /api/v1/layouts/656e67b69e391b36e85c0653/pages/656e67b69e391b36e85c0655?applicationId=656e67b69e391b36e85c0652 HTTP/1.1" 200 3492 "http://localhost:8080/app/studystage/page1-656e67b69e391b36e85c0655/edit/widgets/cxr6jvvno7" "Mozilla/5.0 (Macintosh; Intel Mac OS X 10_15_7) AppleWebKit/537.36 (KHTML, like Gecko) Chrome/119.0.0.0 Safari/537.36"
127.0.0.1 - - [05/Dec/2023:04:37:01 +0000] "GET / HTTP/1.1" 200 6702 "-" "curl/7.68.0"
192.168.65.1 - - [05/Dec/2023:04:37:04 +0000] "PUT /api/v1/layouts/refactor HTTP/1.1" 200 3492 "http://localhost:8080/app/studystage/page1-656e67b69e391b36e85c0655/edit/widgets/6yivjh1n2q" "Mozilla/5.0 (Macintosh; Intel Mac OS X 10_15_7) AppleWebKit/537.36 (KHTML, like Gecko) Chrome/119.0.0.0 Safari/537.36"
192.168.65.1 - - [05/Dec/2023:04:37:04 +0000] "GET /api/v1/actions?pageId=656e67b69e391b36e85c0655 HTTP/1.1" 200 882 "http://localhost:8080/app/studystage/page1-656e67b69e391b36e85c0655/edit/widgets/6yivjh1n2q" "Mozilla/5.0 (Macintosh; Intel Mac OS X 10_15_7) AppleWebKit/537.36 (KHTML, like Gecko) Chrome/119.0.0.0 Safari/537.36"
192.168.65.1 - - [05/Dec/2023:04:37:04 +0000] "GET /api/v1/collections/actions?pageId=656e67b69e391b36e85c0655 HTTP/1.1" 200 101 "http://localhost:8080/app/studystage/page1-656e67b69e391b36e85c0655/edit/widgets/6yivjh1n2q" "Mozilla/5.0 (Macintosh; Intel Mac OS X 10_15_7) AppleWebKit/537.36 (KHTML, like Gecko) Chrome/119.0.0.0 Safari/537.36"
127.0.0.1 - - [05/Dec/2023:04:37:16 +0000] "GET / HTTP/1.1" 200 6702 "-" "curl/7.68.0"
192.168.65.1 - - [05/Dec/2023:04:37:21 +0000] "PUT /api/v1/actions/656ea43ea3b01b3b839290a5 HTTP/1.1" 200 778 "http://localhost:8080/app/studystage/page1-656e67b69e391b36e85c0655/edit/api/656ea43ea3b01b3b839290a5" "Mozilla/5.0 (Macintosh; Intel Mac OS X 10_15_7) AppleWebKit/537.36 (KHTML, like Gecko) Chrome/119.0.0.0 Safari/537.36"
192.168.65.1 - - [05/Dec/2023:04:37:23 +0000] "PUT /api/v1/actions/656ea43ea3b01b3b839290a5 HTTP/1.1" 200 781 "http://localhost:8080/app/studystage/page1-656e67b69e391b36e85c0655/edit/api/656ea43ea3b01b3b839290a5" "Mozilla/5.0 (Macintosh; Intel Mac OS X 10_15_7) AppleWebKit/537.36 (KHTML, like Gecko) Chrome/119.0.0.0 Safari/537.36"
192.168.65.1 - - [05/Dec/2023:04:37:24 +0000] "PUT /api/v1/actions/656ea43ea3b01b3b839290a5 HTTP/1.1" 200 782 "http://localhost:8080/app/studystage/page1-656e67b69e391b36e85c0655/edit/api/656ea43ea3b01b3b839290a5" "Mozilla/5.0 (Macintosh; Intel Mac OS X 10_15_7) AppleWebKit/537.36 (KHTML, like Gecko) Chrome/119.0.0.0 Safari/537.36"
192.168.65.1 - - [05/Dec/2023:04:37:25 +0000] "PUT /api/v1/actions/656ea43ea3b01b3b839290a5 HTTP/1.1" 200 788 "http://localhost:8080/app/studystage/page1-656e67b69e391b36e85c0655/edit/api/656ea43ea3b01b3b839290a5" "Mozilla/5.0 (Macintosh; Intel Mac OS X 10_15_7) AppleWebKit/537.36 (KHTML, like Gecko) Chrome/119.0.0.0 Safari/537.36"
192.168.65.1 - - [05/Dec/2023:04:37:26 +0000] "POST /api/v1/actions/execute HTTP/1.1" 200 580 "http://localhost:8080/app/studystage/page1-656e67b69e391b36e85c0655/edit/api/656ea43ea3b01b3b839290a5" "Mozilla/5.0 (Macintosh; Intel Mac OS X 10_15_7) AppleWebKit/537.36 (KHTML, like Gecko) Chrome/119.0.0.0 Safari/537.36"
127.0.0.1 - - [05/Dec/2023:04:37:31 +0000] "GET / HTTP/1.1" 200 6702 "-" "curl/7.68.0"
192.168.65.1 - - [05/Dec/2023:04:37:35 +0000] "PUT /api/v1/actions/656ea43ea3b01b3b839290a5 HTTP/1.1" 200 743 "http://localhost:8080/app/studystage/page1-656e67b69e391b36e85c0655/edit/api/656ea43ea3b01b3b839290a5" "Mozilla/5.0 (Macintosh; Intel Mac OS X 10_15_7) AppleWebKit/537.36 (KHTML, like Gecko) Chrome/119.0.0.0 Safari/537.36"
127.0.0.1 - - [05/Dec/2023:04:37:47 +0000] "GET / HTTP/1.1" 200 6702 "-" "curl/7.68.0"
192.168.65.1 - - [05/Dec/2023:04:37:58 +0000] "PUT /api/v1/pages/656e67b69e391b36e85c0655 HTTP/1.1" 200 3587 "http://localhost:8080/app/studystage/page1-656e67b69e391b36e85c0655/edit" "Mozilla/5.0 (Macintosh; Intel Mac OS X 10_15_7) AppleWebKit/537.36 (KHTML, like Gecko) Chrome/119.0.0.0 Safari/537.36"
127.0.0.1 - - [05/Dec/2023:04:38:02 +0000] "GET / HTTP/1.1" 200 6702 "-" "curl/7.68.0"
192.168.65.1 - - [05/Dec/2023:04:38:10 +0000] "PUT /api/v1/layouts/656e67b69e391b36e85c0653/pages/656e67b69e391b36e85c0655?applicationId=656e67b69e391b36e85c0652 HTTP/1.1" 200 3506 "http://localhost:8080/app/studystage/student-656e67b69e391b36e85c0655/edit" "Mozilla/5.0 (Macintosh; Intel Mac OS X 10_15_7) AppleWebKit/537.36 (KHTML, like Gecko) Chrome/119.0.0.0 Safari/537.36"
192.168.65.1 - - [05/Dec/2023:04:38:14 +0000] "PUT /api/v1/layouts/656e67b69e391b36e85c0653/pages/656e67b69e391b36e85c0655?applicationId=656e67b69e391b36e85c0652 HTTP/1.1" 200 3504 "http://localhost:8080/app/studystage/student-656e67b69e391b36e85c0655/edit" "Mozilla/5.0 (Macintosh; Intel Mac OS X 10_15_7) AppleWebKit/537.36 (KHTML, like Gecko) Chrome/119.0.0.0 Safari/537.36"
127.0.0.1 - - [05/Dec/2023:04:38:17 +0000] "GET / HTTP/1.1" 200 6702 "-" "curl/7.68.0"
