192.168.65.1 - - [07/Dec/2023:02:21:59 +0000] "PUT /api/v1/pages/65712c408d8a482755cc970b HTTP/1.1" 200 518 "http://localhost:8080/app/appsmith/page2-65712c408d8a482755cc970b/edit?branch=newbranch" "Mozilla/5.0 (Macintosh; Intel Mac OS X 10_15_7) AppleWebKit/537.36 (KHTML, like Gecko) Chrome/119.0.0.0 Safari/537.36"
127.0.0.1 - - [07/Dec/2023:02:22:06 +0000] "GET / HTTP/1.1" 200 6702 "-" "curl/7.68.0"
192.168.65.1 - - [07/Dec/2023:02:22:07 +0000] "PUT /api/v1/layouts/65712c408d8a482755cc9709/pages/65712c408d8a482755cc970b?applicationId=656fa21035f0045611dfddd9 HTTP/1.1" 200 1312 "http://localhost:8080/app/appsmith/professor-home-65712c408d8a482755cc970b/edit/widgets/uyfkhy5pmx?branch=newbranch" "Mozilla/5.0 (Macintosh; Intel Mac OS X 10_15_7) AppleWebKit/537.36 (KHTML, like Gecko) Chrome/119.0.0.0 Safari/537.36"
192.168.65.1 - - [07/Dec/2023:02:22:09 +0000] "PUT /api/v1/layouts/65712c408d8a482755cc9709/pages/65712c408d8a482755cc970b?applicationId=656fa21035f0045611dfddd9 HTTP/1.1" 200 395 "http://localhost:8080/app/appsmith/professor-home-65712c408d8a482755cc970b/edit?branch=newbranch" "Mozilla/5.0 (Macintosh; Intel Mac OS X 10_15_7) AppleWebKit/537.36 (KHTML, like Gecko) Chrome/119.0.0.0 Safari/537.36"
192.168.65.1 - - [07/Dec/2023:02:22:13 +0000] "PUT /api/v1/layouts/65712c408d8a482755cc9709/pages/65712c408d8a482755cc970b?applicationId=656fa21035f0045611dfddd9 HTTP/1.1" 200 1714 "http://localhost:8080/app/appsmith/professor-home-65712c408d8a482755cc970b/edit/widgets/5qus2cfze0?branch=newbranch" "Mozilla/5.0 (Macintosh; Intel Mac OS X 10_15_7) AppleWebKit/537.36 (KHTML, like Gecko) Chrome/119.0.0.0 Safari/537.36"
192.168.65.1 - - [07/Dec/2023:02:22:15 +0000] "PUT /api/v1/layouts/65712c408d8a482755cc9709/pages/65712c408d8a482755cc970b?applicationId=656fa21035f0045611dfddd9 HTTP/1.1" 200 2095 "http://localhost:8080/app/appsmith/professor-home-65712c408d8a482755cc970b/edit/widgets/2tx8vvx2g4?branch=newbranch" "Mozilla/5.0 (Macintosh; Intel Mac OS X 10_15_7) AppleWebKit/537.36 (KHTML, like Gecko) Chrome/119.0.0.0 Safari/537.36"
192.168.65.1 - - [07/Dec/2023:02:22:20 +0000] "PUT /api/v1/layouts/65712c408d8a482755cc9709/pages/65712c408d8a482755cc970b?applicationId=656fa21035f0045611dfddd9 HTTP/1.1" 200 2725 "http://localhost:8080/app/appsmith/professor-home-65712c408d8a482755cc970b/edit/widgets/m5zyfjqmtu?branch=newbranch" "Mozilla/5.0 (Macintosh; Intel Mac OS X 10_15_7) AppleWebKit/537.36 (KHTML, like Gecko) Chrome/119.0.0.0 Safari/537.36"
192.168.65.1 - - [07/Dec/2023:02:22:21 +0000] "PUT /api/v1/layouts/65712c408d8a482755cc9709/pages/65712c408d8a482755cc970b?applicationId=656fa21035f0045611dfddd9 HTTP/1.1" 200 2722 "http://localhost:8080/app/appsmith/professor-home-65712c408d8a482755cc970b/edit/widgets/m5zyfjqmtu?branch=newbranch" "Mozilla/5.0 (Macintosh; Intel Mac OS X 10_15_7) AppleWebKit/537.36 (KHTML, like Gecko) Chrome/119.0.0.0 Safari/537.36"
127.0.0.1 - - [07/Dec/2023:02:22:21 +0000] "GET / HTTP/1.1" 200 6702 "-" "curl/7.68.0"
192.168.65.1 - - [07/Dec/2023:02:22:28 +0000] "PUT /api/v1/layouts/65712c408d8a482755cc9709/pages/65712c408d8a482755cc970b?applicationId=656fa21035f0045611dfddd9 HTTP/1.1" 200 2897 "http://localhost:8080/app/appsmith/professor-home-65712c408d8a482755cc970b/edit/widgets/m5zyfjqmtu?branch=newbranch" "Mozilla/5.0 (Macintosh; Intel Mac OS X 10_15_7) AppleWebKit/537.36 (KHTML, like Gecko) Chrome/119.0.0.0 Safari/537.36"
192.168.65.1 - - [07/Dec/2023:02:22:29 +0000] "PUT /api/v1/layouts/65712c408d8a482755cc9709/pages/65712c408d8a482755cc970b?applicationId=656fa21035f0045611dfddd9 HTTP/1.1" 200 2899 "http://localhost:8080/app/appsmith/professor-home-65712c408d8a482755cc970b/edit/widgets/m5zyfjqmtu?branch=newbranch" "Mozilla/5.0 (Macintosh; Intel Mac OS X 10_15_7) AppleWebKit/537.36 (KHTML, like Gecko) Chrome/119.0.0.0 Safari/537.36"
192.168.65.1 - - [07/Dec/2023:02:22:31 +0000] "PUT /api/v1/layouts/65712c408d8a482755cc9709/pages/65712c408d8a482755cc970b?applicationId=656fa21035f0045611dfddd9 HTTP/1.1" 200 2899 "http://localhost:8080/app/appsmith/professor-home-65712c408d8a482755cc970b/edit/widgets/7hgpgd3k9p?branch=newbranch" "Mozilla/5.0 (Macintosh; Intel Mac OS X 10_15_7) AppleWebKit/537.36 (KHTML, like Gecko) Chrome/119.0.0.0 Safari/537.36"
192.168.65.1 - - [07/Dec/2023:02:22:32 +0000] "PUT /api/v1/layouts/65712c408d8a482755cc9709/pages/65712c408d8a482755cc970b?applicationId=656fa21035f0045611dfddd9 HTTP/1.1" 200 2901 "http://localhost:8080/app/appsmith/professor-home-65712c408d8a482755cc970b/edit/widgets/m5zyfjqmtu?branch=newbranch" "Mozilla/5.0 (Macintosh; Intel Mac OS X 10_15_7) AppleWebKit/537.36 (KHTML, like Gecko) Chrome/119.0.0.0 Safari/537.36"
192.168.65.1 - - [07/Dec/2023:02:22:33 +0000] "PUT /api/v1/layouts/65712c408d8a482755cc9709/pages/65712c408d8a482755cc970b?applicationId=656fa21035f0045611dfddd9 HTTP/1.1" 200 2902 "http://localhost:8080/app/appsmith/professor-home-65712c408d8a482755cc970b/edit/widgets/m5zyfjqmtu?branch=newbranch" "Mozilla/5.0 (Macintosh; Intel Mac OS X 10_15_7) AppleWebKit/537.36 (KHTML, like Gecko) Chrome/119.0.0.0 Safari/537.36"
127.0.0.1 - - [07/Dec/2023:02:22:37 +0000] "GET / HTTP/1.1" 200 6702 "-" "curl/7.68.0"
192.168.65.1 - - [07/Dec/2023:02:22:37 +0000] "PUT /api/v1/layouts/65712c408d8a482755cc9709/pages/65712c408d8a482755cc970b?applicationId=656fa21035f0045611dfddd9 HTTP/1.1" 200 2903 "http://localhost:8080/app/appsmith/professor-home-65712c408d8a482755cc970b/edit/widgets/7hgpgd3k9p?branch=newbranch" "Mozilla/5.0 (Macintosh; Intel Mac OS X 10_15_7) AppleWebKit/537.36 (KHTML, like Gecko) Chrome/119.0.0.0 Safari/537.36"
192.168.65.1 - - [07/Dec/2023:02:22:43 +0000] "PUT /api/v1/layouts/65712c408d8a482755cc9709/pages/65712c408d8a482755cc970b?applicationId=656fa21035f0045611dfddd9 HTTP/1.1" 200 3043 "http://localhost:8080/app/appsmith/professor-home-65712c408d8a482755cc970b/edit/widgets/vja9bf4i9y?branch=newbranch" "Mozilla/5.0 (Macintosh; Intel Mac OS X 10_15_7) AppleWebKit/537.36 (KHTML, like Gecko) Chrome/119.0.0.0 Safari/537.36"
192.168.65.1 - - [07/Dec/2023:02:22:44 +0000] "PUT /api/v1/layouts/65712c408d8a482755cc9709/pages/65712c408d8a482755cc970b?applicationId=656fa21035f0045611dfddd9 HTTP/1.1" 200 3045 "http://localhost:8080/app/appsmith/professor-home-65712c408d8a482755cc970b/edit/widgets/vja9bf4i9y?branch=newbranch" "Mozilla/5.0 (Macintosh; Intel Mac OS X 10_15_7) AppleWebKit/537.36 (KHTML, like Gecko) Chrome/119.0.0.0 Safari/537.36"
192.168.65.1 - - [07/Dec/2023:02:22:50 +0000] "PUT /api/v1/layouts/65712c408d8a482755cc9709/pages/65712c408d8a482755cc970b?applicationId=656fa21035f0045611dfddd9 HTTP/1.1" 200 3188 "http://localhost:8080/app/appsmith/professor-home-65712c408d8a482755cc970b/edit/widgets/tvmzg89pvk?branch=newbranch" "Mozilla/5.0 (Macintosh; Intel Mac OS X 10_15_7) AppleWebKit/537.36 (KHTML, like Gecko) Chrome/119.0.0.0 Safari/537.36"
127.0.0.1 - - [07/Dec/2023:02:22:52 +0000] "GET / HTTP/1.1" 200 6702 "-" "curl/7.68.0"
192.168.65.1 - - [07/Dec/2023:02:22:56 +0000] "PUT /api/v1/layouts/65712c408d8a482755cc9709/pages/65712c408d8a482755cc970b?applicationId=656fa21035f0045611dfddd9 HTTP/1.1" 200 3561 "http://localhost:8080/app/appsmith/professor-home-65712c408d8a482755cc970b/edit/widgets/iqz4duhil1?branch=newbranch" "Mozilla/5.0 (Macintosh; Intel Mac OS X 10_15_7) AppleWebKit/537.36 (KHTML, like Gecko) Chrome/119.0.0.0 Safari/537.36"
192.168.65.1 - - [07/Dec/2023:02:22:58 +0000] "PUT /api/v1/layouts/65712c408d8a482755cc9709/pages/65712c408d8a482755cc970b?applicationId=656fa21035f0045611dfddd9 HTTP/1.1" 200 3562 "http://localhost:8080/app/appsmith/professor-home-65712c408d8a482755cc970b/edit/widgets/iqz4duhil1?branch=newbranch" "Mozilla/5.0 (Macintosh; Intel Mac OS X 10_15_7) AppleWebKit/537.36 (KHTML, like Gecko) Chrome/119.0.0.0 Safari/537.36"
127.0.0.1 - - [07/Dec/2023:02:23:07 +0000] "GET / HTTP/1.1" 200 6702 "-" "curl/7.68.0"
192.168.65.1 - - [07/Dec/2023:02:23:11 +0000] "PUT /api/v1/layouts/65712c408d8a482755cc9709/pages/65712c408d8a482755cc970b?applicationId=656fa21035f0045611dfddd9 HTTP/1.1" 200 3577 "http://localhost:8080/app/appsmith/professor-home-65712c408d8a482755cc970b/edit/widgets/2tx8vvx2g4?branch=newbranch" "Mozilla/5.0 (Macintosh; Intel Mac OS X 10_15_7) AppleWebKit/537.36 (KHTML, like Gecko) Chrome/119.0.0.0 Safari/537.36"
192.168.65.1 - - [07/Dec/2023:02:23:14 +0000] "PUT /api/v1/layouts/65712c408d8a482755cc9709/pages/65712c408d8a482755cc970b?applicationId=656fa21035f0045611dfddd9 HTTP/1.1" 200 3582 "http://localhost:8080/app/appsmith/professor-home-65712c408d8a482755cc970b/edit/widgets/e6ldk2n6jo?branch=newbranch" "Mozilla/5.0 (Macintosh; Intel Mac OS X 10_15_7) AppleWebKit/537.36 (KHTML, like Gecko) Chrome/119.0.0.0 Safari/537.36"
192.168.65.1 - - [07/Dec/2023:02:23:19 +0000] "PUT /api/v1/layouts/65712c408d8a482755cc9709/pages/65712c408d8a482755cc970b?applicationId=656fa21035f0045611dfddd9 HTTP/1.1" 200 3613 "http://localhost:8080/app/appsmith/professor-home-65712c408d8a482755cc970b/edit/widgets/e6ldk2n6jo?branch=newbranch" "Mozilla/5.0 (Macintosh; Intel Mac OS X 10_15_7) AppleWebKit/537.36 (KHTML, like Gecko) Chrome/119.0.0.0 Safari/537.36"
192.168.65.1 - - [07/Dec/2023:02:23:21 +0000] "PUT /api/v1/layouts/65712c408d8a482755cc9709/pages/65712c408d8a482755cc970b?applicationId=656fa21035f0045611dfddd9 HTTP/1.1" 200 3614 "http://localhost:8080/app/appsmith/professor-home-65712c408d8a482755cc970b/edit/widgets/e6ldk2n6jo?branch=newbranch" "Mozilla/5.0 (Macintosh; Intel Mac OS X 10_15_7) AppleWebKit/537.36 (KHTML, like Gecko) Chrome/119.0.0.0 Safari/537.36"
127.0.0.1 - - [07/Dec/2023:02:23:22 +0000] "GET / HTTP/1.1" 200 6702 "-" "curl/7.68.0"
127.0.0.1 - - [07/Dec/2023:02:23:37 +0000] "GET / HTTP/1.1" 200 6702 "-" "curl/7.68.0"
192.168.65.1 - - [07/Dec/2023:02:23:48 +0000] "PUT /api/v1/layouts/65712c408d8a482755cc9709/pages/65712c408d8a482755cc970b?applicationId=656fa21035f0045611dfddd9 HTTP/1.1" 200 3708 "http://localhost:8080/app/appsmith/professor-home-65712c408d8a482755cc970b/edit/widgets/nhmp0eekp3?branch=newbranch" "Mozilla/5.0 (Macintosh; Intel Mac OS X 10_15_7) AppleWebKit/537.36 (KHTML, like Gecko) Chrome/119.0.0.0 Safari/537.36"
192.168.65.1 - - [07/Dec/2023:02:23:49 +0000] "PUT /api/v1/layouts/65712c408d8a482755cc9709/pages/65712c408d8a482755cc970b?applicationId=656fa21035f0045611dfddd9 HTTP/1.1" 200 3614 "http://localhost:8080/app/appsmith/professor-home-65712c408d8a482755cc970b/edit/widgets/nhmp0eekp3?branch=newbranch" "Mozilla/5.0 (Macintosh; Intel Mac OS X 10_15_7) AppleWebKit/537.36 (KHTML, like Gecko) Chrome/119.0.0.0 Safari/537.36"
192.168.65.1 - - [07/Dec/2023:02:23:51 +0000] "PUT /api/v1/layouts/65712c408d8a482755cc9709/pages/65712c408d8a482755cc970b?applicationId=656fa21035f0045611dfddd9 HTTP/1.1" 200 3605 "http://localhost:8080/app/appsmith/professor-home-65712c408d8a482755cc970b/edit/widgets/2tx8vvx2g4?branch=newbranch" "Mozilla/5.0 (Macintosh; Intel Mac OS X 10_15_7) AppleWebKit/537.36 (KHTML, like Gecko) Chrome/119.0.0.0 Safari/537.36"
127.0.0.1 - - [07/Dec/2023:02:23:52 +0000] "GET / HTTP/1.1" 200 6702 "-" "curl/7.68.0"
192.168.65.1 - - [07/Dec/2023:02:23:54 +0000] "PUT /api/v1/layouts/65712c408d8a482755cc9709/pages/65712c408d8a482755cc970b?applicationId=656fa21035f0045611dfddd9 HTTP/1.1" 200 3666 "http://localhost:8080/app/appsmith/professor-home-65712c408d8a482755cc970b/edit/widgets/uds3q2mcuv,brbcele5jg?branch=newbranch" "Mozilla/5.0 (Macintosh; Intel Mac OS X 10_15_7) AppleWebKit/537.36 (KHTML, like Gecko) Chrome/119.0.0.0 Safari/537.36"
192.168.65.1 - - [07/Dec/2023:02:23:55 +0000] "PUT /api/v1/layouts/65712c408d8a482755cc9709/pages/65712c408d8a482755cc970b?applicationId=656fa21035f0045611dfddd9 HTTP/1.1" 200 3667 "http://localhost:8080/app/appsmith/professor-home-65712c408d8a482755cc970b/edit/widgets/uds3q2mcuv,brbcele5jg?branch=newbranch" "Mozilla/5.0 (Macintosh; Intel Mac OS X 10_15_7) AppleWebKit/537.36 (KHTML, like Gecko) Chrome/119.0.0.0 Safari/537.36"
192.168.65.1 - - [07/Dec/2023:02:24:01 +0000] "PUT /api/v1/layouts/65712c408d8a482755cc9709/pages/65712c408d8a482755cc970b?applicationId=656fa21035f0045611dfddd9 HTTP/1.1" 200 3605 "http://localhost:8080/app/appsmith/professor-home-65712c408d8a482755cc970b/edit?branch=newbranch" "Mozilla/5.0 (Macintosh; Intel Mac OS X 10_15_7) AppleWebKit/537.36 (KHTML, like Gecko) Chrome/119.0.0.0 Safari/537.36"
127.0.0.1 - - [07/Dec/2023:02:24:07 +0000] "GET / HTTP/1.1" 200 6702 "-" "curl/7.68.0"
127.0.0.1 - - [07/Dec/2023:02:24:23 +0000] "GET / HTTP/1.1" 200 6702 "-" "curl/7.68.0"
127.0.0.1 - - [07/Dec/2023:02:24:38 +0000] "GET / HTTP/1.1" 200 6702 "-" "curl/7.68.0"
192.168.65.1 - - [07/Dec/2023:02:24:45 +0000] "PUT /api/v1/layouts/65712c408d8a482755cc9709/pages/65712c408d8a482755cc970b?applicationId=656fa21035f0045611dfddd9 HTTP/1.1" 200 3607 "http://localhost:8080/app/appsmith/professor-home-65712c408d8a482755cc970b/edit/widgets/2tx8vvx2g4?branch=newbranch" "Mozilla/5.0 (Macintosh; Intel Mac OS X 10_15_7) AppleWebKit/537.36 (KHTML, like Gecko) Chrome/119.0.0.0 Safari/537.36"
127.0.0.1 - - [07/Dec/2023:02:24:53 +0000] "GET / HTTP/1.1" 200 6702 "-" "curl/7.68.0"
192.168.65.1 - - [07/Dec/2023:02:25:00 +0000] "PUT /api/v1/layouts/65712c408d8a482755cc9709/pages/65712c408d8a482755cc970b?applicationId=656fa21035f0045611dfddd9 HTTP/1.1" 200 3630 "http://localhost:8080/app/appsmith/professor-home-65712c408d8a482755cc970b/edit/widgets/2tx8vvx2g4?branch=newbranch" "Mozilla/5.0 (Macintosh; Intel Mac OS X 10_15_7) AppleWebKit/537.36 (KHTML, like Gecko) Chrome/119.0.0.0 Safari/537.36"
192.168.65.1 - - [07/Dec/2023:02:25:02 +0000] "PUT /api/v1/layouts/65712c408d8a482755cc9709/pages/65712c408d8a482755cc970b?applicationId=656fa21035f0045611dfddd9 HTTP/1.1" 200 3678 "http://localhost:8080/app/appsmith/professor-home-65712c408d8a482755cc970b/edit/widgets/2tx8vvx2g4?branch=newbranch" "Mozilla/5.0 (Macintosh; Intel Mac OS X 10_15_7) AppleWebKit/537.36 (KHTML, like Gecko) Chrome/119.0.0.0 Safari/537.36"
192.168.65.1 - - [07/Dec/2023:02:25:03 +0000] "PUT /api/v1/layouts/65712c408d8a482755cc9709/pages/65712c408d8a482755cc970b?applicationId=656fa21035f0045611dfddd9 HTTP/1.1" 200 3675 "http://localhost:8080/app/appsmith/professor-home-65712c408d8a482755cc970b/edit?branch=newbranch" "Mozilla/5.0 (Macintosh; Intel Mac OS X 10_15_7) AppleWebKit/537.36 (KHTML, like Gecko) Chrome/119.0.0.0 Safari/537.36"
127.0.0.1 - - [07/Dec/2023:02:25:08 +0000] "GET / HTTP/1.1" 200 6702 "-" "curl/7.68.0"
192.168.65.1 - - [07/Dec/2023:02:25:09 +0000] "PUT /api/v1/layouts/refactor HTTP/1.1" 200 3673 "http://localhost:8080/app/appsmith/professor-home-65712c408d8a482755cc970b/edit/widgets/2tx8vvx2g4?branch=newbranch" "Mozilla/5.0 (Macintosh; Intel Mac OS X 10_15_7) AppleWebKit/537.36 (KHTML, like Gecko) Chrome/119.0.0.0 Safari/537.36"
192.168.65.1 - - [07/Dec/2023:02:25:09 +0000] "GET /api/v1/collections/actions?pageId=65712c408d8a482755cc970b HTTP/1.1" 200 101 "http://localhost:8080/app/appsmith/professor-home-65712c408d8a482755cc970b/edit/widgets/2tx8vvx2g4?branch=newbranch" "Mozilla/5.0 (Macintosh; Intel Mac OS X 10_15_7) AppleWebKit/537.36 (KHTML, like Gecko) Chrome/119.0.0.0 Safari/537.36"
192.168.65.1 - - [07/Dec/2023:02:25:09 +0000] "GET /api/v1/actions?pageId=65712c408d8a482755cc970b HTTP/1.1" 200 101 "http://localhost:8080/app/appsmith/professor-home-65712c408d8a482755cc970b/edit/widgets/2tx8vvx2g4?branch=newbranch" "Mozilla/5.0 (Macintosh; Intel Mac OS X 10_15_7) AppleWebKit/537.36 (KHTML, like Gecko) Chrome/119.0.0.0 Safari/537.36"
127.0.0.1 - - [07/Dec/2023:02:25:23 +0000] "GET / HTTP/1.1" 200 6702 "-" "curl/7.68.0"
192.168.65.1 - - [07/Dec/2023:02:25:33 +0000] "PUT /api/v1/layouts/65712c408d8a482755cc9709/pages/65712c408d8a482755cc970b?applicationId=656fa21035f0045611dfddd9 HTTP/1.1" 200 3682 "http://localhost:8080/app/appsmith/professor-home-65712c408d8a482755cc970b/edit/widgets/brbcele5jg?branch=newbranch" "Mozilla/5.0 (Macintosh; Intel Mac OS X 10_15_7) AppleWebKit/537.36 (KHTML, like Gecko) Chrome/119.0.0.0 Safari/537.36"
192.168.65.1 - - [07/Dec/2023:02:25:36 +0000] "PUT /api/v1/layouts/65712c408d8a482755cc9709/pages/65712c408d8a482755cc970b?applicationId=656fa21035f0045611dfddd9 HTTP/1.1" 200 3735 "http://localhost:8080/app/appsmith/professor-home-65712c408d8a482755cc970b/edit/widgets/brbcele5jg?branch=newbranch" "Mozilla/5.0 (Macintosh; Intel Mac OS X 10_15_7) AppleWebKit/537.36 (KHTML, like Gecko) Chrome/119.0.0.0 Safari/537.36"
127.0.0.1 - - [07/Dec/2023:02:25:38 +0000] "GET / HTTP/1.1" 200 6702 "-" "curl/7.68.0"
192.168.65.1 - - [07/Dec/2023:02:25:42 +0000] "PUT /api/v1/layouts/65712c408d8a482755cc9709/pages/65712c408d8a482755cc970b?applicationId=656fa21035f0045611dfddd9 HTTP/1.1" 200 3743 "http://localhost:8080/app/appsmith/professor-home-65712c408d8a482755cc970b/edit?branch=newbranch" "Mozilla/5.0 (Macintosh; Intel Mac OS X 10_15_7) AppleWebKit/537.36 (KHTML, like Gecko) Chrome/119.0.0.0 Safari/537.36"
192.168.65.1 - - [07/Dec/2023:02:25:52 +0000] "POST /api/v1/actions HTTP/1.1" 201 1836 "http://localhost:8080/app/appsmith/professor-home-65712c408d8a482755cc970b/edit/widgets/m5zyfjqmtu?branch=newbranch" "Mozilla/5.0 (Macintosh; Intel Mac OS X 10_15_7) AppleWebKit/537.36 (KHTML, like Gecko) Chrome/119.0.0.0 Safari/537.36"
127.0.0.1 - - [07/Dec/2023:02:25:53 +0000] "GET / HTTP/1.1" 200 6702 "-" "curl/7.68.0"
192.168.65.1 - - [07/Dec/2023:02:25:55 +0000] "GET /api/v1/pages/65712c408d8a482755cc970b HTTP/1.1" 200 3897 "http://localhost:8080/app/appsmith/professor-home-65712c408d8a482755cc970b/edit/api/65712d308d8a482755cc970d?branch=newbranch&editName=true&from=datasources" "Mozilla/5.0 (Macintosh; Intel Mac OS X 10_15_7) AppleWebKit/537.36 (KHTML, like Gecko) Chrome/119.0.0.0 Safari/537.36"
192.168.65.1 - - [07/Dec/2023:02:25:55 +0000] "PUT /api/v1/actions/refactor HTTP/1.1" 200 3743 "http://localhost:8080/app/appsmith/professor-home-65712c408d8a482755cc970b/edit/api/65712d308d8a482755cc970d?branch=newbranch&editName=true&from=datasources" "Mozilla/5.0 (Macintosh; Intel Mac OS X 10_15_7) AppleWebKit/537.36 (KHTML, like Gecko) Chrome/119.0.0.0 Safari/537.36"
192.168.65.1 - - [07/Dec/2023:02:25:55 +0000] "GET /api/v1/collections/actions?pageId=65712c408d8a482755cc970b HTTP/1.1" 200 101 "http://localhost:8080/app/appsmith/professor-home-65712c408d8a482755cc970b/edit/api/65712d308d8a482755cc970d?branch=newbranch&editName=false&from=datasources" "Mozilla/5.0 (Macintosh; Intel Mac OS X 10_15_7) AppleWebKit/537.36 (KHTML, like Gecko) Chrome/119.0.0.0 Safari/537.36"
192.168.65.1 - - [07/Dec/2023:02:25:55 +0000] "GET /api/v1/actions?pageId=65712c408d8a482755cc970b HTTP/1.1" 200 666 "http://localhost:8080/app/appsmith/professor-home-65712c408d8a482755cc970b/edit/api/65712d308d8a482755cc970d?branch=newbranch&editName=false&from=datasources" "Mozilla/5.0 (Macintosh; Intel Mac OS X 10_15_7) AppleWebKit/537.36 (KHTML, like Gecko) Chrome/119.0.0.0 Safari/537.36"
127.0.0.1 - - [07/Dec/2023:02:26:08 +0000] "GET / HTTP/1.1" 200 6702 "-" "curl/7.68.0"
192.168.65.1 - - [07/Dec/2023:02:26:23 +0000] "PUT /api/v1/actions/65712d308d8a482755cc970d HTTP/1.1" 499 0 "http://localhost:8080/app/appsmith/professor-home-65712c408d8a482755cc970b/edit/api/65712d308d8a482755cc970d?branch=newbranch&editName=false&from=datasources" "Mozilla/5.0 (Macintosh; Intel Mac OS X 10_15_7) AppleWebKit/537.36 (KHTML, like Gecko) Chrome/119.0.0.0 Safari/537.36"
192.168.65.1 - - [07/Dec/2023:02:26:23 +0000] "PUT /api/v1/actions/65712d308d8a482755cc970d HTTP/1.1" 200 732 "http://localhost:8080/app/appsmith/professor-home-65712c408d8a482755cc970b/edit/api/65712d308d8a482755cc970d?branch=newbranch&editName=false&from=datasources" "Mozilla/5.0 (Macintosh; Intel Mac OS X 10_15_7) AppleWebKit/537.36 (KHTML, like Gecko) Chrome/119.0.0.0 Safari/537.36"
127.0.0.1 - - [07/Dec/2023:02:26:24 +0000] "GET / HTTP/1.1" 200 6702 "-" "curl/7.68.0"
192.168.65.1 - - [07/Dec/2023:02:26:25 +0000] "POST /api/v1/actions/execute HTTP/1.1" 200 428 "http://localhost:8080/app/appsmith/professor-home-65712c408d8a482755cc970b/edit/api/65712d308d8a482755cc970d?branch=newbranch&editName=false&from=datasources" "Mozilla/5.0 (Macintosh; Intel Mac OS X 10_15_7) AppleWebKit/537.36 (KHTML, like Gecko) Chrome/119.0.0.0 Safari/537.36"
192.168.65.1 - - [07/Dec/2023:02:26:32 +0000] "POST /api/v1/actions HTTP/1.1" 201 1836 "http://localhost:8080/app/appsmith/professor-home-65712c408d8a482755cc970b/edit/api/65712d308d8a482755cc970d?branch=newbranch&editName=false&from=datasources" "Mozilla/5.0 (Macintosh; Intel Mac OS X 10_15_7) AppleWebKit/537.36 (KHTML, like Gecko) Chrome/119.0.0.0 Safari/537.36"
192.168.65.1 - - [07/Dec/2023:02:26:34 +0000] "GET /api/v1/pages/65712c408d8a482755cc970b HTTP/1.1" 200 3897 "http://localhost:8080/app/appsmith/professor-home-65712c408d8a482755cc970b/edit/api/65712d588d8a482755cc970f?branch=newbranch&editName=true&from=datasources" "Mozilla/5.0 (Macintosh; Intel Mac OS X 10_15_7) AppleWebKit/537.36 (KHTML, like Gecko) Chrome/119.0.0.0 Safari/537.36"
192.168.65.1 - - [07/Dec/2023:02:26:34 +0000] "PUT /api/v1/actions/refactor HTTP/1.1" 200 3743 "http://localhost:8080/app/appsmith/professor-home-65712c408d8a482755cc970b/edit/api/65712d588d8a482755cc970f?branch=newbranch&editName=true&from=datasources" "Mozilla/5.0 (Macintosh; Intel Mac OS X 10_15_7) AppleWebKit/537.36 (KHTML, like Gecko) Chrome/119.0.0.0 Safari/537.36"
192.168.65.1 - - [07/Dec/2023:02:26:34 +0000] "GET /api/v1/collections/actions?pageId=65712c408d8a482755cc970b HTTP/1.1" 200 101 "http://localhost:8080/app/appsmith/professor-home-65712c408d8a482755cc970b/edit/api/65712d588d8a482755cc970f?branch=newbranch&editName=false&from=datasources" "Mozilla/5.0 (Macintosh; Intel Mac OS X 10_15_7) AppleWebKit/537.36 (KHTML, like Gecko) Chrome/119.0.0.0 Safari/537.36"
192.168.65.1 - - [07/Dec/2023:02:26:34 +0000] "GET /api/v1/actions?pageId=65712c408d8a482755cc970b HTTP/1.1" 200 834 "http://localhost:8080/app/appsmith/professor-home-65712c408d8a482755cc970b/edit/api/65712d588d8a482755cc970f?branch=newbranch&editName=false&from=datasources" "Mozilla/5.0 (Macintosh; Intel Mac OS X 10_15_7) AppleWebKit/537.36 (KHTML, like Gecko) Chrome/119.0.0.0 Safari/537.36"
127.0.0.1 - - [07/Dec/2023:02:26:39 +0000] "GET / HTTP/1.1" 200 6702 "-" "curl/7.68.0"
192.168.65.1 - - [07/Dec/2023:02:26:40 +0000] "PUT /api/v1/actions/65712d588d8a482755cc970f HTTP/1.1" 499 0 "http://localhost:8080/app/appsmith/professor-home-65712c408d8a482755cc970b/edit/api/65712d588d8a482755cc970f?branch=newbranch&editName=false&from=datasources" "Mozilla/5.0 (Macintosh; Intel Mac OS X 10_15_7) AppleWebKit/537.36 (KHTML, like Gecko) Chrome/119.0.0.0 Safari/537.36"
192.168.65.1 - - [07/Dec/2023:02:26:40 +0000] "PUT /api/v1/actions/65712d588d8a482755cc970f HTTP/1.1" 200 729 "http://localhost:8080/app/appsmith/professor-home-65712c408d8a482755cc970b/edit/api/65712d588d8a482755cc970f?branch=newbranch&editName=false&from=datasources" "Mozilla/5.0 (Macintosh; Intel Mac OS X 10_15_7) AppleWebKit/537.36 (KHTML, like Gecko) Chrome/119.0.0.0 Safari/537.36"
192.168.65.1 - - [07/Dec/2023:02:26:40 +0000] "POST /api/v1/actions/execute HTTP/1.1" 200 426 "http://localhost:8080/app/appsmith/professor-home-65712c408d8a482755cc970b/edit/api/65712d588d8a482755cc970f?branch=newbranch&editName=false&from=datasources" "Mozilla/5.0 (Macintosh; Intel Mac OS X 10_15_7) AppleWebKit/537.36 (KHTML, like Gecko) Chrome/119.0.0.0 Safari/537.36"
192.168.65.1 - - [07/Dec/2023:02:26:44 +0000] "POST /api/v1/actions HTTP/1.1" 201 1836 "http://localhost:8080/app/appsmith/professor-home-65712c408d8a482755cc970b/edit/api/65712d588d8a482755cc970f?branch=newbranch&editName=false&from=datasources" "Mozilla/5.0 (Macintosh; Intel Mac OS X 10_15_7) AppleWebKit/537.36 (KHTML, like Gecko) Chrome/119.0.0.0 Safari/537.36"
127.0.0.1 - - [07/Dec/2023:02:26:54 +0000] "GET / HTTP/1.1" 200 6702 "-" "curl/7.68.0"
192.168.65.1 - - [07/Dec/2023:02:26:55 +0000] "GET /api/v1/pages/65712c408d8a482755cc970b HTTP/1.1" 200 3897 "http://localhost:8080/app/appsmith/professor-home-65712c408d8a482755cc970b/edit/api/65712d648d8a482755cc9711?branch=newbranch&editName=true&from=datasources" "Mozilla/5.0 (Macintosh; Intel Mac OS X 10_15_7) AppleWebKit/537.36 (KHTML, like Gecko) Chrome/119.0.0.0 Safari/537.36"
192.168.65.1 - - [07/Dec/2023:02:26:56 +0000] "PUT /api/v1/actions/refactor HTTP/1.1" 200 3743 "http://localhost:8080/app/appsmith/professor-home-65712c408d8a482755cc970b/edit/api/65712d648d8a482755cc9711?branch=newbranch&editName=true&from=datasources" "Mozilla/5.0 (Macintosh; Intel Mac OS X 10_15_7) AppleWebKit/537.36 (KHTML, like Gecko) Chrome/119.0.0.0 Safari/537.36"
192.168.65.1 - - [07/Dec/2023:02:26:56 +0000] "GET /api/v1/collections/actions?pageId=65712c408d8a482755cc970b HTTP/1.1" 200 101 "http://localhost:8080/app/appsmith/professor-home-65712c408d8a482755cc970b/edit/api/65712d648d8a482755cc9711?branch=newbranch&editName=false&from=datasources" "Mozilla/5.0 (Macintosh; Intel Mac OS X 10_15_7) AppleWebKit/537.36 (KHTML, like Gecko) Chrome/119.0.0.0 Safari/537.36"
192.168.65.1 - - [07/Dec/2023:02:26:56 +0000] "GET /api/v1/actions?pageId=65712c408d8a482755cc970b HTTP/1.1" 200 922 "http://localhost:8080/app/appsmith/professor-home-65712c408d8a482755cc970b/edit/api/65712d648d8a482755cc9711?branch=newbranch&editName=false&from=datasources" "Mozilla/5.0 (Macintosh; Intel Mac OS X 10_15_7) AppleWebKit/537.36 (KHTML, like Gecko) Chrome/119.0.0.0 Safari/537.36"
192.168.65.1 - - [07/Dec/2023:02:26:57 +0000] "GET /api/v1/pages/65712c408d8a482755cc970b HTTP/1.1" 200 3898 "http://localhost:8080/app/appsmith/professor-home-65712c408d8a482755cc970b/edit/api/65712d648d8a482755cc9711?branch=newbranch&editName=false&from=datasources" "Mozilla/5.0 (Macintosh; Intel Mac OS X 10_15_7) AppleWebKit/537.36 (KHTML, like Gecko) Chrome/119.0.0.0 Safari/537.36"
192.168.65.1 - - [07/Dec/2023:02:26:57 +0000] "PUT /api/v1/actions/refactor HTTP/1.1" 200 3743 "http://localhost:8080/app/appsmith/professor-home-65712c408d8a482755cc970b/edit/api/65712d648d8a482755cc9711?branch=newbranch&editName=false&from=datasources" "Mozilla/5.0 (Macintosh; Intel Mac OS X 10_15_7) AppleWebKit/537.36 (KHTML, like Gecko) Chrome/119.0.0.0 Safari/537.36"
192.168.65.1 - - [07/Dec/2023:02:26:57 +0000] "GET /api/v1/collections/actions?pageId=65712c408d8a482755cc970b HTTP/1.1" 200 101 "http://localhost:8080/app/appsmith/professor-home-65712c408d8a482755cc970b/edit/api/65712d648d8a482755cc9711?branch=newbranch&editName=false&from=datasources" "Mozilla/5.0 (Macintosh; Intel Mac OS X 10_15_7) AppleWebKit/537.36 (KHTML, like Gecko) Chrome/119.0.0.0 Safari/537.36"
192.168.65.1 - - [07/Dec/2023:02:26:57 +0000] "GET /api/v1/actions?pageId=65712c408d8a482755cc970b HTTP/1.1" 200 902 "http://localhost:8080/app/appsmith/professor-home-65712c408d8a482755cc970b/edit/api/65712d648d8a482755cc9711?branch=newbranch&editName=false&from=datasources" "Mozilla/5.0 (Macintosh; Intel Mac OS X 10_15_7) AppleWebKit/537.36 (KHTML, like Gecko) Chrome/119.0.0.0 Safari/537.36"
192.168.65.1 - - [07/Dec/2023:02:26:58 +0000] "PUT /api/v1/actions/65712d648d8a482755cc9711 HTTP/1.1" 200 688 "http://localhost:8080/app/appsmith/professor-home-65712c408d8a482755cc970b/edit/api/65712d648d8a482755cc9711?branch=newbranch&editName=false&from=datasources" "Mozilla/5.0 (Macintosh; Intel Mac OS X 10_15_7) AppleWebKit/537.36 (KHTML, like Gecko) Chrome/119.0.0.0 Safari/537.36"
192.168.65.1 - - [07/Dec/2023:02:27:00 +0000] "POST /api/v1/actions/execute HTTP/1.1" 200 2531 "http://localhost:8080/app/appsmith/professor-home-65712c408d8a482755cc970b/edit/api/65712d648d8a482755cc9711?branch=newbranch&editName=false&from=datasources" "Mozilla/5.0 (Macintosh; Intel Mac OS X 10_15_7) AppleWebKit/537.36 (KHTML, like Gecko) Chrome/119.0.0.0 Safari/537.36"
127.0.0.1 - - [07/Dec/2023:02:27:09 +0000] "GET / HTTP/1.1" 200 6702 "-" "curl/7.68.0"
192.168.65.1 - - [07/Dec/2023:02:27:13 +0000] "PUT /api/v1/layouts/65712c408d8a482755cc9709/pages/65712c408d8a482755cc970b?applicationId=656fa21035f0045611dfddd9 HTTP/1.1" 200 3929 "http://localhost:8080/app/appsmith/professor-home-65712c408d8a482755cc970b/edit?branch=newbranch" "Mozilla/5.0 (Macintosh; Intel Mac OS X 10_15_7) AppleWebKit/537.36 (KHTML, like Gecko) Chrome/119.0.0.0 Safari/537.36"
192.168.65.1 - - [07/Dec/2023:02:27:15 +0000] "POST /api/v1/actions/execute HTTP/1.1" 200 591 "http://localhost:8080/app/appsmith/professor-home-65712c408d8a482755cc970b/edit/widgets/brbcele5jg?branch=newbranch" "Mozilla/5.0 (Macintosh; Intel Mac OS X 10_15_7) AppleWebKit/537.36 (KHTML, like Gecko) Chrome/119.0.0.0 Safari/537.36"
192.168.65.1 - - [07/Dec/2023:02:27:15 +0000] "POST /api/v1/actions/execute HTTP/1.1" 200 425 "http://localhost:8080/app/appsmith/professor-home-65712c408d8a482755cc970b/edit/widgets/brbcele5jg?branch=newbranch" "Mozilla/5.0 (Macintosh; Intel Mac OS X 10_15_7) AppleWebKit/537.36 (KHTML, like Gecko) Chrome/119.0.0.0 Safari/537.36"
192.168.65.1 - - [07/Dec/2023:02:27:16 +0000] "PUT /api/v1/layouts/65712c408d8a482755cc9709/pages/65712c408d8a482755cc970b?applicationId=656fa21035f0045611dfddd9 HTTP/1.1" 200 4450 "http://localhost:8080/app/appsmith/professor-home-65712c408d8a482755cc970b/edit/widgets/brbcele5jg?branch=newbranch" "Mozilla/5.0 (Macintosh; Intel Mac OS X 10_15_7) AppleWebKit/537.36 (KHTML, like Gecko) Chrome/119.0.0.0 Safari/537.36"
192.168.65.1 - - [07/Dec/2023:02:27:24 +0000] "PUT /api/v1/layouts/65712c408d8a482755cc9709/pages/65712c408d8a482755cc970b?applicationId=656fa21035f0045611dfddd9 HTTP/1.1" 200 4473 "http://localhost:8080/app/appsmith/professor-home-65712c408d8a482755cc970b/edit?branch=newbranch" "Mozilla/5.0 (Macintosh; Intel Mac OS X 10_15_7) AppleWebKit/537.36 (KHTML, like Gecko) Chrome/119.0.0.0 Safari/537.36"
127.0.0.1 - - [07/Dec/2023:02:27:24 +0000] "GET / HTTP/1.1" 200 6702 "-" "curl/7.68.0"
192.168.65.1 - - [07/Dec/2023:02:27:27 +0000] "PUT /api/v1/layouts/65712c408d8a482755cc9709/pages/65712c408d8a482755cc970b?applicationId=656fa21035f0045611dfddd9 HTTP/1.1" 200 4471 "http://localhost:8080/app/appsmith/professor-home-65712c408d8a482755cc970b/edit/widgets/7hgpgd3k9p?branch=newbranch" "Mozilla/5.0 (Macintosh; Intel Mac OS X 10_15_7) AppleWebKit/537.36 (KHTML, like Gecko) Chrome/119.0.0.0 Safari/537.36"
192.168.65.1 - - [07/Dec/2023:02:27:31 +0000] "PUT /api/v1/layouts/65712c408d8a482755cc9709/pages/65712c408d8a482755cc970b?applicationId=656fa21035f0045611dfddd9 HTTP/1.1" 200 4411 "http://localhost:8080/app/appsmith/professor-home-65712c408d8a482755cc970b/edit/widgets/7hgpgd3k9p?branch=newbranch" "Mozilla/5.0 (Macintosh; Intel Mac OS X 10_15_7) AppleWebKit/537.36 (KHTML, like Gecko) Chrome/119.0.0.0 Safari/537.36"
192.168.65.1 - - [07/Dec/2023:02:27:32 +0000] "PUT /api/v1/layouts/65712c408d8a482755cc9709/pages/65712c408d8a482755cc970b?applicationId=656fa21035f0045611dfddd9 HTTP/1.1" 200 4413 "http://localhost:8080/app/appsmith/professor-home-65712c408d8a482755cc970b/edit/widgets/7hgpgd3k9p?branch=newbranch" "Mozilla/5.0 (Macintosh; Intel Mac OS X 10_15_7) AppleWebKit/537.36 (KHTML, like Gecko) Chrome/119.0.0.0 Safari/537.36"
192.168.65.1 - - [07/Dec/2023:02:27:38 +0000] "PUT /api/v1/layouts/refactor HTTP/1.1" 200 4429 "http://localhost:8080/app/appsmith/professor-home-65712c408d8a482755cc970b/edit/widgets/m5zyfjqmtu?branch=newbranch" "Mozilla/5.0 (Macintosh; Intel Mac OS X 10_15_7) AppleWebKit/537.36 (KHTML, like Gecko) Chrome/119.0.0.0 Safari/537.36"
192.168.65.1 - - [07/Dec/2023:02:27:38 +0000] "GET /api/v1/collections/actions?pageId=65712c408d8a482755cc970b HTTP/1.1" 200 101 "http://localhost:8080/app/appsmith/professor-home-65712c408d8a482755cc970b/edit/widgets/m5zyfjqmtu?branch=newbranch" "Mozilla/5.0 (Macintosh; Intel Mac OS X 10_15_7) AppleWebKit/537.36 (KHTML, like Gecko) Chrome/119.0.0.0 Safari/537.36"
192.168.65.1 - - [07/Dec/2023:02:27:38 +0000] "GET /api/v1/actions?pageId=65712c408d8a482755cc970b HTTP/1.1" 200 912 "http://localhost:8080/app/appsmith/professor-home-65712c408d8a482755cc970b/edit/widgets/m5zyfjqmtu?branch=newbranch" "Mozilla/5.0 (Macintosh; Intel Mac OS X 10_15_7) AppleWebKit/537.36 (KHTML, like Gecko) Chrome/119.0.0.0 Safari/537.36"
127.0.0.1 - - [07/Dec/2023:02:27:39 +0000] "GET / HTTP/1.1" 200 6702 "-" "curl/7.68.0"
192.168.65.1 - - [07/Dec/2023:02:27:44 +0000] "PUT /api/v1/layouts/65712c408d8a482755cc9709/pages/65712c408d8a482755cc970b?applicationId=656fa21035f0045611dfddd9 HTTP/1.1" 200 4434 "http://localhost:8080/app/appsmith/professor-home-65712c408d8a482755cc970b/edit/widgets/7hgpgd3k9p?branch=newbranch" "Mozilla/5.0 (Macintosh; Intel Mac OS X 10_15_7) AppleWebKit/537.36 (KHTML, like Gecko) Chrome/119.0.0.0 Safari/537.36"
192.168.65.1 - - [07/Dec/2023:02:27:47 +0000] "PUT /api/v1/layouts/65712c408d8a482755cc9709/pages/65712c408d8a482755cc970b?applicationId=656fa21035f0045611dfddd9 HTTP/1.1" 200 4431 "http://localhost:8080/app/appsmith/professor-home-65712c408d8a482755cc970b/edit/widgets/7hgpgd3k9p?branch=newbranch" "Mozilla/5.0 (Macintosh; Intel Mac OS X 10_15_7) AppleWebKit/537.36 (KHTML, like Gecko) Chrome/119.0.0.0 Safari/537.36"
192.168.65.1 - - [07/Dec/2023:02:27:50 +0000] "PUT /api/v1/layouts/65712c408d8a482755cc9709/pages/65712c408d8a482755cc970b?applicationId=656fa21035f0045611dfddd9 HTTP/1.1" 200 4429 "http://localhost:8080/app/appsmith/professor-home-65712c408d8a482755cc970b/edit?branch=newbranch" "Mozilla/5.0 (Macintosh; Intel Mac OS X 10_15_7) AppleWebKit/537.36 (KHTML, like Gecko) Chrome/119.0.0.0 Safari/537.36"
127.0.0.1 - - [07/Dec/2023:02:27:54 +0000] "GET / HTTP/1.1" 200 6702 "-" "curl/7.68.0"
192.168.65.1 - - [07/Dec/2023:02:27:54 +0000] "PUT /api/v1/layouts/65712c408d8a482755cc9709/pages/65712c408d8a482755cc970b?applicationId=656fa21035f0045611dfddd9 HTTP/1.1" 200 4450 "http://localhost:8080/app/appsmith/professor-home-65712c408d8a482755cc970b/edit/widgets/vja9bf4i9y?branch=newbranch" "Mozilla/5.0 (Macintosh; Intel Mac OS X 10_15_7) AppleWebKit/537.36 (KHTML, like Gecko) Chrome/119.0.0.0 Safari/537.36"
192.168.65.1 - - [07/Dec/2023:02:27:56 +0000] "PUT /api/v1/layouts/65712c408d8a482755cc9709/pages/65712c408d8a482755cc970b?applicationId=656fa21035f0045611dfddd9 HTTP/1.1" 200 4450 "http://localhost:8080/app/appsmith/professor-home-65712c408d8a482755cc970b/edit/widgets/vja9bf4i9y?branch=newbranch" "Mozilla/5.0 (Macintosh; Intel Mac OS X 10_15_7) AppleWebKit/537.36 (KHTML, like Gecko) Chrome/119.0.0.0 Safari/537.36"
192.168.65.1 - - [07/Dec/2023:02:27:57 +0000] "PUT /api/v1/layouts/65712c408d8a482755cc9709/pages/65712c408d8a482755cc970b?applicationId=656fa21035f0045611dfddd9 HTTP/1.1" 200 4454 "http://localhost:8080/app/appsmith/professor-home-65712c408d8a482755cc970b/edit/widgets/vja9bf4i9y?branch=newbranch" "Mozilla/5.0 (Macintosh; Intel Mac OS X 10_15_7) AppleWebKit/537.36 (KHTML, like Gecko) Chrome/119.0.0.0 Safari/537.36"
192.168.65.1 - - [07/Dec/2023:02:27:58 +0000] "PUT /api/v1/layouts/65712c408d8a482755cc9709/pages/65712c408d8a482755cc970b?applicationId=656fa21035f0045611dfddd9 HTTP/1.1" 200 4458 "http://localhost:8080/app/appsmith/professor-home-65712c408d8a482755cc970b/edit/widgets/vja9bf4i9y?branch=newbranch" "Mozilla/5.0 (Macintosh; Intel Mac OS X 10_15_7) AppleWebKit/537.36 (KHTML, like Gecko) Chrome/119.0.0.0 Safari/537.36"
192.168.65.1 - - [07/Dec/2023:02:28:01 +0000] "PUT /api/v1/layouts/65712c408d8a482755cc9709/pages/65712c408d8a482755cc970b?applicationId=656fa21035f0045611dfddd9 HTTP/1.1" 200 4456 "http://localhost:8080/app/appsmith/professor-home-65712c408d8a482755cc970b/edit/widgets/vja9bf4i9y?branch=newbranch" "Mozilla/5.0 (Macintosh; Intel Mac OS X 10_15_7) AppleWebKit/537.36 (KHTML, like Gecko) Chrome/119.0.0.0 Safari/537.36"
192.168.65.1 - - [07/Dec/2023:02:28:02 +0000] "PUT /api/v1/layouts/65712c408d8a482755cc9709/pages/65712c408d8a482755cc970b?applicationId=656fa21035f0045611dfddd9 HTTP/1.1" 200 4458 "http://localhost:8080/app/appsmith/professor-home-65712c408d8a482755cc970b/edit?branch=newbranch" "Mozilla/5.0 (Macintosh; Intel Mac OS X 10_15_7) AppleWebKit/537.36 (KHTML, like Gecko) Chrome/119.0.0.0 Safari/537.36"
192.168.65.1 - - [07/Dec/2023:02:28:08 +0000] "PUT /api/v1/layouts/65712c408d8a482755cc9709/pages/65712c408d8a482755cc970b?applicationId=656fa21035f0045611dfddd9 HTTP/1.1" 200 4435 "http://localhost:8080/app/appsmith/professor-home-65712c408d8a482755cc970b/edit?branch=newbranch" "Mozilla/5.0 (Macintosh; Intel Mac OS X 10_15_7) AppleWebKit/537.36 (KHTML, like Gecko) Chrome/119.0.0.0 Safari/537.36"
127.0.0.1 - - [07/Dec/2023:02:28:09 +0000] "GET / HTTP/1.1" 200 6702 "-" "curl/7.68.0"
192.168.65.1 - - [07/Dec/2023:02:28:12 +0000] "PUT /api/v1/layouts/65712c408d8a482755cc9709/pages/65712c408d8a482755cc970b?applicationId=656fa21035f0045611dfddd9 HTTP/1.1" 200 4454 "http://localhost:8080/app/appsmith/professor-home-65712c408d8a482755cc970b/edit?branch=newbranch" "Mozilla/5.0 (Macintosh; Intel Mac OS X 10_15_7) AppleWebKit/537.36 (KHTML, like Gecko) Chrome/119.0.0.0 Safari/537.36"
192.168.65.1 - - [07/Dec/2023:02:28:19 +0000] "PUT /api/v1/layouts/65712c408d8a482755cc9709/pages/65712c408d8a482755cc970b?applicationId=656fa21035f0045611dfddd9 HTTP/1.1" 200 4461 "http://localhost:8080/app/appsmith/professor-home-65712c408d8a482755cc970b/edit/widgets/7hgpgd3k9p?branch=newbranch" "Mozilla/5.0 (Macintosh; Intel Mac OS X 10_15_7) AppleWebKit/537.36 (KHTML, like Gecko) Chrome/119.0.0.0 Safari/537.36"
127.0.0.1 - - [07/Dec/2023:02:28:25 +0000] "GET / HTTP/1.1" 200 6702 "-" "curl/7.68.0"
192.168.65.1 - - [07/Dec/2023:02:28:30 +0000] "PUT /api/v1/layouts/65712c408d8a482755cc9709/pages/65712c408d8a482755cc970b?applicationId=656fa21035f0045611dfddd9 HTTP/1.1" 200 4466 "http://localhost:8080/app/appsmith/professor-home-65712c408d8a482755cc970b/edit/widgets/m5zyfjqmtu?branch=newbranch" "Mozilla/5.0 (Macintosh; Intel Mac OS X 10_15_7) AppleWebKit/537.36 (KHTML, like Gecko) Chrome/119.0.0.0 Safari/537.36"
192.168.65.1 - - [07/Dec/2023:02:28:36 +0000] "PUT /api/v1/layouts/65712c408d8a482755cc9709/pages/65712c408d8a482755cc970b?applicationId=656fa21035f0045611dfddd9 HTTP/1.1" 200 4462 "http://localhost:8080/app/appsmith/professor-home-65712c408d8a482755cc970b/edit/widgets/7hgpgd3k9p,vja9bf4i9y,tvmzg89pvk,iqz4duhil1?branch=newbranch" "Mozilla/5.0 (Macintosh; Intel Mac OS X 10_15_7) AppleWebKit/537.36 (KHTML, like Gecko) Chrome/119.0.0.0 Safari/537.36"
127.0.0.1 - - [07/Dec/2023:02:28:40 +0000] "GET / HTTP/1.1" 200 6702 "-" "curl/7.68.0"
192.168.65.1 - - [07/Dec/2023:02:28:54 +0000] "PUT /api/v1/layouts/65712c408d8a482755cc9709/pages/65712c408d8a482755cc970b?applicationId=656fa21035f0045611dfddd9 HTTP/1.1" 200 4528 "http://localhost:8080/app/appsmith/professor-home-65712c408d8a482755cc970b/edit/widgets/tvmzg89pvk?branch=newbranch" "Mozilla/5.0 (Macintosh; Intel Mac OS X 10_15_7) AppleWebKit/537.36 (KHTML, like Gecko) Chrome/119.0.0.0 Safari/537.36"
127.0.0.1 - - [07/Dec/2023:02:28:55 +0000] "GET / HTTP/1.1" 200 6702 "-" "curl/7.68.0"
192.168.65.1 - - [07/Dec/2023:02:28:58 +0000] "POST /api/v1/actions/execute HTTP/1.1" 200 594 "http://localhost:8080/app/appsmith/professor-home-65712c408d8a482755cc970b/edit/widgets/brbcele5jg?branch=newbranch" "Mozilla/5.0 (Macintosh; Intel Mac OS X 10_15_7) AppleWebKit/537.36 (KHTML, like Gecko) Chrome/119.0.0.0 Safari/537.36"
192.168.65.1 - - [07/Dec/2023:02:28:58 +0000] "POST /api/v1/actions/execute HTTP/1.1" 200 687 "http://localhost:8080/app/appsmith/professor-home-65712c408d8a482755cc970b/edit/widgets/brbcele5jg?branch=newbranch" "Mozilla/5.0 (Macintosh; Intel Mac OS X 10_15_7) AppleWebKit/537.36 (KHTML, like Gecko) Chrome/119.0.0.0 Safari/537.36"
192.168.65.1 - - [07/Dec/2023:02:28:59 +0000] "PUT /api/v1/layouts/65712c408d8a482755cc9709/pages/65712c408d8a482755cc970b?applicationId=656fa21035f0045611dfddd9 HTTP/1.1" 200 4978 "http://localhost:8080/app/appsmith/professor-home-65712c408d8a482755cc970b/edit?branch=newbranch" "Mozilla/5.0 (Macintosh; Intel Mac OS X 10_15_7) AppleWebKit/537.36 (KHTML, like Gecko) Chrome/119.0.0.0 Safari/537.36"
192.168.65.1 - - [07/Dec/2023:02:29:08 +0000] "PUT /api/v1/layouts/65712c408d8a482755cc9709/pages/65712c408d8a482755cc970b?applicationId=656fa21035f0045611dfddd9 HTTP/1.1" 200 5001 "http://localhost:8080/app/appsmith/professor-home-65712c408d8a482755cc970b/edit/widgets/tvmzg89pvk?branch=newbranch" "Mozilla/5.0 (Macintosh; Intel Mac OS X 10_15_7) AppleWebKit/537.36 (KHTML, like Gecko) Chrome/119.0.0.0 Safari/537.36"
127.0.0.1 - - [07/Dec/2023:02:29:10 +0000] "GET / HTTP/1.1" 200 6702 "-" "curl/7.68.0"
192.168.65.1 - - [07/Dec/2023:02:29:16 +0000] "PUT /api/v1/layouts/65712c408d8a482755cc9709/pages/65712c408d8a482755cc970b?applicationId=656fa21035f0045611dfddd9 HTTP/1.1" 200 5020 "http://localhost:8080/app/appsmith/professor-home-65712c408d8a482755cc970b/edit/widgets/a43ibmwyo6?branch=newbranch" "Mozilla/5.0 (Macintosh; Intel Mac OS X 10_15_7) AppleWebKit/537.36 (KHTML, like Gecko) Chrome/119.0.0.0 Safari/537.36"
192.168.65.1 - - [07/Dec/2023:02:29:18 +0000] "PUT /api/v1/layouts/65712c408d8a482755cc9709/pages/65712c408d8a482755cc970b?applicationId=656fa21035f0045611dfddd9 HTTP/1.1" 200 5016 "http://localhost:8080/app/appsmith/professor-home-65712c408d8a482755cc970b/edit?branch=newbranch" "Mozilla/5.0 (Macintosh; Intel Mac OS X 10_15_7) AppleWebKit/537.36 (KHTML, like Gecko) Chrome/119.0.0.0 Safari/537.36"
192.168.65.1 - - [07/Dec/2023:02:29:19 +0000] "PUT /api/v1/layouts/65712c408d8a482755cc9709/pages/65712c408d8a482755cc970b?applicationId=656fa21035f0045611dfddd9 HTTP/1.1" 200 5045 "http://localhost:8080/app/appsmith/professor-home-65712c408d8a482755cc970b/edit/widgets/a43ibmwyo6?branch=newbranch" "Mozilla/5.0 (Macintosh; Intel Mac OS X 10_15_7) AppleWebKit/537.36 (KHTML, like Gecko) Chrome/119.0.0.0 Safari/537.36"
127.0.0.1 - - [07/Dec/2023:02:29:25 +0000] "GET / HTTP/1.1" 200 6702 "-" "curl/7.68.0"
192.168.65.1 - - [07/Dec/2023:02:29:27 +0000] "PUT /api/v1/layouts/65712c408d8a482755cc9709/pages/65712c408d8a482755cc970b?applicationId=656fa21035f0045611dfddd9 HTTP/1.1" 200 4468 "http://localhost:8080/app/appsmith/professor-home-65712c408d8a482755cc970b/edit?branch=newbranch" "Mozilla/5.0 (Macintosh; Intel Mac OS X 10_15_7) AppleWebKit/537.36 (KHTML, like Gecko) Chrome/119.0.0.0 Safari/537.36"
127.0.0.1 - - [07/Dec/2023:02:29:40 +0000] "GET / HTTP/1.1" 200 6702 "-" "curl/7.68.0"
192.168.65.1 - - [07/Dec/2023:02:29:41 +0000] "PUT /api/v1/layouts/65712c408d8a482755cc9709/pages/65712c408d8a482755cc970b?applicationId=656fa21035f0045611dfddd9 HTTP/1.1" 200 4294 "http://localhost:8080/app/appsmith/professor-home-65712c408d8a482755cc970b/edit?branch=newbranch" "Mozilla/5.0 (Macintosh; Intel Mac OS X 10_15_7) AppleWebKit/537.36 (KHTML, like Gecko) Chrome/119.0.0.0 Safari/537.36"
192.168.65.1 - - [07/Dec/2023:02:29:48 +0000] "PUT /api/v1/layouts/65712c408d8a482755cc9709/pages/65712c408d8a482755cc970b?applicationId=656fa21035f0045611dfddd9 HTTP/1.1" 200 4409 "http://localhost:8080/app/appsmith/professor-home-65712c408d8a482755cc970b/edit/widgets/cesfkzu7l2?branch=newbranch" "Mozilla/5.0 (Macintosh; Intel Mac OS X 10_15_7) AppleWebKit/537.36 (KHTML, like Gecko) Chrome/119.0.0.0 Safari/537.36"
192.168.65.1 - - [07/Dec/2023:02:29:53 +0000] "PUT /api/v1/layouts/65712c408d8a482755cc9709/pages/65712c408d8a482755cc970b?applicationId=656fa21035f0045611dfddd9 HTTP/1.1" 200 4406 "http://localhost:8080/app/appsmith/professor-home-65712c408d8a482755cc970b/edit?branch=newbranch" "Mozilla/5.0 (Macintosh; Intel Mac OS X 10_15_7) AppleWebKit/537.36 (KHTML, like Gecko) Chrome/119.0.0.0 Safari/537.36"
127.0.0.1 - - [07/Dec/2023:02:29:55 +0000] "GET / HTTP/1.1" 200 6702 "-" "curl/7.68.0"
192.168.65.1 - - [07/Dec/2023:02:29:58 +0000] "PUT /api/v1/layouts/65712c408d8a482755cc9709/pages/65712c408d8a482755cc970b?applicationId=656fa21035f0045611dfddd9 HTTP/1.1" 200 4406 "http://localhost:8080/app/appsmith/professor-home-65712c408d8a482755cc970b/edit/widgets/cesfkzu7l2?branch=newbranch" "Mozilla/5.0 (Macintosh; Intel Mac OS X 10_15_7) AppleWebKit/537.36 (KHTML, like Gecko) Chrome/119.0.0.0 Safari/537.36"
192.168.65.1 - - [07/Dec/2023:02:30:04 +0000] "PUT /api/v1/layouts/65712c408d8a482755cc9709/pages/65712c408d8a482755cc970b?applicationId=656fa21035f0045611dfddd9 HTTP/1.1" 200 4412 "http://localhost:8080/app/appsmith/professor-home-65712c408d8a482755cc970b/edit/widgets/5qus2cfze0?branch=newbranch" "Mozilla/5.0 (Macintosh; Intel Mac OS X 10_15_7) AppleWebKit/537.36 (KHTML, like Gecko) Chrome/119.0.0.0 Safari/537.36"
192.168.65.1 - - [07/Dec/2023:02:30:05 +0000] "GET /api/v1/git/fetch/remote/app/656fa21035f0045611dfddd9? HTTP/1.1" 200 150 "http://localhost:8080/app/appsmith/professor-home-65712c408d8a482755cc970b/edit/widgets/5qus2cfze0?branch=newbranch" "Mozilla/5.0 (Macintosh; Intel Mac OS X 10_15_7) AppleWebKit/537.36 (KHTML, like Gecko) Chrome/119.0.0.0 Safari/537.36"
192.168.65.1 - - [07/Dec/2023:02:30:05 +0000] "GET /api/v1/applications/ssh-keypair/656fa21035f0045611dfddd9 HTTP/1.1" 200 415 "http://localhost:8080/app/appsmith/professor-home-65712c408d8a482755cc970b/edit/widgets/5qus2cfze0?branch=newbranch" "Mozilla/5.0 (Macintosh; Intel Mac OS X 10_15_7) AppleWebKit/537.36 (KHTML, like Gecko) Chrome/119.0.0.0 Safari/537.36"
192.168.65.1 - - [07/Dec/2023:02:30:06 +0000] "GET /api/v1/git/status/app/656fa21035f0045611dfddd9?compareRemote=true HTTP/1.1" 200 470 "http://localhost:8080/app/appsmith/professor-home-65712c408d8a482755cc970b/edit/widgets/5qus2cfze0?branch=newbranch" "Mozilla/5.0 (Macintosh; Intel Mac OS X 10_15_7) AppleWebKit/537.36 (KHTML, like Gecko) Chrome/119.0.0.0 Safari/537.36"
192.168.65.1 - - [07/Dec/2023:02:30:07 +0000] "GET /app/appsmith/professor-home-65712c408d8a482755cc970b?branch=newbranch HTTP/1.1" 200 2566 "http://localhost:8080/app/appsmith/professor-home-65712c408d8a482755cc970b/edit/widgets/5qus2cfze0?branch=newbranch" "Mozilla/5.0 (Macintosh; Intel Mac OS X 10_15_7) AppleWebKit/537.36 (KHTML, like Gecko) Chrome/119.0.0.0 Safari/537.36"
192.168.65.1 - - [07/Dec/2023:02:30:07 +0000] "GET /api/v1/users/features HTTP/1.1" 200 841 "http://localhost:8080/app/appsmith/professor-home-65712c408d8a482755cc970b?branch=newbranch" "Mozilla/5.0 (Macintosh; Intel Mac OS X 10_15_7) AppleWebKit/537.36 (KHTML, like Gecko) Chrome/119.0.0.0 Safari/537.36"
192.168.65.1 - - [07/Dec/2023:02:30:07 +0000] "GET /api/v1/product-alert/alert HTTP/1.1" 200 99 "http://localhost:8080/app/appsmith/professor-home-65712c408d8a482755cc970b?branch=newbranch" "Mozilla/5.0 (Macintosh; Intel Mac OS X 10_15_7) AppleWebKit/537.36 (KHTML, like Gecko) Chrome/119.0.0.0 Safari/537.36"
192.168.65.1 - - [07/Dec/2023:02:30:07 +0000] "GET /api/v1/tenants/current HTTP/1.1" 200 294 "http://localhost:8080/app/appsmith/professor-home-65712c408d8a482755cc970b?branch=newbranch" "Mozilla/5.0 (Macintosh; Intel Mac OS X 10_15_7) AppleWebKit/537.36 (KHTML, like Gecko) Chrome/119.0.0.0 Safari/537.36"
192.168.65.1 - - [07/Dec/2023:02:30:07 +0000] "GET /api/v1/users/me HTTP/1.1" 200 355 "http://localhost:8080/app/appsmith/professor-home-65712c408d8a482755cc970b?branch=newbranch" "Mozilla/5.0 (Macintosh; Intel Mac OS X 10_15_7) AppleWebKit/537.36 (KHTML, like Gecko) Chrome/119.0.0.0 Safari/537.36"
192.168.65.1 - - [07/Dec/2023:02:30:07 +0000] "GET /api/v1/pages?pageId=65712c408d8a482755cc970b&mode=PUBLISHED HTTP/1.1" 200 751 "http://localhost:8080/app/appsmith/professor-home-65712c408d8a482755cc970b?branch=newbranch" "Mozilla/5.0 (Macintosh; Intel Mac OS X 10_15_7) AppleWebKit/537.36 (KHTML, like Gecko) Chrome/119.0.0.0 Safari/537.36"
192.168.65.1 - - [07/Dec/2023:02:30:07 +0000] "GET /api/v1/libraries/656fa21035f0045611dfddd9/view HTTP/1.1" 200 101 "http://localhost:8080/app/appsmith/professor-home-65712c408d8a482755cc970b?branch=newbranch" "Mozilla/5.0 (Macintosh; Intel Mac OS X 10_15_7) AppleWebKit/537.36 (KHTML, like Gecko) Chrome/119.0.0.0 Safari/537.36"
192.168.65.1 - - [07/Dec/2023:02:30:07 +0000] "GET /api/v1/collections/actions/view?applicationId=656fa21035f0045611dfddd9 HTTP/1.1" 200 101 "http://localhost:8080/app/appsmith/professor-home-65712c408d8a482755cc970b?branch=newbranch" "Mozilla/5.0 (Macintosh; Intel Mac OS X 10_15_7) AppleWebKit/537.36 (KHTML, like Gecko) Chrome/119.0.0.0 Safari/537.36"
192.168.65.1 - - [07/Dec/2023:02:30:07 +0000] "GET /api/v1/actions/view?applicationId=656fa21035f0045611dfddd9 HTTP/1.1" 200 463 "http://localhost:8080/app/appsmith/professor-home-65712c408d8a482755cc970b?branch=newbranch" "Mozilla/5.0 (Macintosh; Intel Mac OS X 10_15_7) AppleWebKit/537.36 (KHTML, like Gecko) Chrome/119.0.0.0 Safari/537.36"
192.168.65.1 - - [07/Dec/2023:02:30:07 +0000] "GET /api/v1/themes/applications/656fa21035f0045611dfddd9 HTTP/1.1" 200 5276 "http://localhost:8080/app/appsmith/professor-home-65712c408d8a482755cc970b?branch=newbranch" "Mozilla/5.0 (Macintosh; Intel Mac OS X 10_15_7) AppleWebKit/537.36 (KHTML, like Gecko) Chrome/119.0.0.0 Safari/537.36"
192.168.65.1 - - [07/Dec/2023:02:30:07 +0000] "GET /api/v1/pages/65712c408d8a482755cc970b/view?v=1701916207205 HTTP/1.1" 404 265 "http://localhost:8080/app/appsmith/professor-home-65712c408d8a482755cc970b?branch=newbranch" "Mozilla/5.0 (Macintosh; Intel Mac OS X 10_15_7) AppleWebKit/537.36 (KHTML, like Gecko) Chrome/119.0.0.0 Safari/537.36"
192.168.65.1 - - [07/Dec/2023:02:30:07 +0000] "GET /api/v1/themes/applications/656fa21035f0045611dfddd9/current?mode=PUBLISHED HTTP/1.1" 200 1459 "http://localhost:8080/app/appsmith/professor-home-65712c408d8a482755cc970b?branch=newbranch" "Mozilla/5.0 (Macintosh; Intel Mac OS X 10_15_7) AppleWebKit/537.36 (KHTML, like Gecko) Chrome/119.0.0.0 Safari/537.36"
192.168.65.1 - - [07/Dec/2023:02:30:07 +0000] "GET /api/v1/pages/656fa21135f0045611dfdddb/view?v=1701916207455 HTTP/1.1" 200 527 "http://localhost:8080/app/appsmith/professor-home-65712c408d8a482755cc970b?branch=newbranch" "Mozilla/5.0 (Macintosh; Intel Mac OS X 10_15_7) AppleWebKit/537.36 (KHTML, like Gecko) Chrome/119.0.0.0 Safari/537.36"
