192.168.65.1 - - [06/Dec/2023:01:34:32 +0000] "PUT /api/v1/layouts/656fcef342b5450d04d236f6/pages/656fcef342b5450d04d236f8?applicationId=656fa21035f0045611dfddd9 HTTP/1.1" 200 1869 "http://localhost:8080/app/appsmith/professor-3-656fcef342b5450d04d236f8/edit/widgets/rtfmnflm6n?branch=newbranch" "Mozilla/5.0 (Macintosh; Intel Mac OS X 10_15_7) AppleWebKit/537.36 (KHTML, like Gecko) Chrome/119.0.0.0 Safari/537.36"
192.168.65.1 - - [06/Dec/2023:01:34:33 +0000] "PUT /api/v1/layouts/656fcef342b5450d04d236f6/pages/656fcef342b5450d04d236f8?applicationId=656fa21035f0045611dfddd9 HTTP/1.1" 200 1905 "http://localhost:8080/app/appsmith/professor-3-656fcef342b5450d04d236f8/edit/widgets/rtfmnflm6n?branch=newbranch" "Mozilla/5.0 (Macintosh; Intel Mac OS X 10_15_7) AppleWebKit/537.36 (KHTML, like Gecko) Chrome/119.0.0.0 Safari/537.36"
192.168.65.1 - - [06/Dec/2023:01:34:37 +0000] "PUT /api/v1/layouts/656fcef342b5450d04d236f6/pages/656fcef342b5450d04d236f8?applicationId=656fa21035f0045611dfddd9 HTTP/1.1" 200 1910 "http://localhost:8080/app/appsmith/professor-3-656fcef342b5450d04d236f8/edit/widgets/rtfmnflm6n?branch=newbranch" "Mozilla/5.0 (Macintosh; Intel Mac OS X 10_15_7) AppleWebKit/537.36 (KHTML, like Gecko) Chrome/119.0.0.0 Safari/537.36"
127.0.0.1 - - [06/Dec/2023:01:34:38 +0000] "GET / HTTP/1.1" 200 6702 "-" "curl/7.68.0"
192.168.65.1 - - [06/Dec/2023:01:34:41 +0000] "PUT /api/v1/layouts/656fcef342b5450d04d236f6/pages/656fcef342b5450d04d236f8?applicationId=656fa21035f0045611dfddd9 HTTP/1.1" 200 1911 "http://localhost:8080/app/appsmith/professor-3-656fcef342b5450d04d236f8/edit/widgets/rtfmnflm6n?branch=newbranch" "Mozilla/5.0 (Macintosh; Intel Mac OS X 10_15_7) AppleWebKit/537.36 (KHTML, like Gecko) Chrome/119.0.0.0 Safari/537.36"
192.168.65.1 - - [06/Dec/2023:01:34:43 +0000] "PUT /api/v1/layouts/656fcef342b5450d04d236f6/pages/656fcef342b5450d04d236f8?applicationId=656fa21035f0045611dfddd9 HTTP/1.1" 200 1909 "http://localhost:8080/app/appsmith/professor-3-656fcef342b5450d04d236f8/edit/widgets/rtfmnflm6n?branch=newbranch" "Mozilla/5.0 (Macintosh; Intel Mac OS X 10_15_7) AppleWebKit/537.36 (KHTML, like Gecko) Chrome/119.0.0.0 Safari/537.36"
192.168.65.1 - - [06/Dec/2023:01:34:46 +0000] "PUT /api/v1/layouts/656fcef342b5450d04d236f6/pages/656fcef342b5450d04d236f8?applicationId=656fa21035f0045611dfddd9 HTTP/1.1" 200 1918 "http://localhost:8080/app/appsmith/professor-3-656fcef342b5450d04d236f8/edit/widgets/rtfmnflm6n?branch=newbranch" "Mozilla/5.0 (Macintosh; Intel Mac OS X 10_15_7) AppleWebKit/537.36 (KHTML, like Gecko) Chrome/119.0.0.0 Safari/537.36"
192.168.65.1 - - [06/Dec/2023:01:34:52 +0000] "PUT /api/v1/layouts/656fcef342b5450d04d236f6/pages/656fcef342b5450d04d236f8?applicationId=656fa21035f0045611dfddd9 HTTP/1.1" 200 1915 "http://localhost:8080/app/appsmith/professor-3-656fcef342b5450d04d236f8/edit/widgets/rtfmnflm6n?branch=newbranch" "Mozilla/5.0 (Macintosh; Intel Mac OS X 10_15_7) AppleWebKit/537.36 (KHTML, like Gecko) Chrome/119.0.0.0 Safari/537.36"
127.0.0.1 - - [06/Dec/2023:01:34:53 +0000] "GET / HTTP/1.1" 200 6702 "-" "curl/7.68.0"
192.168.65.1 - - [06/Dec/2023:01:34:55 +0000] "PUT /api/v1/layouts/656fcef342b5450d04d236f6/pages/656fcef342b5450d04d236f8?applicationId=656fa21035f0045611dfddd9 HTTP/1.1" 200 1922 "http://localhost:8080/app/appsmith/professor-3-656fcef342b5450d04d236f8/edit/widgets/rtfmnflm6n?branch=newbranch" "Mozilla/5.0 (Macintosh; Intel Mac OS X 10_15_7) AppleWebKit/537.36 (KHTML, like Gecko) Chrome/119.0.0.0 Safari/537.36"
192.168.65.1 - - [06/Dec/2023:01:35:00 +0000] "PUT /api/v1/layouts/656fcef342b5450d04d236f6/pages/656fcef342b5450d04d236f8?applicationId=656fa21035f0045611dfddd9 HTTP/1.1" 200 1931 "http://localhost:8080/app/appsmith/professor-3-656fcef342b5450d04d236f8/edit/widgets/rtfmnflm6n?branch=newbranch" "Mozilla/5.0 (Macintosh; Intel Mac OS X 10_15_7) AppleWebKit/537.36 (KHTML, like Gecko) Chrome/119.0.0.0 Safari/537.36"
192.168.65.1 - - [06/Dec/2023:01:35:00 +0000] "PUT /api/v1/layouts/656fcef342b5450d04d236f6/pages/656fcef342b5450d04d236f8?applicationId=656fa21035f0045611dfddd9 HTTP/1.1" 200 1930 "http://localhost:8080/app/appsmith/professor-3-656fcef342b5450d04d236f8/edit/widgets/rtfmnflm6n?branch=newbranch" "Mozilla/5.0 (Macintosh; Intel Mac OS X 10_15_7) AppleWebKit/537.36 (KHTML, like Gecko) Chrome/119.0.0.0 Safari/537.36"
192.168.65.1 - - [06/Dec/2023:01:35:03 +0000] "PUT /api/v1/layouts/656fcef342b5450d04d236f6/pages/656fcef342b5450d04d236f8?applicationId=656fa21035f0045611dfddd9 HTTP/1.1" 200 1938 "http://localhost:8080/app/appsmith/professor-3-656fcef342b5450d04d236f8/edit/widgets/rtfmnflm6n?branch=newbranch" "Mozilla/5.0 (Macintosh; Intel Mac OS X 10_15_7) AppleWebKit/537.36 (KHTML, like Gecko) Chrome/119.0.0.0 Safari/537.36"
192.168.65.1 - - [06/Dec/2023:01:35:07 +0000] "PUT /api/v1/layouts/656fcef342b5450d04d236f6/pages/656fcef342b5450d04d236f8?applicationId=656fa21035f0045611dfddd9 HTTP/1.1" 200 1933 "http://localhost:8080/app/appsmith/professor-3-656fcef342b5450d04d236f8/edit/widgets/rtfmnflm6n?branch=newbranch" "Mozilla/5.0 (Macintosh; Intel Mac OS X 10_15_7) AppleWebKit/537.36 (KHTML, like Gecko) Chrome/119.0.0.0 Safari/537.36"
127.0.0.1 - - [06/Dec/2023:01:35:09 +0000] "GET / HTTP/1.1" 200 6702 "-" "curl/7.68.0"
192.168.65.1 - - [06/Dec/2023:01:35:11 +0000] "PUT /api/v1/layouts/656fcef342b5450d04d236f6/pages/656fcef342b5450d04d236f8?applicationId=656fa21035f0045611dfddd9 HTTP/1.1" 200 1937 "http://localhost:8080/app/appsmith/professor-3-656fcef342b5450d04d236f8/edit/widgets/rtfmnflm6n?branch=newbranch" "Mozilla/5.0 (Macintosh; Intel Mac OS X 10_15_7) AppleWebKit/537.36 (KHTML, like Gecko) Chrome/119.0.0.0 Safari/537.36"
192.168.65.1 - - [06/Dec/2023:01:35:22 +0000] "PUT /api/v1/layouts/656fcef342b5450d04d236f6/pages/656fcef342b5450d04d236f8?applicationId=656fa21035f0045611dfddd9 HTTP/1.1" 200 1950 "http://localhost:8080/app/appsmith/professor-3-656fcef342b5450d04d236f8/edit/widgets/rtfmnflm6n?branch=newbranch" "Mozilla/5.0 (Macintosh; Intel Mac OS X 10_15_7) AppleWebKit/537.36 (KHTML, like Gecko) Chrome/119.0.0.0 Safari/537.36"
127.0.0.1 - - [06/Dec/2023:01:35:24 +0000] "GET / HTTP/1.1" 200 6702 "-" "curl/7.68.0"
127.0.0.1 - - [06/Dec/2023:01:35:39 +0000] "GET / HTTP/1.1" 200 6702 "-" "curl/7.68.0"
192.168.65.1 - - [06/Dec/2023:01:35:39 +0000] "POST /api/v1/actions HTTP/1.1" 201 1836 "http://localhost:8080/app/appsmith/professor-3-656fcef342b5450d04d236f8/edit/widgets/rtfmnflm6n?branch=newbranch" "Mozilla/5.0 (Macintosh; Intel Mac OS X 10_15_7) AppleWebKit/537.36 (KHTML, like Gecko) Chrome/119.0.0.0 Safari/537.36"
192.168.65.1 - - [06/Dec/2023:01:35:43 +0000] "PUT /api/v1/actions/656fcfeb42b5450d04d236fd HTTP/1.1" 200 698 "http://localhost:8080/app/appsmith/professor-3-656fcef342b5450d04d236f8/edit/api/656fcfeb42b5450d04d236fd?branch=newbranch&editName=true&from=datasources" "Mozilla/5.0 (Macintosh; Intel Mac OS X 10_15_7) AppleWebKit/537.36 (KHTML, like Gecko) Chrome/119.0.0.0 Safari/537.36"
192.168.65.1 - - [06/Dec/2023:01:35:45 +0000] "PUT /api/v1/actions/656fcfeb42b5450d04d236fd HTTP/1.1" 200 713 "http://localhost:8080/app/appsmith/professor-3-656fcef342b5450d04d236f8/edit/api/656fcfeb42b5450d04d236fd?branch=newbranch&editName=true&from=datasources" "Mozilla/5.0 (Macintosh; Intel Mac OS X 10_15_7) AppleWebKit/537.36 (KHTML, like Gecko) Chrome/119.0.0.0 Safari/537.36"
127.0.0.1 - - [06/Dec/2023:01:35:54 +0000] "GET / HTTP/1.1" 200 6702 "-" "curl/7.68.0"
127.0.0.1 - - [06/Dec/2023:01:36:09 +0000] "GET / HTTP/1.1" 200 6702 "-" "curl/7.68.0"
192.168.65.1 - - [06/Dec/2023:01:36:15 +0000] "PUT /api/v1/actions/656fcfeb42b5450d04d236fd HTTP/1.1" 200 717 "http://localhost:8080/app/appsmith/professor-3-656fcef342b5450d04d236f8/edit/api/656fcfeb42b5450d04d236fd?branch=newbranch&editName=true&from=datasources" "Mozilla/5.0 (Macintosh; Intel Mac OS X 10_15_7) AppleWebKit/537.36 (KHTML, like Gecko) Chrome/119.0.0.0 Safari/537.36"
192.168.65.1 - - [06/Dec/2023:01:36:15 +0000] "PUT /api/v1/actions/656fcfeb42b5450d04d236fd HTTP/1.1" 200 718 "http://localhost:8080/app/appsmith/professor-3-656fcef342b5450d04d236f8/edit/api/656fcfeb42b5450d04d236fd?branch=newbranch&editName=true&from=datasources" "Mozilla/5.0 (Macintosh; Intel Mac OS X 10_15_7) AppleWebKit/537.36 (KHTML, like Gecko) Chrome/119.0.0.0 Safari/537.36"
192.168.65.1 - - [06/Dec/2023:01:36:18 +0000] "PUT /api/v1/actions/656fcfeb42b5450d04d236fd HTTP/1.1" 200 725 "http://localhost:8080/app/appsmith/professor-3-656fcef342b5450d04d236f8/edit/api/656fcfeb42b5450d04d236fd?branch=newbranch&editName=true&from=datasources" "Mozilla/5.0 (Macintosh; Intel Mac OS X 10_15_7) AppleWebKit/537.36 (KHTML, like Gecko) Chrome/119.0.0.0 Safari/537.36"
127.0.0.1 - - [06/Dec/2023:01:36:24 +0000] "GET / HTTP/1.1" 200 6702 "-" "curl/7.68.0"
192.168.65.1 - - [06/Dec/2023:01:36:28 +0000] "PUT /api/v1/actions/656fcfeb42b5450d04d236fd HTTP/1.1" 200 728 "http://localhost:8080/app/appsmith/professor-3-656fcef342b5450d04d236f8/edit/api/656fcfeb42b5450d04d236fd?branch=newbranch&editName=true&from=datasources" "Mozilla/5.0 (Macintosh; Intel Mac OS X 10_15_7) AppleWebKit/537.36 (KHTML, like Gecko) Chrome/119.0.0.0 Safari/537.36"
192.168.65.1 - - [06/Dec/2023:01:36:37 +0000] "PUT /api/v1/actions/656fcfeb42b5450d04d236fd HTTP/1.1" 200 732 "http://localhost:8080/app/appsmith/professor-3-656fcef342b5450d04d236f8/edit/api/656fcfeb42b5450d04d236fd?branch=newbranch&editName=true&from=datasources" "Mozilla/5.0 (Macintosh; Intel Mac OS X 10_15_7) AppleWebKit/537.36 (KHTML, like Gecko) Chrome/119.0.0.0 Safari/537.36"
192.168.65.1 - - [06/Dec/2023:01:36:38 +0000] "POST /api/v1/actions/execute HTTP/1.1" 200 563 "http://localhost:8080/app/appsmith/professor-3-656fcef342b5450d04d236f8/edit/api/656fcfeb42b5450d04d236fd?branch=newbranch&editName=true&from=datasources" "Mozilla/5.0 (Macintosh; Intel Mac OS X 10_15_7) AppleWebKit/537.36 (KHTML, like Gecko) Chrome/119.0.0.0 Safari/537.36"
127.0.0.1 - - [06/Dec/2023:01:36:39 +0000] "GET / HTTP/1.1" 200 6702 "-" "curl/7.68.0"
192.168.65.1 - - [06/Dec/2023:01:36:47 +0000] "PUT /api/v1/actions/656fcfeb42b5450d04d236fd HTTP/1.1" 200 732 "http://localhost:8080/app/appsmith/professor-3-656fcef342b5450d04d236f8/edit/api/656fcfeb42b5450d04d236fd?branch=newbranch&editName=true&from=datasources" "Mozilla/5.0 (Macintosh; Intel Mac OS X 10_15_7) AppleWebKit/537.36 (KHTML, like Gecko) Chrome/119.0.0.0 Safari/537.36"
192.168.65.1 - - [06/Dec/2023:01:36:48 +0000] "PUT /api/v1/actions/656fcfeb42b5450d04d236fd HTTP/1.1" 200 741 "http://localhost:8080/app/appsmith/professor-3-656fcef342b5450d04d236f8/edit/api/656fcfeb42b5450d04d236fd?branch=newbranch&editName=true&from=datasources" "Mozilla/5.0 (Macintosh; Intel Mac OS X 10_15_7) AppleWebKit/537.36 (KHTML, like Gecko) Chrome/119.0.0.0 Safari/537.36"
192.168.65.1 - - [06/Dec/2023:01:36:49 +0000] "PUT /api/v1/actions/656fcfeb42b5450d04d236fd HTTP/1.1" 200 732 "http://localhost:8080/app/appsmith/professor-3-656fcef342b5450d04d236f8/edit/api/656fcfeb42b5450d04d236fd?branch=newbranch&editName=true&from=datasources" "Mozilla/5.0 (Macintosh; Intel Mac OS X 10_15_7) AppleWebKit/537.36 (KHTML, like Gecko) Chrome/119.0.0.0 Safari/537.36"
192.168.65.1 - - [06/Dec/2023:01:36:52 +0000] "PUT /api/v1/actions/656fcfeb42b5450d04d236fd HTTP/1.1" 200 757 "http://localhost:8080/app/appsmith/professor-3-656fcef342b5450d04d236f8/edit/api/656fcfeb42b5450d04d236fd?branch=newbranch&editName=true&from=datasources" "Mozilla/5.0 (Macintosh; Intel Mac OS X 10_15_7) AppleWebKit/537.36 (KHTML, like Gecko) Chrome/119.0.0.0 Safari/537.36"
127.0.0.1 - - [06/Dec/2023:01:36:54 +0000] "GET / HTTP/1.1" 200 6702 "-" "curl/7.68.0"
192.168.65.1 - - [06/Dec/2023:01:36:56 +0000] "PUT /api/v1/actions/656fcfeb42b5450d04d236fd HTTP/1.1" 200 772 "http://localhost:8080/app/appsmith/professor-3-656fcef342b5450d04d236f8/edit/api/656fcfeb42b5450d04d236fd?branch=newbranch&editName=true&from=datasources" "Mozilla/5.0 (Macintosh; Intel Mac OS X 10_15_7) AppleWebKit/537.36 (KHTML, like Gecko) Chrome/119.0.0.0 Safari/537.36"
192.168.65.1 - - [06/Dec/2023:01:36:57 +0000] "PUT /api/v1/actions/656fcfeb42b5450d04d236fd HTTP/1.1" 200 771 "http://localhost:8080/app/appsmith/professor-3-656fcef342b5450d04d236f8/edit/api/656fcfeb42b5450d04d236fd?branch=newbranch&editName=true&from=datasources" "Mozilla/5.0 (Macintosh; Intel Mac OS X 10_15_7) AppleWebKit/537.36 (KHTML, like Gecko) Chrome/119.0.0.0 Safari/537.36"
192.168.65.1 - - [06/Dec/2023:01:36:58 +0000] "PUT /api/v1/actions/656fcfeb42b5450d04d236fd HTTP/1.1" 200 773 "http://localhost:8080/app/appsmith/professor-3-656fcef342b5450d04d236f8/edit/api/656fcfeb42b5450d04d236fd?branch=newbranch&editName=true&from=datasources" "Mozilla/5.0 (Macintosh; Intel Mac OS X 10_15_7) AppleWebKit/537.36 (KHTML, like Gecko) Chrome/119.0.0.0 Safari/537.36"
192.168.65.1 - - [06/Dec/2023:01:37:00 +0000] "PUT /api/v1/actions/656fcfeb42b5450d04d236fd HTTP/1.1" 200 732 "http://localhost:8080/app/appsmith/professor-3-656fcef342b5450d04d236f8/edit/api/656fcfeb42b5450d04d236fd?branch=newbranch&editName=true&from=datasources" "Mozilla/5.0 (Macintosh; Intel Mac OS X 10_15_7) AppleWebKit/537.36 (KHTML, like Gecko) Chrome/119.0.0.0 Safari/537.36"
127.0.0.1 - - [06/Dec/2023:01:37:10 +0000] "GET / HTTP/1.1" 200 6702 "-" "curl/7.68.0"
192.168.65.1 - - [06/Dec/2023:01:37:16 +0000] "GET /api/v1/git/fetch/remote/app/656fa21035f0045611dfddd9? HTTP/1.1" 200 150 "http://localhost:8080/app/appsmith/professor-3-656fcef342b5450d04d236f8/edit/api/656fcfeb42b5450d04d236fd?branch=newbranch&editName=true&from=datasources" "Mozilla/5.0 (Macintosh; Intel Mac OS X 10_15_7) AppleWebKit/537.36 (KHTML, like Gecko) Chrome/119.0.0.0 Safari/537.36"
192.168.65.1 - - [06/Dec/2023:01:37:16 +0000] "GET /api/v1/applications/ssh-keypair/656fa21035f0045611dfddd9 HTTP/1.1" 200 415 "http://localhost:8080/app/appsmith/professor-3-656fcef342b5450d04d236f8/edit/api/656fcfeb42b5450d04d236fd?branch=newbranch&editName=true&from=datasources" "Mozilla/5.0 (Macintosh; Intel Mac OS X 10_15_7) AppleWebKit/537.36 (KHTML, like Gecko) Chrome/119.0.0.0 Safari/537.36"
192.168.65.1 - - [06/Dec/2023:01:37:16 +0000] "GET /api/v1/git/status/app/656fa21035f0045611dfddd9?compareRemote=true HTTP/1.1" 200 476 "http://localhost:8080/app/appsmith/professor-3-656fcef342b5450d04d236f8/edit/api/656fcfeb42b5450d04d236fd?branch=newbranch&editName=true&from=datasources" "Mozilla/5.0 (Macintosh; Intel Mac OS X 10_15_7) AppleWebKit/537.36 (KHTML, like Gecko) Chrome/119.0.0.0 Safari/537.36"
192.168.65.1 - - [06/Dec/2023:01:37:24 +0000] "POST /api/v1/git/commit/app/656fa21035f0045611dfddd9?branchName=newbranch HTTP/1.1" 201 166 "http://localhost:8080/app/appsmith/professor-3-656fcef342b5450d04d236f8/edit/api/656fcfeb42b5450d04d236fd?branch=newbranch&editName=true&from=datasources" "Mozilla/5.0 (Macintosh; Intel Mac OS X 10_15_7) AppleWebKit/537.36 (KHTML, like Gecko) Chrome/119.0.0.0 Safari/537.36"
192.168.65.1 - - [06/Dec/2023:01:37:25 +0000] "GET /api/v1/git/status/app/656fa21035f0045611dfddd9?compareRemote=true HTTP/1.1" 200 309 "http://localhost:8080/app/appsmith/professor-3-656fcef342b5450d04d236f8/edit/api/656fcfeb42b5450d04d236fd?branch=newbranch&editName=true&from=datasources" "Mozilla/5.0 (Macintosh; Intel Mac OS X 10_15_7) AppleWebKit/537.36 (KHTML, like Gecko) Chrome/119.0.0.0 Safari/537.36"
127.0.0.1 - - [06/Dec/2023:01:37:25 +0000] "GET / HTTP/1.1" 200 6702 "-" "curl/7.68.0"
127.0.0.1 - - [06/Dec/2023:01:37:40 +0000] "GET / HTTP/1.1" 200 6702 "-" "curl/7.68.0"
127.0.0.1 - - [06/Dec/2023:01:37:55 +0000] "GET / HTTP/1.1" 200 6702 "-" "curl/7.68.0"
127.0.0.1 - - [06/Dec/2023:01:38:10 +0000] "GET / HTTP/1.1" 200 6702 "-" "curl/7.68.0"
127.0.0.1 - - [06/Dec/2023:01:38:26 +0000] "GET / HTTP/1.1" 200 6702 "-" "curl/7.68.0"
192.168.65.1 - - [06/Dec/2023:01:38:38 +0000] "GET / HTTP/1.1" 304 0 "-" "Mozilla/5.0 (Macintosh; Intel Mac OS X 10_15_7) AppleWebKit/537.36 (KHTML, like Gecko) Chrome/119.0.0.0 Safari/537.36"
192.168.65.1 - - [06/Dec/2023:01:38:39 +0000] "GET /api/v1/product-alert/alert HTTP/1.1" 200 99 "http://localhost:8080/" "Mozilla/5.0 (Macintosh; Intel Mac OS X 10_15_7) AppleWebKit/537.36 (KHTML, like Gecko) Chrome/119.0.0.0 Safari/537.36"
192.168.65.1 - - [06/Dec/2023:01:38:39 +0000] "GET /api/v1/users/features HTTP/1.1" 200 844 "http://localhost:8080/" "Mozilla/5.0 (Macintosh; Intel Mac OS X 10_15_7) AppleWebKit/537.36 (KHTML, like Gecko) Chrome/119.0.0.0 Safari/537.36"
192.168.65.1 - - [06/Dec/2023:01:38:39 +0000] "GET /api/v1/tenants/current HTTP/1.1" 200 294 "http://localhost:8080/" "Mozilla/5.0 (Macintosh; Intel Mac OS X 10_15_7) AppleWebKit/537.36 (KHTML, like Gecko) Chrome/119.0.0.0 Safari/537.36"
192.168.65.1 - - [06/Dec/2023:01:38:39 +0000] "GET /api/v1/users/me HTTP/1.1" 200 355 "http://localhost:8080/" "Mozilla/5.0 (Macintosh; Intel Mac OS X 10_15_7) AppleWebKit/537.36 (KHTML, like Gecko) Chrome/119.0.0.0 Safari/537.36"
192.168.65.1 - - [06/Dec/2023:01:38:39 +0000] "GET /api/v1/applications/new HTTP/1.1" 200 1435 "http://localhost:8080/applications" "Mozilla/5.0 (Macintosh; Intel Mac OS X 10_15_7) AppleWebKit/537.36 (KHTML, like Gecko) Chrome/119.0.0.0 Safari/537.36"
192.168.65.1 - - [06/Dec/2023:01:38:39 +0000] "GET /api/v1/applications/releaseItems HTTP/1.1" 200 9695 "http://localhost:8080/applications" "Mozilla/5.0 (Macintosh; Intel Mac OS X 10_15_7) AppleWebKit/537.36 (KHTML, like Gecko) Chrome/119.0.0.0 Safari/537.36"
192.168.65.1 - - [06/Dec/2023:01:38:40 +0000] "GET /pageService.js HTTP/1.1" 304 0 "http://localhost:8080/pageService.js" "Mozilla/5.0 (Macintosh; Intel Mac OS X 10_15_7) AppleWebKit/537.36 (KHTML, like Gecko) Chrome/119.0.0.0 Safari/537.36"
127.0.0.1 - - [06/Dec/2023:01:38:41 +0000] "GET / HTTP/1.1" 200 6702 "-" "curl/7.68.0"
192.168.65.1 - - [06/Dec/2023:01:38:53 +0000] "PUT /api/v1/actions/656fcfeb42b5450d04d236fd HTTP/1.1" 200 881 "http://localhost:8080/app/appsmith/professor-3-656fcef342b5450d04d236f8/edit/api/656fcfeb42b5450d04d236fd?branch=newbranch&editName=true&from=datasources" "Mozilla/5.0 (Macintosh; Intel Mac OS X 10_15_7) AppleWebKit/537.36 (KHTML, like Gecko) Chrome/119.0.0.0 Safari/537.36"
127.0.0.1 - - [06/Dec/2023:01:38:56 +0000] "GET / HTTP/1.1" 200 6702 "-" "curl/7.68.0"
192.168.65.1 - - [06/Dec/2023:01:38:57 +0000] "POST /api/v1/actions/execute HTTP/1.1" 200 3358 "http://localhost:8080/app/appsmith/professor-3-656fcef342b5450d04d236f8/edit/api/656fcfeb42b5450d04d236fd?branch=newbranch&editName=true&from=datasources" "Mozilla/5.0 (Macintosh; Intel Mac OS X 10_15_7) AppleWebKit/537.36 (KHTML, like Gecko) Chrome/119.0.0.0 Safari/537.36"
192.168.65.1 - - [06/Dec/2023:01:38:59 +0000] "PUT /api/v1/actions/656fcfeb42b5450d04d236fd HTTP/1.1" 200 732 "http://localhost:8080/app/appsmith/professor-3-656fcef342b5450d04d236f8/edit/api/656fcfeb42b5450d04d236fd?branch=newbranch&editName=true&from=datasources" "Mozilla/5.0 (Macintosh; Intel Mac OS X 10_15_7) AppleWebKit/537.36 (KHTML, like Gecko) Chrome/119.0.0.0 Safari/537.36"
192.168.65.1 - - [06/Dec/2023:01:39:04 +0000] "PUT /api/v1/actions/656fcfeb42b5450d04d236fd HTTP/1.1" 200 745 "http://localhost:8080/app/appsmith/professor-3-656fcef342b5450d04d236f8/edit/api/656fcfeb42b5450d04d236fd?branch=newbranch&editName=true&from=datasources" "Mozilla/5.0 (Macintosh; Intel Mac OS X 10_15_7) AppleWebKit/537.36 (KHTML, like Gecko) Chrome/119.0.0.0 Safari/537.36"
192.168.65.1 - - [06/Dec/2023:01:39:05 +0000] "PUT /api/v1/actions/656fcfeb42b5450d04d236fd HTTP/1.1" 200 732 "http://localhost:8080/app/appsmith/professor-3-656fcef342b5450d04d236f8/edit/api/656fcfeb42b5450d04d236fd?branch=newbranch&editName=true&from=datasources" "Mozilla/5.0 (Macintosh; Intel Mac OS X 10_15_7) AppleWebKit/537.36 (KHTML, like Gecko) Chrome/119.0.0.0 Safari/537.36"
192.168.65.1 - - [06/Dec/2023:01:39:05 +0000] "PUT /api/v1/actions/656fcfeb42b5450d04d236fd HTTP/1.1" 200 745 "http://localhost:8080/app/appsmith/professor-3-656fcef342b5450d04d236f8/edit/api/656fcfeb42b5450d04d236fd?branch=newbranch&editName=true&from=datasources" "Mozilla/5.0 (Macintosh; Intel Mac OS X 10_15_7) AppleWebKit/537.36 (KHTML, like Gecko) Chrome/119.0.0.0 Safari/537.36"
192.168.65.1 - - [06/Dec/2023:01:39:05 +0000] "PUT /api/v1/actions/656fcfeb42b5450d04d236fd HTTP/1.1" 200 740 "http://localhost:8080/app/appsmith/professor-3-656fcef342b5450d04d236f8/edit/api/656fcfeb42b5450d04d236fd?branch=newbranch&editName=true&from=datasources" "Mozilla/5.0 (Macintosh; Intel Mac OS X 10_15_7) AppleWebKit/537.36 (KHTML, like Gecko) Chrome/119.0.0.0 Safari/537.36"
192.168.65.1 - - [06/Dec/2023:01:39:06 +0000] "PUT /api/v1/actions/656fcfeb42b5450d04d236fd HTTP/1.1" 200 736 "http://localhost:8080/app/appsmith/professor-3-656fcef342b5450d04d236f8/edit/api/656fcfeb42b5450d04d236fd?branch=newbranch&editName=true&from=datasources" "Mozilla/5.0 (Macintosh; Intel Mac OS X 10_15_7) AppleWebKit/537.36 (KHTML, like Gecko) Chrome/119.0.0.0 Safari/537.36"
127.0.0.1 - - [06/Dec/2023:01:39:11 +0000] "GET / HTTP/1.1" 200 6702 "-" "curl/7.68.0"
127.0.0.1 - - [06/Dec/2023:01:39:26 +0000] "GET / HTTP/1.1" 200 6702 "-" "curl/7.68.0"
192.168.65.1 - - [06/Dec/2023:01:39:32 +0000] "PUT /api/v1/layouts/656fcef342b5450d04d236f6/pages/656fcef342b5450d04d236f8?applicationId=656fa21035f0045611dfddd9 HTTP/1.1" 200 1953 "http://localhost:8080/app/appsmith/professor-3-656fcef342b5450d04d236f8/edit/widgets/rtfmnflm6n?branch=newbranch" "Mozilla/5.0 (Macintosh; Intel Mac OS X 10_15_7) AppleWebKit/537.36 (KHTML, like Gecko) Chrome/119.0.0.0 Safari/537.36"
192.168.65.1 - - [06/Dec/2023:01:39:32 +0000] "PUT /api/v1/layouts/656fcef342b5450d04d236f6/pages/656fcef342b5450d04d236f8?applicationId=656fa21035f0045611dfddd9 HTTP/1.1" 200 1950 "http://localhost:8080/app/appsmith/professor-3-656fcef342b5450d04d236f8/edit/widgets/rtfmnflm6n?branch=newbranch" "Mozilla/5.0 (Macintosh; Intel Mac OS X 10_15_7) AppleWebKit/537.36 (KHTML, like Gecko) Chrome/119.0.0.0 Safari/537.36"
192.168.65.1 - - [06/Dec/2023:01:39:33 +0000] "PUT /api/v1/layouts/656fcef342b5450d04d236f6/pages/656fcef342b5450d04d236f8?applicationId=656fa21035f0045611dfddd9 HTTP/1.1" 200 1953 "http://localhost:8080/app/appsmith/professor-3-656fcef342b5450d04d236f8/edit/widgets/rtfmnflm6n?branch=newbranch" "Mozilla/5.0 (Macintosh; Intel Mac OS X 10_15_7) AppleWebKit/537.36 (KHTML, like Gecko) Chrome/119.0.0.0 Safari/537.36"
192.168.65.1 - - [06/Dec/2023:01:39:36 +0000] "PUT /api/v1/layouts/656fcef342b5450d04d236f6/pages/656fcef342b5450d04d236f8?applicationId=656fa21035f0045611dfddd9 HTTP/1.1" 200 1867 "http://localhost:8080/app/appsmith/professor-3-656fcef342b5450d04d236f8/edit/widgets/rtfmnflm6n?branch=newbranch" "Mozilla/5.0 (Macintosh; Intel Mac OS X 10_15_7) AppleWebKit/537.36 (KHTML, like Gecko) Chrome/119.0.0.0 Safari/537.36"
192.168.65.1 - - [06/Dec/2023:01:39:37 +0000] "PUT /api/v1/layouts/656fcef342b5450d04d236f6/pages/656fcef342b5450d04d236f8?applicationId=656fa21035f0045611dfddd9 HTTP/1.1" 200 395 "http://localhost:8080/app/appsmith/professor-3-656fcef342b5450d04d236f8/edit?branch=newbranch" "Mozilla/5.0 (Macintosh; Intel Mac OS X 10_15_7) AppleWebKit/537.36 (KHTML, like Gecko) Chrome/119.0.0.0 Safari/537.36"
127.0.0.1 - - [06/Dec/2023:01:39:41 +0000] "GET / HTTP/1.1" 200 6702 "-" "curl/7.68.0"
192.168.65.1 - - [06/Dec/2023:01:39:44 +0000] "PUT /api/v1/layouts/656fcef342b5450d04d236f6/pages/656fcef342b5450d04d236f8?applicationId=656fa21035f0045611dfddd9 HTTP/1.1" 200 1313 "http://localhost:8080/app/appsmith/professor-3-656fcef342b5450d04d236f8/edit/widgets/bmd07elib9?branch=newbranch" "Mozilla/5.0 (Macintosh; Intel Mac OS X 10_15_7) AppleWebKit/537.36 (KHTML, like Gecko) Chrome/119.0.0.0 Safari/537.36"
127.0.0.1 - - [06/Dec/2023:01:39:56 +0000] "GET / HTTP/1.1" 200 6702 "-" "curl/7.68.0"
192.168.65.1 - - [06/Dec/2023:01:40:01 +0000] "PUT /api/v1/layouts/656fcef342b5450d04d236f6/pages/656fcef342b5450d04d236f8?applicationId=656fa21035f0045611dfddd9 HTTP/1.1" 200 1465 "http://localhost:8080/app/appsmith/professor-3-656fcef342b5450d04d236f8/edit/widgets/bmd07elib9?branch=newbranch" "Mozilla/5.0 (Macintosh; Intel Mac OS X 10_15_7) AppleWebKit/537.36 (KHTML, like Gecko) Chrome/119.0.0.0 Safari/537.36"
127.0.0.1 - - [06/Dec/2023:01:40:11 +0000] "GET / HTTP/1.1" 200 6702 "-" "curl/7.68.0"
192.168.65.1 - - [06/Dec/2023:01:40:13 +0000] "PUT /api/v1/actions/656fcfeb42b5450d04d236fd HTTP/1.1" 200 746 "http://localhost:8080/app/appsmith/professor-3-656fcef342b5450d04d236f8/edit/api/656fcfeb42b5450d04d236fd?branch=newbranch" "Mozilla/5.0 (Macintosh; Intel Mac OS X 10_15_7) AppleWebKit/537.36 (KHTML, like Gecko) Chrome/119.0.0.0 Safari/537.36"
192.168.65.1 - - [06/Dec/2023:01:40:14 +0000] "PUT /api/v1/actions/656fcfeb42b5450d04d236fd HTTP/1.1" 200 733 "http://localhost:8080/app/appsmith/professor-3-656fcef342b5450d04d236f8/edit/api/656fcfeb42b5450d04d236fd?branch=newbranch" "Mozilla/5.0 (Macintosh; Intel Mac OS X 10_15_7) AppleWebKit/537.36 (KHTML, like Gecko) Chrome/119.0.0.0 Safari/537.36"
192.168.65.1 - - [06/Dec/2023:01:40:15 +0000] "PUT /api/v1/actions/656fcfeb42b5450d04d236fd HTTP/1.1" 200 708 "http://localhost:8080/app/appsmith/professor-3-656fcef342b5450d04d236f8/edit/api/656fcfeb42b5450d04d236fd?branch=newbranch" "Mozilla/5.0 (Macintosh; Intel Mac OS X 10_15_7) AppleWebKit/537.36 (KHTML, like Gecko) Chrome/119.0.0.0 Safari/537.36"
192.168.65.1 - - [06/Dec/2023:01:40:15 +0000] "PUT /api/v1/actions/656fcfeb42b5450d04d236fd HTTP/1.1" 200 733 "http://localhost:8080/app/appsmith/professor-3-656fcef342b5450d04d236f8/edit/api/656fcfeb42b5450d04d236fd?branch=newbranch" "Mozilla/5.0 (Macintosh; Intel Mac OS X 10_15_7) AppleWebKit/537.36 (KHTML, like Gecko) Chrome/119.0.0.0 Safari/537.36"
192.168.65.1 - - [06/Dec/2023:01:40:18 +0000] "PUT /api/v1/actions/656fcfeb42b5450d04d236fd HTTP/1.1" 200 746 "http://localhost:8080/app/appsmith/professor-3-656fcef342b5450d04d236f8/edit/api/656fcfeb42b5450d04d236fd?branch=newbranch" "Mozilla/5.0 (Macintosh; Intel Mac OS X 10_15_7) AppleWebKit/537.36 (KHTML, like Gecko) Chrome/119.0.0.0 Safari/537.36"
192.168.65.1 - - [06/Dec/2023:01:40:19 +0000] "PUT /api/v1/actions/656fcfeb42b5450d04d236fd HTTP/1.1" 200 755 "http://localhost:8080/app/appsmith/professor-3-656fcef342b5450d04d236f8/edit/api/656fcfeb42b5450d04d236fd?branch=newbranch" "Mozilla/5.0 (Macintosh; Intel Mac OS X 10_15_7) AppleWebKit/537.36 (KHTML, like Gecko) Chrome/119.0.0.0 Safari/537.36"
192.168.65.1 - - [06/Dec/2023:01:40:20 +0000] "PUT /api/v1/actions/656fcfeb42b5450d04d236fd HTTP/1.1" 200 1013 "http://localhost:8080/app/appsmith/professor-3-656fcef342b5450d04d236f8/edit/api/656fcfeb42b5450d04d236fd?branch=newbranch" "Mozilla/5.0 (Macintosh; Intel Mac OS X 10_15_7) AppleWebKit/537.36 (KHTML, like Gecko) Chrome/119.0.0.0 Safari/537.36"
192.168.65.1 - - [06/Dec/2023:01:40:21 +0000] "PUT /api/v1/actions/656fcfeb42b5450d04d236fd HTTP/1.1" 200 1010 "http://localhost:8080/app/appsmith/professor-3-656fcef342b5450d04d236f8/edit/api/656fcfeb42b5450d04d236fd?branch=newbranch" "Mozilla/5.0 (Macintosh; Intel Mac OS X 10_15_7) AppleWebKit/537.36 (KHTML, like Gecko) Chrome/119.0.0.0 Safari/537.36"
127.0.0.1 - - [06/Dec/2023:01:40:27 +0000] "GET / HTTP/1.1" 200 6702 "-" "curl/7.68.0"
192.168.65.1 - - [06/Dec/2023:01:40:40 +0000] "PUT /api/v1/actions/656fcfeb42b5450d04d236fd HTTP/1.1" 200 1006 "http://localhost:8080/app/appsmith/professor-3-656fcef342b5450d04d236f8/edit/api/656fcfeb42b5450d04d236fd?branch=newbranch" "Mozilla/5.0 (Macintosh; Intel Mac OS X 10_15_7) AppleWebKit/537.36 (KHTML, like Gecko) Chrome/119.0.0.0 Safari/537.36"
127.0.0.1 - - [06/Dec/2023:01:40:42 +0000] "GET / HTTP/1.1" 200 6702 "-" "curl/7.68.0"
192.168.65.1 - - [06/Dec/2023:01:40:43 +0000] "PUT /api/v1/actions/656fcfeb42b5450d04d236fd HTTP/1.1" 200 735 "http://localhost:8080/app/appsmith/professor-3-656fcef342b5450d04d236f8/edit/api/656fcfeb42b5450d04d236fd?branch=newbranch" "Mozilla/5.0 (Macintosh; Intel Mac OS X 10_15_7) AppleWebKit/537.36 (KHTML, like Gecko) Chrome/119.0.0.0 Safari/537.36"
192.168.65.1 - - [06/Dec/2023:01:40:44 +0000] "PUT /api/v1/actions/656fcfeb42b5450d04d236fd HTTP/1.1" 200 738 "http://localhost:8080/app/appsmith/professor-3-656fcef342b5450d04d236f8/edit/api/656fcfeb42b5450d04d236fd?branch=newbranch" "Mozilla/5.0 (Macintosh; Intel Mac OS X 10_15_7) AppleWebKit/537.36 (KHTML, like Gecko) Chrome/119.0.0.0 Safari/537.36"
192.168.65.1 - - [06/Dec/2023:01:40:45 +0000] "PUT /api/v1/actions/656fcfeb42b5450d04d236fd HTTP/1.1" 200 883 "http://localhost:8080/app/appsmith/professor-3-656fcef342b5450d04d236f8/edit/api/656fcfeb42b5450d04d236fd?branch=newbranch" "Mozilla/5.0 (Macintosh; Intel Mac OS X 10_15_7) AppleWebKit/537.36 (KHTML, like Gecko) Chrome/119.0.0.0 Safari/537.36"
192.168.65.1 - - [06/Dec/2023:01:40:47 +0000] "PUT /api/v1/actions/656fcfeb42b5450d04d236fd HTTP/1.1" 200 885 "http://localhost:8080/app/appsmith/professor-3-656fcef342b5450d04d236f8/edit/api/656fcfeb42b5450d04d236fd?branch=newbranch" "Mozilla/5.0 (Macintosh; Intel Mac OS X 10_15_7) AppleWebKit/537.36 (KHTML, like Gecko) Chrome/119.0.0.0 Safari/537.36"
192.168.65.1 - - [06/Dec/2023:01:40:47 +0000] "PUT /api/v1/actions/656fcfeb42b5450d04d236fd HTTP/1.1" 200 911 "http://localhost:8080/app/appsmith/professor-3-656fcef342b5450d04d236f8/edit/api/656fcfeb42b5450d04d236fd?branch=newbranch" "Mozilla/5.0 (Macintosh; Intel Mac OS X 10_15_7) AppleWebKit/537.36 (KHTML, like Gecko) Chrome/119.0.0.0 Safari/537.36"
192.168.65.1 - - [06/Dec/2023:01:40:49 +0000] "PUT /api/v1/actions/656fcfeb42b5450d04d236fd HTTP/1.1" 200 911 "http://localhost:8080/app/appsmith/professor-3-656fcef342b5450d04d236f8/edit/api/656fcfeb42b5450d04d236fd?branch=newbranch" "Mozilla/5.0 (Macintosh; Intel Mac OS X 10_15_7) AppleWebKit/537.36 (KHTML, like Gecko) Chrome/119.0.0.0 Safari/537.36"
192.168.65.1 - - [06/Dec/2023:01:40:50 +0000] "POST /api/v1/actions/execute HTTP/1.1" 200 3351 "http://localhost:8080/app/appsmith/professor-3-656fcef342b5450d04d236f8/edit/api/656fcfeb42b5450d04d236fd?branch=newbranch" "Mozilla/5.0 (Macintosh; Intel Mac OS X 10_15_7) AppleWebKit/537.36 (KHTML, like Gecko) Chrome/119.0.0.0 Safari/537.36"
127.0.0.1 - - [06/Dec/2023:01:40:57 +0000] "GET / HTTP/1.1" 200 6702 "-" "curl/7.68.0"
127.0.0.1 - - [06/Dec/2023:01:41:12 +0000] "GET / HTTP/1.1" 200 6702 "-" "curl/7.68.0"
127.0.0.1 - - [06/Dec/2023:01:41:27 +0000] "GET / HTTP/1.1" 200 6702 "-" "curl/7.68.0"
127.0.0.1 - - [06/Dec/2023:01:41:42 +0000] "GET / HTTP/1.1" 200 6702 "-" "curl/7.68.0"
192.168.65.1 - - [06/Dec/2023:01:41:44 +0000] "PUT /api/v1/actions/656fcfeb42b5450d04d236fd HTTP/1.1" 200 890 "http://localhost:8080/app/appsmith/professor-3-656fcef342b5450d04d236f8/edit/api/656fcfeb42b5450d04d236fd?branch=newbranch" "Mozilla/5.0 (Macintosh; Intel Mac OS X 10_15_7) AppleWebKit/537.36 (KHTML, like Gecko) Chrome/119.0.0.0 Safari/537.36"
192.168.65.1 - - [06/Dec/2023:01:41:45 +0000] "PUT /api/v1/actions/656fcfeb42b5450d04d236fd HTTP/1.1" 200 911 "http://localhost:8080/app/appsmith/professor-3-656fcef342b5450d04d236f8/edit/api/656fcfeb42b5450d04d236fd?branch=newbranch" "Mozilla/5.0 (Macintosh; Intel Mac OS X 10_15_7) AppleWebKit/537.36 (KHTML, like Gecko) Chrome/119.0.0.0 Safari/537.36"
192.168.65.1 - - [06/Dec/2023:01:41:49 +0000] "PUT /api/v1/actions/656fcfeb42b5450d04d236fd HTTP/1.1" 200 733 "http://localhost:8080/app/appsmith/professor-3-656fcef342b5450d04d236f8/edit/api/656fcfeb42b5450d04d236fd?branch=newbranch" "Mozilla/5.0 (Macintosh; Intel Mac OS X 10_15_7) AppleWebKit/537.36 (KHTML, like Gecko) Chrome/119.0.0.0 Safari/537.36"
192.168.65.1 - - [06/Dec/2023:01:41:51 +0000] "GET /api/v1/pages/656fcc8c42b5450d04d236ef HTTP/1.1" 200 3469 "http://localhost:8080/app/appsmith/professor-2-656fcc8c42b5450d04d236ef/edit?branch=newbranch" "Mozilla/5.0 (Macintosh; Intel Mac OS X 10_15_7) AppleWebKit/537.36 (KHTML, like Gecko) Chrome/119.0.0.0 Safari/537.36"
192.168.65.1 - - [06/Dec/2023:01:41:51 +0000] "GET /api/v1/applications/snapshot/656fa21035f0045611dfddd9 HTTP/1.1" 200 129 "http://localhost:8080/app/appsmith/professor-2-656fcc8c42b5450d04d236ef/edit?branch=newbranch" "Mozilla/5.0 (Macintosh; Intel Mac OS X 10_15_7) AppleWebKit/537.36 (KHTML, like Gecko) Chrome/119.0.0.0 Safari/537.36"
192.168.65.1 - - [06/Dec/2023:01:41:51 +0000] "POST /api/v1/actions/execute HTTP/1.1" 200 2640 "http://localhost:8080/app/appsmith/professor-2-656fcc8c42b5450d04d236ef/edit?branch=newbranch" "Mozilla/5.0 (Macintosh; Intel Mac OS X 10_15_7) AppleWebKit/537.36 (KHTML, like Gecko) Chrome/119.0.0.0 Safari/537.36"
192.168.65.1 - - [06/Dec/2023:01:41:51 +0000] "POST /api/v1/actions/execute HTTP/1.1" 200 2856 "http://localhost:8080/app/appsmith/professor-2-656fcc8c42b5450d04d236ef/edit?branch=newbranch" "Mozilla/5.0 (Macintosh; Intel Mac OS X 10_15_7) AppleWebKit/537.36 (KHTML, like Gecko) Chrome/119.0.0.0 Safari/537.36"
192.168.65.1 - - [06/Dec/2023:01:41:51 +0000] "POST /api/v1/actions/execute HTTP/1.1" 200 4607 "http://localhost:8080/app/appsmith/professor-2-656fcc8c42b5450d04d236ef/edit?branch=newbranch" "Mozilla/5.0 (Macintosh; Intel Mac OS X 10_15_7) AppleWebKit/537.36 (KHTML, like Gecko) Chrome/119.0.0.0 Safari/537.36"
192.168.65.1 - - [06/Dec/2023:01:41:54 +0000] "GET /api/v1/pages/656fcf5342b5450d04d236fb HTTP/1.1" 200 542 "http://localhost:8080/app/appsmith/professor-1-656fcf5342b5450d04d236fb/edit?branch=newbranch" "Mozilla/5.0 (Macintosh; Intel Mac OS X 10_15_7) AppleWebKit/537.36 (KHTML, like Gecko) Chrome/119.0.0.0 Safari/537.36"
192.168.65.1 - - [06/Dec/2023:01:41:54 +0000] "GET /api/v1/applications/snapshot/656fa21035f0045611dfddd9 HTTP/1.1" 200 129 "http://localhost:8080/app/appsmith/professor-1-656fcf5342b5450d04d236fb/edit?branch=newbranch" "Mozilla/5.0 (Macintosh; Intel Mac OS X 10_15_7) AppleWebKit/537.36 (KHTML, like Gecko) Chrome/119.0.0.0 Safari/537.36"
127.0.0.1 - - [06/Dec/2023:01:41:57 +0000] "GET / HTTP/1.1" 200 6702 "-" "curl/7.68.0"
127.0.0.1 - - [06/Dec/2023:01:42:12 +0000] "GET / HTTP/1.1" 200 6702 "-" "curl/7.68.0"
192.168.65.1 - - [06/Dec/2023:01:42:23 +0000] "PUT /api/v1/layouts/656fcf5342b5450d04d236f9/pages/656fcf5342b5450d04d236fb?applicationId=656fa21035f0045611dfddd9 HTTP/1.1" 200 1222 "http://localhost:8080/app/appsmith/professor-1-656fcf5342b5450d04d236fb/edit/widgets/edwgi378p2?branch=newbranch" "Mozilla/5.0 (Macintosh; Intel Mac OS X 10_15_7) AppleWebKit/537.36 (KHTML, like Gecko) Chrome/119.0.0.0 Safari/537.36"
127.0.0.1 - - [06/Dec/2023:01:42:28 +0000] "GET / HTTP/1.1" 200 6702 "-" "curl/7.68.0"
192.168.65.1 - - [06/Dec/2023:01:42:30 +0000] "POST /api/v1/actions HTTP/1.1" 201 1836 "http://localhost:8080/app/appsmith/professor-1-656fcf5342b5450d04d236fb/edit/widgets/edwgi378p2?branch=newbranch" "Mozilla/5.0 (Macintosh; Intel Mac OS X 10_15_7) AppleWebKit/537.36 (KHTML, like Gecko) Chrome/119.0.0.0 Safari/537.36"
192.168.65.1 - - [06/Dec/2023:01:42:38 +0000] "GET /api/v1/pages/656fcf5342b5450d04d236fb HTTP/1.1" 200 1369 "http://localhost:8080/app/appsmith/professor-1-656fcf5342b5450d04d236fb/edit/api/656fd18642b5450d04d236ff?branch=newbranch&editName=true&from=datasources" "Mozilla/5.0 (Macintosh; Intel Mac OS X 10_15_7) AppleWebKit/537.36 (KHTML, like Gecko) Chrome/119.0.0.0 Safari/537.36"
192.168.65.1 - - [06/Dec/2023:01:42:38 +0000] "PUT /api/v1/actions/refactor HTTP/1.1" 200 1222 "http://localhost:8080/app/appsmith/professor-1-656fcf5342b5450d04d236fb/edit/api/656fd18642b5450d04d236ff?branch=newbranch&editName=true&from=datasources" "Mozilla/5.0 (Macintosh; Intel Mac OS X 10_15_7) AppleWebKit/537.36 (KHTML, like Gecko) Chrome/119.0.0.0 Safari/537.36"
192.168.65.1 - - [06/Dec/2023:01:42:38 +0000] "GET /api/v1/collections/actions?pageId=656fcf5342b5450d04d236fb HTTP/1.1" 200 101 "http://localhost:8080/app/appsmith/professor-1-656fcf5342b5450d04d236fb/edit/api/656fd18642b5450d04d236ff?branch=newbranch&editName=false&from=datasources" "Mozilla/5.0 (Macintosh; Intel Mac OS X 10_15_7) AppleWebKit/537.36 (KHTML, like Gecko) Chrome/119.0.0.0 Safari/537.36"
192.168.65.1 - - [06/Dec/2023:01:42:38 +0000] "GET /api/v1/actions?pageId=656fcf5342b5450d04d236fb HTTP/1.1" 200 662 "http://localhost:8080/app/appsmith/professor-1-656fcf5342b5450d04d236fb/edit/api/656fd18642b5450d04d236ff?branch=newbranch&editName=false&from=datasources" "Mozilla/5.0 (Macintosh; Intel Mac OS X 10_15_7) AppleWebKit/537.36 (KHTML, like Gecko) Chrome/119.0.0.0 Safari/537.36"
192.168.65.1 - - [06/Dec/2023:01:42:42 +0000] "PUT /api/v1/actions/656fd18642b5450d04d236ff HTTP/1.1" 200 677 "http://localhost:8080/app/appsmith/professor-1-656fcf5342b5450d04d236fb/edit/api/656fd18642b5450d04d236ff?branch=newbranch&editName=false&from=datasources" "Mozilla/5.0 (Macintosh; Intel Mac OS X 10_15_7) AppleWebKit/537.36 (KHTML, like Gecko) Chrome/119.0.0.0 Safari/537.36"
127.0.0.1 - - [06/Dec/2023:01:42:43 +0000] "GET / HTTP/1.1" 200 6702 "-" "curl/7.68.0"
192.168.65.1 - - [06/Dec/2023:01:42:45 +0000] "PUT /api/v1/actions/656fd18642b5450d04d236ff HTTP/1.1" 200 679 "http://localhost:8080/app/appsmith/professor-1-656fcf5342b5450d04d236fb/edit/api/656fd18642b5450d04d236ff?branch=newbranch&editName=false&from=datasources" "Mozilla/5.0 (Macintosh; Intel Mac OS X 10_15_7) AppleWebKit/537.36 (KHTML, like Gecko) Chrome/119.0.0.0 Safari/537.36"
192.168.65.1 - - [06/Dec/2023:01:42:48 +0000] "PUT /api/v1/actions/656fd18642b5450d04d236ff HTTP/1.1" 200 685 "http://localhost:8080/app/appsmith/professor-1-656fcf5342b5450d04d236fb/edit/api/656fd18642b5450d04d236ff?branch=newbranch&editName=false&from=datasources" "Mozilla/5.0 (Macintosh; Intel Mac OS X 10_15_7) AppleWebKit/537.36 (KHTML, like Gecko) Chrome/119.0.0.0 Safari/537.36"
192.168.65.1 - - [06/Dec/2023:01:42:55 +0000] "POST /api/v1/actions/execute HTTP/1.1" 200 2461 "http://localhost:8080/app/appsmith/professor-1-656fcf5342b5450d04d236fb/edit/api/656fd18642b5450d04d236ff?branch=newbranch&editName=false&from=datasources" "Mozilla/5.0 (Macintosh; Intel Mac OS X 10_15_7) AppleWebKit/537.36 (KHTML, like Gecko) Chrome/119.0.0.0 Safari/537.36"
127.0.0.1 - - [06/Dec/2023:01:42:58 +0000] "GET / HTTP/1.1" 200 6702 "-" "curl/7.68.0"
192.168.65.1 - - [06/Dec/2023:01:43:01 +0000] "PUT /api/v1/layouts/656fcf5342b5450d04d236f9/pages/656fcf5342b5450d04d236fb?applicationId=656fa21035f0045611dfddd9 HTTP/1.1" 200 2150 "http://localhost:8080/app/appsmith/professor-1-656fcf5342b5450d04d236fb/edit/widgets/edwgi378p2?branch=newbranch" "Mozilla/5.0 (Macintosh; Intel Mac OS X 10_15_7) AppleWebKit/537.36 (KHTML, like Gecko) Chrome/119.0.0.0 Safari/537.36"
192.168.65.1 - - [06/Dec/2023:01:43:02 +0000] "PUT /api/v1/layouts/656fcf5342b5450d04d236f9/pages/656fcf5342b5450d04d236fb?applicationId=656fa21035f0045611dfddd9 HTTP/1.1" 200 2097 "http://localhost:8080/app/appsmith/professor-1-656fcf5342b5450d04d236fb/edit/widgets/edwgi378p2?branch=newbranch" "Mozilla/5.0 (Macintosh; Intel Mac OS X 10_15_7) AppleWebKit/537.36 (KHTML, like Gecko) Chrome/119.0.0.0 Safari/537.36"
192.168.65.1 - - [06/Dec/2023:01:43:04 +0000] "PUT /api/v1/layouts/656fcf5342b5450d04d236f9/pages/656fcf5342b5450d04d236fb?applicationId=656fa21035f0045611dfddd9 HTTP/1.1" 200 2099 "http://localhost:8080/app/appsmith/professor-1-656fcf5342b5450d04d236fb/edit?branch=newbranch" "Mozilla/5.0 (Macintosh; Intel Mac OS X 10_15_7) AppleWebKit/537.36 (KHTML, like Gecko) Chrome/119.0.0.0 Safari/537.36"
192.168.65.1 - - [06/Dec/2023:01:43:08 +0000] "PUT /api/v1/layouts/656fcf5342b5450d04d236f9/pages/656fcf5342b5450d04d236fb?applicationId=656fa21035f0045611dfddd9 HTTP/1.1" 200 2099 "http://localhost:8080/app/appsmith/professor-1-656fcf5342b5450d04d236fb/edit/widgets/edwgi378p2?branch=newbranch" "Mozilla/5.0 (Macintosh; Intel Mac OS X 10_15_7) AppleWebKit/537.36 (KHTML, like Gecko) Chrome/119.0.0.0 Safari/537.36"
192.168.65.1 - - [06/Dec/2023:01:43:09 +0000] "PUT /api/v1/layouts/656fcf5342b5450d04d236f9/pages/656fcf5342b5450d04d236fb?applicationId=656fa21035f0045611dfddd9 HTTP/1.1" 200 2101 "http://localhost:8080/app/appsmith/professor-1-656fcf5342b5450d04d236fb/edit/widgets/edwgi378p2?branch=newbranch" "Mozilla/5.0 (Macintosh; Intel Mac OS X 10_15_7) AppleWebKit/537.36 (KHTML, like Gecko) Chrome/119.0.0.0 Safari/537.36"
192.168.65.1 - - [06/Dec/2023:01:43:12 +0000] "PUT /api/v1/layouts/656fcf5342b5450d04d236f9/pages/656fcf5342b5450d04d236fb?applicationId=656fa21035f0045611dfddd9 HTTP/1.1" 200 2101 "http://localhost:8080/app/appsmith/professor-1-656fcf5342b5450d04d236fb/edit/widgets/edwgi378p2?branch=newbranch" "Mozilla/5.0 (Macintosh; Intel Mac OS X 10_15_7) AppleWebKit/537.36 (KHTML, like Gecko) Chrome/119.0.0.0 Safari/537.36"
192.168.65.1 - - [06/Dec/2023:01:43:13 +0000] "PUT /api/v1/layouts/656fcf5342b5450d04d236f9/pages/656fcf5342b5450d04d236fb?applicationId=656fa21035f0045611dfddd9 HTTP/1.1" 200 2099 "http://localhost:8080/app/appsmith/professor-1-656fcf5342b5450d04d236fb/edit/widgets/edwgi378p2?branch=newbranch" "Mozilla/5.0 (Macintosh; Intel Mac OS X 10_15_7) AppleWebKit/537.36 (KHTML, like Gecko) Chrome/119.0.0.0 Safari/537.36"
127.0.0.1 - - [06/Dec/2023:01:43:13 +0000] "GET / HTTP/1.1" 200 6702 "-" "curl/7.68.0"
192.168.65.1 - - [06/Dec/2023:01:43:15 +0000] "PUT /api/v1/layouts/656fcf5342b5450d04d236f9/pages/656fcf5342b5450d04d236fb?applicationId=656fa21035f0045611dfddd9 HTTP/1.1" 200 2099 "http://localhost:8080/app/appsmith/professor-1-656fcf5342b5450d04d236fb/edit/widgets/edwgi378p2?branch=newbranch" "Mozilla/5.0 (Macintosh; Intel Mac OS X 10_15_7) AppleWebKit/537.36 (KHTML, like Gecko) Chrome/119.0.0.0 Safari/537.36"
192.168.65.1 - - [06/Dec/2023:01:43:17 +0000] "PUT /api/v1/layouts/656fcf5342b5450d04d236f9/pages/656fcf5342b5450d04d236fb?applicationId=656fa21035f0045611dfddd9 HTTP/1.1" 200 2098 "http://localhost:8080/app/appsmith/professor-1-656fcf5342b5450d04d236fb/edit/widgets/edwgi378p2?branch=newbranch" "Mozilla/5.0 (Macintosh; Intel Mac OS X 10_15_7) AppleWebKit/537.36 (KHTML, like Gecko) Chrome/119.0.0.0 Safari/537.36"
192.168.65.1 - - [06/Dec/2023:01:43:19 +0000] "PUT /api/v1/layouts/656fcf5342b5450d04d236f9/pages/656fcf5342b5450d04d236fb?applicationId=656fa21035f0045611dfddd9 HTTP/1.1" 200 2098 "http://localhost:8080/app/appsmith/professor-1-656fcf5342b5450d04d236fb/edit/widgets/edwgi378p2?branch=newbranch" "Mozilla/5.0 (Macintosh; Intel Mac OS X 10_15_7) AppleWebKit/537.36 (KHTML, like Gecko) Chrome/119.0.0.0 Safari/537.36"
192.168.65.1 - - [06/Dec/2023:01:43:21 +0000] "PUT /api/v1/layouts/656fcf5342b5450d04d236f9/pages/656fcf5342b5450d04d236fb?applicationId=656fa21035f0045611dfddd9 HTTP/1.1" 200 2098 "http://localhost:8080/app/appsmith/professor-1-656fcf5342b5450d04d236fb/edit/widgets/edwgi378p2?branch=newbranch" "Mozilla/5.0 (Macintosh; Intel Mac OS X 10_15_7) AppleWebKit/537.36 (KHTML, like Gecko) Chrome/119.0.0.0 Safari/537.36"
192.168.65.1 - - [06/Dec/2023:01:43:23 +0000] "PUT /api/v1/layouts/656fcf5342b5450d04d236f9/pages/656fcf5342b5450d04d236fb?applicationId=656fa21035f0045611dfddd9 HTTP/1.1" 200 2098 "http://localhost:8080/app/appsmith/professor-1-656fcf5342b5450d04d236fb/edit/widgets/edwgi378p2?branch=newbranch" "Mozilla/5.0 (Macintosh; Intel Mac OS X 10_15_7) AppleWebKit/537.36 (KHTML, like Gecko) Chrome/119.0.0.0 Safari/537.36"
192.168.65.1 - - [06/Dec/2023:01:43:27 +0000] "PUT /api/v1/layouts/656fcf5342b5450d04d236f9/pages/656fcf5342b5450d04d236fb?applicationId=656fa21035f0045611dfddd9 HTTP/1.1" 200 2098 "http://localhost:8080/app/appsmith/professor-1-656fcf5342b5450d04d236fb/edit/widgets/edwgi378p2?branch=newbranch" "Mozilla/5.0 (Macintosh; Intel Mac OS X 10_15_7) AppleWebKit/537.36 (KHTML, like Gecko) Chrome/119.0.0.0 Safari/537.36"
127.0.0.1 - - [06/Dec/2023:01:43:28 +0000] "GET / HTTP/1.1" 200 6702 "-" "curl/7.68.0"
192.168.65.1 - - [06/Dec/2023:01:43:41 +0000] "PUT /api/v1/layouts/656fcf5342b5450d04d236f9/pages/656fcf5342b5450d04d236fb?applicationId=656fa21035f0045611dfddd9 HTTP/1.1" 200 2496 "http://localhost:8080/app/appsmith/professor-1-656fcf5342b5450d04d236fb/edit/widgets/w2hk7tcd1u?branch=newbranch" "Mozilla/5.0 (Macintosh; Intel Mac OS X 10_15_7) AppleWebKit/537.36 (KHTML, like Gecko) Chrome/119.0.0.0 Safari/537.36"
127.0.0.1 - - [06/Dec/2023:01:43:43 +0000] "GET / HTTP/1.1" 200 6702 "-" "curl/7.68.0"
192.168.65.1 - - [06/Dec/2023:01:43:46 +0000] "PUT /api/v1/layouts/656fcf5342b5450d04d236f9/pages/656fcf5342b5450d04d236fb?applicationId=656fa21035f0045611dfddd9 HTTP/1.1" 200 2472 "http://localhost:8080/app/appsmith/professor-1-656fcf5342b5450d04d236fb/edit/widgets/w2hk7tcd1u?branch=newbranch" "Mozilla/5.0 (Macintosh; Intel Mac OS X 10_15_7) AppleWebKit/537.36 (KHTML, like Gecko) Chrome/119.0.0.0 Safari/537.36"
192.168.65.1 - - [06/Dec/2023:01:43:48 +0000] "PUT /api/v1/layouts/656fcf5342b5450d04d236f9/pages/656fcf5342b5450d04d236fb?applicationId=656fa21035f0045611dfddd9 HTTP/1.1" 200 2469 "http://localhost:8080/app/appsmith/professor-1-656fcf5342b5450d04d236fb/edit/widgets/w2hk7tcd1u?branch=newbranch" "Mozilla/5.0 (Macintosh; Intel Mac OS X 10_15_7) AppleWebKit/537.36 (KHTML, like Gecko) Chrome/119.0.0.0 Safari/537.36"
127.0.0.1 - - [06/Dec/2023:01:43:58 +0000] "GET / HTTP/1.1" 200 6702 "-" "curl/7.68.0"
127.0.0.1 - - [06/Dec/2023:01:44:14 +0000] "GET / HTTP/1.1" 200 6702 "-" "curl/7.68.0"
127.0.0.1 - - [06/Dec/2023:01:44:29 +0000] "GET / HTTP/1.1" 200 6702 "-" "curl/7.68.0"
192.168.65.1 - - [06/Dec/2023:01:44:32 +0000] "PUT /api/v1/actions/656fd18642b5450d04d236ff HTTP/1.1" 200 702 "http://localhost:8080/app/appsmith/professor-1-656fcf5342b5450d04d236fb/edit/api/656fd18642b5450d04d236ff?branch=newbranch" "Mozilla/5.0 (Macintosh; Intel Mac OS X 10_15_7) AppleWebKit/537.36 (KHTML, like Gecko) Chrome/119.0.0.0 Safari/537.36"
192.168.65.1 - - [06/Dec/2023:01:44:36 +0000] "PUT /api/v1/actions/656fd18642b5450d04d236ff HTTP/1.1" 200 708 "http://localhost:8080/app/appsmith/professor-1-656fcf5342b5450d04d236fb/edit/api/656fd18642b5450d04d236ff?branch=newbranch" "Mozilla/5.0 (Macintosh; Intel Mac OS X 10_15_7) AppleWebKit/537.36 (KHTML, like Gecko) Chrome/119.0.0.0 Safari/537.36"
192.168.65.1 - - [06/Dec/2023:01:44:37 +0000] "PUT /api/v1/actions/656fd18642b5450d04d236ff HTTP/1.1" 200 706 "http://localhost:8080/app/appsmith/professor-1-656fcf5342b5450d04d236fb/edit/api/656fd18642b5450d04d236ff?branch=newbranch" "Mozilla/5.0 (Macintosh; Intel Mac OS X 10_15_7) AppleWebKit/537.36 (KHTML, like Gecko) Chrome/119.0.0.0 Safari/537.36"
192.168.65.1 - - [06/Dec/2023:01:44:37 +0000] "POST /api/v1/actions/execute HTTP/1.1" 200 557 "http://localhost:8080/app/appsmith/professor-1-656fcf5342b5450d04d236fb/edit/api/656fd18642b5450d04d236ff?branch=newbranch" "Mozilla/5.0 (Macintosh; Intel Mac OS X 10_15_7) AppleWebKit/537.36 (KHTML, like Gecko) Chrome/119.0.0.0 Safari/537.36"
127.0.0.1 - - [06/Dec/2023:01:44:44 +0000] "GET / HTTP/1.1" 200 6702 "-" "curl/7.68.0"
127.0.0.1 - - [06/Dec/2023:01:44:59 +0000] "GET / HTTP/1.1" 200 6702 "-" "curl/7.68.0"
192.168.65.1 - - [06/Dec/2023:01:45:03 +0000] "PUT /api/v1/actions/656fd18642b5450d04d236ff HTTP/1.1" 200 702 "http://localhost:8080/app/appsmith/professor-1-656fcf5342b5450d04d236fb/edit/api/656fd18642b5450d04d236ff?branch=newbranch" "Mozilla/5.0 (Macintosh; Intel Mac OS X 10_15_7) AppleWebKit/537.36 (KHTML, like Gecko) Chrome/119.0.0.0 Safari/537.36"
192.168.65.1 - - [06/Dec/2023:01:45:05 +0000] "POST /api/v1/actions/execute HTTP/1.1" 200 2461 "http://localhost:8080/app/appsmith/professor-1-656fcf5342b5450d04d236fb/edit/api/656fd18642b5450d04d236ff?branch=newbranch" "Mozilla/5.0 (Macintosh; Intel Mac OS X 10_15_7) AppleWebKit/537.36 (KHTML, like Gecko) Chrome/119.0.0.0 Safari/537.36"
192.168.65.1 - - [06/Dec/2023:01:45:12 +0000] "PUT /api/v1/layouts/656fcf5342b5450d04d236f9/pages/656fcf5342b5450d04d236fb?applicationId=656fa21035f0045611dfddd9 HTTP/1.1" 200 2472 "http://localhost:8080/app/appsmith/professor-1-656fcf5342b5450d04d236fb/edit/widgets/w2hk7tcd1u?branch=newbranch" "Mozilla/5.0 (Macintosh; Intel Mac OS X 10_15_7) AppleWebKit/537.36 (KHTML, like Gecko) Chrome/119.0.0.0 Safari/537.36"
192.168.65.1 - - [06/Dec/2023:01:45:13 +0000] "PUT /api/v1/layouts/656fcf5342b5450d04d236f9/pages/656fcf5342b5450d04d236fb?applicationId=656fa21035f0045611dfddd9 HTTP/1.1" 200 2469 "http://localhost:8080/app/appsmith/professor-1-656fcf5342b5450d04d236fb/edit?branch=newbranch" "Mozilla/5.0 (Macintosh; Intel Mac OS X 10_15_7) AppleWebKit/537.36 (KHTML, like Gecko) Chrome/119.0.0.0 Safari/537.36"
127.0.0.1 - - [06/Dec/2023:01:45:14 +0000] "GET / HTTP/1.1" 200 6702 "-" "curl/7.68.0"
192.168.65.1 - - [06/Dec/2023:01:45:15 +0000] "GET /api/v1/pages/656fcc8c42b5450d04d236ef HTTP/1.1" 200 3469 "http://localhost:8080/app/appsmith/professor-2-656fcc8c42b5450d04d236ef/edit?branch=newbranch" "Mozilla/5.0 (Macintosh; Intel Mac OS X 10_15_7) AppleWebKit/537.36 (KHTML, like Gecko) Chrome/119.0.0.0 Safari/537.36"
192.168.65.1 - - [06/Dec/2023:01:45:16 +0000] "GET /api/v1/applications/snapshot/656fa21035f0045611dfddd9 HTTP/1.1" 200 129 "http://localhost:8080/app/appsmith/professor-2-656fcc8c42b5450d04d236ef/edit?branch=newbranch" "Mozilla/5.0 (Macintosh; Intel Mac OS X 10_15_7) AppleWebKit/537.36 (KHTML, like Gecko) Chrome/119.0.0.0 Safari/537.36"
192.168.65.1 - - [06/Dec/2023:01:45:16 +0000] "POST /api/v1/actions/execute HTTP/1.1" 200 2640 "http://localhost:8080/app/appsmith/professor-2-656fcc8c42b5450d04d236ef/edit?branch=newbranch" "Mozilla/5.0 (Macintosh; Intel Mac OS X 10_15_7) AppleWebKit/537.36 (KHTML, like Gecko) Chrome/119.0.0.0 Safari/537.36"
192.168.65.1 - - [06/Dec/2023:01:45:16 +0000] "POST /api/v1/actions/execute HTTP/1.1" 200 2855 "http://localhost:8080/app/appsmith/professor-2-656fcc8c42b5450d04d236ef/edit?branch=newbranch" "Mozilla/5.0 (Macintosh; Intel Mac OS X 10_15_7) AppleWebKit/537.36 (KHTML, like Gecko) Chrome/119.0.0.0 Safari/537.36"
192.168.65.1 - - [06/Dec/2023:01:45:16 +0000] "POST /api/v1/actions/execute HTTP/1.1" 200 4608 "http://localhost:8080/app/appsmith/professor-2-656fcc8c42b5450d04d236ef/edit?branch=newbranch" "Mozilla/5.0 (Macintosh; Intel Mac OS X 10_15_7) AppleWebKit/537.36 (KHTML, like Gecko) Chrome/119.0.0.0 Safari/537.36"
