192.168.65.1 - - [06/Dec/2023:00:53:32 +0000] "PUT /api/v1/actions/656fc57bc2cb0a149a92fe69 HTTP/1.1" 499 0 "http://localhost:8080/app/appsmith/student-home-656fb40135f0045611dfddec/edit/api/656fc57bc2cb0a149a92fe69?branch=newbranch" "Mozilla/5.0 (Macintosh; Intel Mac OS X 10_15_7) AppleWebKit/537.36 (KHTML, like Gecko) Chrome/119.0.0.0 Safari/537.36"
192.168.65.1 - - [06/Dec/2023:00:53:32 +0000] "PUT /api/v1/actions/656fc57bc2cb0a149a92fe69 HTTP/1.1" 200 745 "http://localhost:8080/app/appsmith/student-home-656fb40135f0045611dfddec/edit/api/656fc57bc2cb0a149a92fe69?branch=newbranch" "Mozilla/5.0 (Macintosh; Intel Mac OS X 10_15_7) AppleWebKit/537.36 (KHTML, like Gecko) Chrome/119.0.0.0 Safari/537.36"
192.168.65.1 - - [06/Dec/2023:00:53:33 +0000] "PUT /api/v1/actions/656fc57bc2cb0a149a92fe69 HTTP/1.1" 499 0 "http://localhost:8080/app/appsmith/student-home-656fb40135f0045611dfddec/edit/api/656fc57bc2cb0a149a92fe69?branch=newbranch" "Mozilla/5.0 (Macintosh; Intel Mac OS X 10_15_7) AppleWebKit/537.36 (KHTML, like Gecko) Chrome/119.0.0.0 Safari/537.36"
192.168.65.1 - - [06/Dec/2023:00:53:33 +0000] "PUT /api/v1/actions/656fc57bc2cb0a149a92fe69 HTTP/1.1" 200 747 "http://localhost:8080/app/appsmith/student-home-656fb40135f0045611dfddec/edit/api/656fc57bc2cb0a149a92fe69?branch=newbranch" "Mozilla/5.0 (Macintosh; Intel Mac OS X 10_15_7) AppleWebKit/537.36 (KHTML, like Gecko) Chrome/119.0.0.0 Safari/537.36"
192.168.65.1 - - [06/Dec/2023:00:53:40 +0000] "PUT /api/v1/actions/656fc57bc2cb0a149a92fe69 HTTP/1.1" 499 0 "http://localhost:8080/app/appsmith/student-home-656fb40135f0045611dfddec/edit/api/656fc57bc2cb0a149a92fe69?branch=newbranch" "Mozilla/5.0 (Macintosh; Intel Mac OS X 10_15_7) AppleWebKit/537.36 (KHTML, like Gecko) Chrome/119.0.0.0 Safari/537.36"
192.168.65.1 - - [06/Dec/2023:00:53:40 +0000] "PUT /api/v1/actions/656fc57bc2cb0a149a92fe69 HTTP/1.1" 200 752 "http://localhost:8080/app/appsmith/student-home-656fb40135f0045611dfddec/edit/api/656fc57bc2cb0a149a92fe69?branch=newbranch" "Mozilla/5.0 (Macintosh; Intel Mac OS X 10_15_7) AppleWebKit/537.36 (KHTML, like Gecko) Chrome/119.0.0.0 Safari/537.36"
127.0.0.1 - - [06/Dec/2023:00:53:45 +0000] "GET / HTTP/1.1" 200 6702 "-" "curl/7.68.0"
127.0.0.1 - - [06/Dec/2023:00:54:00 +0000] "GET / HTTP/1.1" 200 6702 "-" "curl/7.68.0"
127.0.0.1 - - [06/Dec/2023:00:54:15 +0000] "GET / HTTP/1.1" 200 6702 "-" "curl/7.68.0"
127.0.0.1 - - [06/Dec/2023:00:54:30 +0000] "GET / HTTP/1.1" 200 6702 "-" "curl/7.68.0"
127.0.0.1 - - [06/Dec/2023:00:54:45 +0000] "GET / HTTP/1.1" 200 6702 "-" "curl/7.68.0"
127.0.0.1 - - [06/Dec/2023:00:55:00 +0000] "GET / HTTP/1.1" 200 6702 "-" "curl/7.68.0"
192.168.65.1 - - [06/Dec/2023:00:55:15 +0000] "PUT /api/v1/layouts/656fb40135f0045611dfddea/pages/656fb40135f0045611dfddec?applicationId=656fa21035f0045611dfddd9 HTTP/1.1" 200 4145 "http://localhost:8080/app/appsmith/student-home-656fb40135f0045611dfddec/edit/widgets/x3v6qmte45?branch=newbranch" "Mozilla/5.0 (Macintosh; Intel Mac OS X 10_15_7) AppleWebKit/537.36 (KHTML, like Gecko) Chrome/119.0.0.0 Safari/537.36"
127.0.0.1 - - [06/Dec/2023:00:55:15 +0000] "GET / HTTP/1.1" 200 6702 "-" "curl/7.68.0"
192.168.65.1 - - [06/Dec/2023:00:55:23 +0000] "PUT /api/v1/layouts/656fb40135f0045611dfddea/pages/656fb40135f0045611dfddec?applicationId=656fa21035f0045611dfddd9 HTTP/1.1" 200 4254 "http://localhost:8080/app/appsmith/student-home-656fb40135f0045611dfddec/edit/widgets/x3v6qmte45?branch=newbranch" "Mozilla/5.0 (Macintosh; Intel Mac OS X 10_15_7) AppleWebKit/537.36 (KHTML, like Gecko) Chrome/119.0.0.0 Safari/537.36"
192.168.65.1 - - [06/Dec/2023:00:55:24 +0000] "POST /api/v1/actions/execute HTTP/1.1" 200 452 "http://localhost:8080/app/appsmith/student-home-656fb40135f0045611dfddec/edit/widgets/0lokur6ioa?branch=newbranch" "Mozilla/5.0 (Macintosh; Intel Mac OS X 10_15_7) AppleWebKit/537.36 (KHTML, like Gecko) Chrome/119.0.0.0 Safari/537.36"
192.168.65.1 - - [06/Dec/2023:00:55:29 +0000] "PUT /api/v1/layouts/656fb40135f0045611dfddea/pages/656fb40135f0045611dfddec?applicationId=656fa21035f0045611dfddd9 HTTP/1.1" 200 4160 "http://localhost:8080/app/appsmith/student-home-656fb40135f0045611dfddec/edit/widgets/0lokur6ioa?branch=newbranch" "Mozilla/5.0 (Macintosh; Intel Mac OS X 10_15_7) AppleWebKit/537.36 (KHTML, like Gecko) Chrome/119.0.0.0 Safari/537.36"
192.168.65.1 - - [06/Dec/2023:00:55:30 +0000] "PUT /api/v1/layouts/656fb40135f0045611dfddea/pages/656fb40135f0045611dfddec?applicationId=656fa21035f0045611dfddd9 HTTP/1.1" 200 4162 "http://localhost:8080/app/appsmith/student-home-656fb40135f0045611dfddec/edit/widgets/0lokur6ioa?branch=newbranch" "Mozilla/5.0 (Macintosh; Intel Mac OS X 10_15_7) AppleWebKit/537.36 (KHTML, like Gecko) Chrome/119.0.0.0 Safari/537.36"
127.0.0.1 - - [06/Dec/2023:00:55:31 +0000] "GET / HTTP/1.1" 200 6702 "-" "curl/7.68.0"
192.168.65.1 - - [06/Dec/2023:00:55:32 +0000] "PUT /api/v1/layouts/656fb40135f0045611dfddea/pages/656fb40135f0045611dfddec?applicationId=656fa21035f0045611dfddd9 HTTP/1.1" 200 4160 "http://localhost:8080/app/appsmith/student-home-656fb40135f0045611dfddec/edit/widgets/0lokur6ioa?branch=newbranch" "Mozilla/5.0 (Macintosh; Intel Mac OS X 10_15_7) AppleWebKit/537.36 (KHTML, like Gecko) Chrome/119.0.0.0 Safari/537.36"
192.168.65.1 - - [06/Dec/2023:00:55:33 +0000] "PUT /api/v1/layouts/656fb40135f0045611dfddea/pages/656fb40135f0045611dfddec?applicationId=656fa21035f0045611dfddd9 HTTP/1.1" 200 4169 "http://localhost:8080/app/appsmith/student-home-656fb40135f0045611dfddec/edit/widgets/0lokur6ioa?branch=newbranch" "Mozilla/5.0 (Macintosh; Intel Mac OS X 10_15_7) AppleWebKit/537.36 (KHTML, like Gecko) Chrome/119.0.0.0 Safari/537.36"
192.168.65.1 - - [06/Dec/2023:00:55:38 +0000] "PUT /api/v1/layouts/656fb40135f0045611dfddea/pages/656fb40135f0045611dfddec?applicationId=656fa21035f0045611dfddd9 HTTP/1.1" 200 4166 "http://localhost:8080/app/appsmith/student-home-656fb40135f0045611dfddec/edit/widgets/0lokur6ioa?branch=newbranch" "Mozilla/5.0 (Macintosh; Intel Mac OS X 10_15_7) AppleWebKit/537.36 (KHTML, like Gecko) Chrome/119.0.0.0 Safari/537.36"
192.168.65.1 - - [06/Dec/2023:00:55:39 +0000] "PUT /api/v1/layouts/656fb40135f0045611dfddea/pages/656fb40135f0045611dfddec?applicationId=656fa21035f0045611dfddd9 HTTP/1.1" 200 4161 "http://localhost:8080/app/appsmith/student-home-656fb40135f0045611dfddec/edit/widgets/0lokur6ioa?branch=newbranch" "Mozilla/5.0 (Macintosh; Intel Mac OS X 10_15_7) AppleWebKit/537.36 (KHTML, like Gecko) Chrome/119.0.0.0 Safari/537.36"
127.0.0.1 - - [06/Dec/2023:00:55:46 +0000] "GET / HTTP/1.1" 200 6702 "-" "curl/7.68.0"
192.168.65.1 - - [06/Dec/2023:00:55:47 +0000] "POST /api/v1/actions/execute HTTP/1.1" 200 455 "http://localhost:8080/app/appsmith/student-home-656fb40135f0045611dfddec/edit/widgets/0lokur6ioa?branch=newbranch" "Mozilla/5.0 (Macintosh; Intel Mac OS X 10_15_7) AppleWebKit/537.36 (KHTML, like Gecko) Chrome/119.0.0.0 Safari/537.36"
192.168.65.1 - - [06/Dec/2023:00:55:49 +0000] "POST /api/v1/actions/execute HTTP/1.1" 200 454 "http://localhost:8080/app/appsmith/student-home-656fb40135f0045611dfddec/edit/widgets/0lokur6ioa?branch=newbranch" "Mozilla/5.0 (Macintosh; Intel Mac OS X 10_15_7) AppleWebKit/537.36 (KHTML, like Gecko) Chrome/119.0.0.0 Safari/537.36"
192.168.65.1 - - [06/Dec/2023:00:55:53 +0000] "PUT /api/v1/actions/656fc57bc2cb0a149a92fe69 HTTP/1.1" 200 730 "http://localhost:8080/app/appsmith/student-home-656fb40135f0045611dfddec/edit/api/656fc57bc2cb0a149a92fe69?branch=newbranch" "Mozilla/5.0 (Macintosh; Intel Mac OS X 10_15_7) AppleWebKit/537.36 (KHTML, like Gecko) Chrome/119.0.0.0 Safari/537.36"
127.0.0.1 - - [06/Dec/2023:00:56:01 +0000] "GET / HTTP/1.1" 200 6702 "-" "curl/7.68.0"
192.168.65.1 - - [06/Dec/2023:00:56:03 +0000] "PUT /api/v1/actions/656fc57bc2cb0a149a92fe69 HTTP/1.1" 499 0 "http://localhost:8080/app/appsmith/student-home-656fb40135f0045611dfddec/edit/api/656fc57bc2cb0a149a92fe69?branch=newbranch" "Mozilla/5.0 (Macintosh; Intel Mac OS X 10_15_7) AppleWebKit/537.36 (KHTML, like Gecko) Chrome/119.0.0.0 Safari/537.36"
192.168.65.1 - - [06/Dec/2023:00:56:03 +0000] "PUT /api/v1/actions/656fc57bc2cb0a149a92fe69 HTTP/1.1" 200 753 "http://localhost:8080/app/appsmith/student-home-656fb40135f0045611dfddec/edit/api/656fc57bc2cb0a149a92fe69?branch=newbranch" "Mozilla/5.0 (Macintosh; Intel Mac OS X 10_15_7) AppleWebKit/537.36 (KHTML, like Gecko) Chrome/119.0.0.0 Safari/537.36"
192.168.65.1 - - [06/Dec/2023:00:56:03 +0000] "POST /api/v1/actions/execute HTTP/1.1" 200 557 "http://localhost:8080/app/appsmith/student-home-656fb40135f0045611dfddec/edit/api/656fc57bc2cb0a149a92fe69?branch=newbranch" "Mozilla/5.0 (Macintosh; Intel Mac OS X 10_15_7) AppleWebKit/537.36 (KHTML, like Gecko) Chrome/119.0.0.0 Safari/537.36"
127.0.0.1 - - [06/Dec/2023:00:56:16 +0000] "GET / HTTP/1.1" 200 6702 "-" "curl/7.68.0"
192.168.65.1 - - [06/Dec/2023:00:56:30 +0000] "POST /api/v1/usage-pulse HTTP/1.1" 201 76 "http://localhost:8080/app/appsmith/student-home-656fb40135f0045611dfddec/edit/api/656fc57bc2cb0a149a92fe69?branch=newbranch" "Mozilla/5.0 (Macintosh; Intel Mac OS X 10_15_7) AppleWebKit/537.36 (KHTML, like Gecko) Chrome/119.0.0.0 Safari/537.36"
192.168.65.1 - - [06/Dec/2023:00:56:30 +0000] "POST /api/v1/actions/execute HTTP/1.1" 200 557 "http://localhost:8080/app/appsmith/student-home-656fb40135f0045611dfddec/edit/api/656fc57bc2cb0a149a92fe69?branch=newbranch" "Mozilla/5.0 (Macintosh; Intel Mac OS X 10_15_7) AppleWebKit/537.36 (KHTML, like Gecko) Chrome/119.0.0.0 Safari/537.36"
127.0.0.1 - - [06/Dec/2023:00:56:31 +0000] "GET / HTTP/1.1" 200 6702 "-" "curl/7.68.0"
192.168.65.1 - - [06/Dec/2023:00:56:37 +0000] "PUT /api/v1/actions/656fb79d35f0045611dfddf1 HTTP/1.1" 200 698 "http://localhost:8080/app/appsmith/student-home-656fb40135f0045611dfddec/edit/api/656fb79d35f0045611dfddf1?branch=newbranch" "Mozilla/5.0 (Macintosh; Intel Mac OS X 10_15_7) AppleWebKit/537.36 (KHTML, like Gecko) Chrome/119.0.0.0 Safari/537.36"
192.168.65.1 - - [06/Dec/2023:00:56:43 +0000] "PUT /api/v1/actions/656fc57bc2cb0a149a92fe69 HTTP/1.1" 200 753 "http://localhost:8080/app/appsmith/student-home-656fb40135f0045611dfddec/edit/api/656fc57bc2cb0a149a92fe69?branch=newbranch" "Mozilla/5.0 (Macintosh; Intel Mac OS X 10_15_7) AppleWebKit/537.36 (KHTML, like Gecko) Chrome/119.0.0.0 Safari/537.36"
192.168.65.1 - - [06/Dec/2023:00:56:44 +0000] "PUT /api/v1/actions/656fb79d35f0045611dfddf1 HTTP/1.1" 200 698 "http://localhost:8080/app/appsmith/student-home-656fb40135f0045611dfddec/edit/api/656fb79d35f0045611dfddf1?branch=newbranch" "Mozilla/5.0 (Macintosh; Intel Mac OS X 10_15_7) AppleWebKit/537.36 (KHTML, like Gecko) Chrome/119.0.0.0 Safari/537.36"
127.0.0.1 - - [06/Dec/2023:00:56:46 +0000] "GET / HTTP/1.1" 200 6702 "-" "curl/7.68.0"
192.168.65.1 - - [06/Dec/2023:00:56:49 +0000] "PUT /api/v1/actions/656fb79d35f0045611dfddf1 HTTP/1.1" 200 736 "http://localhost:8080/app/appsmith/student-home-656fb40135f0045611dfddec/edit/api/656fb79d35f0045611dfddf1?branch=newbranch" "Mozilla/5.0 (Macintosh; Intel Mac OS X 10_15_7) AppleWebKit/537.36 (KHTML, like Gecko) Chrome/119.0.0.0 Safari/537.36"
192.168.65.1 - - [06/Dec/2023:00:56:50 +0000] "PUT /api/v1/actions/656fc57bc2cb0a149a92fe69 HTTP/1.1" 200 752 "http://localhost:8080/app/appsmith/student-home-656fb40135f0045611dfddec/edit/api/656fc57bc2cb0a149a92fe69?branch=newbranch" "Mozilla/5.0 (Macintosh; Intel Mac OS X 10_15_7) AppleWebKit/537.36 (KHTML, like Gecko) Chrome/119.0.0.0 Safari/537.36"
192.168.65.1 - - [06/Dec/2023:00:56:54 +0000] "PUT /api/v1/actions/656fb79d35f0045611dfddf1 HTTP/1.1" 200 736 "http://localhost:8080/app/appsmith/student-home-656fb40135f0045611dfddec/edit/api/656fb79d35f0045611dfddf1?branch=newbranch" "Mozilla/5.0 (Macintosh; Intel Mac OS X 10_15_7) AppleWebKit/537.36 (KHTML, like Gecko) Chrome/119.0.0.0 Safari/537.36"
192.168.65.1 - - [06/Dec/2023:00:56:55 +0000] "PUT /api/v1/actions/656fc57bc2cb0a149a92fe69 HTTP/1.1" 200 752 "http://localhost:8080/app/appsmith/student-home-656fb40135f0045611dfddec/edit/api/656fc57bc2cb0a149a92fe69?branch=newbranch" "Mozilla/5.0 (Macintosh; Intel Mac OS X 10_15_7) AppleWebKit/537.36 (KHTML, like Gecko) Chrome/119.0.0.0 Safari/537.36"
192.168.65.1 - - [06/Dec/2023:00:56:56 +0000] "PUT /api/v1/actions/656fb79d35f0045611dfddf1 HTTP/1.1" 200 736 "http://localhost:8080/app/appsmith/student-home-656fb40135f0045611dfddec/edit/api/656fb79d35f0045611dfddf1?branch=newbranch" "Mozilla/5.0 (Macintosh; Intel Mac OS X 10_15_7) AppleWebKit/537.36 (KHTML, like Gecko) Chrome/119.0.0.0 Safari/537.36"
192.168.65.1 - - [06/Dec/2023:00:56:57 +0000] "PUT /api/v1/actions/656fc57bc2cb0a149a92fe69 HTTP/1.1" 200 752 "http://localhost:8080/app/appsmith/student-home-656fb40135f0045611dfddec/edit/api/656fc57bc2cb0a149a92fe69?branch=newbranch" "Mozilla/5.0 (Macintosh; Intel Mac OS X 10_15_7) AppleWebKit/537.36 (KHTML, like Gecko) Chrome/119.0.0.0 Safari/537.36"
192.168.65.1 - - [06/Dec/2023:00:57:00 +0000] "PUT /api/v1/actions/656fb79d35f0045611dfddf1 HTTP/1.1" 200 736 "http://localhost:8080/app/appsmith/student-home-656fb40135f0045611dfddec/edit/api/656fb79d35f0045611dfddf1?branch=newbranch" "Mozilla/5.0 (Macintosh; Intel Mac OS X 10_15_7) AppleWebKit/537.36 (KHTML, like Gecko) Chrome/119.0.0.0 Safari/537.36"
127.0.0.1 - - [06/Dec/2023:00:57:01 +0000] "GET / HTTP/1.1" 200 6702 "-" "curl/7.68.0"
192.168.65.1 - - [06/Dec/2023:00:57:10 +0000] "PUT /api/v1/layouts/refactor HTTP/1.1" 400 335 "http://localhost:8080/app/appsmith/student-home-656fb40135f0045611dfddec/edit/widgets/1sn9lhuq7y?branch=newbranch" "Mozilla/5.0 (Macintosh; Intel Mac OS X 10_15_7) AppleWebKit/537.36 (KHTML, like Gecko) Chrome/119.0.0.0 Safari/537.36"
127.0.0.1 - - [06/Dec/2023:00:57:16 +0000] "GET / HTTP/1.1" 200 6702 "-" "curl/7.68.0"
192.168.65.1 - - [06/Dec/2023:00:57:19 +0000] "PUT /api/v1/layouts/refactor HTTP/1.1" 200 4161 "http://localhost:8080/app/appsmith/student-home-656fb40135f0045611dfddec/edit/widgets/1sn9lhuq7y?branch=newbranch" "Mozilla/5.0 (Macintosh; Intel Mac OS X 10_15_7) AppleWebKit/537.36 (KHTML, like Gecko) Chrome/119.0.0.0 Safari/537.36"
192.168.65.1 - - [06/Dec/2023:00:57:19 +0000] "GET /api/v1/pages/656fa21135f0045611dfdddb HTTP/1.1" 200 4192 "http://localhost:8080/app/appsmith/page1-656fa21135f0045611dfdddb/edit?branch=newbranch" "Mozilla/5.0 (Macintosh; Intel Mac OS X 10_15_7) AppleWebKit/537.36 (KHTML, like Gecko) Chrome/119.0.0.0 Safari/537.36"
192.168.65.1 - - [06/Dec/2023:00:57:20 +0000] "GET /api/v1/collections/actions?pageId=656fb40135f0045611dfddec HTTP/1.1" 200 101 "http://localhost:8080/app/appsmith/page1-656fa21135f0045611dfdddb/edit?branch=newbranch" "Mozilla/5.0 (Macintosh; Intel Mac OS X 10_15_7) AppleWebKit/537.36 (KHTML, like Gecko) Chrome/119.0.0.0 Safari/537.36"
192.168.65.1 - - [06/Dec/2023:00:57:20 +0000] "GET /api/v1/actions?pageId=656fb40135f0045611dfddec HTTP/1.1" 200 935 "http://localhost:8080/app/appsmith/page1-656fa21135f0045611dfdddb/edit?branch=newbranch" "Mozilla/5.0 (Macintosh; Intel Mac OS X 10_15_7) AppleWebKit/537.36 (KHTML, like Gecko) Chrome/119.0.0.0 Safari/537.36"
192.168.65.1 - - [06/Dec/2023:00:57:20 +0000] "GET /api/v1/applications/snapshot/656fa21035f0045611dfddd9 HTTP/1.1" 200 129 "http://localhost:8080/app/appsmith/page1-656fa21135f0045611dfdddb/edit/widgets/7l7b4msy5k?branch=newbranch" "Mozilla/5.0 (Macintosh; Intel Mac OS X 10_15_7) AppleWebKit/537.36 (KHTML, like Gecko) Chrome/119.0.0.0 Safari/537.36"
192.168.65.1 - - [06/Dec/2023:00:57:20 +0000] "POST /api/v1/actions/execute HTTP/1.1" 200 2638 "http://localhost:8080/app/appsmith/page1-656fa21135f0045611dfdddb/edit/widgets/7l7b4msy5k?branch=newbranch" "Mozilla/5.0 (Macintosh; Intel Mac OS X 10_15_7) AppleWebKit/537.36 (KHTML, like Gecko) Chrome/119.0.0.0 Safari/537.36"
192.168.65.1 - - [06/Dec/2023:00:57:20 +0000] "POST /api/v1/actions/execute HTTP/1.1" 200 555 "http://localhost:8080/app/appsmith/page1-656fa21135f0045611dfdddb/edit/widgets/7l7b4msy5k?branch=newbranch" "Mozilla/5.0 (Macintosh; Intel Mac OS X 10_15_7) AppleWebKit/537.36 (KHTML, like Gecko) Chrome/119.0.0.0 Safari/537.36"
192.168.65.1 - - [06/Dec/2023:00:57:24 +0000] "PUT /api/v1/layouts/656fa2b935f0045611dfdde0/pages/656fa21135f0045611dfdddb?applicationId=656fa21035f0045611dfddd9 HTTP/1.1" 200 3606 "http://localhost:8080/app/appsmith/page1-656fa21135f0045611dfdddb/edit/widgets/1l8ybicyra?branch=newbranch" "Mozilla/5.0 (Macintosh; Intel Mac OS X 10_15_7) AppleWebKit/537.36 (KHTML, like Gecko) Chrome/119.0.0.0 Safari/537.36"
192.168.65.1 - - [06/Dec/2023:00:57:25 +0000] "PUT /api/v1/layouts/656fa2b935f0045611dfdde0/pages/656fa21135f0045611dfdddb?applicationId=656fa21035f0045611dfddd9 HTTP/1.1" 200 1906 "http://localhost:8080/app/appsmith/page1-656fa21135f0045611dfdddb/edit?branch=newbranch" "Mozilla/5.0 (Macintosh; Intel Mac OS X 10_15_7) AppleWebKit/537.36 (KHTML, like Gecko) Chrome/119.0.0.0 Safari/537.36"
192.168.65.1 - - [06/Dec/2023:00:57:29 +0000] "DELETE /api/v1/actions/656fa31c35f0045611dfdde2 HTTP/1.1" 200 701 "http://localhost:8080/app/appsmith/page1-656fa21135f0045611dfdddb/edit?branch=newbranch" "Mozilla/5.0 (Macintosh; Intel Mac OS X 10_15_7) AppleWebKit/537.36 (KHTML, like Gecko) Chrome/119.0.0.0 Safari/537.36"
127.0.0.1 - - [06/Dec/2023:00:57:32 +0000] "GET / HTTP/1.1" 200 6702 "-" "curl/7.68.0"
192.168.65.1 - - [06/Dec/2023:00:57:34 +0000] "DELETE /api/v1/actions/656fa52e35f0045611dfdde5 HTTP/1.1" 200 718 "http://localhost:8080/app/appsmith/page1-656fa21135f0045611dfdddb/edit?branch=newbranch" "Mozilla/5.0 (Macintosh; Intel Mac OS X 10_15_7) AppleWebKit/537.36 (KHTML, like Gecko) Chrome/119.0.0.0 Safari/537.36"
192.168.65.1 - - [06/Dec/2023:00:57:35 +0000] "GET /api/v1/pages/656fb40135f0045611dfddec HTTP/1.1" 200 4305 "http://localhost:8080/app/appsmith/student-home-656fb40135f0045611dfddec/edit?branch=newbranch" "Mozilla/5.0 (Macintosh; Intel Mac OS X 10_15_7) AppleWebKit/537.36 (KHTML, like Gecko) Chrome/119.0.0.0 Safari/537.36"
192.168.65.1 - - [06/Dec/2023:00:57:35 +0000] "GET /api/v1/applications/snapshot/656fa21035f0045611dfddd9 HTTP/1.1" 200 129 "http://localhost:8080/app/appsmith/student-home-656fb40135f0045611dfddec/edit/widgets/1sn9lhuq7y?branch=newbranch" "Mozilla/5.0 (Macintosh; Intel Mac OS X 10_15_7) AppleWebKit/537.36 (KHTML, like Gecko) Chrome/119.0.0.0 Safari/537.36"
192.168.65.1 - - [06/Dec/2023:00:57:35 +0000] "POST /api/v1/actions/execute HTTP/1.1" 200 5777 "http://localhost:8080/app/appsmith/student-home-656fb40135f0045611dfddec/edit/widgets/1sn9lhuq7y?branch=newbranch" "Mozilla/5.0 (Macintosh; Intel Mac OS X 10_15_7) AppleWebKit/537.36 (KHTML, like Gecko) Chrome/119.0.0.0 Safari/537.36"
192.168.65.1 - - [06/Dec/2023:00:57:36 +0000] "POST /api/v1/actions/execute HTTP/1.1" 200 557 "http://localhost:8080/app/appsmith/student-home-656fb40135f0045611dfddec/edit/widgets/1sn9lhuq7y?branch=newbranch" "Mozilla/5.0 (Macintosh; Intel Mac OS X 10_15_7) AppleWebKit/537.36 (KHTML, like Gecko) Chrome/119.0.0.0 Safari/537.36"
127.0.0.1 - - [06/Dec/2023:00:57:47 +0000] "GET / HTTP/1.1" 200 6702 "-" "curl/7.68.0"
192.168.65.1 - - [06/Dec/2023:00:57:52 +0000] "PUT /api/v1/actions/656fc57bc2cb0a149a92fe69 HTTP/1.1" 200 753 "http://localhost:8080/app/appsmith/student-home-656fb40135f0045611dfddec/edit/api/656fc57bc2cb0a149a92fe69?branch=newbranch" "Mozilla/5.0 (Macintosh; Intel Mac OS X 10_15_7) AppleWebKit/537.36 (KHTML, like Gecko) Chrome/119.0.0.0 Safari/537.36"
192.168.65.1 - - [06/Dec/2023:00:57:56 +0000] "POST /api/v1/actions/execute HTTP/1.1" 200 558 "http://localhost:8080/app/appsmith/student-home-656fb40135f0045611dfddec/edit/api/656fc57bc2cb0a149a92fe69?branch=newbranch" "Mozilla/5.0 (Macintosh; Intel Mac OS X 10_15_7) AppleWebKit/537.36 (KHTML, like Gecko) Chrome/119.0.0.0 Safari/537.36"
192.168.65.1 - - [06/Dec/2023:00:57:57 +0000] "POST /api/v1/actions/execute HTTP/1.1" 200 557 "http://localhost:8080/app/appsmith/student-home-656fb40135f0045611dfddec/edit/api/656fc57bc2cb0a149a92fe69?branch=newbranch" "Mozilla/5.0 (Macintosh; Intel Mac OS X 10_15_7) AppleWebKit/537.36 (KHTML, like Gecko) Chrome/119.0.0.0 Safari/537.36"
127.0.0.1 - - [06/Dec/2023:00:58:02 +0000] "GET / HTTP/1.1" 200 6702 "-" "curl/7.68.0"
192.168.65.1 - - [06/Dec/2023:00:58:06 +0000] "PUT /api/v1/actions/656fb79d35f0045611dfddf1 HTTP/1.1" 200 736 "http://localhost:8080/app/appsmith/student-home-656fb40135f0045611dfddec/edit/api/656fb79d35f0045611dfddf1?branch=newbranch" "Mozilla/5.0 (Macintosh; Intel Mac OS X 10_15_7) AppleWebKit/537.36 (KHTML, like Gecko) Chrome/119.0.0.0 Safari/537.36"
192.168.65.1 - - [06/Dec/2023:00:58:13 +0000] "DELETE /api/v1/actions/656fb79d35f0045611dfddf1 HTTP/1.1" 200 720 "http://localhost:8080/app/appsmith/student-home-656fb40135f0045611dfddec/edit/api/656fb79d35f0045611dfddf1?branch=newbranch" "Mozilla/5.0 (Macintosh; Intel Mac OS X 10_15_7) AppleWebKit/537.36 (KHTML, like Gecko) Chrome/119.0.0.0 Safari/537.36"
192.168.65.1 - - [06/Dec/2023:00:58:17 +0000] "GET /api/v1/workspaces/656fa1a535f0045611dfddcf HTTP/1.1" 200 547 "http://localhost:8080/app/appsmith/student-home-656fb40135f0045611dfddec/edit/api/656fb79d35f0045611dfddf1?branch=newbranch" "Mozilla/5.0 (Macintosh; Intel Mac OS X 10_15_7) AppleWebKit/537.36 (KHTML, like Gecko) Chrome/119.0.0.0 Safari/537.36"
127.0.0.1 - - [06/Dec/2023:00:58:17 +0000] "GET / HTTP/1.1" 200 6702 "-" "curl/7.68.0"
192.168.65.1 - - [06/Dec/2023:00:58:19 +0000] "PUT /api/v1/actions/656fb4d835f0045611dfddee HTTP/1.1" 200 693 "http://localhost:8080/app/appsmith/student-home-656fb40135f0045611dfddec/edit/api/656fb4d835f0045611dfddee?branch=newbranch" "Mozilla/5.0 (Macintosh; Intel Mac OS X 10_15_7) AppleWebKit/537.36 (KHTML, like Gecko) Chrome/119.0.0.0 Safari/537.36"
192.168.65.1 - - [06/Dec/2023:00:58:23 +0000] "PUT /api/v1/actions/656fc57bc2cb0a149a92fe69 HTTP/1.1" 200 753 "http://localhost:8080/app/appsmith/student-home-656fb40135f0045611dfddec/edit/api/656fc57bc2cb0a149a92fe69?branch=newbranch" "Mozilla/5.0 (Macintosh; Intel Mac OS X 10_15_7) AppleWebKit/537.36 (KHTML, like Gecko) Chrome/119.0.0.0 Safari/537.36"
127.0.0.1 - - [06/Dec/2023:00:58:32 +0000] "GET / HTTP/1.1" 200 6702 "-" "curl/7.68.0"
127.0.0.1 - - [06/Dec/2023:00:58:47 +0000] "GET / HTTP/1.1" 200 6702 "-" "curl/7.68.0"
192.168.65.1 - - [06/Dec/2023:00:58:51 +0000] "PUT /api/v1/layouts/656fb40135f0045611dfddea/pages/656fb40135f0045611dfddec?applicationId=656fa21035f0045611dfddd9 HTTP/1.1" 200 4161 "http://localhost:8080/app/appsmith/student-home-656fb40135f0045611dfddec/edit/widgets/x3v6qmte45?branch=newbranch" "Mozilla/5.0 (Macintosh; Intel Mac OS X 10_15_7) AppleWebKit/537.36 (KHTML, like Gecko) Chrome/119.0.0.0 Safari/537.36"
192.168.65.1 - - [06/Dec/2023:00:58:55 +0000] "PUT /api/v1/layouts/656fb40135f0045611dfddea/pages/656fb40135f0045611dfddec?applicationId=656fa21035f0045611dfddd9 HTTP/1.1" 200 3661 "http://localhost:8080/app/appsmith/student-home-656fb40135f0045611dfddec/edit?branch=newbranch" "Mozilla/5.0 (Macintosh; Intel Mac OS X 10_15_7) AppleWebKit/537.36 (KHTML, like Gecko) Chrome/119.0.0.0 Safari/537.36"
192.168.65.1 - - [06/Dec/2023:00:59:01 +0000] "DELETE /api/v1/actions/656fc57bc2cb0a149a92fe69 HTTP/1.1" 200 737 "http://localhost:8080/app/appsmith/student-home-656fb40135f0045611dfddec/edit/widgets/1sn9lhuq7y?branch=newbranch" "Mozilla/5.0 (Macintosh; Intel Mac OS X 10_15_7) AppleWebKit/537.36 (KHTML, like Gecko) Chrome/119.0.0.0 Safari/537.36"
127.0.0.1 - - [06/Dec/2023:00:59:02 +0000] "GET / HTTP/1.1" 200 6702 "-" "curl/7.68.0"
192.168.65.1 - - [06/Dec/2023:00:59:02 +0000] "PUT /api/v1/actions/656fb4d835f0045611dfddee HTTP/1.1" 200 693 "http://localhost:8080/app/appsmith/student-home-656fb40135f0045611dfddec/edit/api/656fb4d835f0045611dfddee?branch=newbranch" "Mozilla/5.0 (Macintosh; Intel Mac OS X 10_15_7) AppleWebKit/537.36 (KHTML, like Gecko) Chrome/119.0.0.0 Safari/537.36"
192.168.65.1 - - [06/Dec/2023:00:59:06 +0000] "POST /api/v1/actions HTTP/1.1" 201 1836 "http://localhost:8080/app/appsmith/student-home-656fb40135f0045611dfddec/edit/api/656fb4d835f0045611dfddee?branch=newbranch" "Mozilla/5.0 (Macintosh; Intel Mac OS X 10_15_7) AppleWebKit/537.36 (KHTML, like Gecko) Chrome/119.0.0.0 Safari/537.36"
192.168.65.1 - - [06/Dec/2023:00:59:12 +0000] "GET /api/v1/pages/656fb40135f0045611dfddec HTTP/1.1" 200 3740 "http://localhost:8080/app/appsmith/student-home-656fb40135f0045611dfddec/edit/api/656fc75ac2cb0a149a92fe6c?branch=newbranch&editName=true&from=datasources" "Mozilla/5.0 (Macintosh; Intel Mac OS X 10_15_7) AppleWebKit/537.36 (KHTML, like Gecko) Chrome/119.0.0.0 Safari/537.36"
192.168.65.1 - - [06/Dec/2023:00:59:12 +0000] "PUT /api/v1/actions/refactor HTTP/1.1" 200 3593 "http://localhost:8080/app/appsmith/student-home-656fb40135f0045611dfddec/edit/api/656fc75ac2cb0a149a92fe6c?branch=newbranch&editName=true&from=datasources" "Mozilla/5.0 (Macintosh; Intel Mac OS X 10_15_7) AppleWebKit/537.36 (KHTML, like Gecko) Chrome/119.0.0.0 Safari/537.36"
192.168.65.1 - - [06/Dec/2023:00:59:12 +0000] "GET /api/v1/collections/actions?pageId=656fb40135f0045611dfddec HTTP/1.1" 200 101 "http://localhost:8080/app/appsmith/student-home-656fb40135f0045611dfddec/edit/api/656fc75ac2cb0a149a92fe6c?branch=newbranch&editName=false&from=datasources" "Mozilla/5.0 (Macintosh; Intel Mac OS X 10_15_7) AppleWebKit/537.36 (KHTML, like Gecko) Chrome/119.0.0.0 Safari/537.36"
192.168.65.1 - - [06/Dec/2023:00:59:12 +0000] "GET /api/v1/actions?pageId=656fb40135f0045611dfddec HTTP/1.1" 200 809 "http://localhost:8080/app/appsmith/student-home-656fb40135f0045611dfddec/edit/api/656fc75ac2cb0a149a92fe6c?branch=newbranch&editName=false&from=datasources" "Mozilla/5.0 (Macintosh; Intel Mac OS X 10_15_7) AppleWebKit/537.36 (KHTML, like Gecko) Chrome/119.0.0.0 Safari/537.36"
192.168.65.1 - - [06/Dec/2023:00:59:13 +0000] "PUT /api/v1/actions/656fc75ac2cb0a149a92fe6c HTTP/1.1" 200 684 "http://localhost:8080/app/appsmith/student-home-656fb40135f0045611dfddec/edit/api/656fc75ac2cb0a149a92fe6c?branch=newbranch&editName=false&from=datasources" "Mozilla/5.0 (Macintosh; Intel Mac OS X 10_15_7) AppleWebKit/537.36 (KHTML, like Gecko) Chrome/119.0.0.0 Safari/537.36"
192.168.65.1 - - [06/Dec/2023:00:59:16 +0000] "PUT /api/v1/actions/656fc75ac2cb0a149a92fe6c HTTP/1.1" 200 686 "http://localhost:8080/app/appsmith/student-home-656fb40135f0045611dfddec/edit/api/656fc75ac2cb0a149a92fe6c?branch=newbranch&editName=false&from=datasources" "Mozilla/5.0 (Macintosh; Intel Mac OS X 10_15_7) AppleWebKit/537.36 (KHTML, like Gecko) Chrome/119.0.0.0 Safari/537.36"
127.0.0.1 - - [06/Dec/2023:00:59:17 +0000] "GET / HTTP/1.1" 200 6702 "-" "curl/7.68.0"
192.168.65.1 - - [06/Dec/2023:00:59:25 +0000] "PUT /api/v1/actions/656fc75ac2cb0a149a92fe6c HTTP/1.1" 200 687 "http://localhost:8080/app/appsmith/student-home-656fb40135f0045611dfddec/edit/api/656fc75ac2cb0a149a92fe6c?branch=newbranch&editName=false&from=datasources" "Mozilla/5.0 (Macintosh; Intel Mac OS X 10_15_7) AppleWebKit/537.36 (KHTML, like Gecko) Chrome/119.0.0.0 Safari/537.36"
192.168.65.1 - - [06/Dec/2023:00:59:31 +0000] "PUT /api/v1/actions/656fc75ac2cb0a149a92fe6c HTTP/1.1" 200 691 "http://localhost:8080/app/appsmith/student-home-656fb40135f0045611dfddec/edit/api/656fc75ac2cb0a149a92fe6c?branch=newbranch&editName=false&from=datasources" "Mozilla/5.0 (Macintosh; Intel Mac OS X 10_15_7) AppleWebKit/537.36 (KHTML, like Gecko) Chrome/119.0.0.0 Safari/537.36"
192.168.65.1 - - [06/Dec/2023:00:59:32 +0000] "PUT /api/v1/actions/656fc75ac2cb0a149a92fe6c HTTP/1.1" 200 692 "http://localhost:8080/app/appsmith/student-home-656fb40135f0045611dfddec/edit/api/656fc75ac2cb0a149a92fe6c?branch=newbranch&editName=false&from=datasources" "Mozilla/5.0 (Macintosh; Intel Mac OS X 10_15_7) AppleWebKit/537.36 (KHTML, like Gecko) Chrome/119.0.0.0 Safari/537.36"
127.0.0.1 - - [06/Dec/2023:00:59:33 +0000] "GET / HTTP/1.1" 200 6702 "-" "curl/7.68.0"
192.168.65.1 - - [06/Dec/2023:00:59:35 +0000] "PUT /api/v1/actions/656fc75ac2cb0a149a92fe6c HTTP/1.1" 200 697 "http://localhost:8080/app/appsmith/student-home-656fb40135f0045611dfddec/edit/api/656fc75ac2cb0a149a92fe6c?branch=newbranch&editName=false&from=datasources" "Mozilla/5.0 (Macintosh; Intel Mac OS X 10_15_7) AppleWebKit/537.36 (KHTML, like Gecko) Chrome/119.0.0.0 Safari/537.36"
192.168.65.1 - - [06/Dec/2023:00:59:38 +0000] "PUT /api/v1/actions/656fc75ac2cb0a149a92fe6c HTTP/1.1" 200 689 "http://localhost:8080/app/appsmith/student-home-656fb40135f0045611dfddec/edit/api/656fc75ac2cb0a149a92fe6c?branch=newbranch&editName=false&from=datasources" "Mozilla/5.0 (Macintosh; Intel Mac OS X 10_15_7) AppleWebKit/537.36 (KHTML, like Gecko) Chrome/119.0.0.0 Safari/537.36"
192.168.65.1 - - [06/Dec/2023:00:59:40 +0000] "PUT /api/v1/actions/656fc75ac2cb0a149a92fe6c HTTP/1.1" 200 689 "http://localhost:8080/app/appsmith/student-home-656fb40135f0045611dfddec/edit/api/656fc75ac2cb0a149a92fe6c?branch=newbranch&editName=false&from=datasources" "Mozilla/5.0 (Macintosh; Intel Mac OS X 10_15_7) AppleWebKit/537.36 (KHTML, like Gecko) Chrome/119.0.0.0 Safari/537.36"
127.0.0.1 - - [06/Dec/2023:00:59:48 +0000] "GET / HTTP/1.1" 200 6702 "-" "curl/7.68.0"
192.168.65.1 - - [06/Dec/2023:00:59:53 +0000] "PUT /api/v1/actions/656fc75ac2cb0a149a92fe6c HTTP/1.1" 200 696 "http://localhost:8080/app/appsmith/student-home-656fb40135f0045611dfddec/edit/api/656fc75ac2cb0a149a92fe6c?branch=newbranch&editName=false&from=datasources" "Mozilla/5.0 (Macintosh; Intel Mac OS X 10_15_7) AppleWebKit/537.36 (KHTML, like Gecko) Chrome/119.0.0.0 Safari/537.36"
192.168.65.1 - - [06/Dec/2023:00:59:57 +0000] "PUT /api/v1/actions/656fc75ac2cb0a149a92fe6c HTTP/1.1" 200 693 "http://localhost:8080/app/appsmith/student-home-656fb40135f0045611dfddec/edit/api/656fc75ac2cb0a149a92fe6c?branch=newbranch&editName=false&from=datasources" "Mozilla/5.0 (Macintosh; Intel Mac OS X 10_15_7) AppleWebKit/537.36 (KHTML, like Gecko) Chrome/119.0.0.0 Safari/537.36"
192.168.65.1 - - [06/Dec/2023:00:59:59 +0000] "PUT /api/v1/actions/656fc75ac2cb0a149a92fe6c HTTP/1.1" 200 698 "http://localhost:8080/app/appsmith/student-home-656fb40135f0045611dfddec/edit/api/656fc75ac2cb0a149a92fe6c?branch=newbranch&editName=false&from=datasources" "Mozilla/5.0 (Macintosh; Intel Mac OS X 10_15_7) AppleWebKit/537.36 (KHTML, like Gecko) Chrome/119.0.0.0 Safari/537.36"
192.168.65.1 - - [06/Dec/2023:01:00:02 +0000] "PUT /api/v1/actions/656fc75ac2cb0a149a92fe6c HTTP/1.1" 499 0 "http://localhost:8080/app/appsmith/student-home-656fb40135f0045611dfddec/edit/api/656fc75ac2cb0a149a92fe6c?branch=newbranch&editName=false&from=datasources" "Mozilla/5.0 (Macintosh; Intel Mac OS X 10_15_7) AppleWebKit/537.36 (KHTML, like Gecko) Chrome/119.0.0.0 Safari/537.36"
192.168.65.1 - - [06/Dec/2023:01:00:02 +0000] "PUT /api/v1/actions/656fc75ac2cb0a149a92fe6c HTTP/1.1" 200 738 "http://localhost:8080/app/appsmith/student-home-656fb40135f0045611dfddec/edit/api/656fc75ac2cb0a149a92fe6c?branch=newbranch&editName=false&from=datasources" "Mozilla/5.0 (Macintosh; Intel Mac OS X 10_15_7) AppleWebKit/537.36 (KHTML, like Gecko) Chrome/119.0.0.0 Safari/537.36"
127.0.0.1 - - [06/Dec/2023:01:00:03 +0000] "GET / HTTP/1.1" 200 6702 "-" "curl/7.68.0"
192.168.65.1 - - [06/Dec/2023:01:00:03 +0000] "PUT /api/v1/actions/656fc75ac2cb0a149a92fe6c HTTP/1.1" 200 744 "http://localhost:8080/app/appsmith/student-home-656fb40135f0045611dfddec/edit/api/656fc75ac2cb0a149a92fe6c?branch=newbranch&editName=false&from=datasources" "Mozilla/5.0 (Macintosh; Intel Mac OS X 10_15_7) AppleWebKit/537.36 (KHTML, like Gecko) Chrome/119.0.0.0 Safari/537.36"
192.168.65.1 - - [06/Dec/2023:01:00:03 +0000] "PUT /api/v1/actions/656fc75ac2cb0a149a92fe6c HTTP/1.1" 200 744 "http://localhost:8080/app/appsmith/student-home-656fb40135f0045611dfddec/edit/api/656fc75ac2cb0a149a92fe6c?branch=newbranch&editName=false&from=datasources" "Mozilla/5.0 (Macintosh; Intel Mac OS X 10_15_7) AppleWebKit/537.36 (KHTML, like Gecko) Chrome/119.0.0.0 Safari/537.36"
192.168.65.1 - - [06/Dec/2023:01:00:04 +0000] "POST /api/v1/actions/execute HTTP/1.1" 200 557 "http://localhost:8080/app/appsmith/student-home-656fb40135f0045611dfddec/edit/api/656fc75ac2cb0a149a92fe6c?branch=newbranch&editName=false&from=datasources" "Mozilla/5.0 (Macintosh; Intel Mac OS X 10_15_7) AppleWebKit/537.36 (KHTML, like Gecko) Chrome/119.0.0.0 Safari/537.36"
192.168.65.1 - - [06/Dec/2023:01:00:09 +0000] "PUT /api/v1/actions/656fb4d835f0045611dfddee HTTP/1.1" 200 693 "http://localhost:8080/app/appsmith/student-home-656fb40135f0045611dfddec/edit/api/656fb4d835f0045611dfddee?branch=newbranch" "Mozilla/5.0 (Macintosh; Intel Mac OS X 10_15_7) AppleWebKit/537.36 (KHTML, like Gecko) Chrome/119.0.0.0 Safari/537.36"
192.168.65.1 - - [06/Dec/2023:01:00:10 +0000] "PUT /api/v1/actions/656fc75ac2cb0a149a92fe6c HTTP/1.1" 200 756 "http://localhost:8080/app/appsmith/student-home-656fb40135f0045611dfddec/edit/api/656fc75ac2cb0a149a92fe6c?branch=newbranch" "Mozilla/5.0 (Macintosh; Intel Mac OS X 10_15_7) AppleWebKit/537.36 (KHTML, like Gecko) Chrome/119.0.0.0 Safari/537.36"
192.168.65.1 - - [06/Dec/2023:01:00:11 +0000] "PUT /api/v1/actions/656fb4d835f0045611dfddee HTTP/1.1" 200 693 "http://localhost:8080/app/appsmith/student-home-656fb40135f0045611dfddec/edit/api/656fb4d835f0045611dfddee?branch=newbranch" "Mozilla/5.0 (Macintosh; Intel Mac OS X 10_15_7) AppleWebKit/537.36 (KHTML, like Gecko) Chrome/119.0.0.0 Safari/537.36"
192.168.65.1 - - [06/Dec/2023:01:00:12 +0000] "PUT /api/v1/actions/656fc75ac2cb0a149a92fe6c HTTP/1.1" 200 756 "http://localhost:8080/app/appsmith/student-home-656fb40135f0045611dfddec/edit/api/656fc75ac2cb0a149a92fe6c?branch=newbranch" "Mozilla/5.0 (Macintosh; Intel Mac OS X 10_15_7) AppleWebKit/537.36 (KHTML, like Gecko) Chrome/119.0.0.0 Safari/537.36"
127.0.0.1 - - [06/Dec/2023:01:00:18 +0000] "GET / HTTP/1.1" 200 6702 "-" "curl/7.68.0"
192.168.65.1 - - [06/Dec/2023:01:00:23 +0000] "POST /api/v1/actions/execute HTTP/1.1" 200 431 "http://localhost:8080/app/appsmith/student-home-656fb40135f0045611dfddec/edit/widgets/0lokur6ioa?branch=newbranch" "Mozilla/5.0 (Macintosh; Intel Mac OS X 10_15_7) AppleWebKit/537.36 (KHTML, like Gecko) Chrome/119.0.0.0 Safari/537.36"
192.168.65.1 - - [06/Dec/2023:01:00:30 +0000] "PUT /api/v1/layouts/656fb40135f0045611dfddea/pages/656fb40135f0045611dfddec?applicationId=656fa21035f0045611dfddd9 HTTP/1.1" 200 3816 "http://localhost:8080/app/appsmith/student-home-656fb40135f0045611dfddec/edit/widgets/s1cvuhmn6j?branch=newbranch" "Mozilla/5.0 (Macintosh; Intel Mac OS X 10_15_7) AppleWebKit/537.36 (KHTML, like Gecko) Chrome/119.0.0.0 Safari/537.36"
192.168.65.1 - - [06/Dec/2023:01:00:31 +0000] "PUT /api/v1/layouts/656fb40135f0045611dfddea/pages/656fb40135f0045611dfddec?applicationId=656fa21035f0045611dfddd9 HTTP/1.1" 200 3832 "http://localhost:8080/app/appsmith/student-home-656fb40135f0045611dfddec/edit/widgets/s1cvuhmn6j?branch=newbranch" "Mozilla/5.0 (Macintosh; Intel Mac OS X 10_15_7) AppleWebKit/537.36 (KHTML, like Gecko) Chrome/119.0.0.0 Safari/537.36"
192.168.65.1 - - [06/Dec/2023:01:00:33 +0000] "PUT /api/v1/layouts/656fb40135f0045611dfddea/pages/656fb40135f0045611dfddec?applicationId=656fa21035f0045611dfddd9 HTTP/1.1" 200 3918 "http://localhost:8080/app/appsmith/student-home-656fb40135f0045611dfddec/edit/widgets/s1cvuhmn6j?branch=newbranch" "Mozilla/5.0 (Macintosh; Intel Mac OS X 10_15_7) AppleWebKit/537.36 (KHTML, like Gecko) Chrome/119.0.0.0 Safari/537.36"
127.0.0.1 - - [06/Dec/2023:01:00:33 +0000] "GET / HTTP/1.1" 200 6702 "-" "curl/7.68.0"
127.0.0.1 - - [06/Dec/2023:01:00:48 +0000] "GET / HTTP/1.1" 200 6702 "-" "curl/7.68.0"
192.168.65.1 - - [06/Dec/2023:01:00:56 +0000] "PUT /api/v1/layouts/656fb40135f0045611dfddea/pages/656fb40135f0045611dfddec?applicationId=656fa21035f0045611dfddd9 HTTP/1.1" 200 3661 "http://localhost:8080/app/appsmith/student-home-656fb40135f0045611dfddec/edit?branch=newbranch" "Mozilla/5.0 (Macintosh; Intel Mac OS X 10_15_7) AppleWebKit/537.36 (KHTML, like Gecko) Chrome/119.0.0.0 Safari/537.36"
192.168.65.1 - - [06/Dec/2023:01:01:02 +0000] "PUT /api/v1/layouts/656fb40135f0045611dfddea/pages/656fb40135f0045611dfddec?applicationId=656fa21035f0045611dfddd9 HTTP/1.1" 200 3906 "http://localhost:8080/app/appsmith/student-home-656fb40135f0045611dfddec/edit/widgets/47ngvbgge9?branch=newbranch" "Mozilla/5.0 (Macintosh; Intel Mac OS X 10_15_7) AppleWebKit/537.36 (KHTML, like Gecko) Chrome/119.0.0.0 Safari/537.36"
127.0.0.1 - - [06/Dec/2023:01:01:03 +0000] "GET / HTTP/1.1" 200 6702 "-" "curl/7.68.0"
192.168.65.1 - - [06/Dec/2023:01:01:04 +0000] "PUT /api/v1/layouts/656fb40135f0045611dfddea/pages/656fb40135f0045611dfddec?applicationId=656fa21035f0045611dfddd9 HTTP/1.1" 200 3593 "http://localhost:8080/app/appsmith/student-home-656fb40135f0045611dfddec/edit?branch=newbranch" "Mozilla/5.0 (Macintosh; Intel Mac OS X 10_15_7) AppleWebKit/537.36 (KHTML, like Gecko) Chrome/119.0.0.0 Safari/537.36"
127.0.0.1 - - [06/Dec/2023:01:01:18 +0000] "GET / HTTP/1.1" 200 6702 "-" "curl/7.68.0"
192.168.65.1 - - [06/Dec/2023:01:01:25 +0000] "PUT /api/v1/layouts/656fb40135f0045611dfddea/pages/656fb40135f0045611dfddec?applicationId=656fa21035f0045611dfddd9 HTTP/1.1" 200 3831 "http://localhost:8080/app/appsmith/student-home-656fb40135f0045611dfddec/edit/widgets/db30c6fbt8?branch=newbranch" "Mozilla/5.0 (Macintosh; Intel Mac OS X 10_15_7) AppleWebKit/537.36 (KHTML, like Gecko) Chrome/119.0.0.0 Safari/537.36"
192.168.65.1 - - [06/Dec/2023:01:01:26 +0000] "PUT /api/v1/layouts/656fb40135f0045611dfddea/pages/656fb40135f0045611dfddec?applicationId=656fa21035f0045611dfddd9 HTTP/1.1" 200 3827 "http://localhost:8080/app/appsmith/student-home-656fb40135f0045611dfddec/edit/widgets/db30c6fbt8?branch=newbranch" "Mozilla/5.0 (Macintosh; Intel Mac OS X 10_15_7) AppleWebKit/537.36 (KHTML, like Gecko) Chrome/119.0.0.0 Safari/537.36"
192.168.65.1 - - [06/Dec/2023:01:01:26 +0000] "PUT /api/v1/layouts/656fb40135f0045611dfddea/pages/656fb40135f0045611dfddec?applicationId=656fa21035f0045611dfddd9 HTTP/1.1" 200 3832 "http://localhost:8080/app/appsmith/student-home-656fb40135f0045611dfddec/edit/widgets/db30c6fbt8?branch=newbranch" "Mozilla/5.0 (Macintosh; Intel Mac OS X 10_15_7) AppleWebKit/537.36 (KHTML, like Gecko) Chrome/119.0.0.0 Safari/537.36"
192.168.65.1 - - [06/Dec/2023:01:01:28 +0000] "PUT /api/v1/layouts/656fb40135f0045611dfddea/pages/656fb40135f0045611dfddec?applicationId=656fa21035f0045611dfddd9 HTTP/1.1" 200 3913 "http://localhost:8080/app/appsmith/student-home-656fb40135f0045611dfddec/edit/widgets/db30c6fbt8?branch=newbranch" "Mozilla/5.0 (Macintosh; Intel Mac OS X 10_15_7) AppleWebKit/537.36 (KHTML, like Gecko) Chrome/119.0.0.0 Safari/537.36"
127.0.0.1 - - [06/Dec/2023:01:01:34 +0000] "GET / HTTP/1.1" 200 6702 "-" "curl/7.68.0"
192.168.65.1 - - [06/Dec/2023:01:01:35 +0000] "POST /api/v1/actions/execute HTTP/1.1" 200 432 "http://localhost:8080/app/appsmith/student-home-656fb40135f0045611dfddec/edit/widgets/0lokur6ioa?branch=newbranch" "Mozilla/5.0 (Macintosh; Intel Mac OS X 10_15_7) AppleWebKit/537.36 (KHTML, like Gecko) Chrome/119.0.0.0 Safari/537.36"
192.168.65.1 - - [06/Dec/2023:01:01:39 +0000] "POST /api/v1/actions/execute HTTP/1.1" 200 433 "http://localhost:8080/app/appsmith/student-home-656fb40135f0045611dfddec/edit/widgets/0lokur6ioa?branch=newbranch" "Mozilla/5.0 (Macintosh; Intel Mac OS X 10_15_7) AppleWebKit/537.36 (KHTML, like Gecko) Chrome/119.0.0.0 Safari/537.36"
192.168.65.1 - - [06/Dec/2023:01:01:45 +0000] "PUT /api/v1/layouts/656fb40135f0045611dfddea/pages/656fb40135f0045611dfddec?applicationId=656fa21035f0045611dfddd9 HTTP/1.1" 200 4212 "http://localhost:8080/app/appsmith/student-home-656fb40135f0045611dfddec/edit/widgets/db30c6fbt8?branch=newbranch" "Mozilla/5.0 (Macintosh; Intel Mac OS X 10_15_7) AppleWebKit/537.36 (KHTML, like Gecko) Chrome/119.0.0.0 Safari/537.36"
192.168.65.1 - - [06/Dec/2023:01:01:47 +0000] "PUT /api/v1/layouts/656fb40135f0045611dfddea/pages/656fb40135f0045611dfddec?applicationId=656fa21035f0045611dfddd9 HTTP/1.1" 200 4236 "http://localhost:8080/app/appsmith/student-home-656fb40135f0045611dfddec/edit/widgets/db30c6fbt8?branch=newbranch" "Mozilla/5.0 (Macintosh; Intel Mac OS X 10_15_7) AppleWebKit/537.36 (KHTML, like Gecko) Chrome/119.0.0.0 Safari/537.36"
127.0.0.1 - - [06/Dec/2023:01:01:49 +0000] "GET / HTTP/1.1" 200 6702 "-" "curl/7.68.0"
192.168.65.1 - - [06/Dec/2023:01:01:51 +0000] "PUT /api/v1/actions/656fc75ac2cb0a149a92fe6c HTTP/1.1" 200 756 "http://localhost:8080/app/appsmith/student-home-656fb40135f0045611dfddec/edit/api/656fc75ac2cb0a149a92fe6c?branch=newbranch" "Mozilla/5.0 (Macintosh; Intel Mac OS X 10_15_7) AppleWebKit/537.36 (KHTML, like Gecko) Chrome/119.0.0.0 Safari/537.36"
192.168.65.1 - - [06/Dec/2023:01:01:54 +0000] "POST /api/v1/actions/execute HTTP/1.1" 200 432 "http://localhost:8080/app/appsmith/student-home-656fb40135f0045611dfddec/edit/api/656fc75ac2cb0a149a92fe6c?branch=newbranch" "Mozilla/5.0 (Macintosh; Intel Mac OS X 10_15_7) AppleWebKit/537.36 (KHTML, like Gecko) Chrome/119.0.0.0 Safari/537.36"
192.168.65.1 - - [06/Dec/2023:01:01:55 +0000] "POST /api/v1/actions/execute HTTP/1.1" 200 432 "http://localhost:8080/app/appsmith/student-home-656fb40135f0045611dfddec/edit/api/656fc75ac2cb0a149a92fe6c?branch=newbranch" "Mozilla/5.0 (Macintosh; Intel Mac OS X 10_15_7) AppleWebKit/537.36 (KHTML, like Gecko) Chrome/119.0.0.0 Safari/537.36"
192.168.65.1 - - [06/Dec/2023:01:01:57 +0000] "POST /api/v1/actions/execute HTTP/1.1" 200 432 "http://localhost:8080/app/appsmith/student-home-656fb40135f0045611dfddec/edit/api/656fc75ac2cb0a149a92fe6c?branch=newbranch" "Mozilla/5.0 (Macintosh; Intel Mac OS X 10_15_7) AppleWebKit/537.36 (KHTML, like Gecko) Chrome/119.0.0.0 Safari/537.36"
192.168.65.1 - - [06/Dec/2023:01:01:58 +0000] "POST /api/v1/actions/execute HTTP/1.1" 200 431 "http://localhost:8080/app/appsmith/student-home-656fb40135f0045611dfddec/edit/api/656fc75ac2cb0a149a92fe6c?branch=newbranch" "Mozilla/5.0 (Macintosh; Intel Mac OS X 10_15_7) AppleWebKit/537.36 (KHTML, like Gecko) Chrome/119.0.0.0 Safari/537.36"
192.168.65.1 - - [06/Dec/2023:01:02:02 +0000] "GET /api/v1/workspaces/656fa1a535f0045611dfddcf HTTP/1.1" 200 547 "http://localhost:8080/app/appsmith/student-home-656fb40135f0045611dfddec/edit/api/656fc75ac2cb0a149a92fe6c?branch=newbranch" "Mozilla/5.0 (Macintosh; Intel Mac OS X 10_15_7) AppleWebKit/537.36 (KHTML, like Gecko) Chrome/119.0.0.0 Safari/537.36"
192.168.65.1 - - [06/Dec/2023:01:02:02 +0000] "PUT /api/v1/actions/656fc75ac2cb0a149a92fe6c HTTP/1.1" 200 756 "http://localhost:8080/app/appsmith/student-home-656fb40135f0045611dfddec/edit/api/656fc75ac2cb0a149a92fe6c?branch=newbranch" "Mozilla/5.0 (Macintosh; Intel Mac OS X 10_15_7) AppleWebKit/537.36 (KHTML, like Gecko) Chrome/119.0.0.0 Safari/537.36"
127.0.0.1 - - [06/Dec/2023:01:02:04 +0000] "GET / HTTP/1.1" 200 6702 "-" "curl/7.68.0"
127.0.0.1 - - [06/Dec/2023:01:02:19 +0000] "GET / HTTP/1.1" 200 6702 "-" "curl/7.68.0"
127.0.0.1 - - [06/Dec/2023:01:02:34 +0000] "GET / HTTP/1.1" 200 6702 "-" "curl/7.68.0"
127.0.0.1 - - [06/Dec/2023:01:02:49 +0000] "GET / HTTP/1.1" 200 6702 "-" "curl/7.68.0"
127.0.0.1 - - [06/Dec/2023:01:03:04 +0000] "GET / HTTP/1.1" 200 6702 "-" "curl/7.68.0"
127.0.0.1 - - [06/Dec/2023:01:03:19 +0000] "GET / HTTP/1.1" 200 6702 "-" "curl/7.68.0"
192.168.65.1 - - [06/Dec/2023:01:03:20 +0000] "PUT /api/v1/layouts/656fb40135f0045611dfddea/pages/656fb40135f0045611dfddec?applicationId=656fa21035f0045611dfddd9 HTTP/1.1" 200 3661 "http://localhost:8080/app/appsmith/student-home-656fb40135f0045611dfddec/edit?branch=newbranch" "Mozilla/5.0 (Macintosh; Intel Mac OS X 10_15_7) AppleWebKit/537.36 (KHTML, like Gecko) Chrome/119.0.0.0 Safari/537.36"
192.168.65.1 - - [06/Dec/2023:01:03:24 +0000] "PUT /api/v1/layouts/656fb40135f0045611dfddea/pages/656fb40135f0045611dfddec?applicationId=656fa21035f0045611dfddd9 HTTP/1.1" 200 5165 "http://localhost:8080/app/appsmith/student-home-656fb40135f0045611dfddec/edit/widgets/eu4dh986ky?branch=newbranch" "Mozilla/5.0 (Macintosh; Intel Mac OS X 10_15_7) AppleWebKit/537.36 (KHTML, like Gecko) Chrome/119.0.0.0 Safari/537.36"
192.168.65.1 - - [06/Dec/2023:01:03:28 +0000] "PUT /api/v1/layouts/656fb40135f0045611dfddea/pages/656fb40135f0045611dfddec?applicationId=656fa21035f0045611dfddd9 HTTP/1.1" 200 5160 "http://localhost:8080/app/appsmith/student-home-656fb40135f0045611dfddec/edit/widgets/o1wve06keh?branch=newbranch" "Mozilla/5.0 (Macintosh; Intel Mac OS X 10_15_7) AppleWebKit/537.36 (KHTML, like Gecko) Chrome/119.0.0.0 Safari/537.36"
192.168.65.1 - - [06/Dec/2023:01:03:32 +0000] "PUT /api/v1/layouts/656fb40135f0045611dfddea/pages/656fb40135f0045611dfddec?applicationId=656fa21035f0045611dfddd9 HTTP/1.1" 200 5164 "http://localhost:8080/app/appsmith/student-home-656fb40135f0045611dfddec/edit/widgets/eu4dh986ky?branch=newbranch" "Mozilla/5.0 (Macintosh; Intel Mac OS X 10_15_7) AppleWebKit/537.36 (KHTML, like Gecko) Chrome/119.0.0.0 Safari/537.36"
127.0.0.1 - - [06/Dec/2023:01:03:35 +0000] "GET / HTTP/1.1" 200 6702 "-" "curl/7.68.0"
192.168.65.1 - - [06/Dec/2023:01:03:36 +0000] "PUT /api/v1/layouts/656fb40135f0045611dfddea/pages/656fb40135f0045611dfddec?applicationId=656fa21035f0045611dfddd9 HTTP/1.1" 200 3593 "http://localhost:8080/app/appsmith/student-home-656fb40135f0045611dfddec/edit?branch=newbranch" "Mozilla/5.0 (Macintosh; Intel Mac OS X 10_15_7) AppleWebKit/537.36 (KHTML, like Gecko) Chrome/119.0.0.0 Safari/537.36"
192.168.65.1 - - [06/Dec/2023:01:03:45 +0000] "PUT /api/v1/layouts/656fb40135f0045611dfddea/pages/656fb40135f0045611dfddec?applicationId=656fa21035f0045611dfddd9 HTTP/1.1" 200 3823 "http://localhost:8080/app/appsmith/student-home-656fb40135f0045611dfddec/edit/widgets/w5l2qojxwu?branch=newbranch" "Mozilla/5.0 (Macintosh; Intel Mac OS X 10_15_7) AppleWebKit/537.36 (KHTML, like Gecko) Chrome/119.0.0.0 Safari/537.36"
192.168.65.1 - - [06/Dec/2023:01:03:46 +0000] "PUT /api/v1/layouts/656fb40135f0045611dfddea/pages/656fb40135f0045611dfddec?applicationId=656fa21035f0045611dfddd9 HTTP/1.1" 200 3813 "http://localhost:8080/app/appsmith/student-home-656fb40135f0045611dfddec/edit/widgets/w5l2qojxwu?branch=newbranch" "Mozilla/5.0 (Macintosh; Intel Mac OS X 10_15_7) AppleWebKit/537.36 (KHTML, like Gecko) Chrome/119.0.0.0 Safari/537.36"
127.0.0.1 - - [06/Dec/2023:01:03:50 +0000] "GET / HTTP/1.1" 200 6702 "-" "curl/7.68.0"
192.168.65.1 - - [06/Dec/2023:01:03:54 +0000] "PUT /api/v1/layouts/656fb40135f0045611dfddea/pages/656fb40135f0045611dfddec?applicationId=656fa21035f0045611dfddd9 HTTP/1.1" 200 3806 "http://localhost:8080/app/appsmith/student-home-656fb40135f0045611dfddec/edit/widgets/w5l2qojxwu?branch=newbranch" "Mozilla/5.0 (Macintosh; Intel Mac OS X 10_15_7) AppleWebKit/537.36 (KHTML, like Gecko) Chrome/119.0.0.0 Safari/537.36"
192.168.65.1 - - [06/Dec/2023:01:04:05 +0000] "PUT /api/v1/layouts/656fb40135f0045611dfddea/pages/656fb40135f0045611dfddec?applicationId=656fa21035f0045611dfddd9 HTTP/1.1" 200 3899 "http://localhost:8080/app/appsmith/student-home-656fb40135f0045611dfddec/edit/widgets/w5l2qojxwu?branch=newbranch" "Mozilla/5.0 (Macintosh; Intel Mac OS X 10_15_7) AppleWebKit/537.36 (KHTML, like Gecko) Chrome/119.0.0.0 Safari/537.36"
127.0.0.1 - - [06/Dec/2023:01:04:05 +0000] "GET / HTTP/1.1" 200 6702 "-" "curl/7.68.0"
192.168.65.1 - - [06/Dec/2023:01:04:07 +0000] "PUT /api/v1/layouts/656fb40135f0045611dfddea/pages/656fb40135f0045611dfddec?applicationId=656fa21035f0045611dfddd9 HTTP/1.1" 200 3848 "http://localhost:8080/app/appsmith/student-home-656fb40135f0045611dfddec/edit/widgets/w5l2qojxwu?branch=newbranch" "Mozilla/5.0 (Macintosh; Intel Mac OS X 10_15_7) AppleWebKit/537.36 (KHTML, like Gecko) Chrome/119.0.0.0 Safari/537.36"
192.168.65.1 - - [06/Dec/2023:01:04:08 +0000] "PUT /api/v1/layouts/656fb40135f0045611dfddea/pages/656fb40135f0045611dfddec?applicationId=656fa21035f0045611dfddd9 HTTP/1.1" 200 3856 "http://localhost:8080/app/appsmith/student-home-656fb40135f0045611dfddec/edit/widgets/w5l2qojxwu?branch=newbranch" "Mozilla/5.0 (Macintosh; Intel Mac OS X 10_15_7) AppleWebKit/537.36 (KHTML, like Gecko) Chrome/119.0.0.0 Safari/537.36"
192.168.65.1 - - [06/Dec/2023:01:04:09 +0000] "PUT /api/v1/layouts/656fb40135f0045611dfddea/pages/656fb40135f0045611dfddec?applicationId=656fa21035f0045611dfddd9 HTTP/1.1" 200 3855 "http://localhost:8080/app/appsmith/student-home-656fb40135f0045611dfddec/edit/widgets/w5l2qojxwu?branch=newbranch" "Mozilla/5.0 (Macintosh; Intel Mac OS X 10_15_7) AppleWebKit/537.36 (KHTML, like Gecko) Chrome/119.0.0.0 Safari/537.36"
192.168.65.1 - - [06/Dec/2023:01:04:13 +0000] "PUT /api/v1/layouts/656fb40135f0045611dfddea/pages/656fb40135f0045611dfddec?applicationId=656fa21035f0045611dfddd9 HTTP/1.1" 200 3831 "http://localhost:8080/app/appsmith/student-home-656fb40135f0045611dfddec/edit/widgets/w5l2qojxwu?branch=newbranch" "Mozilla/5.0 (Macintosh; Intel Mac OS X 10_15_7) AppleWebKit/537.36 (KHTML, like Gecko) Chrome/119.0.0.0 Safari/537.36"
192.168.65.1 - - [06/Dec/2023:01:04:14 +0000] "PUT /api/v1/layouts/656fb40135f0045611dfddea/pages/656fb40135f0045611dfddec?applicationId=656fa21035f0045611dfddd9 HTTP/1.1" 200 3832 "http://localhost:8080/app/appsmith/student-home-656fb40135f0045611dfddec/edit/widgets/w5l2qojxwu?branch=newbranch" "Mozilla/5.0 (Macintosh; Intel Mac OS X 10_15_7) AppleWebKit/537.36 (KHTML, like Gecko) Chrome/119.0.0.0 Safari/537.36"
127.0.0.1 - - [06/Dec/2023:01:04:20 +0000] "GET / HTTP/1.1" 200 6702 "-" "curl/7.68.0"
127.0.0.1 - - [06/Dec/2023:01:04:35 +0000] "GET / HTTP/1.1" 200 6702 "-" "curl/7.68.0"
192.168.65.1 - - [06/Dec/2023:01:04:45 +0000] "PUT /api/v1/layouts/656fb40135f0045611dfddea/pages/656fb40135f0045611dfddec?applicationId=656fa21035f0045611dfddd9 HTTP/1.1" 200 3822 "http://localhost:8080/app/appsmith/student-home-656fb40135f0045611dfddec/edit/widgets/7hu4hjm3ch?branch=newbranch" "Mozilla/5.0 (Macintosh; Intel Mac OS X 10_15_7) AppleWebKit/537.36 (KHTML, like Gecko) Chrome/119.0.0.0 Safari/537.36"
127.0.0.1 - - [06/Dec/2023:01:04:50 +0000] "GET / HTTP/1.1" 200 6702 "-" "curl/7.68.0"
