192.168.65.1 - - [06/Dec/2023:01:18:58 +0000] "GET /api/v1/git/fetch/remote/app/656fa21035f0045611dfddd9? HTTP/1.1" 200 150 "http://localhost:8080/app/appsmith/page1-656fa21135f0045611dfdddb/edit/widgets/2gs8x83lee?branch=newbranch" "Mozilla/5.0 (Macintosh; Intel Mac OS X 10_15_7) AppleWebKit/537.36 (KHTML, like Gecko) Chrome/119.0.0.0 Safari/537.36"
192.168.65.1 - - [06/Dec/2023:01:18:58 +0000] "GET /api/v1/applications/ssh-keypair/656fa21035f0045611dfddd9 HTTP/1.1" 200 415 "http://localhost:8080/app/appsmith/page1-656fa21135f0045611dfdddb/edit/widgets/2gs8x83lee?branch=newbranch" "Mozilla/5.0 (Macintosh; Intel Mac OS X 10_15_7) AppleWebKit/537.36 (KHTML, like Gecko) Chrome/119.0.0.0 Safari/537.36"
192.168.65.1 - - [06/Dec/2023:01:18:59 +0000] "GET /api/v1/git/status/app/656fa21035f0045611dfddd9?compareRemote=true HTTP/1.1" 200 363 "http://localhost:8080/app/appsmith/page1-656fa21135f0045611dfdddb/edit/widgets/2gs8x83lee?branch=newbranch" "Mozilla/5.0 (Macintosh; Intel Mac OS X 10_15_7) AppleWebKit/537.36 (KHTML, like Gecko) Chrome/119.0.0.0 Safari/537.36"
127.0.0.1 - - [06/Dec/2023:01:19:00 +0000] "GET / HTTP/1.1" 200 6702 "-" "curl/7.68.0"
192.168.65.1 - - [06/Dec/2023:01:19:02 +0000] "POST /api/v1/git/commit/app/656fa21035f0045611dfddd9?branchName=newbranch HTTP/1.1" 201 166 "http://localhost:8080/app/appsmith/page1-656fa21135f0045611dfdddb/edit/widgets/2gs8x83lee?branch=newbranch" "Mozilla/5.0 (Macintosh; Intel Mac OS X 10_15_7) AppleWebKit/537.36 (KHTML, like Gecko) Chrome/119.0.0.0 Safari/537.36"
192.168.65.1 - - [06/Dec/2023:01:19:02 +0000] "GET /api/v1/git/status/app/656fa21035f0045611dfddd9?compareRemote=true HTTP/1.1" 200 309 "http://localhost:8080/app/appsmith/page1-656fa21135f0045611dfdddb/edit/widgets/2gs8x83lee?branch=newbranch" "Mozilla/5.0 (Macintosh; Intel Mac OS X 10_15_7) AppleWebKit/537.36 (KHTML, like Gecko) Chrome/119.0.0.0 Safari/537.36"
127.0.0.1 - - [06/Dec/2023:01:19:15 +0000] "GET / HTTP/1.1" 200 6702 "-" "curl/7.68.0"
127.0.0.1 - - [06/Dec/2023:01:19:31 +0000] "GET / HTTP/1.1" 200 6702 "-" "curl/7.68.0"
127.0.0.1 - - [06/Dec/2023:01:19:46 +0000] "GET / HTTP/1.1" 200 6702 "-" "curl/7.68.0"
127.0.0.1 - - [06/Dec/2023:01:20:01 +0000] "GET / HTTP/1.1" 200 6702 "-" "curl/7.68.0"
127.0.0.1 - - [06/Dec/2023:01:20:16 +0000] "GET / HTTP/1.1" 200 6702 "-" "curl/7.68.0"
127.0.0.1 - - [06/Dec/2023:01:20:31 +0000] "GET / HTTP/1.1" 200 6702 "-" "curl/7.68.0"
127.0.0.1 - - [06/Dec/2023:01:20:46 +0000] "GET / HTTP/1.1" 200 6702 "-" "curl/7.68.0"
127.0.0.1 - - [06/Dec/2023:01:21:01 +0000] "GET / HTTP/1.1" 200 6702 "-" "curl/7.68.0"
192.168.65.1 - - [06/Dec/2023:01:21:16 +0000] "POST /api/v1/pages HTTP/1.1" 201 889 "http://localhost:8080/app/appsmith/page1-656fa21135f0045611dfdddb/edit/widgets/2gs8x83lee?branch=newbranch" "Mozilla/5.0 (Macintosh; Intel Mac OS X 10_15_7) AppleWebKit/537.36 (KHTML, like Gecko) Chrome/119.0.0.0 Safari/537.36"
192.168.65.1 - - [06/Dec/2023:01:21:16 +0000] "GET /api/v1/pages/656fcc8c42b5450d04d236ef HTTP/1.1" 200 526 "http://localhost:8080/app/appsmith/page2-656fcc8c42b5450d04d236ef/edit?branch=newbranch" "Mozilla/5.0 (Macintosh; Intel Mac OS X 10_15_7) AppleWebKit/537.36 (KHTML, like Gecko) Chrome/119.0.0.0 Safari/537.36"
192.168.65.1 - - [06/Dec/2023:01:21:16 +0000] "GET /api/v1/applications/snapshot/656fa21035f0045611dfddd9 HTTP/1.1" 200 129 "http://localhost:8080/app/appsmith/page2-656fcc8c42b5450d04d236ef/edit?branch=newbranch" "Mozilla/5.0 (Macintosh; Intel Mac OS X 10_15_7) AppleWebKit/537.36 (KHTML, like Gecko) Chrome/119.0.0.0 Safari/537.36"
127.0.0.1 - - [06/Dec/2023:01:21:16 +0000] "GET / HTTP/1.1" 200 6702 "-" "curl/7.68.0"
192.168.65.1 - - [06/Dec/2023:01:21:25 +0000] "PUT /api/v1/pages/656fcc8c42b5450d04d236ef HTTP/1.1" 200 510 "http://localhost:8080/app/appsmith/page2-656fcc8c42b5450d04d236ef/edit?branch=newbranch" "Mozilla/5.0 (Macintosh; Intel Mac OS X 10_15_7) AppleWebKit/537.36 (KHTML, like Gecko) Chrome/119.0.0.0 Safari/537.36"
192.168.65.1 - - [06/Dec/2023:01:21:30 +0000] "PUT /api/v1/pages/656fcc8c42b5450d04d236ef HTTP/1.1" 200 511 "http://localhost:8080/app/appsmith/professor-656fcc8c42b5450d04d236ef/edit?branch=newbranch" "Mozilla/5.0 (Macintosh; Intel Mac OS X 10_15_7) AppleWebKit/537.36 (KHTML, like Gecko) Chrome/119.0.0.0 Safari/537.36"
127.0.0.1 - - [06/Dec/2023:01:21:32 +0000] "GET / HTTP/1.1" 200 6702 "-" "curl/7.68.0"
192.168.65.1 - - [06/Dec/2023:01:21:32 +0000] "PUT /api/v1/pages/656fcc8c42b5450d04d236ef HTTP/1.1" 200 510 "http://localhost:8080/app/appsmith/professor-656fcc8c42b5450d04d236ef/edit?branch=newbranch" "Mozilla/5.0 (Macintosh; Intel Mac OS X 10_15_7) AppleWebKit/537.36 (KHTML, like Gecko) Chrome/119.0.0.0 Safari/537.36"
192.168.65.1 - - [06/Dec/2023:01:21:38 +0000] "PUT /api/v1/pages/656fcc8c42b5450d04d236ef HTTP/1.1" 200 522 "http://localhost:8080/app/appsmith/professor-656fcc8c42b5450d04d236ef/edit?branch=newbranch" "Mozilla/5.0 (Macintosh; Intel Mac OS X 10_15_7) AppleWebKit/537.36 (KHTML, like Gecko) Chrome/119.0.0.0 Safari/537.36"
127.0.0.1 - - [06/Dec/2023:01:21:47 +0000] "GET / HTTP/1.1" 200 6702 "-" "curl/7.68.0"
192.168.65.1 - - [06/Dec/2023:01:21:55 +0000] "PUT /api/v1/layouts/656fcc8b42b5450d04d236ed/pages/656fcc8c42b5450d04d236ef?applicationId=656fa21035f0045611dfddd9 HTTP/1.1" 200 1220 "http://localhost:8080/app/appsmith/professor-view-656fcc8c42b5450d04d236ef/edit/widgets/p9umx6o9or?branch=newbranch" "Mozilla/5.0 (Macintosh; Intel Mac OS X 10_15_7) AppleWebKit/537.36 (KHTML, like Gecko) Chrome/119.0.0.0 Safari/537.36"
192.168.65.1 - - [06/Dec/2023:01:21:55 +0000] "PUT /api/v1/layouts/656fcc8b42b5450d04d236ed/pages/656fcc8c42b5450d04d236ef?applicationId=656fa21035f0045611dfddd9 HTTP/1.1" 200 1221 "http://localhost:8080/app/appsmith/professor-view-656fcc8c42b5450d04d236ef/edit/widgets/p9umx6o9or?branch=newbranch" "Mozilla/5.0 (Macintosh; Intel Mac OS X 10_15_7) AppleWebKit/537.36 (KHTML, like Gecko) Chrome/119.0.0.0 Safari/537.36"
127.0.0.1 - - [06/Dec/2023:01:22:02 +0000] "GET / HTTP/1.1" 200 6702 "-" "curl/7.68.0"
192.168.65.1 - - [06/Dec/2023:01:22:05 +0000] "POST /api/v1/actions HTTP/1.1" 201 1836 "http://localhost:8080/app/appsmith/professor-view-656fcc8c42b5450d04d236ef/edit/widgets/p9umx6o9or?branch=newbranch" "Mozilla/5.0 (Macintosh; Intel Mac OS X 10_15_7) AppleWebKit/537.36 (KHTML, like Gecko) Chrome/119.0.0.0 Safari/537.36"
192.168.65.1 - - [06/Dec/2023:01:22:11 +0000] "PUT /api/v1/actions/656fccbd42b5450d04d236f1 HTTP/1.1" 200 666 "http://localhost:8080/app/appsmith/professor-view-656fcc8c42b5450d04d236ef/edit/api/656fccbd42b5450d04d236f1?branch=newbranch&editName=true&from=datasources" "Mozilla/5.0 (Macintosh; Intel Mac OS X 10_15_7) AppleWebKit/537.36 (KHTML, like Gecko) Chrome/119.0.0.0 Safari/537.36"
192.168.65.1 - - [06/Dec/2023:01:22:12 +0000] "PUT /api/v1/actions/656fccbd42b5450d04d236f1 HTTP/1.1" 200 664 "http://localhost:8080/app/appsmith/professor-view-656fcc8c42b5450d04d236ef/edit/api/656fccbd42b5450d04d236f1?branch=newbranch&editName=true&from=datasources" "Mozilla/5.0 (Macintosh; Intel Mac OS X 10_15_7) AppleWebKit/537.36 (KHTML, like Gecko) Chrome/119.0.0.0 Safari/537.36"
192.168.65.1 - - [06/Dec/2023:01:22:15 +0000] "GET /api/v1/pages/656fcc8c42b5450d04d236ef HTTP/1.1" 200 1373 "http://localhost:8080/app/appsmith/professor-view-656fcc8c42b5450d04d236ef/edit/api/656fccbd42b5450d04d236f1?branch=newbranch&editName=true&from=datasources" "Mozilla/5.0 (Macintosh; Intel Mac OS X 10_15_7) AppleWebKit/537.36 (KHTML, like Gecko) Chrome/119.0.0.0 Safari/537.36"
192.168.65.1 - - [06/Dec/2023:01:22:15 +0000] "PUT /api/v1/actions/refactor HTTP/1.1" 200 1221 "http://localhost:8080/app/appsmith/professor-view-656fcc8c42b5450d04d236ef/edit/api/656fccbd42b5450d04d236f1?branch=newbranch&editName=true&from=datasources" "Mozilla/5.0 (Macintosh; Intel Mac OS X 10_15_7) AppleWebKit/537.36 (KHTML, like Gecko) Chrome/119.0.0.0 Safari/537.36"
192.168.65.1 - - [06/Dec/2023:01:22:15 +0000] "GET /api/v1/collections/actions?pageId=656fcc8c42b5450d04d236ef HTTP/1.1" 200 101 "http://localhost:8080/app/appsmith/professor-view-656fcc8c42b5450d04d236ef/edit/api/656fccbd42b5450d04d236f1?branch=newbranch&editName=false&from=datasources" "Mozilla/5.0 (Macintosh; Intel Mac OS X 10_15_7) AppleWebKit/537.36 (KHTML, like Gecko) Chrome/119.0.0.0 Safari/537.36"
192.168.65.1 - - [06/Dec/2023:01:22:15 +0000] "GET /api/v1/actions?pageId=656fcc8c42b5450d04d236ef HTTP/1.1" 200 658 "http://localhost:8080/app/appsmith/professor-view-656fcc8c42b5450d04d236ef/edit/api/656fccbd42b5450d04d236f1?branch=newbranch&editName=false&from=datasources" "Mozilla/5.0 (Macintosh; Intel Mac OS X 10_15_7) AppleWebKit/537.36 (KHTML, like Gecko) Chrome/119.0.0.0 Safari/537.36"
127.0.0.1 - - [06/Dec/2023:01:22:17 +0000] "GET / HTTP/1.1" 200 6702 "-" "curl/7.68.0"
192.168.65.1 - - [06/Dec/2023:01:22:20 +0000] "PUT /api/v1/actions/656fccbd42b5450d04d236f1 HTTP/1.1" 200 685 "http://localhost:8080/app/appsmith/professor-view-656fcc8c42b5450d04d236ef/edit/api/656fccbd42b5450d04d236f1?branch=newbranch&editName=false&from=datasources" "Mozilla/5.0 (Macintosh; Intel Mac OS X 10_15_7) AppleWebKit/537.36 (KHTML, like Gecko) Chrome/119.0.0.0 Safari/537.36"
192.168.65.1 - - [06/Dec/2023:01:22:23 +0000] "GET /api/v1/pages/656fcc8c42b5450d04d236ef HTTP/1.1" 200 1372 "http://localhost:8080/app/appsmith/professor-view-656fcc8c42b5450d04d236ef/edit/api/656fccbd42b5450d04d236f1?branch=newbranch&editName=false&from=datasources" "Mozilla/5.0 (Macintosh; Intel Mac OS X 10_15_7) AppleWebKit/537.36 (KHTML, like Gecko) Chrome/119.0.0.0 Safari/537.36"
192.168.65.1 - - [06/Dec/2023:01:22:23 +0000] "PUT /api/v1/actions/refactor HTTP/1.1" 200 1221 "http://localhost:8080/app/appsmith/professor-view-656fcc8c42b5450d04d236ef/edit/api/656fccbd42b5450d04d236f1?branch=newbranch&editName=false&from=datasources" "Mozilla/5.0 (Macintosh; Intel Mac OS X 10_15_7) AppleWebKit/537.36 (KHTML, like Gecko) Chrome/119.0.0.0 Safari/537.36"
192.168.65.1 - - [06/Dec/2023:01:22:23 +0000] "GET /api/v1/collections/actions?pageId=656fcc8c42b5450d04d236ef HTTP/1.1" 200 101 "http://localhost:8080/app/appsmith/professor-view-656fcc8c42b5450d04d236ef/edit/api/656fccbd42b5450d04d236f1?branch=newbranch&editName=false&from=datasources" "Mozilla/5.0 (Macintosh; Intel Mac OS X 10_15_7) AppleWebKit/537.36 (KHTML, like Gecko) Chrome/119.0.0.0 Safari/537.36"
192.168.65.1 - - [06/Dec/2023:01:22:23 +0000] "GET /api/v1/actions?pageId=656fcc8c42b5450d04d236ef HTTP/1.1" 200 675 "http://localhost:8080/app/appsmith/professor-view-656fcc8c42b5450d04d236ef/edit/api/656fccbd42b5450d04d236f1?branch=newbranch&editName=false&from=datasources" "Mozilla/5.0 (Macintosh; Intel Mac OS X 10_15_7) AppleWebKit/537.36 (KHTML, like Gecko) Chrome/119.0.0.0 Safari/537.36"
192.168.65.1 - - [06/Dec/2023:01:22:24 +0000] "POST /api/v1/actions/execute HTTP/1.1" 200 2639 "http://localhost:8080/app/appsmith/professor-view-656fcc8c42b5450d04d236ef/edit/api/656fccbd42b5450d04d236f1?branch=newbranch&editName=false&from=datasources" "Mozilla/5.0 (Macintosh; Intel Mac OS X 10_15_7) AppleWebKit/537.36 (KHTML, like Gecko) Chrome/119.0.0.0 Safari/537.36"
192.168.65.1 - - [06/Dec/2023:01:22:31 +0000] "PUT /api/v1/layouts/656fcc8b42b5450d04d236ed/pages/656fcc8c42b5450d04d236ef?applicationId=656fa21035f0045611dfddd9 HTTP/1.1" 200 1918 "http://localhost:8080/app/appsmith/professor-view-656fcc8c42b5450d04d236ef/edit/widgets/p9umx6o9or?branch=newbranch" "Mozilla/5.0 (Macintosh; Intel Mac OS X 10_15_7) AppleWebKit/537.36 (KHTML, like Gecko) Chrome/119.0.0.0 Safari/537.36"
127.0.0.1 - - [06/Dec/2023:01:22:32 +0000] "GET / HTTP/1.1" 200 6702 "-" "curl/7.68.0"
192.168.65.1 - - [06/Dec/2023:01:22:34 +0000] "PUT /api/v1/layouts/656fcc8b42b5450d04d236ed/pages/656fcc8c42b5450d04d236ef?applicationId=656fa21035f0045611dfddd9 HTTP/1.1" 200 1872 "http://localhost:8080/app/appsmith/professor-view-656fcc8c42b5450d04d236ef/edit/widgets/p9umx6o9or?branch=newbranch" "Mozilla/5.0 (Macintosh; Intel Mac OS X 10_15_7) AppleWebKit/537.36 (KHTML, like Gecko) Chrome/119.0.0.0 Safari/537.36"
192.168.65.1 - - [06/Dec/2023:01:22:41 +0000] "PUT /api/v1/layouts/656fcc8b42b5450d04d236ed/pages/656fcc8c42b5450d04d236ef?applicationId=656fa21035f0045611dfddd9 HTTP/1.1" 200 2259 "http://localhost:8080/app/appsmith/professor-view-656fcc8c42b5450d04d236ef/edit/widgets/dhy6g4zhf4?branch=newbranch" "Mozilla/5.0 (Macintosh; Intel Mac OS X 10_15_7) AppleWebKit/537.36 (KHTML, like Gecko) Chrome/119.0.0.0 Safari/537.36"
192.168.65.1 - - [06/Dec/2023:01:22:45 +0000] "PUT /api/v1/layouts/656fcc8b42b5450d04d236ed/pages/656fcc8c42b5450d04d236ef?applicationId=656fa21035f0045611dfddd9 HTTP/1.1" 200 2262 "http://localhost:8080/app/appsmith/professor-view-656fcc8c42b5450d04d236ef/edit/widgets/dhy6g4zhf4?branch=newbranch" "Mozilla/5.0 (Macintosh; Intel Mac OS X 10_15_7) AppleWebKit/537.36 (KHTML, like Gecko) Chrome/119.0.0.0 Safari/537.36"
127.0.0.1 - - [06/Dec/2023:01:22:47 +0000] "GET / HTTP/1.1" 200 6702 "-" "curl/7.68.0"
192.168.65.1 - - [06/Dec/2023:01:22:51 +0000] "PUT /api/v1/layouts/656fcc8b42b5450d04d236ed/pages/656fcc8c42b5450d04d236ef?applicationId=656fa21035f0045611dfddd9 HTTP/1.1" 200 2239 "http://localhost:8080/app/appsmith/professor-view-656fcc8c42b5450d04d236ef/edit/widgets/dhy6g4zhf4?branch=newbranch" "Mozilla/5.0 (Macintosh; Intel Mac OS X 10_15_7) AppleWebKit/537.36 (KHTML, like Gecko) Chrome/119.0.0.0 Safari/537.36"
192.168.65.1 - - [06/Dec/2023:01:22:53 +0000] "PUT /api/v1/layouts/656fcc8b42b5450d04d236ed/pages/656fcc8c42b5450d04d236ef?applicationId=656fa21035f0045611dfddd9 HTTP/1.1" 200 2235 "http://localhost:8080/app/appsmith/professor-view-656fcc8c42b5450d04d236ef/edit/widgets/dhy6g4zhf4?branch=newbranch" "Mozilla/5.0 (Macintosh; Intel Mac OS X 10_15_7) AppleWebKit/537.36 (KHTML, like Gecko) Chrome/119.0.0.0 Safari/537.36"
192.168.65.1 - - [06/Dec/2023:01:22:55 +0000] "PUT /api/v1/layouts/656fcc8b42b5450d04d236ed/pages/656fcc8c42b5450d04d236ef?applicationId=656fa21035f0045611dfddd9 HTTP/1.1" 200 2238 "http://localhost:8080/app/appsmith/professor-view-656fcc8c42b5450d04d236ef/edit/widgets/dhy6g4zhf4?branch=newbranch" "Mozilla/5.0 (Macintosh; Intel Mac OS X 10_15_7) AppleWebKit/537.36 (KHTML, like Gecko) Chrome/119.0.0.0 Safari/537.36"
192.168.65.1 - - [06/Dec/2023:01:22:57 +0000] "PUT /api/v1/layouts/656fcc8b42b5450d04d236ed/pages/656fcc8c42b5450d04d236ef?applicationId=656fa21035f0045611dfddd9 HTTP/1.1" 200 2240 "http://localhost:8080/app/appsmith/professor-view-656fcc8c42b5450d04d236ef/edit?branch=newbranch" "Mozilla/5.0 (Macintosh; Intel Mac OS X 10_15_7) AppleWebKit/537.36 (KHTML, like Gecko) Chrome/119.0.0.0 Safari/537.36"
192.168.65.1 - - [06/Dec/2023:01:23:00 +0000] "PUT /api/v1/layouts/656fcc8b42b5450d04d236ed/pages/656fcc8c42b5450d04d236ef?applicationId=656fa21035f0045611dfddd9 HTTP/1.1" 200 2240 "http://localhost:8080/app/appsmith/professor-view-656fcc8c42b5450d04d236ef/edit?branch=newbranch" "Mozilla/5.0 (Macintosh; Intel Mac OS X 10_15_7) AppleWebKit/537.36 (KHTML, like Gecko) Chrome/119.0.0.0 Safari/537.36"
127.0.0.1 - - [06/Dec/2023:01:23:02 +0000] "GET / HTTP/1.1" 200 6702 "-" "curl/7.68.0"
127.0.0.1 - - [06/Dec/2023:01:23:17 +0000] "GET / HTTP/1.1" 200 6702 "-" "curl/7.68.0"
127.0.0.1 - - [06/Dec/2023:01:23:33 +0000] "GET / HTTP/1.1" 200 6702 "-" "curl/7.68.0"
127.0.0.1 - - [06/Dec/2023:01:23:48 +0000] "GET / HTTP/1.1" 200 6702 "-" "curl/7.68.0"
127.0.0.1 - - [06/Dec/2023:01:24:03 +0000] "GET / HTTP/1.1" 200 6702 "-" "curl/7.68.0"
127.0.0.1 - - [06/Dec/2023:01:24:18 +0000] "GET / HTTP/1.1" 200 6702 "-" "curl/7.68.0"
127.0.0.1 - - [06/Dec/2023:01:24:33 +0000] "GET / HTTP/1.1" 200 6702 "-" "curl/7.68.0"
127.0.0.1 - - [06/Dec/2023:01:24:48 +0000] "GET / HTTP/1.1" 200 6702 "-" "curl/7.68.0"
127.0.0.1 - - [06/Dec/2023:01:25:03 +0000] "GET / HTTP/1.1" 200 6702 "-" "curl/7.68.0"
127.0.0.1 - - [06/Dec/2023:01:25:19 +0000] "GET / HTTP/1.1" 200 6702 "-" "curl/7.68.0"
127.0.0.1 - - [06/Dec/2023:01:25:34 +0000] "GET / HTTP/1.1" 200 6702 "-" "curl/7.68.0"
127.0.0.1 - - [06/Dec/2023:01:25:49 +0000] "GET / HTTP/1.1" 200 6702 "-" "curl/7.68.0"
192.168.65.1 - - [06/Dec/2023:01:25:49 +0000] "PUT /api/v1/pages/656fcc8c42b5450d04d236ef HTTP/1.1" 200 2354 "http://localhost:8080/app/appsmith/professor-view-656fcc8c42b5450d04d236ef/edit?branch=newbranch" "Mozilla/5.0 (Macintosh; Intel Mac OS X 10_15_7) AppleWebKit/537.36 (KHTML, like Gecko) Chrome/119.0.0.0 Safari/537.36"
127.0.0.1 - - [06/Dec/2023:01:26:04 +0000] "GET / HTTP/1.1" 200 6702 "-" "curl/7.68.0"
192.168.65.1 - - [06/Dec/2023:01:26:09 +0000] "POST /api/v1/actions HTTP/1.1" 201 1836 "http://localhost:8080/app/appsmith/professor-2-656fcc8c42b5450d04d236ef/edit?branch=newbranch" "Mozilla/5.0 (Macintosh; Intel Mac OS X 10_15_7) AppleWebKit/537.36 (KHTML, like Gecko) Chrome/119.0.0.0 Safari/537.36"
192.168.65.1 - - [06/Dec/2023:01:26:18 +0000] "PUT /api/v1/actions/656fcdb142b5450d04d236f3 HTTP/1.1" 200 672 "http://localhost:8080/app/appsmith/professor-2-656fcc8c42b5450d04d236ef/edit/api/656fcdb142b5450d04d236f3?branch=newbranch&editName=true&from=datasources" "Mozilla/5.0 (Macintosh; Intel Mac OS X 10_15_7) AppleWebKit/537.36 (KHTML, like Gecko) Chrome/119.0.0.0 Safari/537.36"
127.0.0.1 - - [06/Dec/2023:01:26:19 +0000] "GET / HTTP/1.1" 200 6702 "-" "curl/7.68.0"
192.168.65.1 - - [06/Dec/2023:01:26:19 +0000] "PUT /api/v1/actions/656fcdb142b5450d04d236f3 HTTP/1.1" 200 673 "http://localhost:8080/app/appsmith/professor-2-656fcc8c42b5450d04d236ef/edit/api/656fcdb142b5450d04d236f3?branch=newbranch&editName=true&from=datasources" "Mozilla/5.0 (Macintosh; Intel Mac OS X 10_15_7) AppleWebKit/537.36 (KHTML, like Gecko) Chrome/119.0.0.0 Safari/537.36"
192.168.65.1 - - [06/Dec/2023:01:26:27 +0000] "PUT /api/v1/actions/656fcdb142b5450d04d236f3 HTTP/1.1" 200 674 "http://localhost:8080/app/appsmith/professor-2-656fcc8c42b5450d04d236ef/edit/api/656fcdb142b5450d04d236f3?branch=newbranch&editName=true&from=datasources" "Mozilla/5.0 (Macintosh; Intel Mac OS X 10_15_7) AppleWebKit/537.36 (KHTML, like Gecko) Chrome/119.0.0.0 Safari/537.36"
192.168.65.1 - - [06/Dec/2023:01:26:28 +0000] "PUT /api/v1/actions/656fcdb142b5450d04d236f3 HTTP/1.1" 200 678 "http://localhost:8080/app/appsmith/professor-2-656fcc8c42b5450d04d236ef/edit/api/656fcdb142b5450d04d236f3?branch=newbranch&editName=true&from=datasources" "Mozilla/5.0 (Macintosh; Intel Mac OS X 10_15_7) AppleWebKit/537.36 (KHTML, like Gecko) Chrome/119.0.0.0 Safari/537.36"
192.168.65.1 - - [06/Dec/2023:01:26:28 +0000] "POST /api/v1/actions/execute HTTP/1.1" 200 2856 "http://localhost:8080/app/appsmith/professor-2-656fcc8c42b5450d04d236ef/edit/api/656fcdb142b5450d04d236f3?branch=newbranch&editName=true&from=datasources" "Mozilla/5.0 (Macintosh; Intel Mac OS X 10_15_7) AppleWebKit/537.36 (KHTML, like Gecko) Chrome/119.0.0.0 Safari/537.36"
127.0.0.1 - - [06/Dec/2023:01:26:34 +0000] "GET / HTTP/1.1" 200 6702 "-" "curl/7.68.0"
192.168.65.1 - - [06/Dec/2023:01:26:35 +0000] "GET /api/v1/pages/656fcc8c42b5450d04d236ef HTTP/1.1" 200 2382 "http://localhost:8080/app/appsmith/professor-2-656fcc8c42b5450d04d236ef/edit/api/656fcdb142b5450d04d236f3?branch=newbranch&editName=true&from=datasources" "Mozilla/5.0 (Macintosh; Intel Mac OS X 10_15_7) AppleWebKit/537.36 (KHTML, like Gecko) Chrome/119.0.0.0 Safari/537.36"
192.168.65.1 - - [06/Dec/2023:01:26:35 +0000] "POST /api/v1/actions/execute HTTP/1.1" 200 2856 "http://localhost:8080/app/appsmith/professor-2-656fcc8c42b5450d04d236ef/edit/api/656fcdb142b5450d04d236f3?branch=newbranch&editName=true&from=datasources" "Mozilla/5.0 (Macintosh; Intel Mac OS X 10_15_7) AppleWebKit/537.36 (KHTML, like Gecko) Chrome/119.0.0.0 Safari/537.36"
192.168.65.1 - - [06/Dec/2023:01:26:35 +0000] "PUT /api/v1/actions/refactor HTTP/1.1" 200 2240 "http://localhost:8080/app/appsmith/professor-2-656fcc8c42b5450d04d236ef/edit/api/656fcdb142b5450d04d236f3?branch=newbranch&editName=true&from=datasources" "Mozilla/5.0 (Macintosh; Intel Mac OS X 10_15_7) AppleWebKit/537.36 (KHTML, like Gecko) Chrome/119.0.0.0 Safari/537.36"
192.168.65.1 - - [06/Dec/2023:01:26:35 +0000] "GET /api/v1/collections/actions?pageId=656fcc8c42b5450d04d236ef HTTP/1.1" 200 101 "http://localhost:8080/app/appsmith/professor-2-656fcc8c42b5450d04d236ef/edit/api/656fcdb142b5450d04d236f3?branch=newbranch&editName=false&from=datasources" "Mozilla/5.0 (Macintosh; Intel Mac OS X 10_15_7) AppleWebKit/537.36 (KHTML, like Gecko) Chrome/119.0.0.0 Safari/537.36"
192.168.65.1 - - [06/Dec/2023:01:26:35 +0000] "GET /api/v1/actions?pageId=656fcc8c42b5450d04d236ef HTTP/1.1" 200 754 "http://localhost:8080/app/appsmith/professor-2-656fcc8c42b5450d04d236ef/edit/api/656fcdb142b5450d04d236f3?branch=newbranch&editName=false&from=datasources" "Mozilla/5.0 (Macintosh; Intel Mac OS X 10_15_7) AppleWebKit/537.36 (KHTML, like Gecko) Chrome/119.0.0.0 Safari/537.36"
192.168.65.1 - - [06/Dec/2023:01:26:48 +0000] "PUT /api/v1/layouts/656fcc8b42b5450d04d236ed/pages/656fcc8c42b5450d04d236ef?applicationId=656fa21035f0045611dfddd9 HTTP/1.1" 200 2423 "http://localhost:8080/app/appsmith/professor-2-656fcc8c42b5450d04d236ef/edit?branch=newbranch" "Mozilla/5.0 (Macintosh; Intel Mac OS X 10_15_7) AppleWebKit/537.36 (KHTML, like Gecko) Chrome/119.0.0.0 Safari/537.36"
127.0.0.1 - - [06/Dec/2023:01:26:49 +0000] "GET / HTTP/1.1" 200 6702 "-" "curl/7.68.0"
192.168.65.1 - - [06/Dec/2023:01:26:51 +0000] "PUT /api/v1/layouts/656fcc8b42b5450d04d236ed/pages/656fcc8c42b5450d04d236ef?applicationId=656fa21035f0045611dfddd9 HTTP/1.1" 200 2427 "http://localhost:8080/app/appsmith/professor-2-656fcc8c42b5450d04d236ef/edit?branch=newbranch" "Mozilla/5.0 (Macintosh; Intel Mac OS X 10_15_7) AppleWebKit/537.36 (KHTML, like Gecko) Chrome/119.0.0.0 Safari/537.36"
192.168.65.1 - - [06/Dec/2023:01:26:55 +0000] "PUT /api/v1/layouts/656fcc8b42b5450d04d236ed/pages/656fcc8c42b5450d04d236ef?applicationId=656fa21035f0045611dfddd9 HTTP/1.1" 200 2490 "http://localhost:8080/app/appsmith/professor-2-656fcc8c42b5450d04d236ef/edit/widgets/8vj6snf46k?branch=newbranch" "Mozilla/5.0 (Macintosh; Intel Mac OS X 10_15_7) AppleWebKit/537.36 (KHTML, like Gecko) Chrome/119.0.0.0 Safari/537.36"
192.168.65.1 - - [06/Dec/2023:01:26:57 +0000] "PUT /api/v1/layouts/656fcc8b42b5450d04d236ed/pages/656fcc8c42b5450d04d236ef?applicationId=656fa21035f0045611dfddd9 HTTP/1.1" 200 2487 "http://localhost:8080/app/appsmith/professor-2-656fcc8c42b5450d04d236ef/edit/widgets/8vj6snf46k?branch=newbranch" "Mozilla/5.0 (Macintosh; Intel Mac OS X 10_15_7) AppleWebKit/537.36 (KHTML, like Gecko) Chrome/119.0.0.0 Safari/537.36"
192.168.65.1 - - [06/Dec/2023:01:26:57 +0000] "PUT /api/v1/layouts/656fcc8b42b5450d04d236ed/pages/656fcc8c42b5450d04d236ef?applicationId=656fa21035f0045611dfddd9 HTTP/1.1" 200 2491 "http://localhost:8080/app/appsmith/professor-2-656fcc8c42b5450d04d236ef/edit/widgets/8vj6snf46k?branch=newbranch" "Mozilla/5.0 (Macintosh; Intel Mac OS X 10_15_7) AppleWebKit/537.36 (KHTML, like Gecko) Chrome/119.0.0.0 Safari/537.36"
192.168.65.1 - - [06/Dec/2023:01:27:00 +0000] "PUT /api/v1/layouts/656fcc8b42b5450d04d236ed/pages/656fcc8c42b5450d04d236ef?applicationId=656fa21035f0045611dfddd9 HTTP/1.1" 200 2477 "http://localhost:8080/app/appsmith/professor-2-656fcc8c42b5450d04d236ef/edit/widgets/p9umx6o9or?branch=newbranch" "Mozilla/5.0 (Macintosh; Intel Mac OS X 10_15_7) AppleWebKit/537.36 (KHTML, like Gecko) Chrome/119.0.0.0 Safari/537.36"
192.168.65.1 - - [06/Dec/2023:01:27:03 +0000] "PUT /api/v1/layouts/656fcc8b42b5450d04d236ed/pages/656fcc8c42b5450d04d236ef?applicationId=656fa21035f0045611dfddd9 HTTP/1.1" 200 2480 "http://localhost:8080/app/appsmith/professor-2-656fcc8c42b5450d04d236ef/edit/widgets/8vj6snf46k?branch=newbranch" "Mozilla/5.0 (Macintosh; Intel Mac OS X 10_15_7) AppleWebKit/537.36 (KHTML, like Gecko) Chrome/119.0.0.0 Safari/537.36"
127.0.0.1 - - [06/Dec/2023:01:27:04 +0000] "GET / HTTP/1.1" 200 6702 "-" "curl/7.68.0"
192.168.65.1 - - [06/Dec/2023:01:27:10 +0000] "PUT /api/v1/layouts/656fcc8b42b5450d04d236ed/pages/656fcc8c42b5450d04d236ef?applicationId=656fa21035f0045611dfddd9 HTTP/1.1" 200 2481 "http://localhost:8080/app/appsmith/professor-2-656fcc8c42b5450d04d236ef/edit?branch=newbranch" "Mozilla/5.0 (Macintosh; Intel Mac OS X 10_15_7) AppleWebKit/537.36 (KHTML, like Gecko) Chrome/119.0.0.0 Safari/537.36"
192.168.65.1 - - [06/Dec/2023:01:27:12 +0000] "PUT /api/v1/layouts/656fcc8b42b5450d04d236ed/pages/656fcc8c42b5450d04d236ef?applicationId=656fa21035f0045611dfddd9 HTTP/1.1" 200 2485 "http://localhost:8080/app/appsmith/professor-2-656fcc8c42b5450d04d236ef/edit/widgets/8vj6snf46k?branch=newbranch" "Mozilla/5.0 (Macintosh; Intel Mac OS X 10_15_7) AppleWebKit/537.36 (KHTML, like Gecko) Chrome/119.0.0.0 Safari/537.36"
192.168.65.1 - - [06/Dec/2023:01:27:15 +0000] "PUT /api/v1/layouts/656fcc8b42b5450d04d236ed/pages/656fcc8c42b5450d04d236ef?applicationId=656fa21035f0045611dfddd9 HTTP/1.1" 200 2549 "http://localhost:8080/app/appsmith/professor-2-656fcc8c42b5450d04d236ef/edit/widgets/01th4nmbx7?branch=newbranch" "Mozilla/5.0 (Macintosh; Intel Mac OS X 10_15_7) AppleWebKit/537.36 (KHTML, like Gecko) Chrome/119.0.0.0 Safari/537.36"
192.168.65.1 - - [06/Dec/2023:01:27:19 +0000] "PUT /api/v1/layouts/656fcc8b42b5450d04d236ed/pages/656fcc8c42b5450d04d236ef?applicationId=656fa21035f0045611dfddd9 HTTP/1.1" 200 2500 "http://localhost:8080/app/appsmith/professor-2-656fcc8c42b5450d04d236ef/edit/widgets/01th4nmbx7?branch=newbranch" "Mozilla/5.0 (Macintosh; Intel Mac OS X 10_15_7) AppleWebKit/537.36 (KHTML, like Gecko) Chrome/119.0.0.0 Safari/537.36"
127.0.0.1 - - [06/Dec/2023:01:27:20 +0000] "GET / HTTP/1.1" 200 6702 "-" "curl/7.68.0"
192.168.65.1 - - [06/Dec/2023:01:27:22 +0000] "PUT /api/v1/actions/656fcdb142b5450d04d236f3 HTTP/1.1" 200 698 "http://localhost:8080/app/appsmith/professor-2-656fcc8c42b5450d04d236ef/edit/api/656fcdb142b5450d04d236f3?branch=newbranch" "Mozilla/5.0 (Macintosh; Intel Mac OS X 10_15_7) AppleWebKit/537.36 (KHTML, like Gecko) Chrome/119.0.0.0 Safari/537.36"
192.168.65.1 - - [06/Dec/2023:01:27:23 +0000] "POST /api/v1/actions/execute HTTP/1.1" 200 2853 "http://localhost:8080/app/appsmith/professor-2-656fcc8c42b5450d04d236ef/edit/api/656fcdb142b5450d04d236f3?branch=newbranch" "Mozilla/5.0 (Macintosh; Intel Mac OS X 10_15_7) AppleWebKit/537.36 (KHTML, like Gecko) Chrome/119.0.0.0 Safari/537.36"
192.168.65.1 - - [06/Dec/2023:01:27:26 +0000] "PUT /api/v1/layouts/656fcc8b42b5450d04d236ed/pages/656fcc8c42b5450d04d236ef?applicationId=656fa21035f0045611dfddd9 HTTP/1.1" 200 2756 "http://localhost:8080/app/appsmith/professor-2-656fcc8c42b5450d04d236ef/edit/widgets/01th4nmbx7?branch=newbranch" "Mozilla/5.0 (Macintosh; Intel Mac OS X 10_15_7) AppleWebKit/537.36 (KHTML, like Gecko) Chrome/119.0.0.0 Safari/537.36"
127.0.0.1 - - [06/Dec/2023:01:27:35 +0000] "GET / HTTP/1.1" 200 6702 "-" "curl/7.68.0"
192.168.65.1 - - [06/Dec/2023:01:27:43 +0000] "PUT /api/v1/layouts/656fcc8b42b5450d04d236ed/pages/656fcc8c42b5450d04d236ef?applicationId=656fa21035f0045611dfddd9 HTTP/1.1" 200 2766 "http://localhost:8080/app/appsmith/professor-2-656fcc8c42b5450d04d236ef/edit/widgets/01th4nmbx7?branch=newbranch" "Mozilla/5.0 (Macintosh; Intel Mac OS X 10_15_7) AppleWebKit/537.36 (KHTML, like Gecko) Chrome/119.0.0.0 Safari/537.36"
192.168.65.1 - - [06/Dec/2023:01:27:47 +0000] "PUT /api/v1/layouts/656fcc8b42b5450d04d236ed/pages/656fcc8c42b5450d04d236ef?applicationId=656fa21035f0045611dfddd9 HTTP/1.1" 200 2770 "http://localhost:8080/app/appsmith/professor-2-656fcc8c42b5450d04d236ef/edit/widgets/01th4nmbx7?branch=newbranch" "Mozilla/5.0 (Macintosh; Intel Mac OS X 10_15_7) AppleWebKit/537.36 (KHTML, like Gecko) Chrome/119.0.0.0 Safari/537.36"
192.168.65.1 - - [06/Dec/2023:01:27:49 +0000] "PUT /api/v1/layouts/656fcc8b42b5450d04d236ed/pages/656fcc8c42b5450d04d236ef?applicationId=656fa21035f0045611dfddd9 HTTP/1.1" 200 2774 "http://localhost:8080/app/appsmith/professor-2-656fcc8c42b5450d04d236ef/edit/widgets/dhy6g4zhf4?branch=newbranch" "Mozilla/5.0 (Macintosh; Intel Mac OS X 10_15_7) AppleWebKit/537.36 (KHTML, like Gecko) Chrome/119.0.0.0 Safari/537.36"
127.0.0.1 - - [06/Dec/2023:01:27:50 +0000] "GET / HTTP/1.1" 200 6702 "-" "curl/7.68.0"
192.168.65.1 - - [06/Dec/2023:01:27:55 +0000] "PUT /api/v1/layouts/656fcc8b42b5450d04d236ed/pages/656fcc8c42b5450d04d236ef?applicationId=656fa21035f0045611dfddd9 HTTP/1.1" 200 2766 "http://localhost:8080/app/appsmith/professor-2-656fcc8c42b5450d04d236ef/edit/widgets/p9umx6o9or?branch=newbranch" "Mozilla/5.0 (Macintosh; Intel Mac OS X 10_15_7) AppleWebKit/537.36 (KHTML, like Gecko) Chrome/119.0.0.0 Safari/537.36"
192.168.65.1 - - [06/Dec/2023:01:28:00 +0000] "PUT /api/v1/layouts/656fcc8b42b5450d04d236ed/pages/656fcc8c42b5450d04d236ef?applicationId=656fa21035f0045611dfddd9 HTTP/1.1" 200 2760 "http://localhost:8080/app/appsmith/professor-2-656fcc8c42b5450d04d236ef/edit/widgets/01th4nmbx7?branch=newbranch" "Mozilla/5.0 (Macintosh; Intel Mac OS X 10_15_7) AppleWebKit/537.36 (KHTML, like Gecko) Chrome/119.0.0.0 Safari/537.36"
192.168.65.1 - - [06/Dec/2023:01:28:02 +0000] "PUT /api/v1/layouts/656fcc8b42b5450d04d236ed/pages/656fcc8c42b5450d04d236ef?applicationId=656fa21035f0045611dfddd9 HTTP/1.1" 200 2761 "http://localhost:8080/app/appsmith/professor-2-656fcc8c42b5450d04d236ef/edit?branch=newbranch" "Mozilla/5.0 (Macintosh; Intel Mac OS X 10_15_7) AppleWebKit/537.36 (KHTML, like Gecko) Chrome/119.0.0.0 Safari/537.36"
192.168.65.1 - - [06/Dec/2023:01:28:04 +0000] "PUT /api/v1/layouts/656fcc8b42b5450d04d236ed/pages/656fcc8c42b5450d04d236ef?applicationId=656fa21035f0045611dfddd9 HTTP/1.1" 200 2759 "http://localhost:8080/app/appsmith/professor-2-656fcc8c42b5450d04d236ef/edit?branch=newbranch" "Mozilla/5.0 (Macintosh; Intel Mac OS X 10_15_7) AppleWebKit/537.36 (KHTML, like Gecko) Chrome/119.0.0.0 Safari/537.36"
127.0.0.1 - - [06/Dec/2023:01:28:05 +0000] "GET / HTTP/1.1" 200 6702 "-" "curl/7.68.0"
127.0.0.1 - - [06/Dec/2023:01:28:20 +0000] "GET / HTTP/1.1" 200 6702 "-" "curl/7.68.0"
192.168.65.1 - - [06/Dec/2023:01:28:23 +0000] "PUT /api/v1/layouts/656fcc8b42b5450d04d236ed/pages/656fcc8c42b5450d04d236ef?applicationId=656fa21035f0045611dfddd9 HTTP/1.1" 200 2759 "http://localhost:8080/app/appsmith/professor-2-656fcc8c42b5450d04d236ef/edit?branch=newbranch" "Mozilla/5.0 (Macintosh; Intel Mac OS X 10_15_7) AppleWebKit/537.36 (KHTML, like Gecko) Chrome/119.0.0.0 Safari/537.36"
127.0.0.1 - - [06/Dec/2023:01:28:35 +0000] "GET / HTTP/1.1" 200 6702 "-" "curl/7.68.0"
127.0.0.1 - - [06/Dec/2023:01:28:50 +0000] "GET / HTTP/1.1" 200 6702 "-" "curl/7.68.0"
127.0.0.1 - - [06/Dec/2023:01:29:05 +0000] "GET / HTTP/1.1" 200 6702 "-" "curl/7.68.0"
127.0.0.1 - - [06/Dec/2023:01:29:21 +0000] "GET / HTTP/1.1" 200 6702 "-" "curl/7.68.0"
192.168.65.1 - - [06/Dec/2023:01:29:21 +0000] "POST /api/v1/actions HTTP/1.1" 201 1836 "http://localhost:8080/app/appsmith/professor-2-656fcc8c42b5450d04d236ef/edit?branch=newbranch" "Mozilla/5.0 (Macintosh; Intel Mac OS X 10_15_7) AppleWebKit/537.36 (KHTML, like Gecko) Chrome/119.0.0.0 Safari/537.36"
192.168.65.1 - - [06/Dec/2023:01:29:27 +0000] "GET /api/v1/pages/656fcc8c42b5450d04d236ef HTTP/1.1" 200 2911 "http://localhost:8080/app/appsmith/professor-2-656fcc8c42b5450d04d236ef/edit/api/656fce7142b5450d04d236f5?branch=newbranch&editName=true&from=datasources" "Mozilla/5.0 (Macintosh; Intel Mac OS X 10_15_7) AppleWebKit/537.36 (KHTML, like Gecko) Chrome/119.0.0.0 Safari/537.36"
192.168.65.1 - - [06/Dec/2023:01:29:27 +0000] "PUT /api/v1/actions/refactor HTTP/1.1" 200 2759 "http://localhost:8080/app/appsmith/professor-2-656fcc8c42b5450d04d236ef/edit/api/656fce7142b5450d04d236f5?branch=newbranch&editName=true&from=datasources" "Mozilla/5.0 (Macintosh; Intel Mac OS X 10_15_7) AppleWebKit/537.36 (KHTML, like Gecko) Chrome/119.0.0.0 Safari/537.36"
192.168.65.1 - - [06/Dec/2023:01:29:27 +0000] "GET /api/v1/collections/actions?pageId=656fcc8c42b5450d04d236ef HTTP/1.1" 200 101 "http://localhost:8080/app/appsmith/professor-2-656fcc8c42b5450d04d236ef/edit/api/656fce7142b5450d04d236f5?branch=newbranch&editName=false&from=datasources" "Mozilla/5.0 (Macintosh; Intel Mac OS X 10_15_7) AppleWebKit/537.36 (KHTML, like Gecko) Chrome/119.0.0.0 Safari/537.36"
192.168.65.1 - - [06/Dec/2023:01:29:27 +0000] "GET /api/v1/actions?pageId=656fcc8c42b5450d04d236ef HTTP/1.1" 200 851 "http://localhost:8080/app/appsmith/professor-2-656fcc8c42b5450d04d236ef/edit/api/656fce7142b5450d04d236f5?branch=newbranch&editName=false&from=datasources" "Mozilla/5.0 (Macintosh; Intel Mac OS X 10_15_7) AppleWebKit/537.36 (KHTML, like Gecko) Chrome/119.0.0.0 Safari/537.36"
192.168.65.1 - - [06/Dec/2023:01:29:34 +0000] "PUT /api/v1/actions/656fce7142b5450d04d236f5 HTTP/1.1" 200 683 "http://localhost:8080/app/appsmith/professor-2-656fcc8c42b5450d04d236ef/edit/api/656fce7142b5450d04d236f5?branch=newbranch&editName=false&from=datasources" "Mozilla/5.0 (Macintosh; Intel Mac OS X 10_15_7) AppleWebKit/537.36 (KHTML, like Gecko) Chrome/119.0.0.0 Safari/537.36"
127.0.0.1 - - [06/Dec/2023:01:29:36 +0000] "GET / HTTP/1.1" 200 6702 "-" "curl/7.68.0"
127.0.0.1 - - [06/Dec/2023:01:29:51 +0000] "GET / HTTP/1.1" 200 6702 "-" "curl/7.68.0"
192.168.65.1 - - [06/Dec/2023:01:30:04 +0000] "PUT /api/v1/actions/656fce7142b5450d04d236f5 HTTP/1.1" 200 689 "http://localhost:8080/app/appsmith/professor-2-656fcc8c42b5450d04d236ef/edit/api/656fce7142b5450d04d236f5?branch=newbranch&editName=false&from=datasources" "Mozilla/5.0 (Macintosh; Intel Mac OS X 10_15_7) AppleWebKit/537.36 (KHTML, like Gecko) Chrome/119.0.0.0 Safari/537.36"
192.168.65.1 - - [06/Dec/2023:01:30:05 +0000] "POST /api/v1/actions/execute HTTP/1.1" 200 4607 "http://localhost:8080/app/appsmith/professor-2-656fcc8c42b5450d04d236ef/edit/api/656fce7142b5450d04d236f5?branch=newbranch&editName=false&from=datasources" "Mozilla/5.0 (Macintosh; Intel Mac OS X 10_15_7) AppleWebKit/537.36 (KHTML, like Gecko) Chrome/119.0.0.0 Safari/537.36"
127.0.0.1 - - [06/Dec/2023:01:30:06 +0000] "GET / HTTP/1.1" 200 6702 "-" "curl/7.68.0"
192.168.65.1 - - [06/Dec/2023:01:30:18 +0000] "PUT /api/v1/layouts/656fcc8b42b5450d04d236ed/pages/656fcc8c42b5450d04d236ef?applicationId=656fa21035f0045611dfddd9 HTTP/1.1" 200 2780 "http://localhost:8080/app/appsmith/professor-2-656fcc8c42b5450d04d236ef/edit/widgets/b6tbzgbkhz?branch=newbranch" "Mozilla/5.0 (Macintosh; Intel Mac OS X 10_15_7) AppleWebKit/537.36 (KHTML, like Gecko) Chrome/119.0.0.0 Safari/537.36"
192.168.65.1 - - [06/Dec/2023:01:30:20 +0000] "PUT /api/v1/layouts/656fcc8b42b5450d04d236ed/pages/656fcc8c42b5450d04d236ef?applicationId=656fa21035f0045611dfddd9 HTTP/1.1" 200 2779 "http://localhost:8080/app/appsmith/professor-2-656fcc8c42b5450d04d236ef/edit/widgets/b6tbzgbkhz?branch=newbranch" "Mozilla/5.0 (Macintosh; Intel Mac OS X 10_15_7) AppleWebKit/537.36 (KHTML, like Gecko) Chrome/119.0.0.0 Safari/537.36"
127.0.0.1 - - [06/Dec/2023:01:30:21 +0000] "GET / HTTP/1.1" 200 6702 "-" "curl/7.68.0"
192.168.65.1 - - [06/Dec/2023:01:30:23 +0000] "PUT /api/v1/layouts/656fcc8b42b5450d04d236ed/pages/656fcc8c42b5450d04d236ef?applicationId=656fa21035f0045611dfddd9 HTTP/1.1" 200 2782 "http://localhost:8080/app/appsmith/professor-2-656fcc8c42b5450d04d236ef/edit/widgets/b6tbzgbkhz?branch=newbranch" "Mozilla/5.0 (Macintosh; Intel Mac OS X 10_15_7) AppleWebKit/537.36 (KHTML, like Gecko) Chrome/119.0.0.0 Safari/537.36"
192.168.65.1 - - [06/Dec/2023:01:30:25 +0000] "PUT /api/v1/layouts/656fcc8b42b5450d04d236ed/pages/656fcc8c42b5450d04d236ef?applicationId=656fa21035f0045611dfddd9 HTTP/1.1" 200 2792 "http://localhost:8080/app/appsmith/professor-2-656fcc8c42b5450d04d236ef/edit?branch=newbranch" "Mozilla/5.0 (Macintosh; Intel Mac OS X 10_15_7) AppleWebKit/537.36 (KHTML, like Gecko) Chrome/119.0.0.0 Safari/537.36"
127.0.0.1 - - [06/Dec/2023:01:30:36 +0000] "GET / HTTP/1.1" 200 6702 "-" "curl/7.68.0"
127.0.0.1 - - [06/Dec/2023:01:30:51 +0000] "GET / HTTP/1.1" 200 6702 "-" "curl/7.68.0"
192.168.65.1 - - [06/Dec/2023:01:30:57 +0000] "PUT /api/v1/layouts/656fcc8b42b5450d04d236ed/pages/656fcc8c42b5450d04d236ef?applicationId=656fa21035f0045611dfddd9 HTTP/1.1" 200 2937 "http://localhost:8080/app/appsmith/professor-2-656fcc8c42b5450d04d236ef/edit/widgets/6asiehgsen?branch=newbranch" "Mozilla/5.0 (Macintosh; Intel Mac OS X 10_15_7) AppleWebKit/537.36 (KHTML, like Gecko) Chrome/119.0.0.0 Safari/537.36"
192.168.65.1 - - [06/Dec/2023:01:30:59 +0000] "PUT /api/v1/layouts/656fcc8b42b5450d04d236ed/pages/656fcc8c42b5450d04d236ef?applicationId=656fa21035f0045611dfddd9 HTTP/1.1" 200 2942 "http://localhost:8080/app/appsmith/professor-2-656fcc8c42b5450d04d236ef/edit/widgets/6asiehgsen?branch=newbranch" "Mozilla/5.0 (Macintosh; Intel Mac OS X 10_15_7) AppleWebKit/537.36 (KHTML, like Gecko) Chrome/119.0.0.0 Safari/537.36"
192.168.65.1 - - [06/Dec/2023:01:31:04 +0000] "PUT /api/v1/layouts/656fcc8b42b5450d04d236ed/pages/656fcc8c42b5450d04d236ef?applicationId=656fa21035f0045611dfddd9 HTTP/1.1" 200 3311 "http://localhost:8080/app/appsmith/professor-2-656fcc8c42b5450d04d236ef/edit/widgets/6asiehgsen?branch=newbranch" "Mozilla/5.0 (Macintosh; Intel Mac OS X 10_15_7) AppleWebKit/537.36 (KHTML, like Gecko) Chrome/119.0.0.0 Safari/537.36"
192.168.65.1 - - [06/Dec/2023:01:31:06 +0000] "PUT /api/v1/layouts/656fcc8b42b5450d04d236ed/pages/656fcc8c42b5450d04d236ef?applicationId=656fa21035f0045611dfddd9 HTTP/1.1" 200 3262 "http://localhost:8080/app/appsmith/professor-2-656fcc8c42b5450d04d236ef/edit/widgets/b6tbzgbkhz?branch=newbranch" "Mozilla/5.0 (Macintosh; Intel Mac OS X 10_15_7) AppleWebKit/537.36 (KHTML, like Gecko) Chrome/119.0.0.0 Safari/537.36"
127.0.0.1 - - [06/Dec/2023:01:31:07 +0000] "GET / HTTP/1.1" 200 6702 "-" "curl/7.68.0"
192.168.65.1 - - [06/Dec/2023:01:31:08 +0000] "PUT /api/v1/layouts/656fcc8b42b5450d04d236ed/pages/656fcc8c42b5450d04d236ef?applicationId=656fa21035f0045611dfddd9 HTTP/1.1" 200 3263 "http://localhost:8080/app/appsmith/professor-2-656fcc8c42b5450d04d236ef/edit/widgets/b6tbzgbkhz?branch=newbranch" "Mozilla/5.0 (Macintosh; Intel Mac OS X 10_15_7) AppleWebKit/537.36 (KHTML, like Gecko) Chrome/119.0.0.0 Safari/537.36"
192.168.65.1 - - [06/Dec/2023:01:31:12 +0000] "PUT /api/v1/layouts/656fcc8b42b5450d04d236ed/pages/656fcc8c42b5450d04d236ef?applicationId=656fa21035f0045611dfddd9 HTTP/1.1" 200 3305 "http://localhost:8080/app/appsmith/professor-2-656fcc8c42b5450d04d236ef/edit?branch=newbranch" "Mozilla/5.0 (Macintosh; Intel Mac OS X 10_15_7) AppleWebKit/537.36 (KHTML, like Gecko) Chrome/119.0.0.0 Safari/537.36"
192.168.65.1 - - [06/Dec/2023:01:31:13 +0000] "PUT /api/v1/layouts/656fcc8b42b5450d04d236ed/pages/656fcc8c42b5450d04d236ef?applicationId=656fa21035f0045611dfddd9 HTTP/1.1" 200 3307 "http://localhost:8080/app/appsmith/professor-2-656fcc8c42b5450d04d236ef/edit/widgets/b6tbzgbkhz?branch=newbranch" "Mozilla/5.0 (Macintosh; Intel Mac OS X 10_15_7) AppleWebKit/537.36 (KHTML, like Gecko) Chrome/119.0.0.0 Safari/537.36"
127.0.0.1 - - [06/Dec/2023:01:31:22 +0000] "GET / HTTP/1.1" 200 6702 "-" "curl/7.68.0"
192.168.65.1 - - [06/Dec/2023:01:31:22 +0000] "PUT /api/v1/layouts/656fcc8b42b5450d04d236ed/pages/656fcc8c42b5450d04d236ef?applicationId=656fa21035f0045611dfddd9 HTTP/1.1" 200 3307 "http://localhost:8080/app/appsmith/professor-2-656fcc8c42b5450d04d236ef/edit/widgets/6asiehgsen?branch=newbranch" "Mozilla/5.0 (Macintosh; Intel Mac OS X 10_15_7) AppleWebKit/537.36 (KHTML, like Gecko) Chrome/119.0.0.0 Safari/537.36"
192.168.65.1 - - [06/Dec/2023:01:31:24 +0000] "PUT /api/v1/layouts/656fcc8b42b5450d04d236ed/pages/656fcc8c42b5450d04d236ef?applicationId=656fa21035f0045611dfddd9 HTTP/1.1" 200 3305 "http://localhost:8080/app/appsmith/professor-2-656fcc8c42b5450d04d236ef/edit/widgets/b6tbzgbkhz?branch=newbranch" "Mozilla/5.0 (Macintosh; Intel Mac OS X 10_15_7) AppleWebKit/537.36 (KHTML, like Gecko) Chrome/119.0.0.0 Safari/537.36"
192.168.65.1 - - [06/Dec/2023:01:31:27 +0000] "PUT /api/v1/layouts/656fcc8b42b5450d04d236ed/pages/656fcc8c42b5450d04d236ef?applicationId=656fa21035f0045611dfddd9 HTTP/1.1" 200 3306 "http://localhost:8080/app/appsmith/professor-2-656fcc8c42b5450d04d236ef/edit?branch=newbranch" "Mozilla/5.0 (Macintosh; Intel Mac OS X 10_15_7) AppleWebKit/537.36 (KHTML, like Gecko) Chrome/119.0.0.0 Safari/537.36"
192.168.65.1 - - [06/Dec/2023:01:31:31 +0000] "POST /api/v1/pages HTTP/1.1" 201 889 "http://localhost:8080/app/appsmith/professor-2-656fcc8c42b5450d04d236ef/edit?branch=newbranch" "Mozilla/5.0 (Macintosh; Intel Mac OS X 10_15_7) AppleWebKit/537.36 (KHTML, like Gecko) Chrome/119.0.0.0 Safari/537.36"
192.168.65.1 - - [06/Dec/2023:01:31:31 +0000] "GET /api/v1/pages/656fcef342b5450d04d236f8 HTTP/1.1" 200 524 "http://localhost:8080/app/appsmith/page3-656fcef342b5450d04d236f8/edit?branch=newbranch" "Mozilla/5.0 (Macintosh; Intel Mac OS X 10_15_7) AppleWebKit/537.36 (KHTML, like Gecko) Chrome/119.0.0.0 Safari/537.36"
192.168.65.1 - - [06/Dec/2023:01:31:31 +0000] "GET /api/v1/applications/snapshot/656fa21035f0045611dfddd9 HTTP/1.1" 200 129 "http://localhost:8080/app/appsmith/page3-656fcef342b5450d04d236f8/edit?branch=newbranch" "Mozilla/5.0 (Macintosh; Intel Mac OS X 10_15_7) AppleWebKit/537.36 (KHTML, like Gecko) Chrome/119.0.0.0 Safari/537.36"
127.0.0.1 - - [06/Dec/2023:01:31:37 +0000] "GET / HTTP/1.1" 200 6702 "-" "curl/7.68.0"
127.0.0.1 - - [06/Dec/2023:01:31:52 +0000] "GET / HTTP/1.1" 200 6702 "-" "curl/7.68.0"
127.0.0.1 - - [06/Dec/2023:01:32:07 +0000] "GET / HTTP/1.1" 200 6702 "-" "curl/7.68.0"
127.0.0.1 - - [06/Dec/2023:01:32:22 +0000] "GET / HTTP/1.1" 200 6702 "-" "curl/7.68.0"
127.0.0.1 - - [06/Dec/2023:01:32:37 +0000] "GET / HTTP/1.1" 200 6702 "-" "curl/7.68.0"
192.168.65.1 - - [06/Dec/2023:01:32:46 +0000] "PUT /api/v1/pages/656fcef342b5450d04d236f8 HTTP/1.1" 200 512 "http://localhost:8080/app/appsmith/page3-656fcef342b5450d04d236f8/edit?branch=newbranch" "Mozilla/5.0 (Macintosh; Intel Mac OS X 10_15_7) AppleWebKit/537.36 (KHTML, like Gecko) Chrome/119.0.0.0 Safari/537.36"
192.168.65.1 - - [06/Dec/2023:01:32:48 +0000] "GET /api/v1/pages/656fcc8c42b5450d04d236ef HTTP/1.1" 200 3469 "http://localhost:8080/app/appsmith/professor-2-656fcc8c42b5450d04d236ef/edit?branch=newbranch" "Mozilla/5.0 (Macintosh; Intel Mac OS X 10_15_7) AppleWebKit/537.36 (KHTML, like Gecko) Chrome/119.0.0.0 Safari/537.36"
192.168.65.1 - - [06/Dec/2023:01:32:48 +0000] "GET /api/v1/applications/snapshot/656fa21035f0045611dfddd9 HTTP/1.1" 200 129 "http://localhost:8080/app/appsmith/professor-2-656fcc8c42b5450d04d236ef/edit?branch=newbranch" "Mozilla/5.0 (Macintosh; Intel Mac OS X 10_15_7) AppleWebKit/537.36 (KHTML, like Gecko) Chrome/119.0.0.0 Safari/537.36"
192.168.65.1 - - [06/Dec/2023:01:32:48 +0000] "POST /api/v1/actions/execute HTTP/1.1" 200 2639 "http://localhost:8080/app/appsmith/professor-2-656fcc8c42b5450d04d236ef/edit?branch=newbranch" "Mozilla/5.0 (Macintosh; Intel Mac OS X 10_15_7) AppleWebKit/537.36 (KHTML, like Gecko) Chrome/119.0.0.0 Safari/537.36"
192.168.65.1 - - [06/Dec/2023:01:32:48 +0000] "POST /api/v1/actions/execute HTTP/1.1" 200 2855 "http://localhost:8080/app/appsmith/professor-2-656fcc8c42b5450d04d236ef/edit?branch=newbranch" "Mozilla/5.0 (Macintosh; Intel Mac OS X 10_15_7) AppleWebKit/537.36 (KHTML, like Gecko) Chrome/119.0.0.0 Safari/537.36"
192.168.65.1 - - [06/Dec/2023:01:32:48 +0000] "POST /api/v1/actions/execute HTTP/1.1" 200 4607 "http://localhost:8080/app/appsmith/professor-2-656fcc8c42b5450d04d236ef/edit?branch=newbranch" "Mozilla/5.0 (Macintosh; Intel Mac OS X 10_15_7) AppleWebKit/537.36 (KHTML, like Gecko) Chrome/119.0.0.0 Safari/537.36"
127.0.0.1 - - [06/Dec/2023:01:32:52 +0000] "GET / HTTP/1.1" 200 6702 "-" "curl/7.68.0"
192.168.65.1 - - [06/Dec/2023:01:33:07 +0000] "POST /api/v1/pages HTTP/1.1" 201 889 "http://localhost:8080/app/appsmith/professor-2-656fcc8c42b5450d04d236ef/edit?branch=newbranch" "Mozilla/5.0 (Macintosh; Intel Mac OS X 10_15_7) AppleWebKit/537.36 (KHTML, like Gecko) Chrome/119.0.0.0 Safari/537.36"
192.168.65.1 - - [06/Dec/2023:01:33:07 +0000] "GET /api/v1/pages/656fcf5342b5450d04d236fb HTTP/1.1" 200 523 "http://localhost:8080/app/appsmith/page2-656fcf5342b5450d04d236fb/edit?branch=newbranch" "Mozilla/5.0 (Macintosh; Intel Mac OS X 10_15_7) AppleWebKit/537.36 (KHTML, like Gecko) Chrome/119.0.0.0 Safari/537.36"
192.168.65.1 - - [06/Dec/2023:01:33:07 +0000] "GET /api/v1/applications/snapshot/656fa21035f0045611dfddd9 HTTP/1.1" 200 129 "http://localhost:8080/app/appsmith/page2-656fcf5342b5450d04d236fb/edit?branch=newbranch" "Mozilla/5.0 (Macintosh; Intel Mac OS X 10_15_7) AppleWebKit/537.36 (KHTML, like Gecko) Chrome/119.0.0.0 Safari/537.36"
127.0.0.1 - - [06/Dec/2023:01:33:08 +0000] "GET / HTTP/1.1" 200 6702 "-" "curl/7.68.0"
192.168.65.1 - - [06/Dec/2023:01:33:15 +0000] "PUT /api/v1/pages/656fcf5342b5450d04d236fb HTTP/1.1" 200 513 "http://localhost:8080/app/appsmith/page2-656fcf5342b5450d04d236fb/edit?branch=newbranch" "Mozilla/5.0 (Macintosh; Intel Mac OS X 10_15_7) AppleWebKit/537.36 (KHTML, like Gecko) Chrome/119.0.0.0 Safari/537.36"
192.168.65.1 - - [06/Dec/2023:01:33:17 +0000] "GET /api/v1/pages/656fcef342b5450d04d236f8 HTTP/1.1" 200 543 "http://localhost:8080/app/appsmith/professor-3-656fcef342b5450d04d236f8/edit?branch=newbranch" "Mozilla/5.0 (Macintosh; Intel Mac OS X 10_15_7) AppleWebKit/537.36 (KHTML, like Gecko) Chrome/119.0.0.0 Safari/537.36"
192.168.65.1 - - [06/Dec/2023:01:33:17 +0000] "GET /api/v1/applications/snapshot/656fa21035f0045611dfddd9 HTTP/1.1" 200 129 "http://localhost:8080/app/appsmith/professor-3-656fcef342b5450d04d236f8/edit?branch=newbranch" "Mozilla/5.0 (Macintosh; Intel Mac OS X 10_15_7) AppleWebKit/537.36 (KHTML, like Gecko) Chrome/119.0.0.0 Safari/537.36"
127.0.0.1 - - [06/Dec/2023:01:33:23 +0000] "GET / HTTP/1.1" 200 6702 "-" "curl/7.68.0"
192.168.65.1 - - [06/Dec/2023:01:33:27 +0000] "PUT /api/v1/layouts/656fcef342b5450d04d236f6/pages/656fcef342b5450d04d236f8?applicationId=656fa21035f0045611dfddd9 HTTP/1.1" 200 1717 "http://localhost:8080/app/appsmith/professor-3-656fcef342b5450d04d236f8/edit/widgets/n6keyp2fab?branch=newbranch" "Mozilla/5.0 (Macintosh; Intel Mac OS X 10_15_7) AppleWebKit/537.36 (KHTML, like Gecko) Chrome/119.0.0.0 Safari/537.36"
192.168.65.1 - - [06/Dec/2023:01:33:27 +0000] "PUT /api/v1/layouts/656fcef342b5450d04d236f6/pages/656fcef342b5450d04d236f8?applicationId=656fa21035f0045611dfddd9 HTTP/1.1" 200 1714 "http://localhost:8080/app/appsmith/professor-3-656fcef342b5450d04d236f8/edit/widgets/n6keyp2fab?branch=newbranch" "Mozilla/5.0 (Macintosh; Intel Mac OS X 10_15_7) AppleWebKit/537.36 (KHTML, like Gecko) Chrome/119.0.0.0 Safari/537.36"
192.168.65.1 - - [06/Dec/2023:01:33:28 +0000] "PUT /api/v1/layouts/656fcef342b5450d04d236f6/pages/656fcef342b5450d04d236f8?applicationId=656fa21035f0045611dfddd9 HTTP/1.1" 200 395 "http://localhost:8080/app/appsmith/professor-3-656fcef342b5450d04d236f8/edit?branch=newbranch" "Mozilla/5.0 (Macintosh; Intel Mac OS X 10_15_7) AppleWebKit/537.36 (KHTML, like Gecko) Chrome/119.0.0.0 Safari/537.36"
192.168.65.1 - - [06/Dec/2023:01:33:31 +0000] "PUT /api/v1/layouts/656fcef342b5450d04d236f6/pages/656fcef342b5450d04d236f8?applicationId=656fa21035f0045611dfddd9 HTTP/1.1" 200 1309 "http://localhost:8080/app/appsmith/professor-3-656fcef342b5450d04d236f8/edit/widgets/rtfmnflm6n?branch=newbranch" "Mozilla/5.0 (Macintosh; Intel Mac OS X 10_15_7) AppleWebKit/537.36 (KHTML, like Gecko) Chrome/119.0.0.0 Safari/537.36"
127.0.0.1 - - [06/Dec/2023:01:33:38 +0000] "GET / HTTP/1.1" 200 6702 "-" "curl/7.68.0"
192.168.65.1 - - [06/Dec/2023:01:33:40 +0000] "PUT /api/v1/layouts/656fcef342b5450d04d236f6/pages/656fcef342b5450d04d236f8?applicationId=656fa21035f0045611dfddd9 HTTP/1.1" 200 1341 "http://localhost:8080/app/appsmith/professor-3-656fcef342b5450d04d236f8/edit/widgets/rtfmnflm6n?branch=newbranch" "Mozilla/5.0 (Macintosh; Intel Mac OS X 10_15_7) AppleWebKit/537.36 (KHTML, like Gecko) Chrome/119.0.0.0 Safari/537.36"
192.168.65.1 - - [06/Dec/2023:01:33:52 +0000] "PUT /api/v1/layouts/656fcef342b5450d04d236f6/pages/656fcef342b5450d04d236f8?applicationId=656fa21035f0045611dfddd9 HTTP/1.1" 200 1690 "http://localhost:8080/app/appsmith/professor-3-656fcef342b5450d04d236f8/edit/widgets/rtfmnflm6n?branch=newbranch" "Mozilla/5.0 (Macintosh; Intel Mac OS X 10_15_7) AppleWebKit/537.36 (KHTML, like Gecko) Chrome/119.0.0.0 Safari/537.36"
127.0.0.1 - - [06/Dec/2023:01:33:53 +0000] "GET / HTTP/1.1" 200 6702 "-" "curl/7.68.0"
192.168.65.1 - - [06/Dec/2023:01:34:00 +0000] "PUT /api/v1/layouts/656fcef342b5450d04d236f6/pages/656fcef342b5450d04d236f8?applicationId=656fa21035f0045611dfddd9 HTTP/1.1" 200 1743 "http://localhost:8080/app/appsmith/professor-3-656fcef342b5450d04d236f8/edit/widgets/rtfmnflm6n?branch=newbranch" "Mozilla/5.0 (Macintosh; Intel Mac OS X 10_15_7) AppleWebKit/537.36 (KHTML, like Gecko) Chrome/119.0.0.0 Safari/537.36"
127.0.0.1 - - [06/Dec/2023:01:34:08 +0000] "GET / HTTP/1.1" 200 6702 "-" "curl/7.68.0"
127.0.0.1 - - [06/Dec/2023:01:34:23 +0000] "GET / HTTP/1.1" 200 6702 "-" "curl/7.68.0"
192.168.65.1 - - [06/Dec/2023:01:34:31 +0000] "PUT /api/v1/layouts/656fcef342b5450d04d236f6/pages/656fcef342b5450d04d236f8?applicationId=656fa21035f0045611dfddd9 HTTP/1.1" 200 1785 "http://localhost:8080/app/appsmith/professor-3-656fcef342b5450d04d236f8/edit/widgets/rtfmnflm6n?branch=newbranch" "Mozilla/5.0 (Macintosh; Intel Mac OS X 10_15_7) AppleWebKit/537.36 (KHTML, like Gecko) Chrome/119.0.0.0 Safari/537.36"
192.168.65.1 - - [06/Dec/2023:01:34:32 +0000] "PUT /api/v1/layouts/656fcef342b5450d04d236f6/pages/656fcef342b5450d04d236f8?applicationId=656fa21035f0045611dfddd9 HTTP/1.1" 200 1824 "http://localhost:8080/app/appsmith/professor-3-656fcef342b5450d04d236f8/edit/widgets/rtfmnflm6n?branch=newbranch" "Mozilla/5.0 (Macintosh; Intel Mac OS X 10_15_7) AppleWebKit/537.36 (KHTML, like Gecko) Chrome/119.0.0.0 Safari/537.36"
