192.168.65.1 - - [06/Dec/2023:18:55:37 +0000] "PUT /api/v1/layouts/refactor HTTP/1.1" 200 3998 "http://localhost:8080/app/appsmith/ta-home-6570c1175c47f203f1c52707/edit/widgets/68chjod4ne?branch=newbranch" "Mozilla/5.0 (Macintosh; Intel Mac OS X 10_15_7) AppleWebKit/537.36 (KHTML, like Gecko) Chrome/119.0.0.0 Safari/537.36"
192.168.65.1 - - [06/Dec/2023:18:55:37 +0000] "GET /api/v1/collections/actions?pageId=6570c1175c47f203f1c52707 HTTP/1.1" 200 101 "http://localhost:8080/app/appsmith/ta-home-6570c1175c47f203f1c52707/edit/widgets/68chjod4ne?branch=newbranch" "Mozilla/5.0 (Macintosh; Intel Mac OS X 10_15_7) AppleWebKit/537.36 (KHTML, like Gecko) Chrome/119.0.0.0 Safari/537.36"
192.168.65.1 - - [06/Dec/2023:18:55:37 +0000] "GET /api/v1/actions?pageId=6570c1175c47f203f1c52707 HTTP/1.1" 200 787 "http://localhost:8080/app/appsmith/ta-home-6570c1175c47f203f1c52707/edit/widgets/68chjod4ne?branch=newbranch" "Mozilla/5.0 (Macintosh; Intel Mac OS X 10_15_7) AppleWebKit/537.36 (KHTML, like Gecko) Chrome/119.0.0.0 Safari/537.36"
192.168.65.1 - - [06/Dec/2023:18:55:41 +0000] "PUT /api/v1/layouts/6570c1175c47f203f1c52701/pages/6570c1175c47f203f1c52707?applicationId=656fa21035f0045611dfddd9 HTTP/1.1" 200 3999 "http://localhost:8080/app/appsmith/ta-home-6570c1175c47f203f1c52707/edit/widgets/h56ad1atp1?branch=newbranch" "Mozilla/5.0 (Macintosh; Intel Mac OS X 10_15_7) AppleWebKit/537.36 (KHTML, like Gecko) Chrome/119.0.0.0 Safari/537.36"
127.0.0.1 - - [06/Dec/2023:18:55:44 +0000] "GET / HTTP/1.1" 200 6702 "-" "curl/7.68.0"
192.168.65.1 - - [06/Dec/2023:18:55:45 +0000] "PUT /api/v1/layouts/6570c1175c47f203f1c52701/pages/6570c1175c47f203f1c52707?applicationId=656fa21035f0045611dfddd9 HTTP/1.1" 200 3999 "http://localhost:8080/app/appsmith/ta-home-6570c1175c47f203f1c52707/edit/widgets/h56ad1atp1?branch=newbranch" "Mozilla/5.0 (Macintosh; Intel Mac OS X 10_15_7) AppleWebKit/537.36 (KHTML, like Gecko) Chrome/119.0.0.0 Safari/537.36"
192.168.65.1 - - [06/Dec/2023:18:55:45 +0000] "PUT /api/v1/layouts/6570c1175c47f203f1c52701/pages/6570c1175c47f203f1c52707?applicationId=656fa21035f0045611dfddd9 HTTP/1.1" 200 3997 "http://localhost:8080/app/appsmith/ta-home-6570c1175c47f203f1c52707/edit/widgets/h56ad1atp1?branch=newbranch" "Mozilla/5.0 (Macintosh; Intel Mac OS X 10_15_7) AppleWebKit/537.36 (KHTML, like Gecko) Chrome/119.0.0.0 Safari/537.36"
192.168.65.1 - - [06/Dec/2023:18:55:48 +0000] "PUT /api/v1/layouts/6570c1175c47f203f1c52701/pages/6570c1175c47f203f1c52707?applicationId=656fa21035f0045611dfddd9 HTTP/1.1" 200 3996 "http://localhost:8080/app/appsmith/ta-home-6570c1175c47f203f1c52707/edit/widgets/h56ad1atp1?branch=newbranch" "Mozilla/5.0 (Macintosh; Intel Mac OS X 10_15_7) AppleWebKit/537.36 (KHTML, like Gecko) Chrome/119.0.0.0 Safari/537.36"
192.168.65.1 - - [06/Dec/2023:18:55:51 +0000] "PUT /api/v1/layouts/6570c1175c47f203f1c52701/pages/6570c1175c47f203f1c52707?applicationId=656fa21035f0045611dfddd9 HTTP/1.1" 200 4026 "http://localhost:8080/app/appsmith/ta-home-6570c1175c47f203f1c52707/edit/widgets/h56ad1atp1?branch=newbranch" "Mozilla/5.0 (Macintosh; Intel Mac OS X 10_15_7) AppleWebKit/537.36 (KHTML, like Gecko) Chrome/119.0.0.0 Safari/537.36"
192.168.65.1 - - [06/Dec/2023:18:55:54 +0000] "PUT /api/v1/layouts/6570c1175c47f203f1c52701/pages/6570c1175c47f203f1c52707?applicationId=656fa21035f0045611dfddd9 HTTP/1.1" 200 4026 "http://localhost:8080/app/appsmith/ta-home-6570c1175c47f203f1c52707/edit/widgets/h56ad1atp1?branch=newbranch" "Mozilla/5.0 (Macintosh; Intel Mac OS X 10_15_7) AppleWebKit/537.36 (KHTML, like Gecko) Chrome/119.0.0.0 Safari/537.36"
192.168.65.1 - - [06/Dec/2023:18:55:54 +0000] "PUT /api/v1/layouts/6570c1175c47f203f1c52701/pages/6570c1175c47f203f1c52707?applicationId=656fa21035f0045611dfddd9 HTTP/1.1" 200 4030 "http://localhost:8080/app/appsmith/ta-home-6570c1175c47f203f1c52707/edit/widgets/h56ad1atp1?branch=newbranch" "Mozilla/5.0 (Macintosh; Intel Mac OS X 10_15_7) AppleWebKit/537.36 (KHTML, like Gecko) Chrome/119.0.0.0 Safari/537.36"
192.168.65.1 - - [06/Dec/2023:18:55:58 +0000] "PUT /api/v1/layouts/6570c1175c47f203f1c52701/pages/6570c1175c47f203f1c52707?applicationId=656fa21035f0045611dfddd9 HTTP/1.1" 200 4034 "http://localhost:8080/app/appsmith/ta-home-6570c1175c47f203f1c52707/edit/widgets/h56ad1atp1?branch=newbranch" "Mozilla/5.0 (Macintosh; Intel Mac OS X 10_15_7) AppleWebKit/537.36 (KHTML, like Gecko) Chrome/119.0.0.0 Safari/537.36"
127.0.0.1 - - [06/Dec/2023:18:55:59 +0000] "GET / HTTP/1.1" 200 6702 "-" "curl/7.68.0"
192.168.65.1 - - [06/Dec/2023:18:56:02 +0000] "PUT /api/v1/layouts/6570c1175c47f203f1c52701/pages/6570c1175c47f203f1c52707?applicationId=656fa21035f0045611dfddd9 HTTP/1.1" 200 4013 "http://localhost:8080/app/appsmith/ta-home-6570c1175c47f203f1c52707/edit/widgets/fbe6ebj9jn?branch=newbranch" "Mozilla/5.0 (Macintosh; Intel Mac OS X 10_15_7) AppleWebKit/537.36 (KHTML, like Gecko) Chrome/119.0.0.0 Safari/537.36"
192.168.65.1 - - [06/Dec/2023:18:56:06 +0000] "PUT /api/v1/layouts/6570c1175c47f203f1c52701/pages/6570c1175c47f203f1c52707?applicationId=656fa21035f0045611dfddd9 HTTP/1.1" 200 4015 "http://localhost:8080/app/appsmith/ta-home-6570c1175c47f203f1c52707/edit/widgets/j6igwcvrq9?branch=newbranch" "Mozilla/5.0 (Macintosh; Intel Mac OS X 10_15_7) AppleWebKit/537.36 (KHTML, like Gecko) Chrome/119.0.0.0 Safari/537.36"
192.168.65.1 - - [06/Dec/2023:18:56:10 +0000] "PUT /api/v1/layouts/6570c1175c47f203f1c52701/pages/6570c1175c47f203f1c52707?applicationId=656fa21035f0045611dfddd9 HTTP/1.1" 200 4107 "http://localhost:8080/app/appsmith/ta-home-6570c1175c47f203f1c52707/edit/widgets/onqcub3kx8?branch=newbranch" "Mozilla/5.0 (Macintosh; Intel Mac OS X 10_15_7) AppleWebKit/537.36 (KHTML, like Gecko) Chrome/119.0.0.0 Safari/537.36"
192.168.65.1 - - [06/Dec/2023:18:56:11 +0000] "PUT /api/v1/layouts/6570c1175c47f203f1c52701/pages/6570c1175c47f203f1c52707?applicationId=656fa21035f0045611dfddd9 HTTP/1.1" 200 4095 "http://localhost:8080/app/appsmith/ta-home-6570c1175c47f203f1c52707/edit/widgets/onqcub3kx8?branch=newbranch" "Mozilla/5.0 (Macintosh; Intel Mac OS X 10_15_7) AppleWebKit/537.36 (KHTML, like Gecko) Chrome/119.0.0.0 Safari/537.36"
127.0.0.1 - - [06/Dec/2023:18:56:14 +0000] "GET / HTTP/1.1" 200 6702 "-" "curl/7.68.0"
192.168.65.1 - - [06/Dec/2023:18:56:14 +0000] "PUT /api/v1/layouts/6570c1175c47f203f1c52701/pages/6570c1175c47f203f1c52707?applicationId=656fa21035f0045611dfddd9 HTTP/1.1" 200 4091 "http://localhost:8080/app/appsmith/ta-home-6570c1175c47f203f1c52707/edit/widgets/onqcub3kx8?branch=newbranch" "Mozilla/5.0 (Macintosh; Intel Mac OS X 10_15_7) AppleWebKit/537.36 (KHTML, like Gecko) Chrome/119.0.0.0 Safari/537.36"
192.168.65.1 - - [06/Dec/2023:18:56:16 +0000] "PUT /api/v1/layouts/6570c1175c47f203f1c52701/pages/6570c1175c47f203f1c52707?applicationId=656fa21035f0045611dfddd9 HTTP/1.1" 200 4095 "http://localhost:8080/app/appsmith/ta-home-6570c1175c47f203f1c52707/edit/widgets/onqcub3kx8?branch=newbranch" "Mozilla/5.0 (Macintosh; Intel Mac OS X 10_15_7) AppleWebKit/537.36 (KHTML, like Gecko) Chrome/119.0.0.0 Safari/537.36"
192.168.65.1 - - [06/Dec/2023:18:56:18 +0000] "PUT /api/v1/layouts/6570c1175c47f203f1c52701/pages/6570c1175c47f203f1c52707?applicationId=656fa21035f0045611dfddd9 HTTP/1.1" 200 4100 "http://localhost:8080/app/appsmith/ta-home-6570c1175c47f203f1c52707/edit/widgets/onqcub3kx8?branch=newbranch" "Mozilla/5.0 (Macintosh; Intel Mac OS X 10_15_7) AppleWebKit/537.36 (KHTML, like Gecko) Chrome/119.0.0.0 Safari/537.36"
192.168.65.1 - - [06/Dec/2023:18:56:20 +0000] "PUT /api/v1/layouts/6570c1175c47f203f1c52701/pages/6570c1175c47f203f1c52707?applicationId=656fa21035f0045611dfddd9 HTTP/1.1" 200 4099 "http://localhost:8080/app/appsmith/ta-home-6570c1175c47f203f1c52707/edit?branch=newbranch" "Mozilla/5.0 (Macintosh; Intel Mac OS X 10_15_7) AppleWebKit/537.36 (KHTML, like Gecko) Chrome/119.0.0.0 Safari/537.36"
192.168.65.1 - - [06/Dec/2023:18:56:23 +0000] "PUT /api/v1/layouts/6570c1175c47f203f1c52701/pages/6570c1175c47f203f1c52707?applicationId=656fa21035f0045611dfddd9 HTTP/1.1" 200 4100 "http://localhost:8080/app/appsmith/ta-home-6570c1175c47f203f1c52707/edit/widgets/onqcub3kx8?branch=newbranch" "Mozilla/5.0 (Macintosh; Intel Mac OS X 10_15_7) AppleWebKit/537.36 (KHTML, like Gecko) Chrome/119.0.0.0 Safari/537.36"
127.0.0.1 - - [06/Dec/2023:18:56:29 +0000] "GET / HTTP/1.1" 200 6702 "-" "curl/7.68.0"
192.168.65.1 - - [06/Dec/2023:18:56:34 +0000] "GET /api/v1/git/fetch/remote/app/656fa21035f0045611dfddd9? HTTP/1.1" 200 150 "http://localhost:8080/app/appsmith/ta-home-6570c1175c47f203f1c52707/edit?branch=newbranch" "Mozilla/5.0 (Macintosh; Intel Mac OS X 10_15_7) AppleWebKit/537.36 (KHTML, like Gecko) Chrome/119.0.0.0 Safari/537.36"
192.168.65.1 - - [06/Dec/2023:18:56:34 +0000] "GET /api/v1/applications/ssh-keypair/656fa21035f0045611dfddd9 HTTP/1.1" 200 415 "http://localhost:8080/app/appsmith/ta-home-6570c1175c47f203f1c52707/edit?branch=newbranch" "Mozilla/5.0 (Macintosh; Intel Mac OS X 10_15_7) AppleWebKit/537.36 (KHTML, like Gecko) Chrome/119.0.0.0 Safari/537.36"
192.168.65.1 - - [06/Dec/2023:18:56:35 +0000] "GET /api/v1/git/status/app/656fa21035f0045611dfddd9?compareRemote=true HTTP/1.1" 200 513 "http://localhost:8080/app/appsmith/ta-home-6570c1175c47f203f1c52707/edit?branch=newbranch" "Mozilla/5.0 (Macintosh; Intel Mac OS X 10_15_7) AppleWebKit/537.36 (KHTML, like Gecko) Chrome/119.0.0.0 Safari/537.36"
192.168.65.1 - - [06/Dec/2023:18:56:42 +0000] "POST /api/v1/git/commit/app/656fa21035f0045611dfddd9?branchName=newbranch HTTP/1.1" 201 166 "http://localhost:8080/app/appsmith/ta-home-6570c1175c47f203f1c52707/edit?branch=newbranch" "Mozilla/5.0 (Macintosh; Intel Mac OS X 10_15_7) AppleWebKit/537.36 (KHTML, like Gecko) Chrome/119.0.0.0 Safari/537.36"
192.168.65.1 - - [06/Dec/2023:18:56:43 +0000] "GET /api/v1/git/status/app/656fa21035f0045611dfddd9?compareRemote=true HTTP/1.1" 200 309 "http://localhost:8080/app/appsmith/ta-home-6570c1175c47f203f1c52707/edit?branch=newbranch" "Mozilla/5.0 (Macintosh; Intel Mac OS X 10_15_7) AppleWebKit/537.36 (KHTML, like Gecko) Chrome/119.0.0.0 Safari/537.36"
127.0.0.1 - - [06/Dec/2023:18:56:44 +0000] "GET / HTTP/1.1" 200 6702 "-" "curl/7.68.0"
127.0.0.1 - - [06/Dec/2023:18:56:59 +0000] "GET / HTTP/1.1" 200 6702 "-" "curl/7.68.0"
127.0.0.1 - - [06/Dec/2023:18:57:14 +0000] "GET / HTTP/1.1" 200 6702 "-" "curl/7.68.0"
127.0.0.1 - - [06/Dec/2023:18:57:29 +0000] "GET / HTTP/1.1" 200 6702 "-" "curl/7.68.0"
127.0.0.1 - - [06/Dec/2023:18:57:45 +0000] "GET / HTTP/1.1" 200 6702 "-" "curl/7.68.0"
127.0.0.1 - - [06/Dec/2023:18:58:00 +0000] "GET / HTTP/1.1" 200 6702 "-" "curl/7.68.0"
127.0.0.1 - - [06/Dec/2023:18:58:15 +0000] "GET / HTTP/1.1" 200 6702 "-" "curl/7.68.0"
127.0.0.1 - - [06/Dec/2023:18:58:30 +0000] "GET / HTTP/1.1" 200 6702 "-" "curl/7.68.0"
127.0.0.1 - - [06/Dec/2023:18:58:45 +0000] "GET / HTTP/1.1" 200 6702 "-" "curl/7.68.0"
127.0.0.1 - - [06/Dec/2023:18:59:00 +0000] "GET / HTTP/1.1" 200 6702 "-" "curl/7.68.0"
127.0.0.1 - - [06/Dec/2023:18:59:15 +0000] "GET / HTTP/1.1" 200 6702 "-" "curl/7.68.0"
127.0.0.1 - - [06/Dec/2023:18:59:30 +0000] "GET / HTTP/1.1" 200 6702 "-" "curl/7.68.0"
127.0.0.1 - - [06/Dec/2023:18:59:46 +0000] "GET / HTTP/1.1" 200 6702 "-" "curl/7.68.0"
127.0.0.1 - - [06/Dec/2023:19:00:01 +0000] "GET / HTTP/1.1" 200 6702 "-" "curl/7.68.0"
127.0.0.1 - - [06/Dec/2023:19:00:16 +0000] "GET / HTTP/1.1" 200 6702 "-" "curl/7.68.0"
127.0.0.1 - - [06/Dec/2023:19:00:31 +0000] "GET / HTTP/1.1" 200 6702 "-" "curl/7.68.0"
127.0.0.1 - - [06/Dec/2023:19:00:46 +0000] "GET / HTTP/1.1" 200 6702 "-" "curl/7.68.0"
127.0.0.1 - - [06/Dec/2023:19:01:01 +0000] "GET / HTTP/1.1" 200 6702 "-" "curl/7.68.0"
127.0.0.1 - - [06/Dec/2023:19:01:16 +0000] "GET / HTTP/1.1" 200 6702 "-" "curl/7.68.0"
127.0.0.1 - - [06/Dec/2023:19:01:32 +0000] "GET / HTTP/1.1" 200 6702 "-" "curl/7.68.0"
127.0.0.1 - - [06/Dec/2023:19:01:47 +0000] "GET / HTTP/1.1" 200 6702 "-" "curl/7.68.0"
127.0.0.1 - - [06/Dec/2023:19:02:02 +0000] "GET / HTTP/1.1" 200 6702 "-" "curl/7.68.0"
127.0.0.1 - - [06/Dec/2023:19:02:17 +0000] "GET / HTTP/1.1" 200 6702 "-" "curl/7.68.0"
127.0.0.1 - - [06/Dec/2023:19:02:32 +0000] "GET / HTTP/1.1" 200 6702 "-" "curl/7.68.0"
127.0.0.1 - - [06/Dec/2023:19:02:47 +0000] "GET / HTTP/1.1" 200 6702 "-" "curl/7.68.0"
127.0.0.1 - - [06/Dec/2023:19:03:02 +0000] "GET / HTTP/1.1" 200 6702 "-" "curl/7.68.0"
127.0.0.1 - - [06/Dec/2023:19:03:17 +0000] "GET / HTTP/1.1" 200 6702 "-" "curl/7.68.0"
127.0.0.1 - - [06/Dec/2023:19:03:33 +0000] "GET / HTTP/1.1" 200 6702 "-" "curl/7.68.0"
127.0.0.1 - - [06/Dec/2023:19:03:48 +0000] "GET / HTTP/1.1" 200 6702 "-" "curl/7.68.0"
127.0.0.1 - - [06/Dec/2023:19:04:03 +0000] "GET / HTTP/1.1" 200 6702 "-" "curl/7.68.0"
127.0.0.1 - - [06/Dec/2023:19:04:18 +0000] "GET / HTTP/1.1" 200 6702 "-" "curl/7.68.0"
127.0.0.1 - - [06/Dec/2023:19:04:33 +0000] "GET / HTTP/1.1" 200 6702 "-" "curl/7.68.0"
127.0.0.1 - - [06/Dec/2023:19:04:48 +0000] "GET / HTTP/1.1" 200 6702 "-" "curl/7.68.0"
127.0.0.1 - - [06/Dec/2023:19:05:03 +0000] "GET / HTTP/1.1" 200 6702 "-" "curl/7.68.0"
127.0.0.1 - - [06/Dec/2023:19:05:19 +0000] "GET / HTTP/1.1" 200 6702 "-" "curl/7.68.0"
127.0.0.1 - - [06/Dec/2023:19:05:34 +0000] "GET / HTTP/1.1" 200 6702 "-" "curl/7.68.0"
192.168.65.1 - - [06/Dec/2023:19:05:45 +0000] "GET / HTTP/1.1" 200 2566 "-" "Mozilla/5.0 (Macintosh; Intel Mac OS X 10_15_7) AppleWebKit/537.36 (KHTML, like Gecko) Chrome/119.0.0.0 Safari/537.36"
192.168.65.1 - - [06/Dec/2023:19:05:45 +0000] "GET /api/v1/product-alert/alert HTTP/1.1" 200 99 "http://localhost:8080/" "Mozilla/5.0 (Macintosh; Intel Mac OS X 10_15_7) AppleWebKit/537.36 (KHTML, like Gecko) Chrome/119.0.0.0 Safari/537.36"
192.168.65.1 - - [06/Dec/2023:19:05:45 +0000] "GET /api/v1/users/features HTTP/1.1" 200 844 "http://localhost:8080/" "Mozilla/5.0 (Macintosh; Intel Mac OS X 10_15_7) AppleWebKit/537.36 (KHTML, like Gecko) Chrome/119.0.0.0 Safari/537.36"
192.168.65.1 - - [06/Dec/2023:19:05:45 +0000] "GET /api/v1/tenants/current HTTP/1.1" 200 294 "http://localhost:8080/" "Mozilla/5.0 (Macintosh; Intel Mac OS X 10_15_7) AppleWebKit/537.36 (KHTML, like Gecko) Chrome/119.0.0.0 Safari/537.36"
192.168.65.1 - - [06/Dec/2023:19:05:45 +0000] "GET /api/v1/users/me HTTP/1.1" 200 355 "http://localhost:8080/" "Mozilla/5.0 (Macintosh; Intel Mac OS X 10_15_7) AppleWebKit/537.36 (KHTML, like Gecko) Chrome/119.0.0.0 Safari/537.36"
192.168.65.1 - - [06/Dec/2023:19:05:45 +0000] "GET /api/v1/applications/new HTTP/1.1" 200 1435 "http://localhost:8080/applications" "Mozilla/5.0 (Macintosh; Intel Mac OS X 10_15_7) AppleWebKit/537.36 (KHTML, like Gecko) Chrome/119.0.0.0 Safari/537.36"
192.168.65.1 - - [06/Dec/2023:19:05:45 +0000] "GET /api/v1/applications/releaseItems HTTP/1.1" 200 9695 "http://localhost:8080/applications" "Mozilla/5.0 (Macintosh; Intel Mac OS X 10_15_7) AppleWebKit/537.36 (KHTML, like Gecko) Chrome/119.0.0.0 Safari/537.36"
192.168.65.1 - - [06/Dec/2023:19:05:48 +0000] "GET /pageService.js HTTP/1.1" 304 0 "http://localhost:8080/pageService.js" "Mozilla/5.0 (Macintosh; Intel Mac OS X 10_15_7) AppleWebKit/537.36 (KHTML, like Gecko) Chrome/119.0.0.0 Safari/537.36"
127.0.0.1 - - [06/Dec/2023:19:05:49 +0000] "GET / HTTP/1.1" 200 6702 "-" "curl/7.68.0"
127.0.0.1 - - [06/Dec/2023:19:06:04 +0000] "GET / HTTP/1.1" 200 6702 "-" "curl/7.68.0"
127.0.0.1 - - [06/Dec/2023:19:06:19 +0000] "GET / HTTP/1.1" 200 6702 "-" "curl/7.68.0"
127.0.0.1 - - [06/Dec/2023:19:06:34 +0000] "GET / HTTP/1.1" 200 6702 "-" "curl/7.68.0"
127.0.0.1 - - [06/Dec/2023:19:06:49 +0000] "GET / HTTP/1.1" 200 6702 "-" "curl/7.68.0"
127.0.0.1 - - [06/Dec/2023:19:07:04 +0000] "GET / HTTP/1.1" 200 6702 "-" "curl/7.68.0"
127.0.0.1 - - [06/Dec/2023:19:07:20 +0000] "GET / HTTP/1.1" 200 6702 "-" "curl/7.68.0"
127.0.0.1 - - [06/Dec/2023:19:07:35 +0000] "GET / HTTP/1.1" 200 6702 "-" "curl/7.68.0"
127.0.0.1 - - [06/Dec/2023:19:07:50 +0000] "GET / HTTP/1.1" 200 6702 "-" "curl/7.68.0"
127.0.0.1 - - [06/Dec/2023:19:08:05 +0000] "GET / HTTP/1.1" 200 6702 "-" "curl/7.68.0"
127.0.0.1 - - [06/Dec/2023:19:08:20 +0000] "GET / HTTP/1.1" 200 6702 "-" "curl/7.68.0"
127.0.0.1 - - [06/Dec/2023:19:08:35 +0000] "GET / HTTP/1.1" 200 6702 "-" "curl/7.68.0"
127.0.0.1 - - [06/Dec/2023:19:08:50 +0000] "GET / HTTP/1.1" 200 6702 "-" "curl/7.68.0"
127.0.0.1 - - [06/Dec/2023:19:09:05 +0000] "GET / HTTP/1.1" 200 6702 "-" "curl/7.68.0"
127.0.0.1 - - [06/Dec/2023:19:09:21 +0000] "GET / HTTP/1.1" 200 6702 "-" "curl/7.68.0"
127.0.0.1 - - [06/Dec/2023:19:09:36 +0000] "GET / HTTP/1.1" 200 6702 "-" "curl/7.68.0"
127.0.0.1 - - [06/Dec/2023:19:09:51 +0000] "GET / HTTP/1.1" 200 6702 "-" "curl/7.68.0"
127.0.0.1 - - [06/Dec/2023:19:10:06 +0000] "GET / HTTP/1.1" 200 6702 "-" "curl/7.68.0"
127.0.0.1 - - [06/Dec/2023:19:10:21 +0000] "GET / HTTP/1.1" 200 6702 "-" "curl/7.68.0"
127.0.0.1 - - [06/Dec/2023:19:10:36 +0000] "GET / HTTP/1.1" 200 6702 "-" "curl/7.68.0"
127.0.0.1 - - [06/Dec/2023:19:10:51 +0000] "GET / HTTP/1.1" 200 6702 "-" "curl/7.68.0"
127.0.0.1 - - [06/Dec/2023:19:11:06 +0000] "GET / HTTP/1.1" 200 6702 "-" "curl/7.68.0"
127.0.0.1 - - [06/Dec/2023:19:11:22 +0000] "GET / HTTP/1.1" 200 6702 "-" "curl/7.68.0"
127.0.0.1 - - [06/Dec/2023:19:11:37 +0000] "GET / HTTP/1.1" 200 6702 "-" "curl/7.68.0"
192.168.65.1 - - [06/Dec/2023:19:11:47 +0000] "PUT /api/v1/layouts/6570c1175c47f203f1c52701/pages/6570c1175c47f203f1c52707?applicationId=656fa21035f0045611dfddd9 HTTP/1.1" 200 4152 "http://localhost:8080/app/appsmith/ta-home-6570c1175c47f203f1c52707/edit/widgets/12mdx5tty9?branch=newbranch" "Mozilla/5.0 (Macintosh; Intel Mac OS X 10_15_7) AppleWebKit/537.36 (KHTML, like Gecko) Chrome/119.0.0.0 Safari/537.36"
192.168.65.1 - - [06/Dec/2023:19:11:49 +0000] "PUT /api/v1/layouts/6570c1175c47f203f1c52701/pages/6570c1175c47f203f1c52707?applicationId=656fa21035f0045611dfddd9 HTTP/1.1" 200 4163 "http://localhost:8080/app/appsmith/ta-home-6570c1175c47f203f1c52707/edit/widgets/12mdx5tty9?branch=newbranch" "Mozilla/5.0 (Macintosh; Intel Mac OS X 10_15_7) AppleWebKit/537.36 (KHTML, like Gecko) Chrome/119.0.0.0 Safari/537.36"
127.0.0.1 - - [06/Dec/2023:19:11:52 +0000] "GET / HTTP/1.1" 200 6702 "-" "curl/7.68.0"
192.168.65.1 - - [06/Dec/2023:19:11:56 +0000] "PUT /api/v1/layouts/6570c1175c47f203f1c52701/pages/6570c1175c47f203f1c52707?applicationId=656fa21035f0045611dfddd9 HTTP/1.1" 200 4170 "http://localhost:8080/app/appsmith/ta-home-6570c1175c47f203f1c52707/edit/widgets/12mdx5tty9?branch=newbranch" "Mozilla/5.0 (Macintosh; Intel Mac OS X 10_15_7) AppleWebKit/537.36 (KHTML, like Gecko) Chrome/119.0.0.0 Safari/537.36"
192.168.65.1 - - [06/Dec/2023:19:12:03 +0000] "PUT /api/v1/layouts/6570c1175c47f203f1c52701/pages/6570c1175c47f203f1c52707?applicationId=656fa21035f0045611dfddd9 HTTP/1.1" 200 4176 "http://localhost:8080/app/appsmith/ta-home-6570c1175c47f203f1c52707/edit/widgets/12mdx5tty9?branch=newbranch" "Mozilla/5.0 (Macintosh; Intel Mac OS X 10_15_7) AppleWebKit/537.36 (KHTML, like Gecko) Chrome/119.0.0.0 Safari/537.36"
192.168.65.1 - - [06/Dec/2023:19:12:04 +0000] "PUT /api/v1/layouts/6570c1175c47f203f1c52701/pages/6570c1175c47f203f1c52707?applicationId=656fa21035f0045611dfddd9 HTTP/1.1" 200 4177 "http://localhost:8080/app/appsmith/ta-home-6570c1175c47f203f1c52707/edit/widgets/12mdx5tty9?branch=newbranch" "Mozilla/5.0 (Macintosh; Intel Mac OS X 10_15_7) AppleWebKit/537.36 (KHTML, like Gecko) Chrome/119.0.0.0 Safari/537.36"
192.168.65.1 - - [06/Dec/2023:19:12:06 +0000] "PUT /api/v1/layouts/6570c1175c47f203f1c52701/pages/6570c1175c47f203f1c52707?applicationId=656fa21035f0045611dfddd9 HTTP/1.1" 200 4184 "http://localhost:8080/app/appsmith/ta-home-6570c1175c47f203f1c52707/edit/widgets/j6igwcvrq9?branch=newbranch" "Mozilla/5.0 (Macintosh; Intel Mac OS X 10_15_7) AppleWebKit/537.36 (KHTML, like Gecko) Chrome/119.0.0.0 Safari/537.36"
127.0.0.1 - - [06/Dec/2023:19:12:07 +0000] "GET / HTTP/1.1" 200 6702 "-" "curl/7.68.0"
192.168.65.1 - - [06/Dec/2023:19:12:09 +0000] "PUT /api/v1/layouts/6570c1175c47f203f1c52701/pages/6570c1175c47f203f1c52707?applicationId=656fa21035f0045611dfddd9 HTTP/1.1" 200 4182 "http://localhost:8080/app/appsmith/ta-home-6570c1175c47f203f1c52707/edit/widgets/onqcub3kx8?branch=newbranch" "Mozilla/5.0 (Macintosh; Intel Mac OS X 10_15_7) AppleWebKit/537.36 (KHTML, like Gecko) Chrome/119.0.0.0 Safari/537.36"
192.168.65.1 - - [06/Dec/2023:19:12:11 +0000] "PUT /api/v1/layouts/6570c1175c47f203f1c52701/pages/6570c1175c47f203f1c52707?applicationId=656fa21035f0045611dfddd9 HTTP/1.1" 200 4176 "http://localhost:8080/app/appsmith/ta-home-6570c1175c47f203f1c52707/edit/widgets/68chjod4ne?branch=newbranch" "Mozilla/5.0 (Macintosh; Intel Mac OS X 10_15_7) AppleWebKit/537.36 (KHTML, like Gecko) Chrome/119.0.0.0 Safari/537.36"
192.168.65.1 - - [06/Dec/2023:19:12:12 +0000] "PUT /api/v1/layouts/6570c1175c47f203f1c52701/pages/6570c1175c47f203f1c52707?applicationId=656fa21035f0045611dfddd9 HTTP/1.1" 200 4184 "http://localhost:8080/app/appsmith/ta-home-6570c1175c47f203f1c52707/edit/widgets/h56ad1atp1?branch=newbranch" "Mozilla/5.0 (Macintosh; Intel Mac OS X 10_15_7) AppleWebKit/537.36 (KHTML, like Gecko) Chrome/119.0.0.0 Safari/537.36"
192.168.65.1 - - [06/Dec/2023:19:12:13 +0000] "PUT /api/v1/layouts/6570c1175c47f203f1c52701/pages/6570c1175c47f203f1c52707?applicationId=656fa21035f0045611dfddd9 HTTP/1.1" 200 4181 "http://localhost:8080/app/appsmith/ta-home-6570c1175c47f203f1c52707/edit/widgets/pl2b6ocmly?branch=newbranch" "Mozilla/5.0 (Macintosh; Intel Mac OS X 10_15_7) AppleWebKit/537.36 (KHTML, like Gecko) Chrome/119.0.0.0 Safari/537.36"
192.168.65.1 - - [06/Dec/2023:19:12:15 +0000] "PUT /api/v1/layouts/6570c1175c47f203f1c52701/pages/6570c1175c47f203f1c52707?applicationId=656fa21035f0045611dfddd9 HTTP/1.1" 200 4171 "http://localhost:8080/app/appsmith/ta-home-6570c1175c47f203f1c52707/edit/widgets/fbe6ebj9jn?branch=newbranch" "Mozilla/5.0 (Macintosh; Intel Mac OS X 10_15_7) AppleWebKit/537.36 (KHTML, like Gecko) Chrome/119.0.0.0 Safari/537.36"
192.168.65.1 - - [06/Dec/2023:19:12:18 +0000] "PUT /api/v1/layouts/6570c1175c47f203f1c52701/pages/6570c1175c47f203f1c52707?applicationId=656fa21035f0045611dfddd9 HTTP/1.1" 200 4171 "http://localhost:8080/app/appsmith/ta-home-6570c1175c47f203f1c52707/edit/widgets/j6igwcvrq9?branch=newbranch" "Mozilla/5.0 (Macintosh; Intel Mac OS X 10_15_7) AppleWebKit/537.36 (KHTML, like Gecko) Chrome/119.0.0.0 Safari/537.36"
127.0.0.1 - - [06/Dec/2023:19:12:22 +0000] "GET / HTTP/1.1" 200 6702 "-" "curl/7.68.0"
192.168.65.1 - - [06/Dec/2023:19:12:31 +0000] "PUT /api/v1/layouts/6570c1175c47f203f1c52701/pages/6570c1175c47f203f1c52707?applicationId=656fa21035f0045611dfddd9 HTTP/1.1" 200 4331 "http://localhost:8080/app/appsmith/ta-home-6570c1175c47f203f1c52707/edit/widgets/cxfupezfkj?branch=newbranch" "Mozilla/5.0 (Macintosh; Intel Mac OS X 10_15_7) AppleWebKit/537.36 (KHTML, like Gecko) Chrome/119.0.0.0 Safari/537.36"
192.168.65.1 - - [06/Dec/2023:19:12:33 +0000] "PUT /api/v1/layouts/6570c1175c47f203f1c52701/pages/6570c1175c47f203f1c52707?applicationId=656fa21035f0045611dfddd9 HTTP/1.1" 200 4329 "http://localhost:8080/app/appsmith/ta-home-6570c1175c47f203f1c52707/edit/widgets/j6igwcvrq9?branch=newbranch" "Mozilla/5.0 (Macintosh; Intel Mac OS X 10_15_7) AppleWebKit/537.36 (KHTML, like Gecko) Chrome/119.0.0.0 Safari/537.36"
192.168.65.1 - - [06/Dec/2023:19:12:35 +0000] "PUT /api/v1/layouts/6570c1175c47f203f1c52701/pages/6570c1175c47f203f1c52707?applicationId=656fa21035f0045611dfddd9 HTTP/1.1" 200 4331 "http://localhost:8080/app/appsmith/ta-home-6570c1175c47f203f1c52707/edit/widgets/j6igwcvrq9?branch=newbranch" "Mozilla/5.0 (Macintosh; Intel Mac OS X 10_15_7) AppleWebKit/537.36 (KHTML, like Gecko) Chrome/119.0.0.0 Safari/537.36"
192.168.65.1 - - [06/Dec/2023:19:12:36 +0000] "PUT /api/v1/layouts/6570c1175c47f203f1c52701/pages/6570c1175c47f203f1c52707?applicationId=656fa21035f0045611dfddd9 HTTP/1.1" 200 4322 "http://localhost:8080/app/appsmith/ta-home-6570c1175c47f203f1c52707/edit/widgets/j6igwcvrq9?branch=newbranch" "Mozilla/5.0 (Macintosh; Intel Mac OS X 10_15_7) AppleWebKit/537.36 (KHTML, like Gecko) Chrome/119.0.0.0 Safari/537.36"
127.0.0.1 - - [06/Dec/2023:19:12:37 +0000] "GET / HTTP/1.1" 200 6702 "-" "curl/7.68.0"
192.168.65.1 - - [06/Dec/2023:19:12:39 +0000] "PUT /api/v1/layouts/6570c1175c47f203f1c52701/pages/6570c1175c47f203f1c52707?applicationId=656fa21035f0045611dfddd9 HTTP/1.1" 200 4323 "http://localhost:8080/app/appsmith/ta-home-6570c1175c47f203f1c52707/edit/widgets/cxfupezfkj?branch=newbranch" "Mozilla/5.0 (Macintosh; Intel Mac OS X 10_15_7) AppleWebKit/537.36 (KHTML, like Gecko) Chrome/119.0.0.0 Safari/537.36"
192.168.65.1 - - [06/Dec/2023:19:12:42 +0000] "PUT /api/v1/layouts/6570c1175c47f203f1c52701/pages/6570c1175c47f203f1c52707?applicationId=656fa21035f0045611dfddd9 HTTP/1.1" 200 4324 "http://localhost:8080/app/appsmith/ta-home-6570c1175c47f203f1c52707/edit/widgets/12mdx5tty9?branch=newbranch" "Mozilla/5.0 (Macintosh; Intel Mac OS X 10_15_7) AppleWebKit/537.36 (KHTML, like Gecko) Chrome/119.0.0.0 Safari/537.36"
192.168.65.1 - - [06/Dec/2023:19:12:45 +0000] "PUT /api/v1/layouts/6570c1175c47f203f1c52701/pages/6570c1175c47f203f1c52707?applicationId=656fa21035f0045611dfddd9 HTTP/1.1" 200 4324 "http://localhost:8080/app/appsmith/ta-home-6570c1175c47f203f1c52707/edit/widgets/fbe6ebj9jn?branch=newbranch" "Mozilla/5.0 (Macintosh; Intel Mac OS X 10_15_7) AppleWebKit/537.36 (KHTML, like Gecko) Chrome/119.0.0.0 Safari/537.36"
192.168.65.1 - - [06/Dec/2023:19:12:49 +0000] "PUT /api/v1/layouts/6570c1175c47f203f1c52701/pages/6570c1175c47f203f1c52707?applicationId=656fa21035f0045611dfddd9 HTTP/1.1" 200 4324 "http://localhost:8080/app/appsmith/ta-home-6570c1175c47f203f1c52707/edit/widgets/j6igwcvrq9?branch=newbranch" "Mozilla/5.0 (Macintosh; Intel Mac OS X 10_15_7) AppleWebKit/537.36 (KHTML, like Gecko) Chrome/119.0.0.0 Safari/537.36"
192.168.65.1 - - [06/Dec/2023:19:12:52 +0000] "PUT /api/v1/layouts/6570c1175c47f203f1c52701/pages/6570c1175c47f203f1c52707?applicationId=656fa21035f0045611dfddd9 HTTP/1.1" 200 4326 "http://localhost:8080/app/appsmith/ta-home-6570c1175c47f203f1c52707/edit/widgets/68chjod4ne?branch=newbranch" "Mozilla/5.0 (Macintosh; Intel Mac OS X 10_15_7) AppleWebKit/537.36 (KHTML, like Gecko) Chrome/119.0.0.0 Safari/537.36"
192.168.65.1 - - [06/Dec/2023:19:12:52 +0000] "PUT /api/v1/layouts/6570c1175c47f203f1c52701/pages/6570c1175c47f203f1c52707?applicationId=656fa21035f0045611dfddd9 HTTP/1.1" 200 4327 "http://localhost:8080/app/appsmith/ta-home-6570c1175c47f203f1c52707/edit/widgets/pl2b6ocmly?branch=newbranch" "Mozilla/5.0 (Macintosh; Intel Mac OS X 10_15_7) AppleWebKit/537.36 (KHTML, like Gecko) Chrome/119.0.0.0 Safari/537.36"
127.0.0.1 - - [06/Dec/2023:19:12:52 +0000] "GET / HTTP/1.1" 200 6702 "-" "curl/7.68.0"
192.168.65.1 - - [06/Dec/2023:19:12:55 +0000] "PUT /api/v1/layouts/6570c1175c47f203f1c52701/pages/6570c1175c47f203f1c52707?applicationId=656fa21035f0045611dfddd9 HTTP/1.1" 200 4329 "http://localhost:8080/app/appsmith/ta-home-6570c1175c47f203f1c52707/edit/widgets/fbe6ebj9jn?branch=newbranch" "Mozilla/5.0 (Macintosh; Intel Mac OS X 10_15_7) AppleWebKit/537.36 (KHTML, like Gecko) Chrome/119.0.0.0 Safari/537.36"
127.0.0.1 - - [06/Dec/2023:19:13:08 +0000] "GET / HTTP/1.1" 200 6702 "-" "curl/7.68.0"
127.0.0.1 - - [06/Dec/2023:19:13:23 +0000] "GET / HTTP/1.1" 200 6702 "-" "curl/7.68.0"
127.0.0.1 - - [06/Dec/2023:19:13:38 +0000] "GET / HTTP/1.1" 200 6702 "-" "curl/7.68.0"
192.168.65.1 - - [06/Dec/2023:19:13:51 +0000] "POST /api/v1/actions HTTP/1.1" 201 1836 "http://localhost:8080/app/appsmith/ta-home-6570c1175c47f203f1c52707/edit?branch=newbranch" "Mozilla/5.0 (Macintosh; Intel Mac OS X 10_15_7) AppleWebKit/537.36 (KHTML, like Gecko) Chrome/119.0.0.0 Safari/537.36"
127.0.0.1 - - [06/Dec/2023:19:13:53 +0000] "GET / HTTP/1.1" 200 6702 "-" "curl/7.68.0"
192.168.65.1 - - [06/Dec/2023:19:13:57 +0000] "GET /api/v1/pages/6570c1175c47f203f1c52707 HTTP/1.1" 200 4486 "http://localhost:8080/app/appsmith/ta-home-6570c1175c47f203f1c52707/edit/api/6570c7efcefe456f77ed05b0?branch=newbranch&editName=true&from=datasources" "Mozilla/5.0 (Macintosh; Intel Mac OS X 10_15_7) AppleWebKit/537.36 (KHTML, like Gecko) Chrome/119.0.0.0 Safari/537.36"
192.168.65.1 - - [06/Dec/2023:19:13:57 +0000] "PUT /api/v1/actions/refactor HTTP/1.1" 200 4329 "http://localhost:8080/app/appsmith/ta-home-6570c1175c47f203f1c52707/edit/api/6570c7efcefe456f77ed05b0?branch=newbranch&editName=true&from=datasources" "Mozilla/5.0 (Macintosh; Intel Mac OS X 10_15_7) AppleWebKit/537.36 (KHTML, like Gecko) Chrome/119.0.0.0 Safari/537.36"
192.168.65.1 - - [06/Dec/2023:19:13:57 +0000] "GET /api/v1/collections/actions?pageId=6570c1175c47f203f1c52707 HTTP/1.1" 200 101 "http://localhost:8080/app/appsmith/ta-home-6570c1175c47f203f1c52707/edit/api/6570c7efcefe456f77ed05b0?branch=newbranch&editName=false&from=datasources" "Mozilla/5.0 (Macintosh; Intel Mac OS X 10_15_7) AppleWebKit/537.36 (KHTML, like Gecko) Chrome/119.0.0.0 Safari/537.36"
192.168.65.1 - - [06/Dec/2023:19:13:57 +0000] "GET /api/v1/actions?pageId=6570c1175c47f203f1c52707 HTTP/1.1" 200 940 "http://localhost:8080/app/appsmith/ta-home-6570c1175c47f203f1c52707/edit/api/6570c7efcefe456f77ed05b0?branch=newbranch&editName=false&from=datasources" "Mozilla/5.0 (Macintosh; Intel Mac OS X 10_15_7) AppleWebKit/537.36 (KHTML, like Gecko) Chrome/119.0.0.0 Safari/537.36"
192.168.65.1 - - [06/Dec/2023:19:14:00 +0000] "PUT /api/v1/actions/6570c7efcefe456f77ed05b0 HTTP/1.1" 200 688 "http://localhost:8080/app/appsmith/ta-home-6570c1175c47f203f1c52707/edit/api/6570c7efcefe456f77ed05b0?branch=newbranch&editName=false&from=datasources" "Mozilla/5.0 (Macintosh; Intel Mac OS X 10_15_7) AppleWebKit/537.36 (KHTML, like Gecko) Chrome/119.0.0.0 Safari/537.36"
127.0.0.1 - - [06/Dec/2023:19:14:08 +0000] "GET / HTTP/1.1" 200 6702 "-" "curl/7.68.0"
192.168.65.1 - - [06/Dec/2023:19:14:13 +0000] "PUT /api/v1/actions/6570c7efcefe456f77ed05b0 HTTP/1.1" 200 689 "http://localhost:8080/app/appsmith/ta-home-6570c1175c47f203f1c52707/edit/api/6570c7efcefe456f77ed05b0?branch=newbranch&editName=false&from=datasources" "Mozilla/5.0 (Macintosh; Intel Mac OS X 10_15_7) AppleWebKit/537.36 (KHTML, like Gecko) Chrome/119.0.0.0 Safari/537.36"
192.168.65.1 - - [06/Dec/2023:19:14:18 +0000] "PUT /api/v1/actions/6570c7efcefe456f77ed05b0 HTTP/1.1" 200 696 "http://localhost:8080/app/appsmith/ta-home-6570c1175c47f203f1c52707/edit/api/6570c7efcefe456f77ed05b0?branch=newbranch&editName=false&from=datasources" "Mozilla/5.0 (Macintosh; Intel Mac OS X 10_15_7) AppleWebKit/537.36 (KHTML, like Gecko) Chrome/119.0.0.0 Safari/537.36"
127.0.0.1 - - [06/Dec/2023:19:14:23 +0000] "GET / HTTP/1.1" 200 6702 "-" "curl/7.68.0"
192.168.65.1 - - [06/Dec/2023:19:14:36 +0000] "PUT /api/v1/actions/6570c7efcefe456f77ed05b0 HTTP/1.1" 200 694 "http://localhost:8080/app/appsmith/ta-home-6570c1175c47f203f1c52707/edit/api/6570c7efcefe456f77ed05b0?branch=newbranch&editName=false&from=datasources" "Mozilla/5.0 (Macintosh; Intel Mac OS X 10_15_7) AppleWebKit/537.36 (KHTML, like Gecko) Chrome/119.0.0.0 Safari/537.36"
192.168.65.1 - - [06/Dec/2023:19:14:37 +0000] "PUT /api/v1/actions/6570c7efcefe456f77ed05b0 HTTP/1.1" 200 696 "http://localhost:8080/app/appsmith/ta-home-6570c1175c47f203f1c52707/edit/api/6570c7efcefe456f77ed05b0?branch=newbranch&editName=false&from=datasources" "Mozilla/5.0 (Macintosh; Intel Mac OS X 10_15_7) AppleWebKit/537.36 (KHTML, like Gecko) Chrome/119.0.0.0 Safari/537.36"
192.168.65.1 - - [06/Dec/2023:19:14:37 +0000] "POST /api/v1/actions/execute HTTP/1.1" 200 2422 "http://localhost:8080/app/appsmith/ta-home-6570c1175c47f203f1c52707/edit/api/6570c7efcefe456f77ed05b0?branch=newbranch&editName=false&from=datasources" "Mozilla/5.0 (Macintosh; Intel Mac OS X 10_15_7) AppleWebKit/537.36 (KHTML, like Gecko) Chrome/119.0.0.0 Safari/537.36"
127.0.0.1 - - [06/Dec/2023:19:14:38 +0000] "GET / HTTP/1.1" 200 6702 "-" "curl/7.68.0"
192.168.65.1 - - [06/Dec/2023:19:14:46 +0000] "PUT /api/v1/layouts/6570c1175c47f203f1c52701/pages/6570c1175c47f203f1c52707?applicationId=656fa21035f0045611dfddd9 HTTP/1.1" 200 4690 "http://localhost:8080/app/appsmith/ta-home-6570c1175c47f203f1c52707/edit/widgets/cxfupezfkj?branch=newbranch" "Mozilla/5.0 (Macintosh; Intel Mac OS X 10_15_7) AppleWebKit/537.36 (KHTML, like Gecko) Chrome/119.0.0.0 Safari/537.36"
192.168.65.1 - - [06/Dec/2023:19:14:50 +0000] "PUT /api/v1/layouts/6570c1175c47f203f1c52701/pages/6570c1175c47f203f1c52707?applicationId=656fa21035f0045611dfddd9 HTTP/1.1" 200 4639 "http://localhost:8080/app/appsmith/ta-home-6570c1175c47f203f1c52707/edit/widgets/cxfupezfkj?branch=newbranch" "Mozilla/5.0 (Macintosh; Intel Mac OS X 10_15_7) AppleWebKit/537.36 (KHTML, like Gecko) Chrome/119.0.0.0 Safari/537.36"
192.168.65.1 - - [06/Dec/2023:19:14:52 +0000] "PUT /api/v1/layouts/6570c1175c47f203f1c52701/pages/6570c1175c47f203f1c52707?applicationId=656fa21035f0045611dfddd9 HTTP/1.1" 200 4639 "http://localhost:8080/app/appsmith/ta-home-6570c1175c47f203f1c52707/edit/widgets/cxfupezfkj?branch=newbranch" "Mozilla/5.0 (Macintosh; Intel Mac OS X 10_15_7) AppleWebKit/537.36 (KHTML, like Gecko) Chrome/119.0.0.0 Safari/537.36"
127.0.0.1 - - [06/Dec/2023:19:14:54 +0000] "GET / HTTP/1.1" 200 6702 "-" "curl/7.68.0"
192.168.65.1 - - [06/Dec/2023:19:14:57 +0000] "PUT /api/v1/layouts/6570c1175c47f203f1c52701/pages/6570c1175c47f203f1c52707?applicationId=656fa21035f0045611dfddd9 HTTP/1.1" 200 4644 "http://localhost:8080/app/appsmith/ta-home-6570c1175c47f203f1c52707/edit/widgets/cxfupezfkj?branch=newbranch" "Mozilla/5.0 (Macintosh; Intel Mac OS X 10_15_7) AppleWebKit/537.36 (KHTML, like Gecko) Chrome/119.0.0.0 Safari/537.36"
192.168.65.1 - - [06/Dec/2023:19:14:59 +0000] "PUT /api/v1/layouts/6570c1175c47f203f1c52701/pages/6570c1175c47f203f1c52707?applicationId=656fa21035f0045611dfddd9 HTTP/1.1" 200 4636 "http://localhost:8080/app/appsmith/ta-home-6570c1175c47f203f1c52707/edit/widgets/cxfupezfkj?branch=newbranch" "Mozilla/5.0 (Macintosh; Intel Mac OS X 10_15_7) AppleWebKit/537.36 (KHTML, like Gecko) Chrome/119.0.0.0 Safari/537.36"
192.168.65.1 - - [06/Dec/2023:19:15:00 +0000] "PUT /api/v1/layouts/6570c1175c47f203f1c52701/pages/6570c1175c47f203f1c52707?applicationId=656fa21035f0045611dfddd9 HTTP/1.1" 200 4649 "http://localhost:8080/app/appsmith/ta-home-6570c1175c47f203f1c52707/edit/widgets/j6igwcvrq9?branch=newbranch" "Mozilla/5.0 (Macintosh; Intel Mac OS X 10_15_7) AppleWebKit/537.36 (KHTML, like Gecko) Chrome/119.0.0.0 Safari/537.36"
192.168.65.1 - - [06/Dec/2023:19:15:03 +0000] "PUT /api/v1/layouts/6570c1175c47f203f1c52701/pages/6570c1175c47f203f1c52707?applicationId=656fa21035f0045611dfddd9 HTTP/1.1" 200 4652 "http://localhost:8080/app/appsmith/ta-home-6570c1175c47f203f1c52707/edit/widgets/onqcub3kx8?branch=newbranch" "Mozilla/5.0 (Macintosh; Intel Mac OS X 10_15_7) AppleWebKit/537.36 (KHTML, like Gecko) Chrome/119.0.0.0 Safari/537.36"
192.168.65.1 - - [06/Dec/2023:19:15:06 +0000] "PUT /api/v1/layouts/6570c1175c47f203f1c52701/pages/6570c1175c47f203f1c52707?applicationId=656fa21035f0045611dfddd9 HTTP/1.1" 200 4646 "http://localhost:8080/app/appsmith/ta-home-6570c1175c47f203f1c52707/edit/widgets/j6igwcvrq9?branch=newbranch" "Mozilla/5.0 (Macintosh; Intel Mac OS X 10_15_7) AppleWebKit/537.36 (KHTML, like Gecko) Chrome/119.0.0.0 Safari/537.36"
127.0.0.1 - - [06/Dec/2023:19:15:09 +0000] "GET / HTTP/1.1" 200 6702 "-" "curl/7.68.0"
192.168.65.1 - - [06/Dec/2023:19:15:09 +0000] "PUT /api/v1/layouts/6570c1175c47f203f1c52701/pages/6570c1175c47f203f1c52707?applicationId=656fa21035f0045611dfddd9 HTTP/1.1" 200 4645 "http://localhost:8080/app/appsmith/ta-home-6570c1175c47f203f1c52707/edit/widgets/cxfupezfkj?branch=newbranch" "Mozilla/5.0 (Macintosh; Intel Mac OS X 10_15_7) AppleWebKit/537.36 (KHTML, like Gecko) Chrome/119.0.0.0 Safari/537.36"
192.168.65.1 - - [06/Dec/2023:19:15:12 +0000] "PUT /api/v1/layouts/6570c1175c47f203f1c52701/pages/6570c1175c47f203f1c52707?applicationId=656fa21035f0045611dfddd9 HTTP/1.1" 200 4655 "http://localhost:8080/app/appsmith/ta-home-6570c1175c47f203f1c52707/edit/widgets/cxfupezfkj?branch=newbranch" "Mozilla/5.0 (Macintosh; Intel Mac OS X 10_15_7) AppleWebKit/537.36 (KHTML, like Gecko) Chrome/119.0.0.0 Safari/537.36"
192.168.65.1 - - [06/Dec/2023:19:15:13 +0000] "PUT /api/v1/layouts/6570c1175c47f203f1c52701/pages/6570c1175c47f203f1c52707?applicationId=656fa21035f0045611dfddd9 HTTP/1.1" 200 4647 "http://localhost:8080/app/appsmith/ta-home-6570c1175c47f203f1c52707/edit/widgets/cxfupezfkj?branch=newbranch" "Mozilla/5.0 (Macintosh; Intel Mac OS X 10_15_7) AppleWebKit/537.36 (KHTML, like Gecko) Chrome/119.0.0.0 Safari/537.36"
192.168.65.1 - - [06/Dec/2023:19:15:15 +0000] "PUT /api/v1/layouts/6570c1175c47f203f1c52701/pages/6570c1175c47f203f1c52707?applicationId=656fa21035f0045611dfddd9 HTTP/1.1" 200 4654 "http://localhost:8080/app/appsmith/ta-home-6570c1175c47f203f1c52707/edit/widgets/12mdx5tty9?branch=newbranch" "Mozilla/5.0 (Macintosh; Intel Mac OS X 10_15_7) AppleWebKit/537.36 (KHTML, like Gecko) Chrome/119.0.0.0 Safari/537.36"
192.168.65.1 - - [06/Dec/2023:19:15:17 +0000] "PUT /api/v1/layouts/6570c1175c47f203f1c52701/pages/6570c1175c47f203f1c52707?applicationId=656fa21035f0045611dfddd9 HTTP/1.1" 200 4655 "http://localhost:8080/app/appsmith/ta-home-6570c1175c47f203f1c52707/edit/widgets/12mdx5tty9?branch=newbranch" "Mozilla/5.0 (Macintosh; Intel Mac OS X 10_15_7) AppleWebKit/537.36 (KHTML, like Gecko) Chrome/119.0.0.0 Safari/537.36"
192.168.65.1 - - [06/Dec/2023:19:15:19 +0000] "PUT /api/v1/layouts/6570c1175c47f203f1c52701/pages/6570c1175c47f203f1c52707?applicationId=656fa21035f0045611dfddd9 HTTP/1.1" 200 4650 "http://localhost:8080/app/appsmith/ta-home-6570c1175c47f203f1c52707/edit/widgets/onqcub3kx8?branch=newbranch" "Mozilla/5.0 (Macintosh; Intel Mac OS X 10_15_7) AppleWebKit/537.36 (KHTML, like Gecko) Chrome/119.0.0.0 Safari/537.36"
192.168.65.1 - - [06/Dec/2023:19:15:21 +0000] "PUT /api/v1/layouts/6570c1175c47f203f1c52701/pages/6570c1175c47f203f1c52707?applicationId=656fa21035f0045611dfddd9 HTTP/1.1" 200 4652 "http://localhost:8080/app/appsmith/ta-home-6570c1175c47f203f1c52707/edit/widgets/68chjod4ne?branch=newbranch" "Mozilla/5.0 (Macintosh; Intel Mac OS X 10_15_7) AppleWebKit/537.36 (KHTML, like Gecko) Chrome/119.0.0.0 Safari/537.36"
192.168.65.1 - - [06/Dec/2023:19:15:23 +0000] "PUT /api/v1/layouts/6570c1175c47f203f1c52701/pages/6570c1175c47f203f1c52707?applicationId=656fa21035f0045611dfddd9 HTTP/1.1" 200 4653 "http://localhost:8080/app/appsmith/ta-home-6570c1175c47f203f1c52707/edit/widgets/h56ad1atp1?branch=newbranch" "Mozilla/5.0 (Macintosh; Intel Mac OS X 10_15_7) AppleWebKit/537.36 (KHTML, like Gecko) Chrome/119.0.0.0 Safari/537.36"
127.0.0.1 - - [06/Dec/2023:19:15:24 +0000] "GET / HTTP/1.1" 200 6702 "-" "curl/7.68.0"
192.168.65.1 - - [06/Dec/2023:19:15:25 +0000] "PUT /api/v1/layouts/6570c1175c47f203f1c52701/pages/6570c1175c47f203f1c52707?applicationId=656fa21035f0045611dfddd9 HTTP/1.1" 200 4648 "http://localhost:8080/app/appsmith/ta-home-6570c1175c47f203f1c52707/edit/widgets/fbe6ebj9jn?branch=newbranch" "Mozilla/5.0 (Macintosh; Intel Mac OS X 10_15_7) AppleWebKit/537.36 (KHTML, like Gecko) Chrome/119.0.0.0 Safari/537.36"
192.168.65.1 - - [06/Dec/2023:19:15:28 +0000] "PUT /api/v1/layouts/6570c1175c47f203f1c52701/pages/6570c1175c47f203f1c52707?applicationId=656fa21035f0045611dfddd9 HTTP/1.1" 200 4645 "http://localhost:8080/app/appsmith/ta-home-6570c1175c47f203f1c52707/edit?branch=newbranch" "Mozilla/5.0 (Macintosh; Intel Mac OS X 10_15_7) AppleWebKit/537.36 (KHTML, like Gecko) Chrome/119.0.0.0 Safari/537.36"
192.168.65.1 - - [06/Dec/2023:19:15:31 +0000] "PUT /api/v1/layouts/6570c1175c47f203f1c52701/pages/6570c1175c47f203f1c52707?applicationId=656fa21035f0045611dfddd9 HTTP/1.1" 200 4648 "http://localhost:8080/app/appsmith/ta-home-6570c1175c47f203f1c52707/edit/widgets/12mdx5tty9?branch=newbranch" "Mozilla/5.0 (Macintosh; Intel Mac OS X 10_15_7) AppleWebKit/537.36 (KHTML, like Gecko) Chrome/119.0.0.0 Safari/537.36"
127.0.0.1 - - [06/Dec/2023:19:15:39 +0000] "GET / HTTP/1.1" 200 6702 "-" "curl/7.68.0"
192.168.65.1 - - [06/Dec/2023:19:15:46 +0000] "PUT /api/v1/layouts/6570c1175c47f203f1c52701/pages/6570c1175c47f203f1c52707?applicationId=656fa21035f0045611dfddd9 HTTP/1.1" 200 4673 "http://localhost:8080/app/appsmith/ta-home-6570c1175c47f203f1c52707/edit/widgets/cxfupezfkj?branch=newbranch" "Mozilla/5.0 (Macintosh; Intel Mac OS X 10_15_7) AppleWebKit/537.36 (KHTML, like Gecko) Chrome/119.0.0.0 Safari/537.36"
192.168.65.1 - - [06/Dec/2023:19:15:49 +0000] "PUT /api/v1/layouts/6570c1175c47f203f1c52701/pages/6570c1175c47f203f1c52707?applicationId=656fa21035f0045611dfddd9 HTTP/1.1" 200 4680 "http://localhost:8080/app/appsmith/ta-home-6570c1175c47f203f1c52707/edit/widgets/cxfupezfkj?branch=newbranch" "Mozilla/5.0 (Macintosh; Intel Mac OS X 10_15_7) AppleWebKit/537.36 (KHTML, like Gecko) Chrome/119.0.0.0 Safari/537.36"
127.0.0.1 - - [06/Dec/2023:19:15:54 +0000] "GET / HTTP/1.1" 200 6702 "-" "curl/7.68.0"
192.168.65.1 - - [06/Dec/2023:19:15:57 +0000] "PUT /api/v1/layouts/6570c1175c47f203f1c52701/pages/6570c1175c47f203f1c52707?applicationId=656fa21035f0045611dfddd9 HTTP/1.1" 200 4661 "http://localhost:8080/app/appsmith/ta-home-6570c1175c47f203f1c52707/edit/widgets/cxfupezfkj?branch=newbranch" "Mozilla/5.0 (Macintosh; Intel Mac OS X 10_15_7) AppleWebKit/537.36 (KHTML, like Gecko) Chrome/119.0.0.0 Safari/537.36"
127.0.0.1 - - [06/Dec/2023:19:16:09 +0000] "GET / HTTP/1.1" 200 6702 "-" "curl/7.68.0"
127.0.0.1 - - [06/Dec/2023:19:16:24 +0000] "GET / HTTP/1.1" 200 6702 "-" "curl/7.68.0"
127.0.0.1 - - [06/Dec/2023:19:16:39 +0000] "GET / HTTP/1.1" 200 6702 "-" "curl/7.68.0"
192.168.65.1 - - [06/Dec/2023:19:16:52 +0000] "PUT /api/v1/layouts/6570c1175c47f203f1c52701/pages/6570c1175c47f203f1c52707?applicationId=656fa21035f0045611dfddd9 HTTP/1.1" 200 4663 "http://localhost:8080/app/appsmith/ta-home-6570c1175c47f203f1c52707/edit/widgets/cxfupezfkj?branch=newbranch" "Mozilla/5.0 (Macintosh; Intel Mac OS X 10_15_7) AppleWebKit/537.36 (KHTML, like Gecko) Chrome/119.0.0.0 Safari/537.36"
192.168.65.1 - - [06/Dec/2023:19:16:53 +0000] "PUT /api/v1/layouts/6570c1175c47f203f1c52701/pages/6570c1175c47f203f1c52707?applicationId=656fa21035f0045611dfddd9 HTTP/1.1" 200 4673 "http://localhost:8080/app/appsmith/ta-home-6570c1175c47f203f1c52707/edit/widgets/cxfupezfkj?branch=newbranch" "Mozilla/5.0 (Macintosh; Intel Mac OS X 10_15_7) AppleWebKit/537.36 (KHTML, like Gecko) Chrome/119.0.0.0 Safari/537.36"
127.0.0.1 - - [06/Dec/2023:19:16:55 +0000] "GET / HTTP/1.1" 200 6702 "-" "curl/7.68.0"
192.168.65.1 - - [06/Dec/2023:19:16:55 +0000] "PUT /api/v1/layouts/6570c1175c47f203f1c52701/pages/6570c1175c47f203f1c52707?applicationId=656fa21035f0045611dfddd9 HTTP/1.1" 200 4680 "http://localhost:8080/app/appsmith/ta-home-6570c1175c47f203f1c52707/edit/widgets/cxfupezfkj?branch=newbranch" "Mozilla/5.0 (Macintosh; Intel Mac OS X 10_15_7) AppleWebKit/537.36 (KHTML, like Gecko) Chrome/119.0.0.0 Safari/537.36"
127.0.0.1 - - [06/Dec/2023:19:17:10 +0000] "GET / HTTP/1.1" 200 6702 "-" "curl/7.68.0"
192.168.65.1 - - [06/Dec/2023:19:17:20 +0000] "PUT /api/v1/layouts/6570c1175c47f203f1c52701/pages/6570c1175c47f203f1c52707?applicationId=656fa21035f0045611dfddd9 HTTP/1.1" 200 4694 "http://localhost:8080/app/appsmith/ta-home-6570c1175c47f203f1c52707/edit/widgets/cxfupezfkj?branch=newbranch" "Mozilla/5.0 (Macintosh; Intel Mac OS X 10_15_7) AppleWebKit/537.36 (KHTML, like Gecko) Chrome/119.0.0.0 Safari/537.36"
127.0.0.1 - - [06/Dec/2023:19:17:25 +0000] "GET / HTTP/1.1" 200 6702 "-" "curl/7.68.0"
192.168.65.1 - - [06/Dec/2023:19:17:39 +0000] "PUT /api/v1/layouts/6570c1175c47f203f1c52701/pages/6570c1175c47f203f1c52707?applicationId=656fa21035f0045611dfddd9 HTTP/1.1" 200 4721 "http://localhost:8080/app/appsmith/ta-home-6570c1175c47f203f1c52707/edit/widgets/cxfupezfkj?branch=newbranch" "Mozilla/5.0 (Macintosh; Intel Mac OS X 10_15_7) AppleWebKit/537.36 (KHTML, like Gecko) Chrome/119.0.0.0 Safari/537.36"
127.0.0.1 - - [06/Dec/2023:19:17:40 +0000] "GET / HTTP/1.1" 200 6702 "-" "curl/7.68.0"
192.168.65.1 - - [06/Dec/2023:19:17:42 +0000] "PUT /api/v1/layouts/6570c1175c47f203f1c52701/pages/6570c1175c47f203f1c52707?applicationId=656fa21035f0045611dfddd9 HTTP/1.1" 200 4694 "http://localhost:8080/app/appsmith/ta-home-6570c1175c47f203f1c52707/edit/widgets/cxfupezfkj?branch=newbranch" "Mozilla/5.0 (Macintosh; Intel Mac OS X 10_15_7) AppleWebKit/537.36 (KHTML, like Gecko) Chrome/119.0.0.0 Safari/537.36"
192.168.65.1 - - [06/Dec/2023:19:17:44 +0000] "PUT /api/v1/layouts/6570c1175c47f203f1c52701/pages/6570c1175c47f203f1c52707?applicationId=656fa21035f0045611dfddd9 HTTP/1.1" 200 4694 "http://localhost:8080/app/appsmith/ta-home-6570c1175c47f203f1c52707/edit/widgets/cxfupezfkj?branch=newbranch" "Mozilla/5.0 (Macintosh; Intel Mac OS X 10_15_7) AppleWebKit/537.36 (KHTML, like Gecko) Chrome/119.0.0.0 Safari/537.36"
192.168.65.1 - - [06/Dec/2023:19:17:45 +0000] "PUT /api/v1/layouts/6570c1175c47f203f1c52701/pages/6570c1175c47f203f1c52707?applicationId=656fa21035f0045611dfddd9 HTTP/1.1" 200 4721 "http://localhost:8080/app/appsmith/ta-home-6570c1175c47f203f1c52707/edit/widgets/cxfupezfkj?branch=newbranch" "Mozilla/5.0 (Macintosh; Intel Mac OS X 10_15_7) AppleWebKit/537.36 (KHTML, like Gecko) Chrome/119.0.0.0 Safari/537.36"
192.168.65.1 - - [06/Dec/2023:19:17:48 +0000] "PUT /api/v1/layouts/6570c1175c47f203f1c52701/pages/6570c1175c47f203f1c52707?applicationId=656fa21035f0045611dfddd9 HTTP/1.1" 200 4721 "http://localhost:8080/app/appsmith/ta-home-6570c1175c47f203f1c52707/edit/widgets/cxfupezfkj?branch=newbranch" "Mozilla/5.0 (Macintosh; Intel Mac OS X 10_15_7) AppleWebKit/537.36 (KHTML, like Gecko) Chrome/119.0.0.0 Safari/537.36"
127.0.0.1 - - [06/Dec/2023:19:17:55 +0000] "GET / HTTP/1.1" 200 6702 "-" "curl/7.68.0"
192.168.65.1 - - [06/Dec/2023:19:17:57 +0000] "PUT /api/v1/layouts/6570c1175c47f203f1c52701/pages/6570c1175c47f203f1c52707?applicationId=656fa21035f0045611dfddd9 HTTP/1.1" 200 4725 "http://localhost:8080/app/appsmith/ta-home-6570c1175c47f203f1c52707/edit/widgets/cxfupezfkj?branch=newbranch" "Mozilla/5.0 (Macintosh; Intel Mac OS X 10_15_7) AppleWebKit/537.36 (KHTML, like Gecko) Chrome/119.0.0.0 Safari/537.36"
192.168.65.1 - - [06/Dec/2023:19:18:03 +0000] "PUT /api/v1/layouts/6570c1175c47f203f1c52701/pages/6570c1175c47f203f1c52707?applicationId=656fa21035f0045611dfddd9 HTTP/1.1" 200 4727 "http://localhost:8080/app/appsmith/ta-home-6570c1175c47f203f1c52707/edit/widgets/cxfupezfkj?branch=newbranch" "Mozilla/5.0 (Macintosh; Intel Mac OS X 10_15_7) AppleWebKit/537.36 (KHTML, like Gecko) Chrome/119.0.0.0 Safari/537.36"
192.168.65.1 - - [06/Dec/2023:19:18:08 +0000] "PUT /api/v1/layouts/6570c1175c47f203f1c52701/pages/6570c1175c47f203f1c52707?applicationId=656fa21035f0045611dfddd9 HTTP/1.1" 200 4721 "http://localhost:8080/app/appsmith/ta-home-6570c1175c47f203f1c52707/edit?branch=newbranch" "Mozilla/5.0 (Macintosh; Intel Mac OS X 10_15_7) AppleWebKit/537.36 (KHTML, like Gecko) Chrome/119.0.0.0 Safari/537.36"
127.0.0.1 - - [06/Dec/2023:19:18:10 +0000] "GET / HTTP/1.1" 200 6702 "-" "curl/7.68.0"
127.0.0.1 - - [06/Dec/2023:19:18:25 +0000] "GET / HTTP/1.1" 200 6702 "-" "curl/7.68.0"
127.0.0.1 - - [06/Dec/2023:19:18:41 +0000] "GET / HTTP/1.1" 200 6702 "-" "curl/7.68.0"
127.0.0.1 - - [06/Dec/2023:19:18:56 +0000] "GET / HTTP/1.1" 200 6702 "-" "curl/7.68.0"
127.0.0.1 - - [06/Dec/2023:19:19:11 +0000] "GET / HTTP/1.1" 200 6702 "-" "curl/7.68.0"
127.0.0.1 - - [06/Dec/2023:19:19:26 +0000] "GET / HTTP/1.1" 200 6702 "-" "curl/7.68.0"
127.0.0.1 - - [06/Dec/2023:19:19:41 +0000] "GET / HTTP/1.1" 200 6702 "-" "curl/7.68.0"
192.168.65.1 - - [06/Dec/2023:19:19:46 +0000] "GET /rts/?EIO=4&transport=websocket HTTP/1.1" 101 861 "-" "Mozilla/5.0 (Macintosh; Intel Mac OS X 10_15_7) AppleWebKit/537.36 (KHTML, like Gecko) Chrome/119.0.0.0 Safari/537.36"
192.168.65.1 - - [06/Dec/2023:19:19:46 +0000] "GET /app/appsmith/ta-home-6570c1175c47f203f1c52707/edit/widgets/cxfupezfkj?branch=newbranch HTTP/1.1" 200 2566 "http://localhost:8080/app/appsmith/student-home-6570b92afc074a681b6f25b6/edit?branch=newbranch" "Mozilla/5.0 (Macintosh; Intel Mac OS X 10_15_7) AppleWebKit/537.36 (KHTML, like Gecko) Chrome/119.0.0.0 Safari/537.36"
192.168.65.1 - - [06/Dec/2023:19:19:46 +0000] "GET /api/v1/users/features HTTP/1.1" 200 844 "http://localhost:8080/app/appsmith/ta-home-6570c1175c47f203f1c52707/edit/widgets/cxfupezfkj?branch=newbranch" "Mozilla/5.0 (Macintosh; Intel Mac OS X 10_15_7) AppleWebKit/537.36 (KHTML, like Gecko) Chrome/119.0.0.0 Safari/537.36"
192.168.65.1 - - [06/Dec/2023:19:19:46 +0000] "GET /api/v1/tenants/current HTTP/1.1" 200 294 "http://localhost:8080/app/appsmith/ta-home-6570c1175c47f203f1c52707/edit/widgets/cxfupezfkj?branch=newbranch" "Mozilla/5.0 (Macintosh; Intel Mac OS X 10_15_7) AppleWebKit/537.36 (KHTML, like Gecko) Chrome/119.0.0.0 Safari/537.36"
192.168.65.1 - - [06/Dec/2023:19:19:46 +0000] "GET /api/v1/product-alert/alert HTTP/1.1" 200 99 "http://localhost:8080/app/appsmith/ta-home-6570c1175c47f203f1c52707/edit/widgets/cxfupezfkj?branch=newbranch" "Mozilla/5.0 (Macintosh; Intel Mac OS X 10_15_7) AppleWebKit/537.36 (KHTML, like Gecko) Chrome/119.0.0.0 Safari/537.36"
192.168.65.1 - - [06/Dec/2023:19:19:46 +0000] "GET /api/v1/users/me HTTP/1.1" 200 355 "http://localhost:8080/app/appsmith/ta-home-6570c1175c47f203f1c52707/edit/widgets/cxfupezfkj?branch=newbranch" "Mozilla/5.0 (Macintosh; Intel Mac OS X 10_15_7) AppleWebKit/537.36 (KHTML, like Gecko) Chrome/119.0.0.0 Safari/537.36"
192.168.65.1 - - [06/Dec/2023:19:19:46 +0000] "GET /api/v1/pages?pageId=6570c1175c47f203f1c52707&mode=EDIT HTTP/1.1" 200 827 "http://localhost:8080/app/appsmith/ta-home-6570c1175c47f203f1c52707/edit/widgets/cxfupezfkj?branch=newbranch" "Mozilla/5.0 (Macintosh; Intel Mac OS X 10_15_7) AppleWebKit/537.36 (KHTML, like Gecko) Chrome/119.0.0.0 Safari/537.36"
