192.168.65.1 - - [07/Dec/2023:02:54:25 +0000] "PUT /api/v1/layouts/657133af8d8a482755cc9724/pages/657133af8d8a482755cc9726?applicationId=656fa21035f0045611dfddd9 HTTP/1.1" 200 2211 "http://localhost:8080/app/appsmith/create-class-657133af8d8a482755cc9726/edit/widgets/hpy970bw1i?branch=newbranch" "Mozilla/5.0 (Macintosh; Intel Mac OS X 10_15_7) AppleWebKit/537.36 (KHTML, like Gecko) Chrome/119.0.0.0 Safari/537.36"
192.168.65.1 - - [07/Dec/2023:02:54:27 +0000] "PUT /api/v1/layouts/657133af8d8a482755cc9724/pages/657133af8d8a482755cc9726?applicationId=656fa21035f0045611dfddd9 HTTP/1.1" 200 2294 "http://localhost:8080/app/appsmith/create-class-657133af8d8a482755cc9726/edit?branch=newbranch" "Mozilla/5.0 (Macintosh; Intel Mac OS X 10_15_7) AppleWebKit/537.36 (KHTML, like Gecko) Chrome/119.0.0.0 Safari/537.36"
192.168.65.1 - - [07/Dec/2023:02:54:28 +0000] "PUT /api/v1/layouts/657133af8d8a482755cc9724/pages/657133af8d8a482755cc9726?applicationId=656fa21035f0045611dfddd9 HTTP/1.1" 200 3661 "http://localhost:8080/app/appsmith/create-class-657133af8d8a482755cc9726/edit/widgets/wybr48bss6?branch=newbranch" "Mozilla/5.0 (Macintosh; Intel Mac OS X 10_15_7) AppleWebKit/537.36 (KHTML, like Gecko) Chrome/119.0.0.0 Safari/537.36"
192.168.65.1 - - [07/Dec/2023:02:54:29 +0000] "PUT /api/v1/layouts/657133af8d8a482755cc9724/pages/657133af8d8a482755cc9726?applicationId=656fa21035f0045611dfddd9 HTTP/1.1" 200 3661 "http://localhost:8080/app/appsmith/create-class-657133af8d8a482755cc9726/edit/widgets/wybr48bss6?branch=newbranch" "Mozilla/5.0 (Macintosh; Intel Mac OS X 10_15_7) AppleWebKit/537.36 (KHTML, like Gecko) Chrome/119.0.0.0 Safari/537.36"
192.168.65.1 - - [07/Dec/2023:02:54:36 +0000] "POST /api/v1/actions HTTP/1.1" 201 1836 "http://localhost:8080/app/appsmith/create-class-657133af8d8a482755cc9726/edit/widgets/wybr48bss6?branch=newbranch" "Mozilla/5.0 (Macintosh; Intel Mac OS X 10_15_7) AppleWebKit/537.36 (KHTML, like Gecko) Chrome/119.0.0.0 Safari/537.36"
127.0.0.1 - - [07/Dec/2023:02:54:38 +0000] "GET / HTTP/1.1" 200 6702 "-" "curl/7.68.0"
192.168.65.1 - - [07/Dec/2023:02:54:39 +0000] "GET /api/v1/pages/657133af8d8a482755cc9726 HTTP/1.1" 200 3812 "http://localhost:8080/app/appsmith/create-class-657133af8d8a482755cc9726/edit/api/657133ec8d8a482755cc9728?branch=newbranch&editName=true&from=datasources" "Mozilla/5.0 (Macintosh; Intel Mac OS X 10_15_7) AppleWebKit/537.36 (KHTML, like Gecko) Chrome/119.0.0.0 Safari/537.36"
192.168.65.1 - - [07/Dec/2023:02:54:39 +0000] "PUT /api/v1/actions/refactor HTTP/1.1" 200 3661 "http://localhost:8080/app/appsmith/create-class-657133af8d8a482755cc9726/edit/api/657133ec8d8a482755cc9728?branch=newbranch&editName=true&from=datasources" "Mozilla/5.0 (Macintosh; Intel Mac OS X 10_15_7) AppleWebKit/537.36 (KHTML, like Gecko) Chrome/119.0.0.0 Safari/537.36"
192.168.65.1 - - [07/Dec/2023:02:54:39 +0000] "GET /api/v1/collections/actions?pageId=657133af8d8a482755cc9726 HTTP/1.1" 200 101 "http://localhost:8080/app/appsmith/create-class-657133af8d8a482755cc9726/edit/api/657133ec8d8a482755cc9728?branch=newbranch&editName=false&from=datasources" "Mozilla/5.0 (Macintosh; Intel Mac OS X 10_15_7) AppleWebKit/537.36 (KHTML, like Gecko) Chrome/119.0.0.0 Safari/537.36"
192.168.65.1 - - [07/Dec/2023:02:54:39 +0000] "GET /api/v1/actions?pageId=657133af8d8a482755cc9726 HTTP/1.1" 200 659 "http://localhost:8080/app/appsmith/create-class-657133af8d8a482755cc9726/edit/api/657133ec8d8a482755cc9728?branch=newbranch&editName=false&from=datasources" "Mozilla/5.0 (Macintosh; Intel Mac OS X 10_15_7) AppleWebKit/537.36 (KHTML, like Gecko) Chrome/119.0.0.0 Safari/537.36"
192.168.65.1 - - [07/Dec/2023:02:54:41 +0000] "PUT /api/v1/actions/657133ec8d8a482755cc9728 HTTP/1.1" 200 706 "http://localhost:8080/app/appsmith/create-class-657133af8d8a482755cc9726/edit/api/657133ec8d8a482755cc9728?branch=newbranch&editName=false&from=datasources" "Mozilla/5.0 (Macintosh; Intel Mac OS X 10_15_7) AppleWebKit/537.36 (KHTML, like Gecko) Chrome/119.0.0.0 Safari/537.36"
192.168.65.1 - - [07/Dec/2023:02:54:44 +0000] "PUT /api/v1/actions/657133ec8d8a482755cc9728 HTTP/1.1" 200 843 "http://localhost:8080/app/appsmith/create-class-657133af8d8a482755cc9726/edit/api/657133ec8d8a482755cc9728?branch=newbranch&editName=false&from=datasources" "Mozilla/5.0 (Macintosh; Intel Mac OS X 10_15_7) AppleWebKit/537.36 (KHTML, like Gecko) Chrome/119.0.0.0 Safari/537.36"
192.168.65.1 - - [07/Dec/2023:02:54:48 +0000] "PUT /api/v1/actions/657133ec8d8a482755cc9728 HTTP/1.1" 200 865 "http://localhost:8080/app/appsmith/create-class-657133af8d8a482755cc9726/edit/api/657133ec8d8a482755cc9728?branch=newbranch&editName=false&from=datasources" "Mozilla/5.0 (Macintosh; Intel Mac OS X 10_15_7) AppleWebKit/537.36 (KHTML, like Gecko) Chrome/119.0.0.0 Safari/537.36"
127.0.0.1 - - [07/Dec/2023:02:54:53 +0000] "GET / HTTP/1.1" 200 6702 "-" "curl/7.68.0"
192.168.65.1 - - [07/Dec/2023:02:54:59 +0000] "PUT /api/v1/actions/657133ec8d8a482755cc9728 HTTP/1.1" 200 871 "http://localhost:8080/app/appsmith/create-class-657133af8d8a482755cc9726/edit/api/657133ec8d8a482755cc9728?branch=newbranch&editName=false&from=datasources" "Mozilla/5.0 (Macintosh; Intel Mac OS X 10_15_7) AppleWebKit/537.36 (KHTML, like Gecko) Chrome/119.0.0.0 Safari/537.36"
192.168.65.1 - - [07/Dec/2023:02:55:00 +0000] "PUT /api/v1/actions/657133ec8d8a482755cc9728 HTTP/1.1" 200 875 "http://localhost:8080/app/appsmith/create-class-657133af8d8a482755cc9726/edit/api/657133ec8d8a482755cc9728?branch=newbranch&editName=false&from=datasources" "Mozilla/5.0 (Macintosh; Intel Mac OS X 10_15_7) AppleWebKit/537.36 (KHTML, like Gecko) Chrome/119.0.0.0 Safari/537.36"
192.168.65.1 - - [07/Dec/2023:02:55:01 +0000] "POST /api/v1/actions/execute HTTP/1.1" 200 613 "http://localhost:8080/app/appsmith/create-class-657133af8d8a482755cc9726/edit/api/657133ec8d8a482755cc9728?branch=newbranch&editName=false&from=datasources" "Mozilla/5.0 (Macintosh; Intel Mac OS X 10_15_7) AppleWebKit/537.36 (KHTML, like Gecko) Chrome/119.0.0.0 Safari/537.36"
127.0.0.1 - - [07/Dec/2023:02:55:08 +0000] "GET / HTTP/1.1" 200 6702 "-" "curl/7.68.0"
192.168.65.1 - - [07/Dec/2023:02:55:22 +0000] "PUT /api/v1/layouts/657133af8d8a482755cc9724/pages/657133af8d8a482755cc9726?applicationId=656fa21035f0045611dfddd9 HTTP/1.1" 200 3648 "http://localhost:8080/app/appsmith/create-class-657133af8d8a482755cc9726/edit/widgets/dvr4ik1kdw?branch=newbranch" "Mozilla/5.0 (Macintosh; Intel Mac OS X 10_15_7) AppleWebKit/537.36 (KHTML, like Gecko) Chrome/119.0.0.0 Safari/537.36"
192.168.65.1 - - [07/Dec/2023:02:55:23 +0000] "PUT /api/v1/layouts/657133af8d8a482755cc9724/pages/657133af8d8a482755cc9726?applicationId=656fa21035f0045611dfddd9 HTTP/1.1" 200 3701 "http://localhost:8080/app/appsmith/create-class-657133af8d8a482755cc9726/edit/widgets/f6xjnetksf?branch=newbranch" "Mozilla/5.0 (Macintosh; Intel Mac OS X 10_15_7) AppleWebKit/537.36 (KHTML, like Gecko) Chrome/119.0.0.0 Safari/537.36"
127.0.0.1 - - [07/Dec/2023:02:55:24 +0000] "GET / HTTP/1.1" 200 6702 "-" "curl/7.68.0"
192.168.65.1 - - [07/Dec/2023:02:55:25 +0000] "PUT /api/v1/layouts/657133af8d8a482755cc9724/pages/657133af8d8a482755cc9726?applicationId=656fa21035f0045611dfddd9 HTTP/1.1" 200 3755 "http://localhost:8080/app/appsmith/create-class-657133af8d8a482755cc9726/edit/widgets/3dlr48mky9?branch=newbranch" "Mozilla/5.0 (Macintosh; Intel Mac OS X 10_15_7) AppleWebKit/537.36 (KHTML, like Gecko) Chrome/119.0.0.0 Safari/537.36"
192.168.65.1 - - [07/Dec/2023:02:55:27 +0000] "PUT /api/v1/layouts/657133af8d8a482755cc9724/pages/657133af8d8a482755cc9726?applicationId=656fa21035f0045611dfddd9 HTTP/1.1" 200 3758 "http://localhost:8080/app/appsmith/create-class-657133af8d8a482755cc9726/edit/widgets/3dlr48mky9?branch=newbranch" "Mozilla/5.0 (Macintosh; Intel Mac OS X 10_15_7) AppleWebKit/537.36 (KHTML, like Gecko) Chrome/119.0.0.0 Safari/537.36"
192.168.65.1 - - [07/Dec/2023:02:55:30 +0000] "PUT /api/v1/layouts/657133af8d8a482755cc9724/pages/657133af8d8a482755cc9726?applicationId=656fa21035f0045611dfddd9 HTTP/1.1" 200 3757 "http://localhost:8080/app/appsmith/create-class-657133af8d8a482755cc9726/edit/widgets/j429zrkhnc?branch=newbranch" "Mozilla/5.0 (Macintosh; Intel Mac OS X 10_15_7) AppleWebKit/537.36 (KHTML, like Gecko) Chrome/119.0.0.0 Safari/537.36"
192.168.65.1 - - [07/Dec/2023:02:55:33 +0000] "PUT /api/v1/layouts/657133af8d8a482755cc9724/pages/657133af8d8a482755cc9726?applicationId=656fa21035f0045611dfddd9 HTTP/1.1" 200 3758 "http://localhost:8080/app/appsmith/create-class-657133af8d8a482755cc9726/edit/widgets/7el96jacry?branch=newbranch" "Mozilla/5.0 (Macintosh; Intel Mac OS X 10_15_7) AppleWebKit/537.36 (KHTML, like Gecko) Chrome/119.0.0.0 Safari/537.36"
192.168.65.1 - - [07/Dec/2023:02:55:34 +0000] "PUT /api/v1/layouts/657133af8d8a482755cc9724/pages/657133af8d8a482755cc9726?applicationId=656fa21035f0045611dfddd9 HTTP/1.1" 200 3758 "http://localhost:8080/app/appsmith/create-class-657133af8d8a482755cc9726/edit/widgets/hpy970bw1i?branch=newbranch" "Mozilla/5.0 (Macintosh; Intel Mac OS X 10_15_7) AppleWebKit/537.36 (KHTML, like Gecko) Chrome/119.0.0.0 Safari/537.36"
192.168.65.1 - - [07/Dec/2023:02:55:35 +0000] "PUT /api/v1/layouts/657133af8d8a482755cc9724/pages/657133af8d8a482755cc9726?applicationId=656fa21035f0045611dfddd9 HTTP/1.1" 200 3775 "http://localhost:8080/app/appsmith/create-class-657133af8d8a482755cc9726/edit/widgets/hpy970bw1i?branch=newbranch" "Mozilla/5.0 (Macintosh; Intel Mac OS X 10_15_7) AppleWebKit/537.36 (KHTML, like Gecko) Chrome/119.0.0.0 Safari/537.36"
192.168.65.1 - - [07/Dec/2023:02:55:38 +0000] "PUT /api/v1/layouts/657133af8d8a482755cc9724/pages/657133af8d8a482755cc9726?applicationId=656fa21035f0045611dfddd9 HTTP/1.1" 200 3769 "http://localhost:8080/app/appsmith/create-class-657133af8d8a482755cc9726/edit/widgets/dvr4ik1kdw?branch=newbranch" "Mozilla/5.0 (Macintosh; Intel Mac OS X 10_15_7) AppleWebKit/537.36 (KHTML, like Gecko) Chrome/119.0.0.0 Safari/537.36"
127.0.0.1 - - [07/Dec/2023:02:55:39 +0000] "GET / HTTP/1.1" 200 6702 "-" "curl/7.68.0"
192.168.65.1 - - [07/Dec/2023:02:55:39 +0000] "PUT /api/v1/layouts/657133af8d8a482755cc9724/pages/657133af8d8a482755cc9726?applicationId=656fa21035f0045611dfddd9 HTTP/1.1" 200 3772 "http://localhost:8080/app/appsmith/create-class-657133af8d8a482755cc9726/edit/widgets/dvr4ik1kdw?branch=newbranch" "Mozilla/5.0 (Macintosh; Intel Mac OS X 10_15_7) AppleWebKit/537.36 (KHTML, like Gecko) Chrome/119.0.0.0 Safari/537.36"
192.168.65.1 - - [07/Dec/2023:02:55:42 +0000] "PUT /api/v1/layouts/657133af8d8a482755cc9724/pages/657133af8d8a482755cc9726?applicationId=656fa21035f0045611dfddd9 HTTP/1.1" 200 3756 "http://localhost:8080/app/appsmith/create-class-657133af8d8a482755cc9726/edit/widgets/3dlr48mky9?branch=newbranch" "Mozilla/5.0 (Macintosh; Intel Mac OS X 10_15_7) AppleWebKit/537.36 (KHTML, like Gecko) Chrome/119.0.0.0 Safari/537.36"
192.168.65.1 - - [07/Dec/2023:02:55:43 +0000] "PUT /api/v1/layouts/657133af8d8a482755cc9724/pages/657133af8d8a482755cc9726?applicationId=656fa21035f0045611dfddd9 HTTP/1.1" 200 3760 "http://localhost:8080/app/appsmith/create-class-657133af8d8a482755cc9726/edit/widgets/7el96jacry?branch=newbranch" "Mozilla/5.0 (Macintosh; Intel Mac OS X 10_15_7) AppleWebKit/537.36 (KHTML, like Gecko) Chrome/119.0.0.0 Safari/537.36"
192.168.65.1 - - [07/Dec/2023:02:55:45 +0000] "PUT /api/v1/layouts/657133af8d8a482755cc9724/pages/657133af8d8a482755cc9726?applicationId=656fa21035f0045611dfddd9 HTTP/1.1" 200 3759 "http://localhost:8080/app/appsmith/create-class-657133af8d8a482755cc9726/edit/widgets/3dlr48mky9?branch=newbranch" "Mozilla/5.0 (Macintosh; Intel Mac OS X 10_15_7) AppleWebKit/537.36 (KHTML, like Gecko) Chrome/119.0.0.0 Safari/537.36"
192.168.65.1 - - [07/Dec/2023:02:55:47 +0000] "PUT /api/v1/layouts/657133af8d8a482755cc9724/pages/657133af8d8a482755cc9726?applicationId=656fa21035f0045611dfddd9 HTTP/1.1" 200 3696 "http://localhost:8080/app/appsmith/create-class-657133af8d8a482755cc9726/edit?branch=newbranch" "Mozilla/5.0 (Macintosh; Intel Mac OS X 10_15_7) AppleWebKit/537.36 (KHTML, like Gecko) Chrome/119.0.0.0 Safari/537.36"
192.168.65.1 - - [07/Dec/2023:02:55:49 +0000] "PUT /api/v1/layouts/657133af8d8a482755cc9724/pages/657133af8d8a482755cc9726?applicationId=656fa21035f0045611dfddd9 HTTP/1.1" 200 3642 "http://localhost:8080/app/appsmith/create-class-657133af8d8a482755cc9726/edit/widgets/dvr4ik1kdw?branch=newbranch" "Mozilla/5.0 (Macintosh; Intel Mac OS X 10_15_7) AppleWebKit/537.36 (KHTML, like Gecko) Chrome/119.0.0.0 Safari/537.36"
192.168.65.1 - - [07/Dec/2023:02:55:50 +0000] "PUT /api/v1/layouts/657133af8d8a482755cc9724/pages/657133af8d8a482755cc9726?applicationId=656fa21035f0045611dfddd9 HTTP/1.1" 200 3599 "http://localhost:8080/app/appsmith/create-class-657133af8d8a482755cc9726/edit?branch=newbranch" "Mozilla/5.0 (Macintosh; Intel Mac OS X 10_15_7) AppleWebKit/537.36 (KHTML, like Gecko) Chrome/119.0.0.0 Safari/537.36"
192.168.65.1 - - [07/Dec/2023:02:55:50 +0000] "PUT /api/v1/layouts/657133af8d8a482755cc9724/pages/657133af8d8a482755cc9726?applicationId=656fa21035f0045611dfddd9 HTTP/1.1" 200 3497 "http://localhost:8080/app/appsmith/create-class-657133af8d8a482755cc9726/edit?branch=newbranch" "Mozilla/5.0 (Macintosh; Intel Mac OS X 10_15_7) AppleWebKit/537.36 (KHTML, like Gecko) Chrome/119.0.0.0 Safari/537.36"
192.168.65.1 - - [07/Dec/2023:02:55:51 +0000] "PUT /api/v1/layouts/657133af8d8a482755cc9724/pages/657133af8d8a482755cc9726?applicationId=656fa21035f0045611dfddd9 HTTP/1.1" 200 3555 "http://localhost:8080/app/appsmith/create-class-657133af8d8a482755cc9726/edit/widgets/waxpug80wp?branch=newbranch" "Mozilla/5.0 (Macintosh; Intel Mac OS X 10_15_7) AppleWebKit/537.36 (KHTML, like Gecko) Chrome/119.0.0.0 Safari/537.36"
127.0.0.1 - - [07/Dec/2023:02:55:54 +0000] "GET / HTTP/1.1" 200 6702 "-" "curl/7.68.0"
192.168.65.1 - - [07/Dec/2023:02:55:54 +0000] "PUT /api/v1/layouts/657133af8d8a482755cc9724/pages/657133af8d8a482755cc9726?applicationId=656fa21035f0045611dfddd9 HTTP/1.1" 200 3621 "http://localhost:8080/app/appsmith/create-class-657133af8d8a482755cc9726/edit/widgets/tpmwa87op2?branch=newbranch" "Mozilla/5.0 (Macintosh; Intel Mac OS X 10_15_7) AppleWebKit/537.36 (KHTML, like Gecko) Chrome/119.0.0.0 Safari/537.36"
192.168.65.1 - - [07/Dec/2023:02:55:57 +0000] "PUT /api/v1/layouts/657133af8d8a482755cc9724/pages/657133af8d8a482755cc9726?applicationId=656fa21035f0045611dfddd9 HTTP/1.1" 200 3609 "http://localhost:8080/app/appsmith/create-class-657133af8d8a482755cc9726/edit/widgets/tpmwa87op2?branch=newbranch" "Mozilla/5.0 (Macintosh; Intel Mac OS X 10_15_7) AppleWebKit/537.36 (KHTML, like Gecko) Chrome/119.0.0.0 Safari/537.36"
192.168.65.1 - - [07/Dec/2023:02:56:00 +0000] "PUT /api/v1/layouts/657133af8d8a482755cc9724/pages/657133af8d8a482755cc9726?applicationId=656fa21035f0045611dfddd9 HTTP/1.1" 200 3615 "http://localhost:8080/app/appsmith/create-class-657133af8d8a482755cc9726/edit/widgets/tpmwa87op2?branch=newbranch" "Mozilla/5.0 (Macintosh; Intel Mac OS X 10_15_7) AppleWebKit/537.36 (KHTML, like Gecko) Chrome/119.0.0.0 Safari/537.36"
192.168.65.1 - - [07/Dec/2023:02:56:04 +0000] "PUT /api/v1/layouts/657133af8d8a482755cc9724/pages/657133af8d8a482755cc9726?applicationId=656fa21035f0045611dfddd9 HTTP/1.1" 200 3776 "http://localhost:8080/app/appsmith/create-class-657133af8d8a482755cc9726/edit/widgets/f24xwgk7gw,hrhzvsvo8w,os3yqguf00?branch=newbranch" "Mozilla/5.0 (Macintosh; Intel Mac OS X 10_15_7) AppleWebKit/537.36 (KHTML, like Gecko) Chrome/119.0.0.0 Safari/537.36"
192.168.65.1 - - [07/Dec/2023:02:56:06 +0000] "PUT /api/v1/layouts/657133af8d8a482755cc9724/pages/657133af8d8a482755cc9726?applicationId=656fa21035f0045611dfddd9 HTTP/1.1" 200 3769 "http://localhost:8080/app/appsmith/create-class-657133af8d8a482755cc9726/edit/widgets/f24xwgk7gw,hrhzvsvo8w,os3yqguf00?branch=newbranch" "Mozilla/5.0 (Macintosh; Intel Mac OS X 10_15_7) AppleWebKit/537.36 (KHTML, like Gecko) Chrome/119.0.0.0 Safari/537.36"
127.0.0.1 - - [07/Dec/2023:02:56:09 +0000] "GET / HTTP/1.1" 200 6702 "-" "curl/7.68.0"
192.168.65.1 - - [07/Dec/2023:02:56:10 +0000] "PUT /api/v1/layouts/657133af8d8a482755cc9724/pages/657133af8d8a482755cc9726?applicationId=656fa21035f0045611dfddd9 HTTP/1.1" 200 3780 "http://localhost:8080/app/appsmith/create-class-657133af8d8a482755cc9726/edit/widgets/j429zrkhnc?branch=newbranch" "Mozilla/5.0 (Macintosh; Intel Mac OS X 10_15_7) AppleWebKit/537.36 (KHTML, like Gecko) Chrome/119.0.0.0 Safari/537.36"
192.168.65.1 - - [07/Dec/2023:02:56:13 +0000] "PUT /api/v1/layouts/657133af8d8a482755cc9724/pages/657133af8d8a482755cc9726?applicationId=656fa21035f0045611dfddd9 HTTP/1.1" 200 3783 "http://localhost:8080/app/appsmith/create-class-657133af8d8a482755cc9726/edit?branch=newbranch" "Mozilla/5.0 (Macintosh; Intel Mac OS X 10_15_7) AppleWebKit/537.36 (KHTML, like Gecko) Chrome/119.0.0.0 Safari/537.36"
192.168.65.1 - - [07/Dec/2023:02:56:15 +0000] "PUT /api/v1/layouts/657133af8d8a482755cc9724/pages/657133af8d8a482755cc9726?applicationId=656fa21035f0045611dfddd9 HTTP/1.1" 200 3830 "http://localhost:8080/app/appsmith/create-class-657133af8d8a482755cc9726/edit/widgets/7oyog65yna?branch=newbranch" "Mozilla/5.0 (Macintosh; Intel Mac OS X 10_15_7) AppleWebKit/537.36 (KHTML, like Gecko) Chrome/119.0.0.0 Safari/537.36"
192.168.65.1 - - [07/Dec/2023:02:56:16 +0000] "PUT /api/v1/layouts/657133af8d8a482755cc9724/pages/657133af8d8a482755cc9726?applicationId=656fa21035f0045611dfddd9 HTTP/1.1" 200 3783 "http://localhost:8080/app/appsmith/create-class-657133af8d8a482755cc9726/edit/widgets/wybr48bss6?branch=newbranch" "Mozilla/5.0 (Macintosh; Intel Mac OS X 10_15_7) AppleWebKit/537.36 (KHTML, like Gecko) Chrome/119.0.0.0 Safari/537.36"
192.168.65.1 - - [07/Dec/2023:02:56:21 +0000] "PUT /api/v1/layouts/657133af8d8a482755cc9724/pages/657133af8d8a482755cc9726?applicationId=656fa21035f0045611dfddd9 HTTP/1.1" 200 3783 "http://localhost:8080/app/appsmith/create-class-657133af8d8a482755cc9726/edit/widgets/wybr48bss6?branch=newbranch" "Mozilla/5.0 (Macintosh; Intel Mac OS X 10_15_7) AppleWebKit/537.36 (KHTML, like Gecko) Chrome/119.0.0.0 Safari/537.36"
192.168.65.1 - - [07/Dec/2023:02:56:23 +0000] "PUT /api/v1/layouts/657133af8d8a482755cc9724/pages/657133af8d8a482755cc9726?applicationId=656fa21035f0045611dfddd9 HTTP/1.1" 200 3749 "http://localhost:8080/app/appsmith/create-class-657133af8d8a482755cc9726/edit?branch=newbranch" "Mozilla/5.0 (Macintosh; Intel Mac OS X 10_15_7) AppleWebKit/537.36 (KHTML, like Gecko) Chrome/119.0.0.0 Safari/537.36"
127.0.0.1 - - [07/Dec/2023:02:56:24 +0000] "GET / HTTP/1.1" 200 6702 "-" "curl/7.68.0"
192.168.65.1 - - [07/Dec/2023:02:56:25 +0000] "PUT /api/v1/layouts/657133af8d8a482755cc9724/pages/657133af8d8a482755cc9726?applicationId=656fa21035f0045611dfddd9 HTTP/1.1" 200 3756 "http://localhost:8080/app/appsmith/create-class-657133af8d8a482755cc9726/edit?branch=newbranch" "Mozilla/5.0 (Macintosh; Intel Mac OS X 10_15_7) AppleWebKit/537.36 (KHTML, like Gecko) Chrome/119.0.0.0 Safari/537.36"
192.168.65.1 - - [07/Dec/2023:02:56:28 +0000] "PUT /api/v1/layouts/657133af8d8a482755cc9724/pages/657133af8d8a482755cc9726?applicationId=656fa21035f0045611dfddd9 HTTP/1.1" 200 3755 "http://localhost:8080/app/appsmith/create-class-657133af8d8a482755cc9726/edit?branch=newbranch" "Mozilla/5.0 (Macintosh; Intel Mac OS X 10_15_7) AppleWebKit/537.36 (KHTML, like Gecko) Chrome/119.0.0.0 Safari/537.36"
192.168.65.1 - - [07/Dec/2023:02:56:30 +0000] "PUT /api/v1/layouts/657133af8d8a482755cc9724/pages/657133af8d8a482755cc9726?applicationId=656fa21035f0045611dfddd9 HTTP/1.1" 200 3756 "http://localhost:8080/app/appsmith/create-class-657133af8d8a482755cc9726/edit/widgets/wybr48bss6?branch=newbranch" "Mozilla/5.0 (Macintosh; Intel Mac OS X 10_15_7) AppleWebKit/537.36 (KHTML, like Gecko) Chrome/119.0.0.0 Safari/537.36"
192.168.65.1 - - [07/Dec/2023:02:56:35 +0000] "PUT /api/v1/layouts/657133af8d8a482755cc9724/pages/657133af8d8a482755cc9726?applicationId=656fa21035f0045611dfddd9 HTTP/1.1" 200 3769 "http://localhost:8080/app/appsmith/create-class-657133af8d8a482755cc9726/edit/widgets/wybr48bss6?branch=newbranch" "Mozilla/5.0 (Macintosh; Intel Mac OS X 10_15_7) AppleWebKit/537.36 (KHTML, like Gecko) Chrome/119.0.0.0 Safari/537.36"
192.168.65.1 - - [07/Dec/2023:02:56:37 +0000] "PUT /api/v1/layouts/657133af8d8a482755cc9724/pages/657133af8d8a482755cc9726?applicationId=656fa21035f0045611dfddd9 HTTP/1.1" 200 3769 "http://localhost:8080/app/appsmith/create-class-657133af8d8a482755cc9726/edit/widgets/wybr48bss6?branch=newbranch" "Mozilla/5.0 (Macintosh; Intel Mac OS X 10_15_7) AppleWebKit/537.36 (KHTML, like Gecko) Chrome/119.0.0.0 Safari/537.36"
192.168.65.1 - - [07/Dec/2023:02:56:38 +0000] "PUT /api/v1/layouts/657133af8d8a482755cc9724/pages/657133af8d8a482755cc9726?applicationId=656fa21035f0045611dfddd9 HTTP/1.1" 200 3769 "http://localhost:8080/app/appsmith/create-class-657133af8d8a482755cc9726/edit/widgets/wybr48bss6?branch=newbranch" "Mozilla/5.0 (Macintosh; Intel Mac OS X 10_15_7) AppleWebKit/537.36 (KHTML, like Gecko) Chrome/119.0.0.0 Safari/537.36"
127.0.0.1 - - [07/Dec/2023:02:56:39 +0000] "GET / HTTP/1.1" 200 6702 "-" "curl/7.68.0"
192.168.65.1 - - [07/Dec/2023:02:56:44 +0000] "PUT /api/v1/layouts/657133af8d8a482755cc9724/pages/657133af8d8a482755cc9726?applicationId=656fa21035f0045611dfddd9 HTTP/1.1" 200 3776 "http://localhost:8080/app/appsmith/create-class-657133af8d8a482755cc9726/edit/widgets/wybr48bss6?branch=newbranch" "Mozilla/5.0 (Macintosh; Intel Mac OS X 10_15_7) AppleWebKit/537.36 (KHTML, like Gecko) Chrome/119.0.0.0 Safari/537.36"
127.0.0.1 - - [07/Dec/2023:02:56:54 +0000] "GET / HTTP/1.1" 200 6702 "-" "curl/7.68.0"
127.0.0.1 - - [07/Dec/2023:02:57:09 +0000] "GET / HTTP/1.1" 200 6702 "-" "curl/7.68.0"
127.0.0.1 - - [07/Dec/2023:02:57:25 +0000] "GET / HTTP/1.1" 200 6702 "-" "curl/7.68.0"
127.0.0.1 - - [07/Dec/2023:02:57:40 +0000] "GET / HTTP/1.1" 200 6702 "-" "curl/7.68.0"
192.168.65.1 - - [07/Dec/2023:02:57:46 +0000] "DELETE /api/v1/actions/657133ec8d8a482755cc9728 HTTP/1.1" 200 861 "http://localhost:8080/app/appsmith/create-class-657133af8d8a482755cc9726/edit/widgets/r6duvefjun?branch=newbranch" "Mozilla/5.0 (Macintosh; Intel Mac OS X 10_15_7) AppleWebKit/537.36 (KHTML, like Gecko) Chrome/119.0.0.0 Safari/537.36"
192.168.65.1 - - [07/Dec/2023:02:57:49 +0000] "DELETE /api/v1/pages/657133438d8a482755cc971f HTTP/1.1" 200 4204 "http://localhost:8080/app/appsmith/create-class-657133af8d8a482755cc9726/edit?branch=newbranch" "Mozilla/5.0 (Macintosh; Intel Mac OS X 10_15_7) AppleWebKit/537.36 (KHTML, like Gecko) Chrome/119.0.0.0 Safari/537.36"
127.0.0.1 - - [07/Dec/2023:02:57:55 +0000] "GET / HTTP/1.1" 200 6702 "-" "curl/7.68.0"
192.168.65.1 - - [07/Dec/2023:02:57:55 +0000] "PUT /api/v1/pages/657133af8d8a482755cc9726 HTTP/1.1" 200 3907 "http://localhost:8080/app/appsmith/create-class-657133af8d8a482755cc9726/edit?branch=newbranch" "Mozilla/5.0 (Macintosh; Intel Mac OS X 10_15_7) AppleWebKit/537.36 (KHTML, like Gecko) Chrome/119.0.0.0 Safari/537.36"
127.0.0.1 - - [07/Dec/2023:02:58:10 +0000] "GET / HTTP/1.1" 200 6702 "-" "curl/7.68.0"
127.0.0.1 - - [07/Dec/2023:02:58:25 +0000] "GET / HTTP/1.1" 200 6702 "-" "curl/7.68.0"
192.168.65.1 - - [07/Dec/2023:02:58:28 +0000] "POST /api/v1/actions HTTP/1.1" 201 1836 "http://localhost:8080/app/appsmith/create-study-group-657133af8d8a482755cc9726/edit?branch=newbranch" "Mozilla/5.0 (Macintosh; Intel Mac OS X 10_15_7) AppleWebKit/537.36 (KHTML, like Gecko) Chrome/119.0.0.0 Safari/537.36"
192.168.65.1 - - [07/Dec/2023:02:58:37 +0000] "GET /api/v1/pages/657133af8d8a482755cc9726 HTTP/1.1" 200 3937 "http://localhost:8080/app/appsmith/create-study-group-657133af8d8a482755cc9726/edit/api/657134d48d8a482755cc972a?branch=newbranch&editName=true&from=datasources" "Mozilla/5.0 (Macintosh; Intel Mac OS X 10_15_7) AppleWebKit/537.36 (KHTML, like Gecko) Chrome/119.0.0.0 Safari/537.36"
192.168.65.1 - - [07/Dec/2023:02:58:37 +0000] "PUT /api/v1/actions/refactor HTTP/1.1" 200 3776 "http://localhost:8080/app/appsmith/create-study-group-657133af8d8a482755cc9726/edit/api/657134d48d8a482755cc972a?branch=newbranch&editName=true&from=datasources" "Mozilla/5.0 (Macintosh; Intel Mac OS X 10_15_7) AppleWebKit/537.36 (KHTML, like Gecko) Chrome/119.0.0.0 Safari/537.36"
192.168.65.1 - - [07/Dec/2023:02:58:37 +0000] "GET /api/v1/collections/actions?pageId=657133af8d8a482755cc9726 HTTP/1.1" 200 101 "http://localhost:8080/app/appsmith/create-study-group-657133af8d8a482755cc9726/edit/api/657134d48d8a482755cc972a?branch=newbranch&editName=false&from=datasources" "Mozilla/5.0 (Macintosh; Intel Mac OS X 10_15_7) AppleWebKit/537.36 (KHTML, like Gecko) Chrome/119.0.0.0 Safari/537.36"
192.168.65.1 - - [07/Dec/2023:02:58:37 +0000] "GET /api/v1/actions?pageId=657133af8d8a482755cc9726 HTTP/1.1" 200 665 "http://localhost:8080/app/appsmith/create-study-group-657133af8d8a482755cc9726/edit/api/657134d48d8a482755cc972a?branch=newbranch&editName=false&from=datasources" "Mozilla/5.0 (Macintosh; Intel Mac OS X 10_15_7) AppleWebKit/537.36 (KHTML, like Gecko) Chrome/119.0.0.0 Safari/537.36"
127.0.0.1 - - [07/Dec/2023:02:58:40 +0000] "GET / HTTP/1.1" 200 6702 "-" "curl/7.68.0"
192.168.65.1 - - [07/Dec/2023:02:58:41 +0000] "PUT /api/v1/actions/657134d48d8a482755cc972a HTTP/1.1" 200 714 "http://localhost:8080/app/appsmith/create-study-group-657133af8d8a482755cc9726/edit/api/657134d48d8a482755cc972a?branch=newbranch&editName=false&from=datasources" "Mozilla/5.0 (Macintosh; Intel Mac OS X 10_15_7) AppleWebKit/537.36 (KHTML, like Gecko) Chrome/119.0.0.0 Safari/537.36"
192.168.65.1 - - [07/Dec/2023:02:58:51 +0000] "PUT /api/v1/actions/657134d48d8a482755cc972a HTTP/1.1" 200 742 "http://localhost:8080/app/appsmith/create-study-group-657133af8d8a482755cc9726/edit/api/657134d48d8a482755cc972a?branch=newbranch&editName=false&from=datasources" "Mozilla/5.0 (Macintosh; Intel Mac OS X 10_15_7) AppleWebKit/537.36 (KHTML, like Gecko) Chrome/119.0.0.0 Safari/537.36"
127.0.0.1 - - [07/Dec/2023:02:58:55 +0000] "GET / HTTP/1.1" 200 6702 "-" "curl/7.68.0"
127.0.0.1 - - [07/Dec/2023:02:59:10 +0000] "GET / HTTP/1.1" 200 6702 "-" "curl/7.68.0"
127.0.0.1 - - [07/Dec/2023:02:59:26 +0000] "GET / HTTP/1.1" 200 6702 "-" "curl/7.68.0"
127.0.0.1 - - [07/Dec/2023:02:59:41 +0000] "GET / HTTP/1.1" 200 6702 "-" "curl/7.68.0"
127.0.0.1 - - [07/Dec/2023:02:59:56 +0000] "GET / HTTP/1.1" 200 6702 "-" "curl/7.68.0"
192.168.65.1 - - [07/Dec/2023:03:00:08 +0000] "PUT /api/v1/actions/657134d48d8a482755cc972a HTTP/1.1" 200 943 "http://localhost:8080/app/appsmith/create-study-group-657133af8d8a482755cc9726/edit/api/657134d48d8a482755cc972a?branch=newbranch&editName=false&from=datasources" "Mozilla/5.0 (Macintosh; Intel Mac OS X 10_15_7) AppleWebKit/537.36 (KHTML, like Gecko) Chrome/119.0.0.0 Safari/537.36"
127.0.0.1 - - [07/Dec/2023:03:00:11 +0000] "GET / HTTP/1.1" 200 6702 "-" "curl/7.68.0"
192.168.65.1 - - [07/Dec/2023:03:00:17 +0000] "PUT /api/v1/actions/657134d48d8a482755cc972a HTTP/1.1" 200 857 "http://localhost:8080/app/appsmith/create-study-group-657133af8d8a482755cc9726/edit/api/657134d48d8a482755cc972a?branch=newbranch&editName=false&from=datasources" "Mozilla/5.0 (Macintosh; Intel Mac OS X 10_15_7) AppleWebKit/537.36 (KHTML, like Gecko) Chrome/119.0.0.0 Safari/537.36"
192.168.65.1 - - [07/Dec/2023:03:00:19 +0000] "POST /api/v1/actions/execute HTTP/1.1" 200 548 "http://localhost:8080/app/appsmith/create-study-group-657133af8d8a482755cc9726/edit/api/657134d48d8a482755cc972a?branch=newbranch&editName=false&from=datasources" "Mozilla/5.0 (Macintosh; Intel Mac OS X 10_15_7) AppleWebKit/537.36 (KHTML, like Gecko) Chrome/119.0.0.0 Safari/537.36"
192.168.65.1 - - [07/Dec/2023:03:00:24 +0000] "PUT /api/v1/actions/657134d48d8a482755cc972a HTTP/1.1" 200 846 "http://localhost:8080/app/appsmith/create-study-group-657133af8d8a482755cc9726/edit/api/657134d48d8a482755cc972a?branch=newbranch&editName=false&from=datasources" "Mozilla/5.0 (Macintosh; Intel Mac OS X 10_15_7) AppleWebKit/537.36 (KHTML, like Gecko) Chrome/119.0.0.0 Safari/537.36"
192.168.65.1 - - [07/Dec/2023:03:00:25 +0000] "POST /api/v1/actions/execute HTTP/1.1" 200 542 "http://localhost:8080/app/appsmith/create-study-group-657133af8d8a482755cc9726/edit/api/657134d48d8a482755cc972a?branch=newbranch&editName=false&from=datasources" "Mozilla/5.0 (Macintosh; Intel Mac OS X 10_15_7) AppleWebKit/537.36 (KHTML, like Gecko) Chrome/119.0.0.0 Safari/537.36"
127.0.0.1 - - [07/Dec/2023:03:00:26 +0000] "GET / HTTP/1.1" 200 6702 "-" "curl/7.68.0"
127.0.0.1 - - [07/Dec/2023:03:00:41 +0000] "GET / HTTP/1.1" 200 6702 "-" "curl/7.68.0"
192.168.65.1 - - [07/Dec/2023:03:00:44 +0000] "PUT /api/v1/actions/657134d48d8a482755cc972a HTTP/1.1" 200 846 "http://localhost:8080/app/appsmith/create-study-group-657133af8d8a482755cc9726/edit/api/657134d48d8a482755cc972a?branch=newbranch&editName=false&from=datasources" "Mozilla/5.0 (Macintosh; Intel Mac OS X 10_15_7) AppleWebKit/537.36 (KHTML, like Gecko) Chrome/119.0.0.0 Safari/537.36"
192.168.65.1 - - [07/Dec/2023:03:00:45 +0000] "PUT /api/v1/actions/657134d48d8a482755cc972a HTTP/1.1" 200 848 "http://localhost:8080/app/appsmith/create-study-group-657133af8d8a482755cc9726/edit/api/657134d48d8a482755cc972a?branch=newbranch&editName=false&from=datasources" "Mozilla/5.0 (Macintosh; Intel Mac OS X 10_15_7) AppleWebKit/537.36 (KHTML, like Gecko) Chrome/119.0.0.0 Safari/537.36"
192.168.65.1 - - [07/Dec/2023:03:00:46 +0000] "PUT /api/v1/actions/657134d48d8a482755cc972a HTTP/1.1" 200 848 "http://localhost:8080/app/appsmith/create-study-group-657133af8d8a482755cc9726/edit/api/657134d48d8a482755cc972a?branch=newbranch&editName=false&from=datasources" "Mozilla/5.0 (Macintosh; Intel Mac OS X 10_15_7) AppleWebKit/537.36 (KHTML, like Gecko) Chrome/119.0.0.0 Safari/537.36"
192.168.65.1 - - [07/Dec/2023:03:00:47 +0000] "PUT /api/v1/actions/657134d48d8a482755cc972a HTTP/1.1" 200 848 "http://localhost:8080/app/appsmith/create-study-group-657133af8d8a482755cc9726/edit/api/657134d48d8a482755cc972a?branch=newbranch&editName=false&from=datasources" "Mozilla/5.0 (Macintosh; Intel Mac OS X 10_15_7) AppleWebKit/537.36 (KHTML, like Gecko) Chrome/119.0.0.0 Safari/537.36"
192.168.65.1 - - [07/Dec/2023:03:00:47 +0000] "PUT /api/v1/actions/657134d48d8a482755cc972a HTTP/1.1" 200 859 "http://localhost:8080/app/appsmith/create-study-group-657133af8d8a482755cc9726/edit/api/657134d48d8a482755cc972a?branch=newbranch&editName=false&from=datasources" "Mozilla/5.0 (Macintosh; Intel Mac OS X 10_15_7) AppleWebKit/537.36 (KHTML, like Gecko) Chrome/119.0.0.0 Safari/537.36"
192.168.65.1 - - [07/Dec/2023:03:00:52 +0000] "PUT /api/v1/actions/657134d48d8a482755cc972a HTTP/1.1" 200 861 "http://localhost:8080/app/appsmith/create-study-group-657133af8d8a482755cc9726/edit/api/657134d48d8a482755cc972a?branch=newbranch&editName=false&from=datasources" "Mozilla/5.0 (Macintosh; Intel Mac OS X 10_15_7) AppleWebKit/537.36 (KHTML, like Gecko) Chrome/119.0.0.0 Safari/537.36"
127.0.0.1 - - [07/Dec/2023:03:00:56 +0000] "GET / HTTP/1.1" 200 6702 "-" "curl/7.68.0"
192.168.65.1 - - [07/Dec/2023:03:00:57 +0000] "PUT /api/v1/actions/657134d48d8a482755cc972a HTTP/1.1" 200 863 "http://localhost:8080/app/appsmith/create-study-group-657133af8d8a482755cc9726/edit/api/657134d48d8a482755cc972a?branch=newbranch&editName=false&from=datasources" "Mozilla/5.0 (Macintosh; Intel Mac OS X 10_15_7) AppleWebKit/537.36 (KHTML, like Gecko) Chrome/119.0.0.0 Safari/537.36"
192.168.65.1 - - [07/Dec/2023:03:01:02 +0000] "PUT /api/v1/actions/657134d48d8a482755cc972a HTTP/1.1" 200 860 "http://localhost:8080/app/appsmith/create-study-group-657133af8d8a482755cc9726/edit/api/657134d48d8a482755cc972a?branch=newbranch&editName=false&from=datasources" "Mozilla/5.0 (Macintosh; Intel Mac OS X 10_15_7) AppleWebKit/537.36 (KHTML, like Gecko) Chrome/119.0.0.0 Safari/537.36"
192.168.65.1 - - [07/Dec/2023:03:01:06 +0000] "PUT /api/v1/actions/657134d48d8a482755cc972a HTTP/1.1" 200 870 "http://localhost:8080/app/appsmith/create-study-group-657133af8d8a482755cc9726/edit/api/657134d48d8a482755cc972a?branch=newbranch&editName=false&from=datasources" "Mozilla/5.0 (Macintosh; Intel Mac OS X 10_15_7) AppleWebKit/537.36 (KHTML, like Gecko) Chrome/119.0.0.0 Safari/537.36"
192.168.65.1 - - [07/Dec/2023:03:01:09 +0000] "PUT /api/v1/actions/657134d48d8a482755cc972a HTTP/1.1" 200 860 "http://localhost:8080/app/appsmith/create-study-group-657133af8d8a482755cc9726/edit/api/657134d48d8a482755cc972a?branch=newbranch&editName=false&from=datasources" "Mozilla/5.0 (Macintosh; Intel Mac OS X 10_15_7) AppleWebKit/537.36 (KHTML, like Gecko) Chrome/119.0.0.0 Safari/537.36"
192.168.65.1 - - [07/Dec/2023:03:01:10 +0000] "PUT /api/v1/actions/657134d48d8a482755cc972a HTTP/1.1" 200 860 "http://localhost:8080/app/appsmith/create-study-group-657133af8d8a482755cc9726/edit/api/657134d48d8a482755cc972a?branch=newbranch&editName=false&from=datasources" "Mozilla/5.0 (Macintosh; Intel Mac OS X 10_15_7) AppleWebKit/537.36 (KHTML, like Gecko) Chrome/119.0.0.0 Safari/537.36"
127.0.0.1 - - [07/Dec/2023:03:01:12 +0000] "GET / HTTP/1.1" 200 6702 "-" "curl/7.68.0"
192.168.65.1 - - [07/Dec/2023:03:01:14 +0000] "PUT /api/v1/actions/657134d48d8a482755cc972a HTTP/1.1" 200 865 "http://localhost:8080/app/appsmith/create-study-group-657133af8d8a482755cc9726/edit/api/657134d48d8a482755cc972a?branch=newbranch&editName=false&from=datasources" "Mozilla/5.0 (Macintosh; Intel Mac OS X 10_15_7) AppleWebKit/537.36 (KHTML, like Gecko) Chrome/119.0.0.0 Safari/537.36"
192.168.65.1 - - [07/Dec/2023:03:01:15 +0000] "PUT /api/v1/actions/657134d48d8a482755cc972a HTTP/1.1" 200 868 "http://localhost:8080/app/appsmith/create-study-group-657133af8d8a482755cc9726/edit/api/657134d48d8a482755cc972a?branch=newbranch&editName=false&from=datasources" "Mozilla/5.0 (Macintosh; Intel Mac OS X 10_15_7) AppleWebKit/537.36 (KHTML, like Gecko) Chrome/119.0.0.0 Safari/537.36"
192.168.65.1 - - [07/Dec/2023:03:01:18 +0000] "PUT /api/v1/actions/657134d48d8a482755cc972a HTTP/1.1" 200 870 "http://localhost:8080/app/appsmith/create-study-group-657133af8d8a482755cc9726/edit/api/657134d48d8a482755cc972a?branch=newbranch&editName=false&from=datasources" "Mozilla/5.0 (Macintosh; Intel Mac OS X 10_15_7) AppleWebKit/537.36 (KHTML, like Gecko) Chrome/119.0.0.0 Safari/537.36"
192.168.65.1 - - [07/Dec/2023:03:01:21 +0000] "PUT /api/v1/actions/657134d48d8a482755cc972a HTTP/1.1" 200 870 "http://localhost:8080/app/appsmith/create-study-group-657133af8d8a482755cc9726/edit/api/657134d48d8a482755cc972a?branch=newbranch&editName=false&from=datasources" "Mozilla/5.0 (Macintosh; Intel Mac OS X 10_15_7) AppleWebKit/537.36 (KHTML, like Gecko) Chrome/119.0.0.0 Safari/537.36"
192.168.65.1 - - [07/Dec/2023:03:01:25 +0000] "PUT /api/v1/actions/657134d48d8a482755cc972a HTTP/1.1" 200 872 "http://localhost:8080/app/appsmith/create-study-group-657133af8d8a482755cc9726/edit/api/657134d48d8a482755cc972a?branch=newbranch&editName=false&from=datasources" "Mozilla/5.0 (Macintosh; Intel Mac OS X 10_15_7) AppleWebKit/537.36 (KHTML, like Gecko) Chrome/119.0.0.0 Safari/537.36"
127.0.0.1 - - [07/Dec/2023:03:01:27 +0000] "GET / HTTP/1.1" 200 6702 "-" "curl/7.68.0"
192.168.65.1 - - [07/Dec/2023:03:01:27 +0000] "PUT /api/v1/actions/657134d48d8a482755cc972a HTTP/1.1" 200 874 "http://localhost:8080/app/appsmith/create-study-group-657133af8d8a482755cc9726/edit/api/657134d48d8a482755cc972a?branch=newbranch&editName=false&from=datasources" "Mozilla/5.0 (Macintosh; Intel Mac OS X 10_15_7) AppleWebKit/537.36 (KHTML, like Gecko) Chrome/119.0.0.0 Safari/537.36"
192.168.65.1 - - [07/Dec/2023:03:01:30 +0000] "PUT /api/v1/actions/657134d48d8a482755cc972a HTTP/1.1" 200 864 "http://localhost:8080/app/appsmith/create-study-group-657133af8d8a482755cc9726/edit/api/657134d48d8a482755cc972a?branch=newbranch&editName=false&from=datasources" "Mozilla/5.0 (Macintosh; Intel Mac OS X 10_15_7) AppleWebKit/537.36 (KHTML, like Gecko) Chrome/119.0.0.0 Safari/537.36"
192.168.65.1 - - [07/Dec/2023:03:01:30 +0000] "PUT /api/v1/actions/657134d48d8a482755cc972a HTTP/1.1" 200 864 "http://localhost:8080/app/appsmith/create-study-group-657133af8d8a482755cc9726/edit/api/657134d48d8a482755cc972a?branch=newbranch&editName=false&from=datasources" "Mozilla/5.0 (Macintosh; Intel Mac OS X 10_15_7) AppleWebKit/537.36 (KHTML, like Gecko) Chrome/119.0.0.0 Safari/537.36"
192.168.65.1 - - [07/Dec/2023:03:01:36 +0000] "PUT /api/v1/actions/657134d48d8a482755cc972a HTTP/1.1" 200 869 "http://localhost:8080/app/appsmith/create-study-group-657133af8d8a482755cc9726/edit/api/657134d48d8a482755cc972a?branch=newbranch&editName=false&from=datasources" "Mozilla/5.0 (Macintosh; Intel Mac OS X 10_15_7) AppleWebKit/537.36 (KHTML, like Gecko) Chrome/119.0.0.0 Safari/537.36"
192.168.65.1 - - [07/Dec/2023:03:01:39 +0000] "PUT /api/v1/actions/657134d48d8a482755cc972a HTTP/1.1" 200 879 "http://localhost:8080/app/appsmith/create-study-group-657133af8d8a482755cc9726/edit/api/657134d48d8a482755cc972a?branch=newbranch&editName=false&from=datasources" "Mozilla/5.0 (Macintosh; Intel Mac OS X 10_15_7) AppleWebKit/537.36 (KHTML, like Gecko) Chrome/119.0.0.0 Safari/537.36"
192.168.65.1 - - [07/Dec/2023:03:01:41 +0000] "PUT /api/v1/actions/657134d48d8a482755cc972a HTTP/1.1" 200 883 "http://localhost:8080/app/appsmith/create-study-group-657133af8d8a482755cc9726/edit/api/657134d48d8a482755cc972a?branch=newbranch&editName=false&from=datasources" "Mozilla/5.0 (Macintosh; Intel Mac OS X 10_15_7) AppleWebKit/537.36 (KHTML, like Gecko) Chrome/119.0.0.0 Safari/537.36"
127.0.0.1 - - [07/Dec/2023:03:01:42 +0000] "GET / HTTP/1.1" 200 6702 "-" "curl/7.68.0"
127.0.0.1 - - [07/Dec/2023:03:01:57 +0000] "GET / HTTP/1.1" 200 6702 "-" "curl/7.68.0"
192.168.65.1 - - [07/Dec/2023:03:01:59 +0000] "PUT /api/v1/layouts/657133af8d8a482755cc9724/pages/657133af8d8a482755cc9726?applicationId=656fa21035f0045611dfddd9 HTTP/1.1" 200 3841 "http://localhost:8080/app/appsmith/create-study-group-657133af8d8a482755cc9726/edit/widgets/7el96jacry?branch=newbranch" "Mozilla/5.0 (Macintosh; Intel Mac OS X 10_15_7) AppleWebKit/537.36 (KHTML, like Gecko) Chrome/119.0.0.0 Safari/537.36"
192.168.65.1 - - [07/Dec/2023:03:02:02 +0000] "PUT /api/v1/layouts/657133af8d8a482755cc9724/pages/657133af8d8a482755cc9726?applicationId=656fa21035f0045611dfddd9 HTTP/1.1" 200 3841 "http://localhost:8080/app/appsmith/create-study-group-657133af8d8a482755cc9726/edit/widgets/7el96jacry?branch=newbranch" "Mozilla/5.0 (Macintosh; Intel Mac OS X 10_15_7) AppleWebKit/537.36 (KHTML, like Gecko) Chrome/119.0.0.0 Safari/537.36"
192.168.65.1 - - [07/Dec/2023:03:02:03 +0000] "PUT /api/v1/layouts/657133af8d8a482755cc9724/pages/657133af8d8a482755cc9726?applicationId=656fa21035f0045611dfddd9 HTTP/1.1" 200 3848 "http://localhost:8080/app/appsmith/create-study-group-657133af8d8a482755cc9726/edit/widgets/7el96jacry?branch=newbranch" "Mozilla/5.0 (Macintosh; Intel Mac OS X 10_15_7) AppleWebKit/537.36 (KHTML, like Gecko) Chrome/119.0.0.0 Safari/537.36"
192.168.65.1 - - [07/Dec/2023:03:02:04 +0000] "PUT /api/v1/layouts/657133af8d8a482755cc9724/pages/657133af8d8a482755cc9726?applicationId=656fa21035f0045611dfddd9 HTTP/1.1" 200 3841 "http://localhost:8080/app/appsmith/create-study-group-657133af8d8a482755cc9726/edit/widgets/j429zrkhnc?branch=newbranch" "Mozilla/5.0 (Macintosh; Intel Mac OS X 10_15_7) AppleWebKit/537.36 (KHTML, like Gecko) Chrome/119.0.0.0 Safari/537.36"
192.168.65.1 - - [07/Dec/2023:03:02:10 +0000] "PUT /api/v1/layouts/657133af8d8a482755cc9724/pages/657133af8d8a482755cc9726?applicationId=656fa21035f0045611dfddd9 HTTP/1.1" 200 3870 "http://localhost:8080/app/appsmith/create-study-group-657133af8d8a482755cc9726/edit/widgets/os3yqguf00?branch=newbranch" "Mozilla/5.0 (Macintosh; Intel Mac OS X 10_15_7) AppleWebKit/537.36 (KHTML, like Gecko) Chrome/119.0.0.0 Safari/537.36"
127.0.0.1 - - [07/Dec/2023:03:02:12 +0000] "GET / HTTP/1.1" 200 6702 "-" "curl/7.68.0"
127.0.0.1 - - [07/Dec/2023:03:02:27 +0000] "GET / HTTP/1.1" 200 6702 "-" "curl/7.68.0"
127.0.0.1 - - [07/Dec/2023:03:02:42 +0000] "GET / HTTP/1.1" 200 6702 "-" "curl/7.68.0"
127.0.0.1 - - [07/Dec/2023:03:02:57 +0000] "GET / HTTP/1.1" 200 6702 "-" "curl/7.68.0"
192.168.65.1 - - [07/Dec/2023:03:02:58 +0000] "GET /api/v1/pages/656fa21135f0045611dfdddb HTTP/1.1" 200 1809 "http://localhost:8080/app/appsmith/home-656fa21135f0045611dfdddb/edit?branch=newbranch" "Mozilla/5.0 (Macintosh; Intel Mac OS X 10_15_7) AppleWebKit/537.36 (KHTML, like Gecko) Chrome/119.0.0.0 Safari/537.36"
192.168.65.1 - - [07/Dec/2023:03:02:58 +0000] "GET /api/v1/applications/snapshot/656fa21035f0045611dfddd9 HTTP/1.1" 200 129 "http://localhost:8080/app/appsmith/home-656fa21135f0045611dfdddb/edit?branch=newbranch" "Mozilla/5.0 (Macintosh; Intel Mac OS X 10_15_7) AppleWebKit/537.36 (KHTML, like Gecko) Chrome/119.0.0.0 Safari/537.36"
192.168.65.1 - - [07/Dec/2023:03:03:00 +0000] "GET /api/v1/pages/65712c408d8a482755cc970b HTTP/1.1" 200 4734 "http://localhost:8080/app/appsmith/professor-home-65712c408d8a482755cc970b/edit?branch=newbranch" "Mozilla/5.0 (Macintosh; Intel Mac OS X 10_15_7) AppleWebKit/537.36 (KHTML, like Gecko) Chrome/119.0.0.0 Safari/537.36"
192.168.65.1 - - [07/Dec/2023:03:03:00 +0000] "GET /api/v1/applications/snapshot/656fa21035f0045611dfddd9 HTTP/1.1" 200 129 "http://localhost:8080/app/appsmith/professor-home-65712c408d8a482755cc970b/edit?branch=newbranch" "Mozilla/5.0 (Macintosh; Intel Mac OS X 10_15_7) AppleWebKit/537.36 (KHTML, like Gecko) Chrome/119.0.0.0 Safari/537.36"
192.168.65.1 - - [07/Dec/2023:03:03:01 +0000] "POST /api/v1/actions/execute HTTP/1.1" 200 424 "http://localhost:8080/app/appsmith/professor-home-65712c408d8a482755cc970b/edit?branch=newbranch" "Mozilla/5.0 (Macintosh; Intel Mac OS X 10_15_7) AppleWebKit/537.36 (KHTML, like Gecko) Chrome/119.0.0.0 Safari/537.36"
192.168.65.1 - - [07/Dec/2023:03:03:01 +0000] "POST /api/v1/actions/execute HTTP/1.1" 200 425 "http://localhost:8080/app/appsmith/professor-home-65712c408d8a482755cc970b/edit?branch=newbranch" "Mozilla/5.0 (Macintosh; Intel Mac OS X 10_15_7) AppleWebKit/537.36 (KHTML, like Gecko) Chrome/119.0.0.0 Safari/537.36"
192.168.65.1 - - [07/Dec/2023:03:03:01 +0000] "GET /api/v1/pages/657133af8d8a482755cc9726 HTTP/1.1" 200 4031 "http://localhost:8080/app/appsmith/create-study-group-657133af8d8a482755cc9726/edit?branch=newbranch" "Mozilla/5.0 (Macintosh; Intel Mac OS X 10_15_7) AppleWebKit/537.36 (KHTML, like Gecko) Chrome/119.0.0.0 Safari/537.36"
192.168.65.1 - - [07/Dec/2023:03:03:01 +0000] "GET /api/v1/applications/snapshot/656fa21035f0045611dfddd9 HTTP/1.1" 200 129 "http://localhost:8080/app/appsmith/create-study-group-657133af8d8a482755cc9726/edit/api/657134d48d8a482755cc972a?branch=newbranch" "Mozilla/5.0 (Macintosh; Intel Mac OS X 10_15_7) AppleWebKit/537.36 (KHTML, like Gecko) Chrome/119.0.0.0 Safari/537.36"
127.0.0.1 - - [07/Dec/2023:03:03:13 +0000] "GET / HTTP/1.1" 200 6702 "-" "curl/7.68.0"
192.168.65.1 - - [07/Dec/2023:03:03:15 +0000] "PUT /api/v1/layouts/657133af8d8a482755cc9724/pages/657133af8d8a482755cc9726?applicationId=656fa21035f0045611dfddd9 HTTP/1.1" 200 3882 "http://localhost:8080/app/appsmith/create-study-group-657133af8d8a482755cc9726/edit/widgets/waxpug80wp?branch=newbranch" "Mozilla/5.0 (Macintosh; Intel Mac OS X 10_15_7) AppleWebKit/537.36 (KHTML, like Gecko) Chrome/119.0.0.0 Safari/537.36"
192.168.65.1 - - [07/Dec/2023:03:03:17 +0000] "PUT /api/v1/layouts/657133af8d8a482755cc9724/pages/657133af8d8a482755cc9726?applicationId=656fa21035f0045611dfddd9 HTTP/1.1" 200 3884 "http://localhost:8080/app/appsmith/create-study-group-657133af8d8a482755cc9726/edit/widgets/j429zrkhnc?branch=newbranch" "Mozilla/5.0 (Macintosh; Intel Mac OS X 10_15_7) AppleWebKit/537.36 (KHTML, like Gecko) Chrome/119.0.0.0 Safari/537.36"
127.0.0.1 - - [07/Dec/2023:03:03:28 +0000] "GET / HTTP/1.1" 200 6702 "-" "curl/7.68.0"
192.168.65.1 - - [07/Dec/2023:03:03:28 +0000] "PUT /api/v1/layouts/657133af8d8a482755cc9724/pages/657133af8d8a482755cc9726?applicationId=656fa21035f0045611dfddd9 HTTP/1.1" 200 3875 "http://localhost:8080/app/appsmith/create-study-group-657133af8d8a482755cc9726/edit/widgets/j429zrkhnc?branch=newbranch" "Mozilla/5.0 (Macintosh; Intel Mac OS X 10_15_7) AppleWebKit/537.36 (KHTML, like Gecko) Chrome/119.0.0.0 Safari/537.36"
127.0.0.1 - - [07/Dec/2023:03:03:43 +0000] "GET / HTTP/1.1" 200 6702 "-" "curl/7.68.0"
192.168.65.1 - - [07/Dec/2023:03:03:57 +0000] "PUT /api/v1/layouts/refactor HTTP/1.1" 200 3886 "http://localhost:8080/app/appsmith/create-study-group-657133af8d8a482755cc9726/edit/widgets/tpmwa87op2?branch=newbranch" "Mozilla/5.0 (Macintosh; Intel Mac OS X 10_15_7) AppleWebKit/537.36 (KHTML, like Gecko) Chrome/119.0.0.0 Safari/537.36"
192.168.65.1 - - [07/Dec/2023:03:03:57 +0000] "GET /api/v1/collections/actions?pageId=657133af8d8a482755cc9726 HTTP/1.1" 200 101 "http://localhost:8080/app/appsmith/create-study-group-657133af8d8a482755cc9726/edit/widgets/tpmwa87op2?branch=newbranch" "Mozilla/5.0 (Macintosh; Intel Mac OS X 10_15_7) AppleWebKit/537.36 (KHTML, like Gecko) Chrome/119.0.0.0 Safari/537.36"
192.168.65.1 - - [07/Dec/2023:03:03:57 +0000] "GET /api/v1/actions?pageId=657133af8d8a482755cc9726 HTTP/1.1" 200 872 "http://localhost:8080/app/appsmith/create-study-group-657133af8d8a482755cc9726/edit/widgets/tpmwa87op2?branch=newbranch" "Mozilla/5.0 (Macintosh; Intel Mac OS X 10_15_7) AppleWebKit/537.36 (KHTML, like Gecko) Chrome/119.0.0.0 Safari/537.36"
127.0.0.1 - - [07/Dec/2023:03:03:58 +0000] "GET / HTTP/1.1" 200 6702 "-" "curl/7.68.0"
192.168.65.1 - - [07/Dec/2023:03:04:05 +0000] "PUT /api/v1/layouts/refactor HTTP/1.1" 200 3893 "http://localhost:8080/app/appsmith/create-study-group-657133af8d8a482755cc9726/edit/widgets/7el96jacry?branch=newbranch" "Mozilla/5.0 (Macintosh; Intel Mac OS X 10_15_7) AppleWebKit/537.36 (KHTML, like Gecko) Chrome/119.0.0.0 Safari/537.36"
192.168.65.1 - - [07/Dec/2023:03:04:05 +0000] "GET /api/v1/collections/actions?pageId=657133af8d8a482755cc9726 HTTP/1.1" 200 101 "http://localhost:8080/app/appsmith/create-study-group-657133af8d8a482755cc9726/edit/widgets/7el96jacry?branch=newbranch" "Mozilla/5.0 (Macintosh; Intel Mac OS X 10_15_7) AppleWebKit/537.36 (KHTML, like Gecko) Chrome/119.0.0.0 Safari/537.36"
192.168.65.1 - - [07/Dec/2023:03:04:05 +0000] "GET /api/v1/actions?pageId=657133af8d8a482755cc9726 HTTP/1.1" 200 872 "http://localhost:8080/app/appsmith/create-study-group-657133af8d8a482755cc9726/edit/widgets/7el96jacry?branch=newbranch" "Mozilla/5.0 (Macintosh; Intel Mac OS X 10_15_7) AppleWebKit/537.36 (KHTML, like Gecko) Chrome/119.0.0.0 Safari/537.36"
192.168.65.1 - - [07/Dec/2023:03:04:11 +0000] "PUT /api/v1/layouts/refactor HTTP/1.1" 200 3895 "http://localhost:8080/app/appsmith/create-study-group-657133af8d8a482755cc9726/edit/widgets/os3yqguf00?branch=newbranch" "Mozilla/5.0 (Macintosh; Intel Mac OS X 10_15_7) AppleWebKit/537.36 (KHTML, like Gecko) Chrome/119.0.0.0 Safari/537.36"
192.168.65.1 - - [07/Dec/2023:03:04:11 +0000] "GET /api/v1/collections/actions?pageId=657133af8d8a482755cc9726 HTTP/1.1" 200 101 "http://localhost:8080/app/appsmith/create-study-group-657133af8d8a482755cc9726/edit/widgets/os3yqguf00?branch=newbranch" "Mozilla/5.0 (Macintosh; Intel Mac OS X 10_15_7) AppleWebKit/537.36 (KHTML, like Gecko) Chrome/119.0.0.0 Safari/537.36"
192.168.65.1 - - [07/Dec/2023:03:04:11 +0000] "GET /api/v1/actions?pageId=657133af8d8a482755cc9726 HTTP/1.1" 200 872 "http://localhost:8080/app/appsmith/create-study-group-657133af8d8a482755cc9726/edit/widgets/os3yqguf00?branch=newbranch" "Mozilla/5.0 (Macintosh; Intel Mac OS X 10_15_7) AppleWebKit/537.36 (KHTML, like Gecko) Chrome/119.0.0.0 Safari/537.36"
127.0.0.1 - - [07/Dec/2023:03:04:13 +0000] "GET / HTTP/1.1" 200 6702 "-" "curl/7.68.0"
192.168.65.1 - - [07/Dec/2023:03:04:17 +0000] "PUT /api/v1/layouts/refactor HTTP/1.1" 200 3900 "http://localhost:8080/app/appsmith/create-study-group-657133af8d8a482755cc9726/edit/widgets/waxpug80wp?branch=newbranch" "Mozilla/5.0 (Macintosh; Intel Mac OS X 10_15_7) AppleWebKit/537.36 (KHTML, like Gecko) Chrome/119.0.0.0 Safari/537.36"
192.168.65.1 - - [07/Dec/2023:03:04:17 +0000] "GET /api/v1/collections/actions?pageId=657133af8d8a482755cc9726 HTTP/1.1" 200 101 "http://localhost:8080/app/appsmith/create-study-group-657133af8d8a482755cc9726/edit/widgets/waxpug80wp?branch=newbranch" "Mozilla/5.0 (Macintosh; Intel Mac OS X 10_15_7) AppleWebKit/537.36 (KHTML, like Gecko) Chrome/119.0.0.0 Safari/537.36"
192.168.65.1 - - [07/Dec/2023:03:04:17 +0000] "GET /api/v1/actions?pageId=657133af8d8a482755cc9726 HTTP/1.1" 200 872 "http://localhost:8080/app/appsmith/create-study-group-657133af8d8a482755cc9726/edit/widgets/waxpug80wp?branch=newbranch" "Mozilla/5.0 (Macintosh; Intel Mac OS X 10_15_7) AppleWebKit/537.36 (KHTML, like Gecko) Chrome/119.0.0.0 Safari/537.36"
192.168.65.1 - - [07/Dec/2023:03:04:24 +0000] "PUT /api/v1/layouts/refactor HTTP/1.1" 200 3889 "http://localhost:8080/app/appsmith/create-study-group-657133af8d8a482755cc9726/edit/widgets/hrhzvsvo8w?branch=newbranch" "Mozilla/5.0 (Macintosh; Intel Mac OS X 10_15_7) AppleWebKit/537.36 (KHTML, like Gecko) Chrome/119.0.0.0 Safari/537.36"
192.168.65.1 - - [07/Dec/2023:03:04:24 +0000] "GET /api/v1/collections/actions?pageId=657133af8d8a482755cc9726 HTTP/1.1" 200 101 "http://localhost:8080/app/appsmith/create-study-group-657133af8d8a482755cc9726/edit/widgets/hrhzvsvo8w?branch=newbranch" "Mozilla/5.0 (Macintosh; Intel Mac OS X 10_15_7) AppleWebKit/537.36 (KHTML, like Gecko) Chrome/119.0.0.0 Safari/537.36"
192.168.65.1 - - [07/Dec/2023:03:04:24 +0000] "GET /api/v1/actions?pageId=657133af8d8a482755cc9726 HTTP/1.1" 200 872 "http://localhost:8080/app/appsmith/create-study-group-657133af8d8a482755cc9726/edit/widgets/hrhzvsvo8w?branch=newbranch" "Mozilla/5.0 (Macintosh; Intel Mac OS X 10_15_7) AppleWebKit/537.36 (KHTML, like Gecko) Chrome/119.0.0.0 Safari/537.36"
127.0.0.1 - - [07/Dec/2023:03:04:28 +0000] "GET / HTTP/1.1" 200 6702 "-" "curl/7.68.0"
