192.168.65.1 - - [06/Dec/2023:17:49:34 +0000] "PUT /api/v1/layouts/6570aea5fc074a681b6f25a8/pages/6570aea5fc074a681b6f25aa?applicationId=656fa21035f0045611dfddd9 HTTP/1.1" 200 2350 "http://localhost:8080/app/appsmith/create-study-group-6570aea5fc074a681b6f25aa/edit?branch=chris" "Mozilla/5.0 (Macintosh; Intel Mac OS X 10_15_7) AppleWebKit/537.36 (KHTML, like Gecko) Chrome/119.0.0.0 Safari/537.36"
192.168.65.1 - - [06/Dec/2023:17:49:38 +0000] "PUT /api/v1/layouts/6570aea5fc074a681b6f25a8/pages/6570aea5fc074a681b6f25aa?applicationId=656fa21035f0045611dfddd9 HTTP/1.1" 200 2358 "http://localhost:8080/app/appsmith/create-study-group-6570aea5fc074a681b6f25aa/edit/widgets/bcsb78eiy0?branch=chris" "Mozilla/5.0 (Macintosh; Intel Mac OS X 10_15_7) AppleWebKit/537.36 (KHTML, like Gecko) Chrome/119.0.0.0 Safari/537.36"
192.168.65.1 - - [06/Dec/2023:17:49:40 +0000] "PUT /api/v1/layouts/6570aea5fc074a681b6f25a8/pages/6570aea5fc074a681b6f25aa?applicationId=656fa21035f0045611dfddd9 HTTP/1.1" 200 2382 "http://localhost:8080/app/appsmith/create-study-group-6570aea5fc074a681b6f25aa/edit/widgets/c9hrkf7qp9?branch=chris" "Mozilla/5.0 (Macintosh; Intel Mac OS X 10_15_7) AppleWebKit/537.36 (KHTML, like Gecko) Chrome/119.0.0.0 Safari/537.36"
192.168.65.1 - - [06/Dec/2023:17:49:43 +0000] "PUT /api/v1/layouts/6570aea5fc074a681b6f25a8/pages/6570aea5fc074a681b6f25aa?applicationId=656fa21035f0045611dfddd9 HTTP/1.1" 200 2373 "http://localhost:8080/app/appsmith/create-study-group-6570aea5fc074a681b6f25aa/edit/widgets/c9hrkf7qp9?branch=chris" "Mozilla/5.0 (Macintosh; Intel Mac OS X 10_15_7) AppleWebKit/537.36 (KHTML, like Gecko) Chrome/119.0.0.0 Safari/537.36"
192.168.65.1 - - [06/Dec/2023:17:49:46 +0000] "PUT /api/v1/layouts/6570aea5fc074a681b6f25a8/pages/6570aea5fc074a681b6f25aa?applicationId=656fa21035f0045611dfddd9 HTTP/1.1" 200 2390 "http://localhost:8080/app/appsmith/create-study-group-6570aea5fc074a681b6f25aa/edit/widgets/ggdqw7pcnj?branch=chris" "Mozilla/5.0 (Macintosh; Intel Mac OS X 10_15_7) AppleWebKit/537.36 (KHTML, like Gecko) Chrome/119.0.0.0 Safari/537.36"
127.0.0.1 - - [06/Dec/2023:17:49:47 +0000] "GET / HTTP/1.1" 200 6702 "-" "curl/7.68.0"
192.168.65.1 - - [06/Dec/2023:17:49:50 +0000] "PUT /api/v1/layouts/6570aea5fc074a681b6f25a8/pages/6570aea5fc074a681b6f25aa?applicationId=656fa21035f0045611dfddd9 HTTP/1.1" 200 2390 "http://localhost:8080/app/appsmith/create-study-group-6570aea5fc074a681b6f25aa/edit/widgets/74a3pvyafs?branch=chris" "Mozilla/5.0 (Macintosh; Intel Mac OS X 10_15_7) AppleWebKit/537.36 (KHTML, like Gecko) Chrome/119.0.0.0 Safari/537.36"
192.168.65.1 - - [06/Dec/2023:17:49:51 +0000] "PUT /api/v1/layouts/6570aea5fc074a681b6f25a8/pages/6570aea5fc074a681b6f25aa?applicationId=656fa21035f0045611dfddd9 HTTP/1.1" 200 2390 "http://localhost:8080/app/appsmith/create-study-group-6570aea5fc074a681b6f25aa/edit/widgets/8syg2ja5mu?branch=chris" "Mozilla/5.0 (Macintosh; Intel Mac OS X 10_15_7) AppleWebKit/537.36 (KHTML, like Gecko) Chrome/119.0.0.0 Safari/537.36"
192.168.65.1 - - [06/Dec/2023:17:49:54 +0000] "PUT /api/v1/layouts/6570aea5fc074a681b6f25a8/pages/6570aea5fc074a681b6f25aa?applicationId=656fa21035f0045611dfddd9 HTTP/1.1" 200 2390 "http://localhost:8080/app/appsmith/create-study-group-6570aea5fc074a681b6f25aa/edit/widgets/vkk1hskjlg?branch=chris" "Mozilla/5.0 (Macintosh; Intel Mac OS X 10_15_7) AppleWebKit/537.36 (KHTML, like Gecko) Chrome/119.0.0.0 Safari/537.36"
192.168.65.1 - - [06/Dec/2023:17:50:00 +0000] "PUT /api/v1/layouts/6570aea5fc074a681b6f25a8/pages/6570aea5fc074a681b6f25aa?applicationId=656fa21035f0045611dfddd9 HTTP/1.1" 200 2399 "http://localhost:8080/app/appsmith/create-study-group-6570aea5fc074a681b6f25aa/edit/widgets/vkk1hskjlg?branch=chris" "Mozilla/5.0 (Macintosh; Intel Mac OS X 10_15_7) AppleWebKit/537.36 (KHTML, like Gecko) Chrome/119.0.0.0 Safari/537.36"
127.0.0.1 - - [06/Dec/2023:17:50:02 +0000] "GET / HTTP/1.1" 200 6702 "-" "curl/7.68.0"
192.168.65.1 - - [06/Dec/2023:17:50:09 +0000] "PUT /api/v1/layouts/6570aea5fc074a681b6f25a8/pages/6570aea5fc074a681b6f25aa?applicationId=656fa21035f0045611dfddd9 HTTP/1.1" 200 2388 "http://localhost:8080/app/appsmith/create-study-group-6570aea5fc074a681b6f25aa/edit?branch=chris" "Mozilla/5.0 (Macintosh; Intel Mac OS X 10_15_7) AppleWebKit/537.36 (KHTML, like Gecko) Chrome/119.0.0.0 Safari/537.36"
192.168.65.1 - - [06/Dec/2023:17:50:13 +0000] "PUT /api/v1/layouts/6570aea5fc074a681b6f25a8/pages/6570aea5fc074a681b6f25aa?applicationId=656fa21035f0045611dfddd9 HTTP/1.1" 200 2394 "http://localhost:8080/app/appsmith/create-study-group-6570aea5fc074a681b6f25aa/edit/widgets/vkk1hskjlg?branch=chris" "Mozilla/5.0 (Macintosh; Intel Mac OS X 10_15_7) AppleWebKit/537.36 (KHTML, like Gecko) Chrome/119.0.0.0 Safari/537.36"
192.168.65.1 - - [06/Dec/2023:17:50:15 +0000] "PUT /api/v1/layouts/6570aea5fc074a681b6f25a8/pages/6570aea5fc074a681b6f25aa?applicationId=656fa21035f0045611dfddd9 HTTP/1.1" 200 2388 "http://localhost:8080/app/appsmith/create-study-group-6570aea5fc074a681b6f25aa/edit/widgets/y42c96etgo?branch=chris" "Mozilla/5.0 (Macintosh; Intel Mac OS X 10_15_7) AppleWebKit/537.36 (KHTML, like Gecko) Chrome/119.0.0.0 Safari/537.36"
192.168.65.1 - - [06/Dec/2023:17:50:17 +0000] "PUT /api/v1/layouts/6570aea5fc074a681b6f25a8/pages/6570aea5fc074a681b6f25aa?applicationId=656fa21035f0045611dfddd9 HTTP/1.1" 200 2406 "http://localhost:8080/app/appsmith/create-study-group-6570aea5fc074a681b6f25aa/edit/widgets/y42c96etgo?branch=chris" "Mozilla/5.0 (Macintosh; Intel Mac OS X 10_15_7) AppleWebKit/537.36 (KHTML, like Gecko) Chrome/119.0.0.0 Safari/537.36"
127.0.0.1 - - [06/Dec/2023:17:50:17 +0000] "GET / HTTP/1.1" 200 6702 "-" "curl/7.68.0"
192.168.65.1 - - [06/Dec/2023:17:50:21 +0000] "PUT /api/v1/layouts/6570aea5fc074a681b6f25a8/pages/6570aea5fc074a681b6f25aa?applicationId=656fa21035f0045611dfddd9 HTTP/1.1" 200 2401 "http://localhost:8080/app/appsmith/create-study-group-6570aea5fc074a681b6f25aa/edit/widgets/vkk1hskjlg?branch=chris" "Mozilla/5.0 (Macintosh; Intel Mac OS X 10_15_7) AppleWebKit/537.36 (KHTML, like Gecko) Chrome/119.0.0.0 Safari/537.36"
192.168.65.1 - - [06/Dec/2023:17:50:22 +0000] "PUT /api/v1/layouts/6570aea5fc074a681b6f25a8/pages/6570aea5fc074a681b6f25aa?applicationId=656fa21035f0045611dfddd9 HTTP/1.1" 200 2399 "http://localhost:8080/app/appsmith/create-study-group-6570aea5fc074a681b6f25aa/edit/widgets/y42c96etgo?branch=chris" "Mozilla/5.0 (Macintosh; Intel Mac OS X 10_15_7) AppleWebKit/537.36 (KHTML, like Gecko) Chrome/119.0.0.0 Safari/537.36"
192.168.65.1 - - [06/Dec/2023:17:50:25 +0000] "PUT /api/v1/layouts/6570aea5fc074a681b6f25a8/pages/6570aea5fc074a681b6f25aa?applicationId=656fa21035f0045611dfddd9 HTTP/1.1" 200 2399 "http://localhost:8080/app/appsmith/create-study-group-6570aea5fc074a681b6f25aa/edit/widgets/8syg2ja5mu?branch=chris" "Mozilla/5.0 (Macintosh; Intel Mac OS X 10_15_7) AppleWebKit/537.36 (KHTML, like Gecko) Chrome/119.0.0.0 Safari/537.36"
192.168.65.1 - - [06/Dec/2023:17:50:27 +0000] "PUT /api/v1/layouts/6570aea5fc074a681b6f25a8/pages/6570aea5fc074a681b6f25aa?applicationId=656fa21035f0045611dfddd9 HTTP/1.1" 200 2402 "http://localhost:8080/app/appsmith/create-study-group-6570aea5fc074a681b6f25aa/edit/widgets/8syg2ja5mu?branch=chris" "Mozilla/5.0 (Macintosh; Intel Mac OS X 10_15_7) AppleWebKit/537.36 (KHTML, like Gecko) Chrome/119.0.0.0 Safari/537.36"
192.168.65.1 - - [06/Dec/2023:17:50:28 +0000] "PUT /api/v1/layouts/6570aea5fc074a681b6f25a8/pages/6570aea5fc074a681b6f25aa?applicationId=656fa21035f0045611dfddd9 HTTP/1.1" 200 2445 "http://localhost:8080/app/appsmith/create-study-group-6570aea5fc074a681b6f25aa/edit/widgets/8syg2ja5mu?branch=chris" "Mozilla/5.0 (Macintosh; Intel Mac OS X 10_15_7) AppleWebKit/537.36 (KHTML, like Gecko) Chrome/119.0.0.0 Safari/537.36"
192.168.65.1 - - [06/Dec/2023:17:50:31 +0000] "PUT /api/v1/layouts/6570aea5fc074a681b6f25a8/pages/6570aea5fc074a681b6f25aa?applicationId=656fa21035f0045611dfddd9 HTTP/1.1" 200 2458 "http://localhost:8080/app/appsmith/create-study-group-6570aea5fc074a681b6f25aa/edit/widgets/vkk1hskjlg?branch=chris" "Mozilla/5.0 (Macintosh; Intel Mac OS X 10_15_7) AppleWebKit/537.36 (KHTML, like Gecko) Chrome/119.0.0.0 Safari/537.36"
127.0.0.1 - - [06/Dec/2023:17:50:33 +0000] "GET / HTTP/1.1" 200 6702 "-" "curl/7.68.0"
192.168.65.1 - - [06/Dec/2023:17:50:33 +0000] "PUT /api/v1/layouts/6570aea5fc074a681b6f25a8/pages/6570aea5fc074a681b6f25aa?applicationId=656fa21035f0045611dfddd9 HTTP/1.1" 200 2445 "http://localhost:8080/app/appsmith/create-study-group-6570aea5fc074a681b6f25aa/edit?branch=chris" "Mozilla/5.0 (Macintosh; Intel Mac OS X 10_15_7) AppleWebKit/537.36 (KHTML, like Gecko) Chrome/119.0.0.0 Safari/537.36"
192.168.65.1 - - [06/Dec/2023:17:50:36 +0000] "PUT /api/v1/layouts/6570aea5fc074a681b6f25a8/pages/6570aea5fc074a681b6f25aa?applicationId=656fa21035f0045611dfddd9 HTTP/1.1" 200 2451 "http://localhost:8080/app/appsmith/create-study-group-6570aea5fc074a681b6f25aa/edit/widgets/74a3pvyafs?branch=chris" "Mozilla/5.0 (Macintosh; Intel Mac OS X 10_15_7) AppleWebKit/537.36 (KHTML, like Gecko) Chrome/119.0.0.0 Safari/537.36"
192.168.65.1 - - [06/Dec/2023:17:50:40 +0000] "PUT /api/v1/layouts/6570aea5fc074a681b6f25a8/pages/6570aea5fc074a681b6f25aa?applicationId=656fa21035f0045611dfddd9 HTTP/1.1" 200 2445 "http://localhost:8080/app/appsmith/create-study-group-6570aea5fc074a681b6f25aa/edit/widgets/ggdqw7pcnj?branch=chris" "Mozilla/5.0 (Macintosh; Intel Mac OS X 10_15_7) AppleWebKit/537.36 (KHTML, like Gecko) Chrome/119.0.0.0 Safari/537.36"
192.168.65.1 - - [06/Dec/2023:17:50:44 +0000] "PUT /api/v1/layouts/6570aea5fc074a681b6f25a8/pages/6570aea5fc074a681b6f25aa?applicationId=656fa21035f0045611dfddd9 HTTP/1.1" 200 2428 "http://localhost:8080/app/appsmith/create-study-group-6570aea5fc074a681b6f25aa/edit?branch=chris" "Mozilla/5.0 (Macintosh; Intel Mac OS X 10_15_7) AppleWebKit/537.36 (KHTML, like Gecko) Chrome/119.0.0.0 Safari/537.36"
192.168.65.1 - - [06/Dec/2023:17:50:47 +0000] "PUT /api/v1/layouts/6570aea5fc074a681b6f25a8/pages/6570aea5fc074a681b6f25aa?applicationId=656fa21035f0045611dfddd9 HTTP/1.1" 200 2441 "http://localhost:8080/app/appsmith/create-study-group-6570aea5fc074a681b6f25aa/edit/widgets/8syg2ja5mu?branch=chris" "Mozilla/5.0 (Macintosh; Intel Mac OS X 10_15_7) AppleWebKit/537.36 (KHTML, like Gecko) Chrome/119.0.0.0 Safari/537.36"
127.0.0.1 - - [06/Dec/2023:17:50:48 +0000] "GET / HTTP/1.1" 200 6702 "-" "curl/7.68.0"
192.168.65.1 - - [06/Dec/2023:17:50:49 +0000] "PUT /api/v1/layouts/6570aea5fc074a681b6f25a8/pages/6570aea5fc074a681b6f25aa?applicationId=656fa21035f0045611dfddd9 HTTP/1.1" 200 2446 "http://localhost:8080/app/appsmith/create-study-group-6570aea5fc074a681b6f25aa/edit/widgets/vkk1hskjlg?branch=chris" "Mozilla/5.0 (Macintosh; Intel Mac OS X 10_15_7) AppleWebKit/537.36 (KHTML, like Gecko) Chrome/119.0.0.0 Safari/537.36"
192.168.65.1 - - [06/Dec/2023:17:50:50 +0000] "PUT /api/v1/layouts/6570aea5fc074a681b6f25a8/pages/6570aea5fc074a681b6f25aa?applicationId=656fa21035f0045611dfddd9 HTTP/1.1" 200 2438 "http://localhost:8080/app/appsmith/create-study-group-6570aea5fc074a681b6f25aa/edit?branch=chris" "Mozilla/5.0 (Macintosh; Intel Mac OS X 10_15_7) AppleWebKit/537.36 (KHTML, like Gecko) Chrome/119.0.0.0 Safari/537.36"
192.168.65.1 - - [06/Dec/2023:17:50:54 +0000] "POST /api/v1/actions HTTP/1.1" 201 1836 "http://localhost:8080/app/appsmith/create-study-group-6570aea5fc074a681b6f25aa/edit?branch=chris" "Mozilla/5.0 (Macintosh; Intel Mac OS X 10_15_7) AppleWebKit/537.36 (KHTML, like Gecko) Chrome/119.0.0.0 Safari/537.36"
192.168.65.1 - - [06/Dec/2023:17:50:58 +0000] "GET /api/v1/pages/6570aea5fc074a681b6f25aa HTTP/1.1" 200 2593 "http://localhost:8080/app/appsmith/create-study-group-6570aea5fc074a681b6f25aa/edit/api/6570b47efc074a681b6f25ac?branch=chris&editName=true&from=datasources" "Mozilla/5.0 (Macintosh; Intel Mac OS X 10_15_7) AppleWebKit/537.36 (KHTML, like Gecko) Chrome/119.0.0.0 Safari/537.36"
192.168.65.1 - - [06/Dec/2023:17:50:59 +0000] "PUT /api/v1/actions/refactor HTTP/1.1" 200 2438 "http://localhost:8080/app/appsmith/create-study-group-6570aea5fc074a681b6f25aa/edit/api/6570b47efc074a681b6f25ac?branch=chris&editName=true&from=datasources" "Mozilla/5.0 (Macintosh; Intel Mac OS X 10_15_7) AppleWebKit/537.36 (KHTML, like Gecko) Chrome/119.0.0.0 Safari/537.36"
192.168.65.1 - - [06/Dec/2023:17:50:59 +0000] "GET /api/v1/collections/actions?pageId=6570aea5fc074a681b6f25aa HTTP/1.1" 200 101 "http://localhost:8080/app/appsmith/create-study-group-6570aea5fc074a681b6f25aa/edit/api/6570b47efc074a681b6f25ac?branch=chris&editName=false&from=datasources" "Mozilla/5.0 (Macintosh; Intel Mac OS X 10_15_7) AppleWebKit/537.36 (KHTML, like Gecko) Chrome/119.0.0.0 Safari/537.36"
192.168.65.1 - - [06/Dec/2023:17:50:59 +0000] "GET /api/v1/actions?pageId=6570aea5fc074a681b6f25aa HTTP/1.1" 200 661 "http://localhost:8080/app/appsmith/create-study-group-6570aea5fc074a681b6f25aa/edit/api/6570b47efc074a681b6f25ac?branch=chris&editName=false&from=datasources" "Mozilla/5.0 (Macintosh; Intel Mac OS X 10_15_7) AppleWebKit/537.36 (KHTML, like Gecko) Chrome/119.0.0.0 Safari/537.36"
192.168.65.1 - - [06/Dec/2023:17:51:02 +0000] "PUT /api/v1/actions/6570b47efc074a681b6f25ac HTTP/1.1" 200 683 "http://localhost:8080/app/appsmith/create-study-group-6570aea5fc074a681b6f25aa/edit/api/6570b47efc074a681b6f25ac?branch=chris&editName=false&from=datasources" "Mozilla/5.0 (Macintosh; Intel Mac OS X 10_15_7) AppleWebKit/537.36 (KHTML, like Gecko) Chrome/119.0.0.0 Safari/537.36"
127.0.0.1 - - [06/Dec/2023:17:51:03 +0000] "GET / HTTP/1.1" 200 6702 "-" "curl/7.68.0"
192.168.65.1 - - [06/Dec/2023:17:51:08 +0000] "PUT /api/v1/actions/6570b47efc074a681b6f25ac HTTP/1.1" 200 688 "http://localhost:8080/app/appsmith/create-study-group-6570aea5fc074a681b6f25aa/edit/api/6570b47efc074a681b6f25ac?branch=chris&editName=false&from=datasources" "Mozilla/5.0 (Macintosh; Intel Mac OS X 10_15_7) AppleWebKit/537.36 (KHTML, like Gecko) Chrome/119.0.0.0 Safari/537.36"
192.168.65.1 - - [06/Dec/2023:17:51:15 +0000] "PUT /api/v1/actions/6570b47efc074a681b6f25ac HTTP/1.1" 200 695 "http://localhost:8080/app/appsmith/create-study-group-6570aea5fc074a681b6f25aa/edit/api/6570b47efc074a681b6f25ac?branch=chris&editName=false&from=datasources" "Mozilla/5.0 (Macintosh; Intel Mac OS X 10_15_7) AppleWebKit/537.36 (KHTML, like Gecko) Chrome/119.0.0.0 Safari/537.36"
127.0.0.1 - - [06/Dec/2023:17:51:18 +0000] "GET / HTTP/1.1" 200 6702 "-" "curl/7.68.0"
127.0.0.1 - - [06/Dec/2023:17:51:33 +0000] "GET / HTTP/1.1" 200 6702 "-" "curl/7.68.0"
127.0.0.1 - - [06/Dec/2023:17:51:48 +0000] "GET / HTTP/1.1" 200 6702 "-" "curl/7.68.0"
127.0.0.1 - - [06/Dec/2023:17:52:03 +0000] "GET / HTTP/1.1" 200 6702 "-" "curl/7.68.0"
127.0.0.1 - - [06/Dec/2023:17:52:18 +0000] "GET / HTTP/1.1" 200 6702 "-" "curl/7.68.0"
127.0.0.1 - - [06/Dec/2023:17:52:34 +0000] "GET / HTTP/1.1" 200 6702 "-" "curl/7.68.0"
127.0.0.1 - - [06/Dec/2023:17:52:49 +0000] "GET / HTTP/1.1" 200 6702 "-" "curl/7.68.0"
127.0.0.1 - - [06/Dec/2023:17:53:04 +0000] "GET / HTTP/1.1" 200 6702 "-" "curl/7.68.0"
127.0.0.1 - - [06/Dec/2023:17:53:19 +0000] "GET / HTTP/1.1" 200 6702 "-" "curl/7.68.0"
127.0.0.1 - - [06/Dec/2023:17:53:34 +0000] "GET / HTTP/1.1" 200 6702 "-" "curl/7.68.0"
192.168.65.1 - - [06/Dec/2023:17:53:36 +0000] "PUT /api/v1/actions/6570b47efc074a681b6f25ac HTTP/1.1" 200 741 "http://localhost:8080/app/appsmith/create-study-group-6570aea5fc074a681b6f25aa/edit/api/6570b47efc074a681b6f25ac?branch=chris&editName=false&from=datasources" "Mozilla/5.0 (Macintosh; Intel Mac OS X 10_15_7) AppleWebKit/537.36 (KHTML, like Gecko) Chrome/119.0.0.0 Safari/537.36"
192.168.65.1 - - [06/Dec/2023:17:53:45 +0000] "PUT /api/v1/actions/6570b47efc074a681b6f25ac HTTP/1.1" 200 760 "http://localhost:8080/app/appsmith/create-study-group-6570aea5fc074a681b6f25aa/edit/api/6570b47efc074a681b6f25ac?branch=chris&editName=false&from=datasources" "Mozilla/5.0 (Macintosh; Intel Mac OS X 10_15_7) AppleWebKit/537.36 (KHTML, like Gecko) Chrome/119.0.0.0 Safari/537.36"
192.168.65.1 - - [06/Dec/2023:17:53:46 +0000] "PUT /api/v1/actions/6570b47efc074a681b6f25ac HTTP/1.1" 200 741 "http://localhost:8080/app/appsmith/create-study-group-6570aea5fc074a681b6f25aa/edit/api/6570b47efc074a681b6f25ac?branch=chris&editName=false&from=datasources" "Mozilla/5.0 (Macintosh; Intel Mac OS X 10_15_7) AppleWebKit/537.36 (KHTML, like Gecko) Chrome/119.0.0.0 Safari/537.36"
127.0.0.1 - - [06/Dec/2023:17:53:49 +0000] "GET / HTTP/1.1" 200 6702 "-" "curl/7.68.0"
192.168.65.1 - - [06/Dec/2023:17:53:51 +0000] "GET / HTTP/1.1" 304 0 "-" "Mozilla/5.0 (Macintosh; Intel Mac OS X 10_15_7) AppleWebKit/537.36 (KHTML, like Gecko) Chrome/119.0.0.0 Safari/537.36"
192.168.65.1 - - [06/Dec/2023:17:53:51 +0000] "GET /api/v1/users/features HTTP/1.1" 200 844 "http://localhost:8080/" "Mozilla/5.0 (Macintosh; Intel Mac OS X 10_15_7) AppleWebKit/537.36 (KHTML, like Gecko) Chrome/119.0.0.0 Safari/537.36"
192.168.65.1 - - [06/Dec/2023:17:53:51 +0000] "GET /api/v1/tenants/current HTTP/1.1" 200 294 "http://localhost:8080/" "Mozilla/5.0 (Macintosh; Intel Mac OS X 10_15_7) AppleWebKit/537.36 (KHTML, like Gecko) Chrome/119.0.0.0 Safari/537.36"
192.168.65.1 - - [06/Dec/2023:17:53:51 +0000] "GET /api/v1/product-alert/alert HTTP/1.1" 200 99 "http://localhost:8080/" "Mozilla/5.0 (Macintosh; Intel Mac OS X 10_15_7) AppleWebKit/537.36 (KHTML, like Gecko) Chrome/119.0.0.0 Safari/537.36"
192.168.65.1 - - [06/Dec/2023:17:53:51 +0000] "GET /api/v1/users/me HTTP/1.1" 200 355 "http://localhost:8080/" "Mozilla/5.0 (Macintosh; Intel Mac OS X 10_15_7) AppleWebKit/537.36 (KHTML, like Gecko) Chrome/119.0.0.0 Safari/537.36"
192.168.65.1 - - [06/Dec/2023:17:53:51 +0000] "GET /api/v1/applications/new HTTP/1.1" 200 1435 "http://localhost:8080/applications" "Mozilla/5.0 (Macintosh; Intel Mac OS X 10_15_7) AppleWebKit/537.36 (KHTML, like Gecko) Chrome/119.0.0.0 Safari/537.36"
192.168.65.1 - - [06/Dec/2023:17:53:51 +0000] "GET /api/v1/applications/releaseItems HTTP/1.1" 200 9695 "http://localhost:8080/applications" "Mozilla/5.0 (Macintosh; Intel Mac OS X 10_15_7) AppleWebKit/537.36 (KHTML, like Gecko) Chrome/119.0.0.0 Safari/537.36"
192.168.65.1 - - [06/Dec/2023:17:53:54 +0000] "GET /pageService.js HTTP/1.1" 304 0 "http://localhost:8080/pageService.js" "Mozilla/5.0 (Macintosh; Intel Mac OS X 10_15_7) AppleWebKit/537.36 (KHTML, like Gecko) Chrome/119.0.0.0 Safari/537.36"
127.0.0.1 - - [06/Dec/2023:17:54:04 +0000] "GET / HTTP/1.1" 200 6702 "-" "curl/7.68.0"
192.168.65.1 - - [06/Dec/2023:17:54:09 +0000] "PUT /api/v1/actions/6570b47efc074a681b6f25ac HTTP/1.1" 200 942 "http://localhost:8080/app/appsmith/create-study-group-6570aea5fc074a681b6f25aa/edit/api/6570b47efc074a681b6f25ac?branch=chris&editName=false&from=datasources" "Mozilla/5.0 (Macintosh; Intel Mac OS X 10_15_7) AppleWebKit/537.36 (KHTML, like Gecko) Chrome/119.0.0.0 Safari/537.36"
192.168.65.1 - - [06/Dec/2023:17:54:10 +0000] "PUT /api/v1/actions/6570b47efc074a681b6f25ac HTTP/1.1" 200 941 "http://localhost:8080/app/appsmith/create-study-group-6570aea5fc074a681b6f25aa/edit/api/6570b47efc074a681b6f25ac?branch=chris&editName=false&from=datasources" "Mozilla/5.0 (Macintosh; Intel Mac OS X 10_15_7) AppleWebKit/537.36 (KHTML, like Gecko) Chrome/119.0.0.0 Safari/537.36"
192.168.65.1 - - [06/Dec/2023:17:54:13 +0000] "PUT /api/v1/actions/6570b47efc074a681b6f25ac HTTP/1.1" 200 942 "http://localhost:8080/app/appsmith/create-study-group-6570aea5fc074a681b6f25aa/edit/api/6570b47efc074a681b6f25ac?branch=chris&editName=false&from=datasources" "Mozilla/5.0 (Macintosh; Intel Mac OS X 10_15_7) AppleWebKit/537.36 (KHTML, like Gecko) Chrome/119.0.0.0 Safari/537.36"
192.168.65.1 - - [06/Dec/2023:17:54:15 +0000] "PUT /api/v1/actions/6570b47efc074a681b6f25ac HTTP/1.1" 200 941 "http://localhost:8080/app/appsmith/create-study-group-6570aea5fc074a681b6f25aa/edit/api/6570b47efc074a681b6f25ac?branch=chris&editName=false&from=datasources" "Mozilla/5.0 (Macintosh; Intel Mac OS X 10_15_7) AppleWebKit/537.36 (KHTML, like Gecko) Chrome/119.0.0.0 Safari/537.36"
192.168.65.1 - - [06/Dec/2023:17:54:17 +0000] "PUT /api/v1/actions/6570b47efc074a681b6f25ac HTTP/1.1" 200 941 "http://localhost:8080/app/appsmith/create-study-group-6570aea5fc074a681b6f25aa/edit/api/6570b47efc074a681b6f25ac?branch=chris&editName=false&from=datasources" "Mozilla/5.0 (Macintosh; Intel Mac OS X 10_15_7) AppleWebKit/537.36 (KHTML, like Gecko) Chrome/119.0.0.0 Safari/537.36"
192.168.65.1 - - [06/Dec/2023:17:54:18 +0000] "POST /api/v1/actions/execute HTTP/1.1" 200 630 "http://localhost:8080/app/appsmith/create-study-group-6570aea5fc074a681b6f25aa/edit/api/6570b47efc074a681b6f25ac?branch=chris&editName=false&from=datasources" "Mozilla/5.0 (Macintosh; Intel Mac OS X 10_15_7) AppleWebKit/537.36 (KHTML, like Gecko) Chrome/119.0.0.0 Safari/537.36"
127.0.0.1 - - [06/Dec/2023:17:54:19 +0000] "GET / HTTP/1.1" 200 6702 "-" "curl/7.68.0"
127.0.0.1 - - [06/Dec/2023:17:54:35 +0000] "GET / HTTP/1.1" 200 6702 "-" "curl/7.68.0"
192.168.65.1 - - [06/Dec/2023:17:54:38 +0000] "PUT /api/v1/layouts/6570aea5fc074a681b6f25a8/pages/6570aea5fc074a681b6f25aa?applicationId=656fa21035f0045611dfddd9 HTTP/1.1" 200 2467 "http://localhost:8080/app/appsmith/create-study-group-6570aea5fc074a681b6f25aa/edit/widgets/7din2dyqsv?branch=chris" "Mozilla/5.0 (Macintosh; Intel Mac OS X 10_15_7) AppleWebKit/537.36 (KHTML, like Gecko) Chrome/119.0.0.0 Safari/537.36"
192.168.65.1 - - [06/Dec/2023:17:54:40 +0000] "PUT /api/v1/layouts/6570aea5fc074a681b6f25a8/pages/6570aea5fc074a681b6f25aa?applicationId=656fa21035f0045611dfddd9 HTTP/1.1" 200 2479 "http://localhost:8080/app/appsmith/create-study-group-6570aea5fc074a681b6f25aa/edit/widgets/7din2dyqsv?branch=chris" "Mozilla/5.0 (Macintosh; Intel Mac OS X 10_15_7) AppleWebKit/537.36 (KHTML, like Gecko) Chrome/119.0.0.0 Safari/537.36"
192.168.65.1 - - [06/Dec/2023:17:54:41 +0000] "PUT /api/v1/layouts/6570aea5fc074a681b6f25a8/pages/6570aea5fc074a681b6f25aa?applicationId=656fa21035f0045611dfddd9 HTTP/1.1" 200 2479 "http://localhost:8080/app/appsmith/create-study-group-6570aea5fc074a681b6f25aa/edit?branch=chris" "Mozilla/5.0 (Macintosh; Intel Mac OS X 10_15_7) AppleWebKit/537.36 (KHTML, like Gecko) Chrome/119.0.0.0 Safari/537.36"
192.168.65.1 - - [06/Dec/2023:17:54:49 +0000] "PUT /api/v1/layouts/6570aea5fc074a681b6f25a8/pages/6570aea5fc074a681b6f25aa?applicationId=656fa21035f0045611dfddd9 HTTP/1.1" 200 2480 "http://localhost:8080/app/appsmith/create-study-group-6570aea5fc074a681b6f25aa/edit/widgets/7din2dyqsv?branch=chris" "Mozilla/5.0 (Macintosh; Intel Mac OS X 10_15_7) AppleWebKit/537.36 (KHTML, like Gecko) Chrome/119.0.0.0 Safari/537.36"
127.0.0.1 - - [06/Dec/2023:17:54:50 +0000] "GET / HTTP/1.1" 200 6702 "-" "curl/7.68.0"
192.168.65.1 - - [06/Dec/2023:17:54:54 +0000] "PUT /api/v1/layouts/6570aea5fc074a681b6f25a8/pages/6570aea5fc074a681b6f25aa?applicationId=656fa21035f0045611dfddd9 HTTP/1.1" 200 2500 "http://localhost:8080/app/appsmith/create-study-group-6570aea5fc074a681b6f25aa/edit/widgets/7din2dyqsv?branch=chris" "Mozilla/5.0 (Macintosh; Intel Mac OS X 10_15_7) AppleWebKit/537.36 (KHTML, like Gecko) Chrome/119.0.0.0 Safari/537.36"
192.168.65.1 - - [06/Dec/2023:17:54:57 +0000] "PUT /api/v1/layouts/6570aea5fc074a681b6f25a8/pages/6570aea5fc074a681b6f25aa?applicationId=656fa21035f0045611dfddd9 HTTP/1.1" 200 2506 "http://localhost:8080/app/appsmith/create-study-group-6570aea5fc074a681b6f25aa/edit/widgets/7din2dyqsv?branch=chris" "Mozilla/5.0 (Macintosh; Intel Mac OS X 10_15_7) AppleWebKit/537.36 (KHTML, like Gecko) Chrome/119.0.0.0 Safari/537.36"
192.168.65.1 - - [06/Dec/2023:17:54:58 +0000] "PUT /api/v1/layouts/6570aea5fc074a681b6f25a8/pages/6570aea5fc074a681b6f25aa?applicationId=656fa21035f0045611dfddd9 HTTP/1.1" 200 2504 "http://localhost:8080/app/appsmith/create-study-group-6570aea5fc074a681b6f25aa/edit/widgets/7din2dyqsv?branch=chris" "Mozilla/5.0 (Macintosh; Intel Mac OS X 10_15_7) AppleWebKit/537.36 (KHTML, like Gecko) Chrome/119.0.0.0 Safari/537.36"
127.0.0.1 - - [06/Dec/2023:17:55:05 +0000] "GET / HTTP/1.1" 200 6702 "-" "curl/7.68.0"
192.168.65.1 - - [06/Dec/2023:17:55:06 +0000] "PUT /api/v1/layouts/6570aea5fc074a681b6f25a8/pages/6570aea5fc074a681b6f25aa?applicationId=656fa21035f0045611dfddd9 HTTP/1.1" 200 2696 "http://localhost:8080/app/appsmith/create-study-group-6570aea5fc074a681b6f25aa/edit/widgets/7din2dyqsv?branch=chris" "Mozilla/5.0 (Macintosh; Intel Mac OS X 10_15_7) AppleWebKit/537.36 (KHTML, like Gecko) Chrome/119.0.0.0 Safari/537.36"
192.168.65.1 - - [06/Dec/2023:17:55:09 +0000] "PUT /api/v1/layouts/6570aea5fc074a681b6f25a8/pages/6570aea5fc074a681b6f25aa?applicationId=656fa21035f0045611dfddd9 HTTP/1.1" 200 2504 "http://localhost:8080/app/appsmith/create-study-group-6570aea5fc074a681b6f25aa/edit/widgets/7din2dyqsv?branch=chris" "Mozilla/5.0 (Macintosh; Intel Mac OS X 10_15_7) AppleWebKit/537.36 (KHTML, like Gecko) Chrome/119.0.0.0 Safari/537.36"
192.168.65.1 - - [06/Dec/2023:17:55:16 +0000] "PUT /api/v1/layouts/6570aea5fc074a681b6f25a8/pages/6570aea5fc074a681b6f25aa?applicationId=656fa21035f0045611dfddd9 HTTP/1.1" 200 2509 "http://localhost:8080/app/appsmith/create-study-group-6570aea5fc074a681b6f25aa/edit/widgets/7din2dyqsv?branch=chris" "Mozilla/5.0 (Macintosh; Intel Mac OS X 10_15_7) AppleWebKit/537.36 (KHTML, like Gecko) Chrome/119.0.0.0 Safari/537.36"
127.0.0.1 - - [06/Dec/2023:17:55:20 +0000] "GET / HTTP/1.1" 200 6702 "-" "curl/7.68.0"
192.168.65.1 - - [06/Dec/2023:17:55:29 +0000] "PUT /api/v1/layouts/6570aea5fc074a681b6f25a8/pages/6570aea5fc074a681b6f25aa?applicationId=656fa21035f0045611dfddd9 HTTP/1.1" 200 2510 "http://localhost:8080/app/appsmith/create-study-group-6570aea5fc074a681b6f25aa/edit/widgets/7din2dyqsv?branch=chris" "Mozilla/5.0 (Macintosh; Intel Mac OS X 10_15_7) AppleWebKit/537.36 (KHTML, like Gecko) Chrome/119.0.0.0 Safari/537.36"
192.168.65.1 - - [06/Dec/2023:17:55:33 +0000] "PUT /api/v1/layouts/6570aea5fc074a681b6f25a8/pages/6570aea5fc074a681b6f25aa?applicationId=656fa21035f0045611dfddd9 HTTP/1.1" 200 2506 "http://localhost:8080/app/appsmith/create-study-group-6570aea5fc074a681b6f25aa/edit/widgets/7din2dyqsv?branch=chris" "Mozilla/5.0 (Macintosh; Intel Mac OS X 10_15_7) AppleWebKit/537.36 (KHTML, like Gecko) Chrome/119.0.0.0 Safari/537.36"
127.0.0.1 - - [06/Dec/2023:17:55:35 +0000] "GET / HTTP/1.1" 200 6702 "-" "curl/7.68.0"
192.168.65.1 - - [06/Dec/2023:17:55:47 +0000] "PUT /api/v1/layouts/6570aea5fc074a681b6f25a8/pages/6570aea5fc074a681b6f25aa?applicationId=656fa21035f0045611dfddd9 HTTP/1.1" 200 2505 "http://localhost:8080/app/appsmith/create-study-group-6570aea5fc074a681b6f25aa/edit/widgets/7din2dyqsv?branch=chris" "Mozilla/5.0 (Macintosh; Intel Mac OS X 10_15_7) AppleWebKit/537.36 (KHTML, like Gecko) Chrome/119.0.0.0 Safari/537.36"
192.168.65.1 - - [06/Dec/2023:17:55:49 +0000] "PUT /api/v1/layouts/6570aea5fc074a681b6f25a8/pages/6570aea5fc074a681b6f25aa?applicationId=656fa21035f0045611dfddd9 HTTP/1.1" 200 2508 "http://localhost:8080/app/appsmith/create-study-group-6570aea5fc074a681b6f25aa/edit/widgets/7din2dyqsv?branch=chris" "Mozilla/5.0 (Macintosh; Intel Mac OS X 10_15_7) AppleWebKit/537.36 (KHTML, like Gecko) Chrome/119.0.0.0 Safari/537.36"
127.0.0.1 - - [06/Dec/2023:17:55:50 +0000] "GET / HTTP/1.1" 200 6702 "-" "curl/7.68.0"
127.0.0.1 - - [06/Dec/2023:17:56:05 +0000] "GET / HTTP/1.1" 200 6702 "-" "curl/7.68.0"
192.168.65.1 - - [06/Dec/2023:17:56:11 +0000] "PUT /api/v1/layouts/6570aea5fc074a681b6f25a8/pages/6570aea5fc074a681b6f25aa?applicationId=656fa21035f0045611dfddd9 HTTP/1.1" 200 2510 "http://localhost:8080/app/appsmith/create-study-group-6570aea5fc074a681b6f25aa/edit/widgets/7din2dyqsv?branch=chris" "Mozilla/5.0 (Macintosh; Intel Mac OS X 10_15_7) AppleWebKit/537.36 (KHTML, like Gecko) Chrome/119.0.0.0 Safari/537.36"
192.168.65.1 - - [06/Dec/2023:17:56:13 +0000] "PUT /api/v1/layouts/6570aea5fc074a681b6f25a8/pages/6570aea5fc074a681b6f25aa?applicationId=656fa21035f0045611dfddd9 HTTP/1.1" 200 2507 "http://localhost:8080/app/appsmith/create-study-group-6570aea5fc074a681b6f25aa/edit/widgets/7din2dyqsv?branch=chris" "Mozilla/5.0 (Macintosh; Intel Mac OS X 10_15_7) AppleWebKit/537.36 (KHTML, like Gecko) Chrome/119.0.0.0 Safari/537.36"
192.168.65.1 - - [06/Dec/2023:17:56:20 +0000] "PUT /api/v1/layouts/6570aea5fc074a681b6f25a8/pages/6570aea5fc074a681b6f25aa?applicationId=656fa21035f0045611dfddd9 HTTP/1.1" 200 2511 "http://localhost:8080/app/appsmith/create-study-group-6570aea5fc074a681b6f25aa/edit/widgets/7din2dyqsv?branch=chris" "Mozilla/5.0 (Macintosh; Intel Mac OS X 10_15_7) AppleWebKit/537.36 (KHTML, like Gecko) Chrome/119.0.0.0 Safari/537.36"
127.0.0.1 - - [06/Dec/2023:17:56:21 +0000] "GET / HTTP/1.1" 200 6702 "-" "curl/7.68.0"
127.0.0.1 - - [06/Dec/2023:17:56:36 +0000] "GET / HTTP/1.1" 200 6702 "-" "curl/7.68.0"
192.168.65.1 - - [06/Dec/2023:17:56:42 +0000] "PUT /api/v1/layouts/6570aea5fc074a681b6f25a8/pages/6570aea5fc074a681b6f25aa?applicationId=656fa21035f0045611dfddd9 HTTP/1.1" 200 2521 "http://localhost:8080/app/appsmith/create-study-group-6570aea5fc074a681b6f25aa/edit/widgets/bcsb78eiy0?branch=chris" "Mozilla/5.0 (Macintosh; Intel Mac OS X 10_15_7) AppleWebKit/537.36 (KHTML, like Gecko) Chrome/119.0.0.0 Safari/537.36"
192.168.65.1 - - [06/Dec/2023:17:56:46 +0000] "PUT /api/v1/layouts/6570aea5fc074a681b6f25a8/pages/6570aea5fc074a681b6f25aa?applicationId=656fa21035f0045611dfddd9 HTTP/1.1" 200 2520 "http://localhost:8080/app/appsmith/create-study-group-6570aea5fc074a681b6f25aa/edit/widgets/bcsb78eiy0?branch=chris" "Mozilla/5.0 (Macintosh; Intel Mac OS X 10_15_7) AppleWebKit/537.36 (KHTML, like Gecko) Chrome/119.0.0.0 Safari/537.36"
192.168.65.1 - - [06/Dec/2023:17:56:47 +0000] "PUT /api/v1/layouts/6570aea5fc074a681b6f25a8/pages/6570aea5fc074a681b6f25aa?applicationId=656fa21035f0045611dfddd9 HTTP/1.1" 200 2536 "http://localhost:8080/app/appsmith/create-study-group-6570aea5fc074a681b6f25aa/edit/widgets/bcsb78eiy0?branch=chris" "Mozilla/5.0 (Macintosh; Intel Mac OS X 10_15_7) AppleWebKit/537.36 (KHTML, like Gecko) Chrome/119.0.0.0 Safari/537.36"
192.168.65.1 - - [06/Dec/2023:17:56:50 +0000] "PUT /api/v1/layouts/6570aea5fc074a681b6f25a8/pages/6570aea5fc074a681b6f25aa?applicationId=656fa21035f0045611dfddd9 HTTP/1.1" 200 2536 "http://localhost:8080/app/appsmith/create-study-group-6570aea5fc074a681b6f25aa/edit/widgets/bcsb78eiy0?branch=chris" "Mozilla/5.0 (Macintosh; Intel Mac OS X 10_15_7) AppleWebKit/537.36 (KHTML, like Gecko) Chrome/119.0.0.0 Safari/537.36"
127.0.0.1 - - [06/Dec/2023:17:56:51 +0000] "GET / HTTP/1.1" 200 6702 "-" "curl/7.68.0"
127.0.0.1 - - [06/Dec/2023:17:57:06 +0000] "GET / HTTP/1.1" 200 6702 "-" "curl/7.68.0"
192.168.65.1 - - [06/Dec/2023:17:57:08 +0000] "PUT /api/v1/layouts/6570aea5fc074a681b6f25a8/pages/6570aea5fc074a681b6f25aa?applicationId=656fa21035f0045611dfddd9 HTTP/1.1" 200 2540 "http://localhost:8080/app/appsmith/create-study-group-6570aea5fc074a681b6f25aa/edit/widgets/c9hrkf7qp9?branch=chris" "Mozilla/5.0 (Macintosh; Intel Mac OS X 10_15_7) AppleWebKit/537.36 (KHTML, like Gecko) Chrome/119.0.0.0 Safari/537.36"
192.168.65.1 - - [06/Dec/2023:17:57:08 +0000] "PUT /api/v1/layouts/6570aea5fc074a681b6f25a8/pages/6570aea5fc074a681b6f25aa?applicationId=656fa21035f0045611dfddd9 HTTP/1.1" 200 2535 "http://localhost:8080/app/appsmith/create-study-group-6570aea5fc074a681b6f25aa/edit/widgets/c9hrkf7qp9?branch=chris" "Mozilla/5.0 (Macintosh; Intel Mac OS X 10_15_7) AppleWebKit/537.36 (KHTML, like Gecko) Chrome/119.0.0.0 Safari/537.36"
192.168.65.1 - - [06/Dec/2023:17:57:13 +0000] "PUT /api/v1/layouts/6570aea5fc074a681b6f25a8/pages/6570aea5fc074a681b6f25aa?applicationId=656fa21035f0045611dfddd9 HTTP/1.1" 200 2550 "http://localhost:8080/app/appsmith/create-study-group-6570aea5fc074a681b6f25aa/edit/widgets/c9hrkf7qp9?branch=chris" "Mozilla/5.0 (Macintosh; Intel Mac OS X 10_15_7) AppleWebKit/537.36 (KHTML, like Gecko) Chrome/119.0.0.0 Safari/537.36"
192.168.65.1 - - [06/Dec/2023:17:57:16 +0000] "PUT /api/v1/layouts/6570aea5fc074a681b6f25a8/pages/6570aea5fc074a681b6f25aa?applicationId=656fa21035f0045611dfddd9 HTTP/1.1" 200 2549 "http://localhost:8080/app/appsmith/create-study-group-6570aea5fc074a681b6f25aa/edit/widgets/c9hrkf7qp9?branch=chris" "Mozilla/5.0 (Macintosh; Intel Mac OS X 10_15_7) AppleWebKit/537.36 (KHTML, like Gecko) Chrome/119.0.0.0 Safari/537.36"
127.0.0.1 - - [06/Dec/2023:17:57:21 +0000] "GET / HTTP/1.1" 200 6702 "-" "curl/7.68.0"
127.0.0.1 - - [06/Dec/2023:17:57:36 +0000] "GET / HTTP/1.1" 200 6702 "-" "curl/7.68.0"
127.0.0.1 - - [06/Dec/2023:17:57:51 +0000] "GET / HTTP/1.1" 200 6702 "-" "curl/7.68.0"
192.168.65.1 - - [06/Dec/2023:17:57:53 +0000] "PUT /api/v1/layouts/6570aea5fc074a681b6f25a8/pages/6570aea5fc074a681b6f25aa?applicationId=656fa21035f0045611dfddd9 HTTP/1.1" 200 2566 "http://localhost:8080/app/appsmith/create-study-group-6570aea5fc074a681b6f25aa/edit/widgets/vkk1hskjlg?branch=chris" "Mozilla/5.0 (Macintosh; Intel Mac OS X 10_15_7) AppleWebKit/537.36 (KHTML, like Gecko) Chrome/119.0.0.0 Safari/537.36"
192.168.65.1 - - [06/Dec/2023:17:57:55 +0000] "PUT /api/v1/layouts/6570aea5fc074a681b6f25a8/pages/6570aea5fc074a681b6f25aa?applicationId=656fa21035f0045611dfddd9 HTTP/1.1" 200 2554 "http://localhost:8080/app/appsmith/create-study-group-6570aea5fc074a681b6f25aa/edit/widgets/y42c96etgo?branch=chris" "Mozilla/5.0 (Macintosh; Intel Mac OS X 10_15_7) AppleWebKit/537.36 (KHTML, like Gecko) Chrome/119.0.0.0 Safari/537.36"
192.168.65.1 - - [06/Dec/2023:17:58:01 +0000] "PUT /api/v1/layouts/6570aea5fc074a681b6f25a8/pages/6570aea5fc074a681b6f25aa?applicationId=656fa21035f0045611dfddd9 HTTP/1.1" 200 2677 "http://localhost:8080/app/appsmith/create-study-group-6570aea5fc074a681b6f25aa/edit/widgets/8eqmkvyilc?branch=chris" "Mozilla/5.0 (Macintosh; Intel Mac OS X 10_15_7) AppleWebKit/537.36 (KHTML, like Gecko) Chrome/119.0.0.0 Safari/537.36"
127.0.0.1 - - [06/Dec/2023:17:58:06 +0000] "GET / HTTP/1.1" 200 6702 "-" "curl/7.68.0"
192.168.65.1 - - [06/Dec/2023:17:58:09 +0000] "PUT /api/v1/layouts/refactor HTTP/1.1" 200 2677 "http://localhost:8080/app/appsmith/create-study-group-6570aea5fc074a681b6f25aa/edit/widgets/8eqmkvyilc?branch=chris" "Mozilla/5.0 (Macintosh; Intel Mac OS X 10_15_7) AppleWebKit/537.36 (KHTML, like Gecko) Chrome/119.0.0.0 Safari/537.36"
192.168.65.1 - - [06/Dec/2023:17:58:09 +0000] "GET /api/v1/collections/actions?pageId=6570aea5fc074a681b6f25aa HTTP/1.1" 200 101 "http://localhost:8080/app/appsmith/create-study-group-6570aea5fc074a681b6f25aa/edit/widgets/8eqmkvyilc?branch=chris" "Mozilla/5.0 (Macintosh; Intel Mac OS X 10_15_7) AppleWebKit/537.36 (KHTML, like Gecko) Chrome/119.0.0.0 Safari/537.36"
192.168.65.1 - - [06/Dec/2023:17:58:09 +0000] "GET /api/v1/actions?pageId=6570aea5fc074a681b6f25aa HTTP/1.1" 200 932 "http://localhost:8080/app/appsmith/create-study-group-6570aea5fc074a681b6f25aa/edit/widgets/8eqmkvyilc?branch=chris" "Mozilla/5.0 (Macintosh; Intel Mac OS X 10_15_7) AppleWebKit/537.36 (KHTML, like Gecko) Chrome/119.0.0.0 Safari/537.36"
192.168.65.1 - - [06/Dec/2023:17:58:12 +0000] "PUT /api/v1/layouts/6570aea5fc074a681b6f25a8/pages/6570aea5fc074a681b6f25aa?applicationId=656fa21035f0045611dfddd9 HTTP/1.1" 200 2672 "http://localhost:8080/app/appsmith/create-study-group-6570aea5fc074a681b6f25aa/edit?branch=chris" "Mozilla/5.0 (Macintosh; Intel Mac OS X 10_15_7) AppleWebKit/537.36 (KHTML, like Gecko) Chrome/119.0.0.0 Safari/537.36"
192.168.65.1 - - [06/Dec/2023:17:58:18 +0000] "PUT /api/v1/layouts/6570aea5fc074a681b6f25a8/pages/6570aea5fc074a681b6f25aa?applicationId=656fa21035f0045611dfddd9 HTTP/1.1" 200 2678 "http://localhost:8080/app/appsmith/create-study-group-6570aea5fc074a681b6f25aa/edit/widgets/c9hrkf7qp9?branch=chris" "Mozilla/5.0 (Macintosh; Intel Mac OS X 10_15_7) AppleWebKit/537.36 (KHTML, like Gecko) Chrome/119.0.0.0 Safari/537.36"
192.168.65.1 - - [06/Dec/2023:17:58:21 +0000] "PUT /api/v1/layouts/6570aea5fc074a681b6f25a8/pages/6570aea5fc074a681b6f25aa?applicationId=656fa21035f0045611dfddd9 HTTP/1.1" 200 2671 "http://localhost:8080/app/appsmith/create-study-group-6570aea5fc074a681b6f25aa/edit/widgets/c9hrkf7qp9?branch=chris" "Mozilla/5.0 (Macintosh; Intel Mac OS X 10_15_7) AppleWebKit/537.36 (KHTML, like Gecko) Chrome/119.0.0.0 Safari/537.36"
127.0.0.1 - - [06/Dec/2023:17:58:22 +0000] "GET / HTTP/1.1" 200 6702 "-" "curl/7.68.0"
192.168.65.1 - - [06/Dec/2023:17:58:23 +0000] "PUT /api/v1/layouts/6570aea5fc074a681b6f25a8/pages/6570aea5fc074a681b6f25aa?applicationId=656fa21035f0045611dfddd9 HTTP/1.1" 200 2670 "http://localhost:8080/app/appsmith/create-study-group-6570aea5fc074a681b6f25aa/edit/widgets/c9hrkf7qp9?branch=chris" "Mozilla/5.0 (Macintosh; Intel Mac OS X 10_15_7) AppleWebKit/537.36 (KHTML, like Gecko) Chrome/119.0.0.0 Safari/537.36"
192.168.65.1 - - [06/Dec/2023:17:58:28 +0000] "PUT /api/v1/layouts/6570aea5fc074a681b6f25a8/pages/6570aea5fc074a681b6f25aa?applicationId=656fa21035f0045611dfddd9 HTTP/1.1" 200 2679 "http://localhost:8080/app/appsmith/create-study-group-6570aea5fc074a681b6f25aa/edit/widgets/ggdqw7pcnj?branch=chris" "Mozilla/5.0 (Macintosh; Intel Mac OS X 10_15_7) AppleWebKit/537.36 (KHTML, like Gecko) Chrome/119.0.0.0 Safari/537.36"
192.168.65.1 - - [06/Dec/2023:17:58:33 +0000] "PUT /api/v1/layouts/6570aea5fc074a681b6f25a8/pages/6570aea5fc074a681b6f25aa?applicationId=656fa21035f0045611dfddd9 HTTP/1.1" 200 2674 "http://localhost:8080/app/appsmith/create-study-group-6570aea5fc074a681b6f25aa/edit/widgets/ggdqw7pcnj?branch=chris" "Mozilla/5.0 (Macintosh; Intel Mac OS X 10_15_7) AppleWebKit/537.36 (KHTML, like Gecko) Chrome/119.0.0.0 Safari/537.36"
127.0.0.1 - - [06/Dec/2023:17:58:37 +0000] "GET / HTTP/1.1" 200 6702 "-" "curl/7.68.0"
192.168.65.1 - - [06/Dec/2023:17:58:40 +0000] "PUT /api/v1/layouts/6570aea5fc074a681b6f25a8/pages/6570aea5fc074a681b6f25aa?applicationId=656fa21035f0045611dfddd9 HTTP/1.1" 200 2683 "http://localhost:8080/app/appsmith/create-study-group-6570aea5fc074a681b6f25aa/edit/widgets/ggdqw7pcnj?branch=chris" "Mozilla/5.0 (Macintosh; Intel Mac OS X 10_15_7) AppleWebKit/537.36 (KHTML, like Gecko) Chrome/119.0.0.0 Safari/537.36"
192.168.65.1 - - [06/Dec/2023:17:58:42 +0000] "PUT /api/v1/layouts/6570aea5fc074a681b6f25a8/pages/6570aea5fc074a681b6f25aa?applicationId=656fa21035f0045611dfddd9 HTTP/1.1" 200 2682 "http://localhost:8080/app/appsmith/create-study-group-6570aea5fc074a681b6f25aa/edit/widgets/ggdqw7pcnj?branch=chris" "Mozilla/5.0 (Macintosh; Intel Mac OS X 10_15_7) AppleWebKit/537.36 (KHTML, like Gecko) Chrome/119.0.0.0 Safari/537.36"
192.168.65.1 - - [06/Dec/2023:17:58:44 +0000] "PUT /api/v1/layouts/6570aea5fc074a681b6f25a8/pages/6570aea5fc074a681b6f25aa?applicationId=656fa21035f0045611dfddd9 HTTP/1.1" 200 2682 "http://localhost:8080/app/appsmith/create-study-group-6570aea5fc074a681b6f25aa/edit/widgets/ggdqw7pcnj?branch=chris" "Mozilla/5.0 (Macintosh; Intel Mac OS X 10_15_7) AppleWebKit/537.36 (KHTML, like Gecko) Chrome/119.0.0.0 Safari/537.36"
192.168.65.1 - - [06/Dec/2023:17:58:49 +0000] "PUT /api/v1/layouts/6570aea5fc074a681b6f25a8/pages/6570aea5fc074a681b6f25aa?applicationId=656fa21035f0045611dfddd9 HTTP/1.1" 200 2676 "http://localhost:8080/app/appsmith/create-study-group-6570aea5fc074a681b6f25aa/edit/widgets/ggdqw7pcnj?branch=chris" "Mozilla/5.0 (Macintosh; Intel Mac OS X 10_15_7) AppleWebKit/537.36 (KHTML, like Gecko) Chrome/119.0.0.0 Safari/537.36"
127.0.0.1 - - [06/Dec/2023:17:58:52 +0000] "GET / HTTP/1.1" 200 6702 "-" "curl/7.68.0"
127.0.0.1 - - [06/Dec/2023:17:59:07 +0000] "GET / HTTP/1.1" 200 6702 "-" "curl/7.68.0"
192.168.65.1 - - [06/Dec/2023:17:59:16 +0000] "PUT /api/v1/layouts/6570aea5fc074a681b6f25a8/pages/6570aea5fc074a681b6f25aa?applicationId=656fa21035f0045611dfddd9 HTTP/1.1" 200 2690 "http://localhost:8080/app/appsmith/create-study-group-6570aea5fc074a681b6f25aa/edit/widgets/74a3pvyafs?branch=chris" "Mozilla/5.0 (Macintosh; Intel Mac OS X 10_15_7) AppleWebKit/537.36 (KHTML, like Gecko) Chrome/119.0.0.0 Safari/537.36"
192.168.65.1 - - [06/Dec/2023:17:59:19 +0000] "PUT /api/v1/layouts/6570aea5fc074a681b6f25a8/pages/6570aea5fc074a681b6f25aa?applicationId=656fa21035f0045611dfddd9 HTTP/1.1" 200 2691 "http://localhost:8080/app/appsmith/create-study-group-6570aea5fc074a681b6f25aa/edit/widgets/74a3pvyafs?branch=chris" "Mozilla/5.0 (Macintosh; Intel Mac OS X 10_15_7) AppleWebKit/537.36 (KHTML, like Gecko) Chrome/119.0.0.0 Safari/537.36"
127.0.0.1 - - [06/Dec/2023:17:59:22 +0000] "GET / HTTP/1.1" 200 6702 "-" "curl/7.68.0"
192.168.65.1 - - [06/Dec/2023:17:59:24 +0000] "PUT /api/v1/layouts/6570aea5fc074a681b6f25a8/pages/6570aea5fc074a681b6f25aa?applicationId=656fa21035f0045611dfddd9 HTTP/1.1" 200 2688 "http://localhost:8080/app/appsmith/create-study-group-6570aea5fc074a681b6f25aa/edit?branch=chris" "Mozilla/5.0 (Macintosh; Intel Mac OS X 10_15_7) AppleWebKit/537.36 (KHTML, like Gecko) Chrome/119.0.0.0 Safari/537.36"
127.0.0.1 - - [06/Dec/2023:17:59:37 +0000] "GET / HTTP/1.1" 200 6702 "-" "curl/7.68.0"
192.168.65.1 - - [06/Dec/2023:17:59:39 +0000] "PUT /api/v1/layouts/6570aea5fc074a681b6f25a8/pages/6570aea5fc074a681b6f25aa?applicationId=656fa21035f0045611dfddd9 HTTP/1.1" 200 2695 "http://localhost:8080/app/appsmith/create-study-group-6570aea5fc074a681b6f25aa/edit/widgets/8eqmkvyilc?branch=chris" "Mozilla/5.0 (Macintosh; Intel Mac OS X 10_15_7) AppleWebKit/537.36 (KHTML, like Gecko) Chrome/119.0.0.0 Safari/537.36"
192.168.65.1 - - [06/Dec/2023:17:59:42 +0000] "PUT /api/v1/layouts/6570aea5fc074a681b6f25a8/pages/6570aea5fc074a681b6f25aa?applicationId=656fa21035f0045611dfddd9 HTTP/1.1" 200 2695 "http://localhost:8080/app/appsmith/create-study-group-6570aea5fc074a681b6f25aa/edit/widgets/8eqmkvyilc?branch=chris" "Mozilla/5.0 (Macintosh; Intel Mac OS X 10_15_7) AppleWebKit/537.36 (KHTML, like Gecko) Chrome/119.0.0.0 Safari/537.36"
192.168.65.1 - - [06/Dec/2023:17:59:44 +0000] "PUT /api/v1/layouts/6570aea5fc074a681b6f25a8/pages/6570aea5fc074a681b6f25aa?applicationId=656fa21035f0045611dfddd9 HTTP/1.1" 200 2690 "http://localhost:8080/app/appsmith/create-study-group-6570aea5fc074a681b6f25aa/edit/widgets/8eqmkvyilc?branch=chris" "Mozilla/5.0 (Macintosh; Intel Mac OS X 10_15_7) AppleWebKit/537.36 (KHTML, like Gecko) Chrome/119.0.0.0 Safari/537.36"
192.168.65.1 - - [06/Dec/2023:17:59:48 +0000] "PUT /api/v1/layouts/6570aea5fc074a681b6f25a8/pages/6570aea5fc074a681b6f25aa?applicationId=656fa21035f0045611dfddd9 HTTP/1.1" 200 2690 "http://localhost:8080/app/appsmith/create-study-group-6570aea5fc074a681b6f25aa/edit?branch=chris" "Mozilla/5.0 (Macintosh; Intel Mac OS X 10_15_7) AppleWebKit/537.36 (KHTML, like Gecko) Chrome/119.0.0.0 Safari/537.36"
127.0.0.1 - - [06/Dec/2023:17:59:52 +0000] "GET / HTTP/1.1" 200 6702 "-" "curl/7.68.0"
192.168.65.1 - - [06/Dec/2023:18:00:02 +0000] "PUT /api/v1/layouts/6570aea5fc074a681b6f25a8/pages/6570aea5fc074a681b6f25aa?applicationId=656fa21035f0045611dfddd9 HTTP/1.1" 200 2682 "http://localhost:8080/app/appsmith/create-study-group-6570aea5fc074a681b6f25aa/edit/widgets/vkk1hskjlg?branch=chris" "Mozilla/5.0 (Macintosh; Intel Mac OS X 10_15_7) AppleWebKit/537.36 (KHTML, like Gecko) Chrome/119.0.0.0 Safari/537.36"
127.0.0.1 - - [06/Dec/2023:18:00:07 +0000] "GET / HTTP/1.1" 200 6702 "-" "curl/7.68.0"
192.168.65.1 - - [06/Dec/2023:18:00:11 +0000] "PUT /api/v1/layouts/6570aea5fc074a681b6f25a8/pages/6570aea5fc074a681b6f25aa?applicationId=656fa21035f0045611dfddd9 HTTP/1.1" 200 2591 "http://localhost:8080/app/appsmith/create-study-group-6570aea5fc074a681b6f25aa/edit?branch=chris" "Mozilla/5.0 (Macintosh; Intel Mac OS X 10_15_7) AppleWebKit/537.36 (KHTML, like Gecko) Chrome/119.0.0.0 Safari/537.36"
192.168.65.1 - - [06/Dec/2023:18:00:12 +0000] "PUT /api/v1/layouts/6570aea5fc074a681b6f25a8/pages/6570aea5fc074a681b6f25aa?applicationId=656fa21035f0045611dfddd9 HTTP/1.1" 200 2599 "http://localhost:8080/app/appsmith/create-study-group-6570aea5fc074a681b6f25aa/edit/widgets/y42c96etgo?branch=chris" "Mozilla/5.0 (Macintosh; Intel Mac OS X 10_15_7) AppleWebKit/537.36 (KHTML, like Gecko) Chrome/119.0.0.0 Safari/537.36"
192.168.65.1 - - [06/Dec/2023:18:00:13 +0000] "PUT /api/v1/layouts/6570aea5fc074a681b6f25a8/pages/6570aea5fc074a681b6f25aa?applicationId=656fa21035f0045611dfddd9 HTTP/1.1" 200 2589 "http://localhost:8080/app/appsmith/create-study-group-6570aea5fc074a681b6f25aa/edit/widgets/y42c96etgo?branch=chris" "Mozilla/5.0 (Macintosh; Intel Mac OS X 10_15_7) AppleWebKit/537.36 (KHTML, like Gecko) Chrome/119.0.0.0 Safari/537.36"
127.0.0.1 - - [06/Dec/2023:18:00:23 +0000] "GET / HTTP/1.1" 200 6702 "-" "curl/7.68.0"
192.168.65.1 - - [06/Dec/2023:18:00:27 +0000] "PUT /api/v1/actions/6570b47efc074a681b6f25ac HTTP/1.1" 200 931 "http://localhost:8080/app/appsmith/create-study-group-6570aea5fc074a681b6f25aa/edit/api/6570b47efc074a681b6f25ac?branch=chris" "Mozilla/5.0 (Macintosh; Intel Mac OS X 10_15_7) AppleWebKit/537.36 (KHTML, like Gecko) Chrome/119.0.0.0 Safari/537.36"
192.168.65.1 - - [06/Dec/2023:18:00:28 +0000] "PUT /api/v1/actions/6570b47efc074a681b6f25ac HTTP/1.1" 200 938 "http://localhost:8080/app/appsmith/create-study-group-6570aea5fc074a681b6f25aa/edit/api/6570b47efc074a681b6f25ac?branch=chris" "Mozilla/5.0 (Macintosh; Intel Mac OS X 10_15_7) AppleWebKit/537.36 (KHTML, like Gecko) Chrome/119.0.0.0 Safari/537.36"
192.168.65.1 - - [06/Dec/2023:18:00:31 +0000] "PUT /api/v1/actions/6570b47efc074a681b6f25ac HTTP/1.1" 200 942 "http://localhost:8080/app/appsmith/create-study-group-6570aea5fc074a681b6f25aa/edit/api/6570b47efc074a681b6f25ac?branch=chris" "Mozilla/5.0 (Macintosh; Intel Mac OS X 10_15_7) AppleWebKit/537.36 (KHTML, like Gecko) Chrome/119.0.0.0 Safari/537.36"
192.168.65.1 - - [06/Dec/2023:18:00:32 +0000] "PUT /api/v1/actions/6570b47efc074a681b6f25ac HTTP/1.1" 200 943 "http://localhost:8080/app/appsmith/create-study-group-6570aea5fc074a681b6f25aa/edit/api/6570b47efc074a681b6f25ac?branch=chris" "Mozilla/5.0 (Macintosh; Intel Mac OS X 10_15_7) AppleWebKit/537.36 (KHTML, like Gecko) Chrome/119.0.0.0 Safari/537.36"
192.168.65.1 - - [06/Dec/2023:18:00:33 +0000] "PUT /api/v1/actions/6570b47efc074a681b6f25ac HTTP/1.1" 200 952 "http://localhost:8080/app/appsmith/create-study-group-6570aea5fc074a681b6f25aa/edit/api/6570b47efc074a681b6f25ac?branch=chris" "Mozilla/5.0 (Macintosh; Intel Mac OS X 10_15_7) AppleWebKit/537.36 (KHTML, like Gecko) Chrome/119.0.0.0 Safari/537.36"
192.168.65.1 - - [06/Dec/2023:18:00:35 +0000] "PUT /api/v1/actions/6570b47efc074a681b6f25ac HTTP/1.1" 200 955 "http://localhost:8080/app/appsmith/create-study-group-6570aea5fc074a681b6f25aa/edit/api/6570b47efc074a681b6f25ac?branch=chris" "Mozilla/5.0 (Macintosh; Intel Mac OS X 10_15_7) AppleWebKit/537.36 (KHTML, like Gecko) Chrome/119.0.0.0 Safari/537.36"
192.168.65.1 - - [06/Dec/2023:18:00:38 +0000] "PUT /api/v1/actions/6570b47efc074a681b6f25ac HTTP/1.1" 200 965 "http://localhost:8080/app/appsmith/create-study-group-6570aea5fc074a681b6f25aa/edit/api/6570b47efc074a681b6f25ac?branch=chris" "Mozilla/5.0 (Macintosh; Intel Mac OS X 10_15_7) AppleWebKit/537.36 (KHTML, like Gecko) Chrome/119.0.0.0 Safari/537.36"
127.0.0.1 - - [06/Dec/2023:18:00:38 +0000] "GET / HTTP/1.1" 200 6702 "-" "curl/7.68.0"
192.168.65.1 - - [06/Dec/2023:18:00:39 +0000] "PUT /api/v1/actions/6570b47efc074a681b6f25ac HTTP/1.1" 200 966 "http://localhost:8080/app/appsmith/create-study-group-6570aea5fc074a681b6f25aa/edit/api/6570b47efc074a681b6f25ac?branch=chris" "Mozilla/5.0 (Macintosh; Intel Mac OS X 10_15_7) AppleWebKit/537.36 (KHTML, like Gecko) Chrome/119.0.0.0 Safari/537.36"
192.168.65.1 - - [06/Dec/2023:18:00:40 +0000] "PUT /api/v1/actions/6570b47efc074a681b6f25ac HTTP/1.1" 200 965 "http://localhost:8080/app/appsmith/create-study-group-6570aea5fc074a681b6f25aa/edit/api/6570b47efc074a681b6f25ac?branch=chris" "Mozilla/5.0 (Macintosh; Intel Mac OS X 10_15_7) AppleWebKit/537.36 (KHTML, like Gecko) Chrome/119.0.0.0 Safari/537.36"
192.168.65.1 - - [06/Dec/2023:18:00:41 +0000] "PUT /api/v1/actions/6570b47efc074a681b6f25ac HTTP/1.1" 200 966 "http://localhost:8080/app/appsmith/create-study-group-6570aea5fc074a681b6f25aa/edit/api/6570b47efc074a681b6f25ac?branch=chris" "Mozilla/5.0 (Macintosh; Intel Mac OS X 10_15_7) AppleWebKit/537.36 (KHTML, like Gecko) Chrome/119.0.0.0 Safari/537.36"
192.168.65.1 - - [06/Dec/2023:18:00:42 +0000] "PUT /api/v1/actions/6570b47efc074a681b6f25ac HTTP/1.1" 200 965 "http://localhost:8080/app/appsmith/create-study-group-6570aea5fc074a681b6f25aa/edit/api/6570b47efc074a681b6f25ac?branch=chris" "Mozilla/5.0 (Macintosh; Intel Mac OS X 10_15_7) AppleWebKit/537.36 (KHTML, like Gecko) Chrome/119.0.0.0 Safari/537.36"
192.168.65.1 - - [06/Dec/2023:18:00:43 +0000] "PUT /api/v1/actions/6570b47efc074a681b6f25ac HTTP/1.1" 200 970 "http://localhost:8080/app/appsmith/create-study-group-6570aea5fc074a681b6f25aa/edit/api/6570b47efc074a681b6f25ac?branch=chris" "Mozilla/5.0 (Macintosh; Intel Mac OS X 10_15_7) AppleWebKit/537.36 (KHTML, like Gecko) Chrome/119.0.0.0 Safari/537.36"
192.168.65.1 - - [06/Dec/2023:18:00:51 +0000] "PUT /api/v1/actions/6570b47efc074a681b6f25ac HTTP/1.1" 200 957 "http://localhost:8080/app/appsmith/create-study-group-6570aea5fc074a681b6f25aa/edit/api/6570b47efc074a681b6f25ac?branch=chris" "Mozilla/5.0 (Macintosh; Intel Mac OS X 10_15_7) AppleWebKit/537.36 (KHTML, like Gecko) Chrome/119.0.0.0 Safari/537.36"
192.168.65.1 - - [06/Dec/2023:18:00:52 +0000] "PUT /api/v1/actions/6570b47efc074a681b6f25ac HTTP/1.1" 200 956 "http://localhost:8080/app/appsmith/create-study-group-6570aea5fc074a681b6f25aa/edit/api/6570b47efc074a681b6f25ac?branch=chris" "Mozilla/5.0 (Macintosh; Intel Mac OS X 10_15_7) AppleWebKit/537.36 (KHTML, like Gecko) Chrome/119.0.0.0 Safari/537.36"
127.0.0.1 - - [06/Dec/2023:18:00:53 +0000] "GET / HTTP/1.1" 200 6702 "-" "curl/7.68.0"
127.0.0.1 - - [06/Dec/2023:18:01:08 +0000] "GET / HTTP/1.1" 200 6702 "-" "curl/7.68.0"
127.0.0.1 - - [06/Dec/2023:18:01:23 +0000] "GET / HTTP/1.1" 200 6702 "-" "curl/7.68.0"
127.0.0.1 - - [06/Dec/2023:18:01:38 +0000] "GET / HTTP/1.1" 200 6702 "-" "curl/7.68.0"
