192.168.65.1 - - [07/Dec/2023:02:39:08 +0000] "PUT /api/v1/layouts/6570c1175c47f203f1c52703/pages/656fa21135f0045611dfdddb?applicationId=656fa21035f0045611dfddd9 HTTP/1.1" 200 1665 "http://localhost:8080/app/appsmith/home-656fa21135f0045611dfdddb/edit/widgets/qifc1xljy7?branch=newbranch" "Mozilla/5.0 (Macintosh; Intel Mac OS X 10_15_7) AppleWebKit/537.36 (KHTML, like Gecko) Chrome/119.0.0.0 Safari/537.36"
192.168.65.1 - - [07/Dec/2023:02:39:14 +0000] "PUT /api/v1/layouts/6570c1175c47f203f1c52703/pages/656fa21135f0045611dfdddb?applicationId=656fa21035f0045611dfddd9 HTTP/1.1" 200 1634 "http://localhost:8080/app/appsmith/home-656fa21135f0045611dfdddb/edit/widgets/qifc1xljy7?branch=newbranch" "Mozilla/5.0 (Macintosh; Intel Mac OS X 10_15_7) AppleWebKit/537.36 (KHTML, like Gecko) Chrome/119.0.0.0 Safari/537.36"
192.168.65.1 - - [07/Dec/2023:02:39:15 +0000] "PUT /api/v1/layouts/6570c1175c47f203f1c52703/pages/656fa21135f0045611dfdddb?applicationId=656fa21035f0045611dfddd9 HTTP/1.1" 200 1645 "http://localhost:8080/app/appsmith/home-656fa21135f0045611dfdddb/edit/widgets/qifc1xljy7?branch=newbranch" "Mozilla/5.0 (Macintosh; Intel Mac OS X 10_15_7) AppleWebKit/537.36 (KHTML, like Gecko) Chrome/119.0.0.0 Safari/537.36"
127.0.0.1 - - [07/Dec/2023:02:39:15 +0000] "GET / HTTP/1.1" 200 6702 "-" "curl/7.68.0"
192.168.65.1 - - [07/Dec/2023:02:39:19 +0000] "PUT /api/v1/layouts/6570c1175c47f203f1c52703/pages/656fa21135f0045611dfdddb?applicationId=656fa21035f0045611dfddd9 HTTP/1.1" 200 1638 "http://localhost:8080/app/appsmith/home-656fa21135f0045611dfdddb/edit/widgets/qifc1xljy7?branch=newbranch" "Mozilla/5.0 (Macintosh; Intel Mac OS X 10_15_7) AppleWebKit/537.36 (KHTML, like Gecko) Chrome/119.0.0.0 Safari/537.36"
192.168.65.1 - - [07/Dec/2023:02:39:20 +0000] "PUT /api/v1/layouts/6570c1175c47f203f1c52703/pages/656fa21135f0045611dfdddb?applicationId=656fa21035f0045611dfddd9 HTTP/1.1" 200 1641 "http://localhost:8080/app/appsmith/home-656fa21135f0045611dfdddb/edit/widgets/qifc1xljy7?branch=newbranch" "Mozilla/5.0 (Macintosh; Intel Mac OS X 10_15_7) AppleWebKit/537.36 (KHTML, like Gecko) Chrome/119.0.0.0 Safari/537.36"
192.168.65.1 - - [07/Dec/2023:02:39:22 +0000] "PUT /api/v1/layouts/6570c1175c47f203f1c52703/pages/656fa21135f0045611dfdddb?applicationId=656fa21035f0045611dfddd9 HTTP/1.1" 200 1648 "http://localhost:8080/app/appsmith/home-656fa21135f0045611dfdddb/edit/widgets/qifc1xljy7?branch=newbranch" "Mozilla/5.0 (Macintosh; Intel Mac OS X 10_15_7) AppleWebKit/537.36 (KHTML, like Gecko) Chrome/119.0.0.0 Safari/537.36"
192.168.65.1 - - [07/Dec/2023:02:39:26 +0000] "PUT /api/v1/layouts/6570c1175c47f203f1c52703/pages/656fa21135f0045611dfdddb?applicationId=656fa21035f0045611dfddd9 HTTP/1.1" 200 1654 "http://localhost:8080/app/appsmith/home-656fa21135f0045611dfdddb/edit?branch=newbranch" "Mozilla/5.0 (Macintosh; Intel Mac OS X 10_15_7) AppleWebKit/537.36 (KHTML, like Gecko) Chrome/119.0.0.0 Safari/537.36"
192.168.65.1 - - [07/Dec/2023:02:39:29 +0000] "PUT /api/v1/layouts/6570c1175c47f203f1c52703/pages/656fa21135f0045611dfdddb?applicationId=656fa21035f0045611dfddd9 HTTP/1.1" 200 1657 "http://localhost:8080/app/appsmith/home-656fa21135f0045611dfdddb/edit/widgets/qifc1xljy7?branch=newbranch" "Mozilla/5.0 (Macintosh; Intel Mac OS X 10_15_7) AppleWebKit/537.36 (KHTML, like Gecko) Chrome/119.0.0.0 Safari/537.36"
127.0.0.1 - - [07/Dec/2023:02:39:30 +0000] "GET / HTTP/1.1" 200 6702 "-" "curl/7.68.0"
127.0.0.1 - - [07/Dec/2023:02:39:45 +0000] "GET / HTTP/1.1" 200 6702 "-" "curl/7.68.0"
192.168.65.1 - - [07/Dec/2023:02:39:54 +0000] "PUT /api/v1/layouts/6570c1175c47f203f1c52703/pages/656fa21135f0045611dfdddb?applicationId=656fa21035f0045611dfddd9 HTTP/1.1" 200 1656 "http://localhost:8080/app/appsmith/home-656fa21135f0045611dfdddb/edit/widgets/wo13ix9oxq?branch=newbranch" "Mozilla/5.0 (Macintosh; Intel Mac OS X 10_15_7) AppleWebKit/537.36 (KHTML, like Gecko) Chrome/119.0.0.0 Safari/537.36"
127.0.0.1 - - [07/Dec/2023:02:40:01 +0000] "GET / HTTP/1.1" 200 6702 "-" "curl/7.68.0"
192.168.65.1 - - [07/Dec/2023:02:40:12 +0000] "POST /api/v1/collections/actions HTTP/1.1" 201 4537 "http://localhost:8080/app/appsmith/home-656fa21135f0045611dfdddb/edit/widgets/wo13ix9oxq?branch=newbranch" "Mozilla/5.0 (Macintosh; Intel Mac OS X 10_15_7) AppleWebKit/537.36 (KHTML, like Gecko) Chrome/119.0.0.0 Safari/537.36"
192.168.65.1 - - [07/Dec/2023:02:40:13 +0000] "PUT /api/v1/collections/actions/6571308c8d8a482755cc9719 HTTP/1.1" 200 976 "http://localhost:8080/app/appsmith/home-656fa21135f0045611dfdddb/edit/jsObjects/6571308c8d8a482755cc9719?branch=newbranch&editName=true" "Mozilla/5.0 (Macintosh; Intel Mac OS X 10_15_7) AppleWebKit/537.36 (KHTML, like Gecko) Chrome/119.0.0.0 Safari/537.36"
127.0.0.1 - - [07/Dec/2023:02:40:16 +0000] "GET / HTTP/1.1" 200 6702 "-" "curl/7.68.0"
127.0.0.1 - - [07/Dec/2023:02:40:31 +0000] "GET / HTTP/1.1" 200 6702 "-" "curl/7.68.0"
192.168.65.1 - - [07/Dec/2023:02:40:32 +0000] "PUT /api/v1/layouts/6570c1175c47f203f1c52703/pages/656fa21135f0045611dfdddb?applicationId=656fa21035f0045611dfddd9 HTTP/1.1" 200 1680 "http://localhost:8080/app/appsmith/home-656fa21135f0045611dfdddb/edit/widgets/wo13ix9oxq?branch=newbranch" "Mozilla/5.0 (Macintosh; Intel Mac OS X 10_15_7) AppleWebKit/537.36 (KHTML, like Gecko) Chrome/119.0.0.0 Safari/537.36"
192.168.65.1 - - [07/Dec/2023:02:40:35 +0000] "PUT /api/v1/layouts/6570c1175c47f203f1c52703/pages/656fa21135f0045611dfdddb?applicationId=656fa21035f0045611dfddd9 HTTP/1.1" 200 1673 "http://localhost:8080/app/appsmith/home-656fa21135f0045611dfdddb/edit/widgets/wo13ix9oxq?branch=newbranch" "Mozilla/5.0 (Macintosh; Intel Mac OS X 10_15_7) AppleWebKit/537.36 (KHTML, like Gecko) Chrome/119.0.0.0 Safari/537.36"
192.168.65.1 - - [07/Dec/2023:02:40:37 +0000] "PUT /api/v1/layouts/6570c1175c47f203f1c52703/pages/656fa21135f0045611dfdddb?applicationId=656fa21035f0045611dfddd9 HTTP/1.1" 200 1711 "http://localhost:8080/app/appsmith/home-656fa21135f0045611dfdddb/edit/widgets/wo13ix9oxq?branch=newbranch" "Mozilla/5.0 (Macintosh; Intel Mac OS X 10_15_7) AppleWebKit/537.36 (KHTML, like Gecko) Chrome/119.0.0.0 Safari/537.36"
192.168.65.1 - - [07/Dec/2023:02:40:42 +0000] "PUT /api/v1/layouts/6570c1175c47f203f1c52703/pages/656fa21135f0045611dfdddb?applicationId=656fa21035f0045611dfddd9 HTTP/1.1" 200 1718 "http://localhost:8080/app/appsmith/home-656fa21135f0045611dfdddb/edit/widgets/wo13ix9oxq?branch=newbranch" "Mozilla/5.0 (Macintosh; Intel Mac OS X 10_15_7) AppleWebKit/537.36 (KHTML, like Gecko) Chrome/119.0.0.0 Safari/537.36"
127.0.0.1 - - [07/Dec/2023:02:40:46 +0000] "GET / HTTP/1.1" 200 6702 "-" "curl/7.68.0"
192.168.65.1 - - [07/Dec/2023:02:40:52 +0000] "GET /api/v1/pages/6570b92afc074a681b6f25b6 HTTP/1.1" 200 4779 "http://localhost:8080/app/appsmith/student-home-6570b92afc074a681b6f25b6/edit?branch=newbranch" "Mozilla/5.0 (Macintosh; Intel Mac OS X 10_15_7) AppleWebKit/537.36 (KHTML, like Gecko) Chrome/119.0.0.0 Safari/537.36"
192.168.65.1 - - [07/Dec/2023:02:40:52 +0000] "GET /api/v1/applications/snapshot/656fa21035f0045611dfddd9 HTTP/1.1" 200 129 "http://localhost:8080/app/appsmith/student-home-6570b92afc074a681b6f25b6/edit?branch=newbranch" "Mozilla/5.0 (Macintosh; Intel Mac OS X 10_15_7) AppleWebKit/537.36 (KHTML, like Gecko) Chrome/119.0.0.0 Safari/537.36"
192.168.65.1 - - [07/Dec/2023:02:40:52 +0000] "POST /api/v1/actions/execute HTTP/1.1" 200 557 "http://localhost:8080/app/appsmith/student-home-6570b92afc074a681b6f25b6/edit?branch=newbranch" "Mozilla/5.0 (Macintosh; Intel Mac OS X 10_15_7) AppleWebKit/537.36 (KHTML, like Gecko) Chrome/119.0.0.0 Safari/537.36"
192.168.65.1 - - [07/Dec/2023:02:40:52 +0000] "POST /api/v1/actions/execute HTTP/1.1" 200 558 "http://localhost:8080/app/appsmith/student-home-6570b92afc074a681b6f25b6/edit?branch=newbranch" "Mozilla/5.0 (Macintosh; Intel Mac OS X 10_15_7) AppleWebKit/537.36 (KHTML, like Gecko) Chrome/119.0.0.0 Safari/537.36"
192.168.65.1 - - [07/Dec/2023:02:40:52 +0000] "POST /api/v1/actions/execute HTTP/1.1" 200 560 "http://localhost:8080/app/appsmith/student-home-6570b92afc074a681b6f25b6/edit?branch=newbranch" "Mozilla/5.0 (Macintosh; Intel Mac OS X 10_15_7) AppleWebKit/537.36 (KHTML, like Gecko) Chrome/119.0.0.0 Safari/537.36"
192.168.65.1 - - [07/Dec/2023:02:40:55 +0000] "GET /api/v1/pages/656fa21135f0045611dfdddb HTTP/1.1" 200 1876 "http://localhost:8080/app/appsmith/home-656fa21135f0045611dfdddb/edit?branch=newbranch" "Mozilla/5.0 (Macintosh; Intel Mac OS X 10_15_7) AppleWebKit/537.36 (KHTML, like Gecko) Chrome/119.0.0.0 Safari/537.36"
192.168.65.1 - - [07/Dec/2023:02:40:55 +0000] "GET /api/v1/applications/snapshot/656fa21035f0045611dfddd9 HTTP/1.1" 200 129 "http://localhost:8080/app/appsmith/home-656fa21135f0045611dfdddb/edit/widgets/wo13ix9oxq?branch=newbranch" "Mozilla/5.0 (Macintosh; Intel Mac OS X 10_15_7) AppleWebKit/537.36 (KHTML, like Gecko) Chrome/119.0.0.0 Safari/537.36"
127.0.0.1 - - [07/Dec/2023:02:41:01 +0000] "GET / HTTP/1.1" 200 6702 "-" "curl/7.68.0"
127.0.0.1 - - [07/Dec/2023:02:41:16 +0000] "GET / HTTP/1.1" 200 6702 "-" "curl/7.68.0"
127.0.0.1 - - [07/Dec/2023:02:41:31 +0000] "GET / HTTP/1.1" 200 6702 "-" "curl/7.68.0"
192.168.65.1 - - [07/Dec/2023:02:41:40 +0000] "PUT /api/v1/layouts/6570c1175c47f203f1c52703/pages/656fa21135f0045611dfdddb?applicationId=656fa21035f0045611dfddd9 HTTP/1.1" 200 1679 "http://localhost:8080/app/appsmith/home-656fa21135f0045611dfdddb/edit/widgets/wo13ix9oxq?branch=newbranch" "Mozilla/5.0 (Macintosh; Intel Mac OS X 10_15_7) AppleWebKit/537.36 (KHTML, like Gecko) Chrome/119.0.0.0 Safari/537.36"
127.0.0.1 - - [07/Dec/2023:02:41:47 +0000] "GET / HTTP/1.1" 200 6702 "-" "curl/7.68.0"
192.168.65.1 - - [07/Dec/2023:02:41:50 +0000] "PUT /api/v1/layouts/6570c1175c47f203f1c52703/pages/656fa21135f0045611dfdddb?applicationId=656fa21035f0045611dfddd9 HTTP/1.1" 200 1730 "http://localhost:8080/app/appsmith/home-656fa21135f0045611dfdddb/edit/widgets/wo13ix9oxq?branch=newbranch" "Mozilla/5.0 (Macintosh; Intel Mac OS X 10_15_7) AppleWebKit/537.36 (KHTML, like Gecko) Chrome/119.0.0.0 Safari/537.36"
192.168.65.1 - - [07/Dec/2023:02:41:54 +0000] "PUT /api/v1/layouts/6570c1175c47f203f1c52703/pages/656fa21135f0045611dfdddb?applicationId=656fa21035f0045611dfddd9 HTTP/1.1" 200 1743 "http://localhost:8080/app/appsmith/home-656fa21135f0045611dfdddb/edit/widgets/wo13ix9oxq?branch=newbranch" "Mozilla/5.0 (Macintosh; Intel Mac OS X 10_15_7) AppleWebKit/537.36 (KHTML, like Gecko) Chrome/119.0.0.0 Safari/537.36"
192.168.65.1 - - [07/Dec/2023:02:41:58 +0000] "GET /api/v1/pages/65712c408d8a482755cc970b HTTP/1.1" 200 4560 "http://localhost:8080/app/appsmith/professor-home-65712c408d8a482755cc970b/edit?branch=newbranch" "Mozilla/5.0 (Macintosh; Intel Mac OS X 10_15_7) AppleWebKit/537.36 (KHTML, like Gecko) Chrome/119.0.0.0 Safari/537.36"
192.168.65.1 - - [07/Dec/2023:02:41:58 +0000] "GET /api/v1/applications/snapshot/656fa21035f0045611dfddd9 HTTP/1.1" 200 129 "http://localhost:8080/app/appsmith/professor-home-65712c408d8a482755cc970b/edit/widgets/5qus2cfze0?branch=newbranch" "Mozilla/5.0 (Macintosh; Intel Mac OS X 10_15_7) AppleWebKit/537.36 (KHTML, like Gecko) Chrome/119.0.0.0 Safari/537.36"
192.168.65.1 - - [07/Dec/2023:02:41:58 +0000] "POST /api/v1/actions/execute HTTP/1.1" 200 427 "http://localhost:8080/app/appsmith/professor-home-65712c408d8a482755cc970b/edit/widgets/5qus2cfze0?branch=newbranch" "Mozilla/5.0 (Macintosh; Intel Mac OS X 10_15_7) AppleWebKit/537.36 (KHTML, like Gecko) Chrome/119.0.0.0 Safari/537.36"
192.168.65.1 - - [07/Dec/2023:02:41:58 +0000] "POST /api/v1/actions/execute HTTP/1.1" 200 427 "http://localhost:8080/app/appsmith/professor-home-65712c408d8a482755cc970b/edit/widgets/5qus2cfze0?branch=newbranch" "Mozilla/5.0 (Macintosh; Intel Mac OS X 10_15_7) AppleWebKit/537.36 (KHTML, like Gecko) Chrome/119.0.0.0 Safari/537.36"
127.0.0.1 - - [07/Dec/2023:02:42:02 +0000] "GET / HTTP/1.1" 200 6702 "-" "curl/7.68.0"
192.168.65.1 - - [07/Dec/2023:02:42:02 +0000] "GET /api/v1/pages/656fa21135f0045611dfdddb HTTP/1.1" 200 1899 "http://localhost:8080/app/appsmith/home-656fa21135f0045611dfdddb/edit?branch=newbranch" "Mozilla/5.0 (Macintosh; Intel Mac OS X 10_15_7) AppleWebKit/537.36 (KHTML, like Gecko) Chrome/119.0.0.0 Safari/537.36"
192.168.65.1 - - [07/Dec/2023:02:42:02 +0000] "GET /api/v1/applications/snapshot/656fa21035f0045611dfddd9 HTTP/1.1" 200 129 "http://localhost:8080/app/appsmith/home-656fa21135f0045611dfdddb/edit/widgets/wo13ix9oxq?branch=newbranch" "Mozilla/5.0 (Macintosh; Intel Mac OS X 10_15_7) AppleWebKit/537.36 (KHTML, like Gecko) Chrome/119.0.0.0 Safari/537.36"
192.168.65.1 - - [07/Dec/2023:02:42:08 +0000] "GET /api/v1/pages/65712c408d8a482755cc970b HTTP/1.1" 200 4560 "http://localhost:8080/app/appsmith/professor-home-65712c408d8a482755cc970b/edit?branch=newbranch" "Mozilla/5.0 (Macintosh; Intel Mac OS X 10_15_7) AppleWebKit/537.36 (KHTML, like Gecko) Chrome/119.0.0.0 Safari/537.36"
192.168.65.1 - - [07/Dec/2023:02:42:08 +0000] "GET /api/v1/applications/snapshot/656fa21035f0045611dfddd9 HTTP/1.1" 200 129 "http://localhost:8080/app/appsmith/professor-home-65712c408d8a482755cc970b/edit/widgets/5qus2cfze0?branch=newbranch" "Mozilla/5.0 (Macintosh; Intel Mac OS X 10_15_7) AppleWebKit/537.36 (KHTML, like Gecko) Chrome/119.0.0.0 Safari/537.36"
192.168.65.1 - - [07/Dec/2023:02:42:08 +0000] "POST /api/v1/actions/execute HTTP/1.1" 200 426 "http://localhost:8080/app/appsmith/professor-home-65712c408d8a482755cc970b/edit/widgets/5qus2cfze0?branch=newbranch" "Mozilla/5.0 (Macintosh; Intel Mac OS X 10_15_7) AppleWebKit/537.36 (KHTML, like Gecko) Chrome/119.0.0.0 Safari/537.36"
192.168.65.1 - - [07/Dec/2023:02:42:08 +0000] "POST /api/v1/actions/execute HTTP/1.1" 200 426 "http://localhost:8080/app/appsmith/professor-home-65712c408d8a482755cc970b/edit/widgets/5qus2cfze0?branch=newbranch" "Mozilla/5.0 (Macintosh; Intel Mac OS X 10_15_7) AppleWebKit/537.36 (KHTML, like Gecko) Chrome/119.0.0.0 Safari/537.36"
192.168.65.1 - - [07/Dec/2023:02:42:10 +0000] "GET /api/v1/pages/656fa21135f0045611dfdddb HTTP/1.1" 200 1899 "http://localhost:8080/app/appsmith/home-656fa21135f0045611dfdddb/edit?branch=newbranch" "Mozilla/5.0 (Macintosh; Intel Mac OS X 10_15_7) AppleWebKit/537.36 (KHTML, like Gecko) Chrome/119.0.0.0 Safari/537.36"
192.168.65.1 - - [07/Dec/2023:02:42:10 +0000] "GET /api/v1/applications/snapshot/656fa21035f0045611dfddd9 HTTP/1.1" 200 129 "http://localhost:8080/app/appsmith/home-656fa21135f0045611dfdddb/edit/widgets/wo13ix9oxq?branch=newbranch" "Mozilla/5.0 (Macintosh; Intel Mac OS X 10_15_7) AppleWebKit/537.36 (KHTML, like Gecko) Chrome/119.0.0.0 Safari/537.36"
192.168.65.1 - - [07/Dec/2023:02:42:15 +0000] "PUT /api/v1/layouts/6570c1175c47f203f1c52703/pages/656fa21135f0045611dfdddb?applicationId=656fa21035f0045611dfddd9 HTTP/1.1" 200 1696 "http://localhost:8080/app/appsmith/home-656fa21135f0045611dfdddb/edit/widgets/wo13ix9oxq?branch=newbranch" "Mozilla/5.0 (Macintosh; Intel Mac OS X 10_15_7) AppleWebKit/537.36 (KHTML, like Gecko) Chrome/119.0.0.0 Safari/537.36"
127.0.0.1 - - [07/Dec/2023:02:42:17 +0000] "GET / HTTP/1.1" 200 6702 "-" "curl/7.68.0"
192.168.65.1 - - [07/Dec/2023:02:42:23 +0000] "PUT /api/v1/layouts/6570c1175c47f203f1c52703/pages/656fa21135f0045611dfdddb?applicationId=656fa21035f0045611dfddd9 HTTP/1.1" 200 1705 "http://localhost:8080/app/appsmith/home-656fa21135f0045611dfdddb/edit/widgets/qifc1xljy7?branch=newbranch" "Mozilla/5.0 (Macintosh; Intel Mac OS X 10_15_7) AppleWebKit/537.36 (KHTML, like Gecko) Chrome/119.0.0.0 Safari/537.36"
127.0.0.1 - - [07/Dec/2023:02:42:32 +0000] "GET / HTTP/1.1" 200 6702 "-" "curl/7.68.0"
192.168.65.1 - - [07/Dec/2023:02:42:43 +0000] "PUT /api/v1/layouts/6570c1175c47f203f1c52703/pages/656fa21135f0045611dfdddb?applicationId=656fa21035f0045611dfddd9 HTTP/1.1" 200 977 "http://localhost:8080/app/appsmith/home-656fa21135f0045611dfdddb/edit?branch=newbranch" "Mozilla/5.0 (Macintosh; Intel Mac OS X 10_15_7) AppleWebKit/537.36 (KHTML, like Gecko) Chrome/119.0.0.0 Safari/537.36"
192.168.65.1 - - [07/Dec/2023:02:42:45 +0000] "PUT /api/v1/layouts/6570c1175c47f203f1c52703/pages/656fa21135f0045611dfdddb?applicationId=656fa21035f0045611dfddd9 HTTP/1.1" 200 1695 "http://localhost:8080/app/appsmith/home-656fa21135f0045611dfdddb/edit?branch=newbranch" "Mozilla/5.0 (Macintosh; Intel Mac OS X 10_15_7) AppleWebKit/537.36 (KHTML, like Gecko) Chrome/119.0.0.0 Safari/537.36"
127.0.0.1 - - [07/Dec/2023:02:42:47 +0000] "GET / HTTP/1.1" 200 6702 "-" "curl/7.68.0"
127.0.0.1 - - [07/Dec/2023:02:43:02 +0000] "GET / HTTP/1.1" 200 6702 "-" "curl/7.68.0"
192.168.65.1 - - [07/Dec/2023:02:43:06 +0000] "PUT /api/v1/layouts/6570c1175c47f203f1c52703/pages/656fa21135f0045611dfdddb?applicationId=656fa21035f0045611dfddd9 HTTP/1.1" 200 977 "http://localhost:8080/app/appsmith/home-656fa21135f0045611dfdddb/edit?branch=newbranch" "Mozilla/5.0 (Macintosh; Intel Mac OS X 10_15_7) AppleWebKit/537.36 (KHTML, like Gecko) Chrome/119.0.0.0 Safari/537.36"
192.168.65.1 - - [07/Dec/2023:02:43:14 +0000] "PUT /api/v1/layouts/refactor HTTP/1.1" 200 977 "http://localhost:8080/app/appsmith/home-656fa21135f0045611dfdddb/edit/widgets/n14bkte2w2?branch=newbranch" "Mozilla/5.0 (Macintosh; Intel Mac OS X 10_15_7) AppleWebKit/537.36 (KHTML, like Gecko) Chrome/119.0.0.0 Safari/537.36"
192.168.65.1 - - [07/Dec/2023:02:43:14 +0000] "GET /api/v1/collections/actions?pageId=656fa21135f0045611dfdddb HTTP/1.1" 200 101 "http://localhost:8080/app/appsmith/home-656fa21135f0045611dfdddb/edit/widgets/n14bkte2w2?branch=newbranch" "Mozilla/5.0 (Macintosh; Intel Mac OS X 10_15_7) AppleWebKit/537.36 (KHTML, like Gecko) Chrome/119.0.0.0 Safari/537.36"
192.168.65.1 - - [07/Dec/2023:02:43:14 +0000] "GET /api/v1/actions?pageId=656fa21135f0045611dfdddb HTTP/1.1" 200 680 "http://localhost:8080/app/appsmith/home-656fa21135f0045611dfdddb/edit/widgets/n14bkte2w2?branch=newbranch" "Mozilla/5.0 (Macintosh; Intel Mac OS X 10_15_7) AppleWebKit/537.36 (KHTML, like Gecko) Chrome/119.0.0.0 Safari/537.36"
192.168.65.1 - - [07/Dec/2023:02:43:17 +0000] "PUT /api/v1/layouts/6570c1175c47f203f1c52703/pages/656fa21135f0045611dfdddb?applicationId=656fa21035f0045611dfddd9 HTTP/1.1" 200 1111 "http://localhost:8080/app/appsmith/home-656fa21135f0045611dfdddb/edit/widgets/suo4tl4l02?branch=newbranch" "Mozilla/5.0 (Macintosh; Intel Mac OS X 10_15_7) AppleWebKit/537.36 (KHTML, like Gecko) Chrome/119.0.0.0 Safari/537.36"
127.0.0.1 - - [07/Dec/2023:02:43:17 +0000] "GET / HTTP/1.1" 200 6702 "-" "curl/7.68.0"
192.168.65.1 - - [07/Dec/2023:02:43:20 +0000] "PUT /api/v1/layouts/6570c1175c47f203f1c52703/pages/656fa21135f0045611dfdddb?applicationId=656fa21035f0045611dfddd9 HTTP/1.1" 200 1081 "http://localhost:8080/app/appsmith/home-656fa21135f0045611dfdddb/edit/widgets/suo4tl4l02?branch=newbranch" "Mozilla/5.0 (Macintosh; Intel Mac OS X 10_15_7) AppleWebKit/537.36 (KHTML, like Gecko) Chrome/119.0.0.0 Safari/537.36"
192.168.65.1 - - [07/Dec/2023:02:43:21 +0000] "PUT /api/v1/layouts/6570c1175c47f203f1c52703/pages/656fa21135f0045611dfdddb?applicationId=656fa21035f0045611dfddd9 HTTP/1.1" 200 1084 "http://localhost:8080/app/appsmith/home-656fa21135f0045611dfdddb/edit/widgets/suo4tl4l02?branch=newbranch" "Mozilla/5.0 (Macintosh; Intel Mac OS X 10_15_7) AppleWebKit/537.36 (KHTML, like Gecko) Chrome/119.0.0.0 Safari/537.36"
192.168.65.1 - - [07/Dec/2023:02:43:23 +0000] "PUT /api/v1/layouts/6570c1175c47f203f1c52703/pages/656fa21135f0045611dfdddb?applicationId=656fa21035f0045611dfddd9 HTTP/1.1" 200 1084 "http://localhost:8080/app/appsmith/home-656fa21135f0045611dfdddb/edit/widgets/suo4tl4l02?branch=newbranch" "Mozilla/5.0 (Macintosh; Intel Mac OS X 10_15_7) AppleWebKit/537.36 (KHTML, like Gecko) Chrome/119.0.0.0 Safari/537.36"
192.168.65.1 - - [07/Dec/2023:02:43:27 +0000] "PUT /api/v1/layouts/6570c1175c47f203f1c52703/pages/656fa21135f0045611dfdddb?applicationId=656fa21035f0045611dfddd9 HTTP/1.1" 200 1088 "http://localhost:8080/app/appsmith/home-656fa21135f0045611dfdddb/edit/widgets/suo4tl4l02?branch=newbranch" "Mozilla/5.0 (Macintosh; Intel Mac OS X 10_15_7) AppleWebKit/537.36 (KHTML, like Gecko) Chrome/119.0.0.0 Safari/537.36"
192.168.65.1 - - [07/Dec/2023:02:43:30 +0000] "PUT /api/v1/layouts/6570c1175c47f203f1c52703/pages/656fa21135f0045611dfdddb?applicationId=656fa21035f0045611dfddd9 HTTP/1.1" 200 1089 "http://localhost:8080/app/appsmith/home-656fa21135f0045611dfdddb/edit?branch=newbranch" "Mozilla/5.0 (Macintosh; Intel Mac OS X 10_15_7) AppleWebKit/537.36 (KHTML, like Gecko) Chrome/119.0.0.0 Safari/537.36"
127.0.0.1 - - [07/Dec/2023:02:43:32 +0000] "GET / HTTP/1.1" 200 6702 "-" "curl/7.68.0"
192.168.65.1 - - [07/Dec/2023:02:43:33 +0000] "PUT /api/v1/layouts/6570c1175c47f203f1c52703/pages/656fa21135f0045611dfdddb?applicationId=656fa21035f0045611dfddd9 HTTP/1.1" 200 1091 "http://localhost:8080/app/appsmith/home-656fa21135f0045611dfdddb/edit/widgets/suo4tl4l02?branch=newbranch" "Mozilla/5.0 (Macintosh; Intel Mac OS X 10_15_7) AppleWebKit/537.36 (KHTML, like Gecko) Chrome/119.0.0.0 Safari/537.36"
192.168.65.1 - - [07/Dec/2023:02:43:36 +0000] "PUT /api/v1/layouts/6570c1175c47f203f1c52703/pages/656fa21135f0045611dfdddb?applicationId=656fa21035f0045611dfddd9 HTTP/1.1" 200 1088 "http://localhost:8080/app/appsmith/home-656fa21135f0045611dfdddb/edit?branch=newbranch" "Mozilla/5.0 (Macintosh; Intel Mac OS X 10_15_7) AppleWebKit/537.36 (KHTML, like Gecko) Chrome/119.0.0.0 Safari/537.36"
192.168.65.1 - - [07/Dec/2023:02:43:39 +0000] "PUT /api/v1/layouts/6570c1175c47f203f1c52703/pages/656fa21135f0045611dfdddb?applicationId=656fa21035f0045611dfddd9 HTTP/1.1" 200 1087 "http://localhost:8080/app/appsmith/home-656fa21135f0045611dfdddb/edit/widgets/suo4tl4l02?branch=newbranch" "Mozilla/5.0 (Macintosh; Intel Mac OS X 10_15_7) AppleWebKit/537.36 (KHTML, like Gecko) Chrome/119.0.0.0 Safari/537.36"
192.168.65.1 - - [07/Dec/2023:02:43:45 +0000] "PUT /api/v1/layouts/6570c1175c47f203f1c52703/pages/656fa21135f0045611dfdddb?applicationId=656fa21035f0045611dfddd9 HTTP/1.1" 200 1391 "http://localhost:8080/app/appsmith/home-656fa21135f0045611dfdddb/edit/widgets/pdf7xanyg5?branch=newbranch" "Mozilla/5.0 (Macintosh; Intel Mac OS X 10_15_7) AppleWebKit/537.36 (KHTML, like Gecko) Chrome/119.0.0.0 Safari/537.36"
192.168.65.1 - - [07/Dec/2023:02:43:46 +0000] "PUT /api/v1/layouts/6570c1175c47f203f1c52703/pages/656fa21135f0045611dfdddb?applicationId=656fa21035f0045611dfddd9 HTTP/1.1" 200 1467 "http://localhost:8080/app/appsmith/home-656fa21135f0045611dfdddb/edit/widgets/tpfezkr6z0?branch=newbranch" "Mozilla/5.0 (Macintosh; Intel Mac OS X 10_15_7) AppleWebKit/537.36 (KHTML, like Gecko) Chrome/119.0.0.0 Safari/537.36"
192.168.65.1 - - [07/Dec/2023:02:43:47 +0000] "PUT /api/v1/layouts/6570c1175c47f203f1c52703/pages/656fa21135f0045611dfdddb?applicationId=656fa21035f0045611dfddd9 HTTP/1.1" 200 1526 "http://localhost:8080/app/appsmith/home-656fa21135f0045611dfdddb/edit/widgets/a9tludbw95?branch=newbranch" "Mozilla/5.0 (Macintosh; Intel Mac OS X 10_15_7) AppleWebKit/537.36 (KHTML, like Gecko) Chrome/119.0.0.0 Safari/537.36"
127.0.0.1 - - [07/Dec/2023:02:43:48 +0000] "GET / HTTP/1.1" 200 6702 "-" "curl/7.68.0"
192.168.65.1 - - [07/Dec/2023:02:43:51 +0000] "PUT /api/v1/layouts/6570c1175c47f203f1c52703/pages/656fa21135f0045611dfdddb?applicationId=656fa21035f0045611dfddd9 HTTP/1.1" 200 1533 "http://localhost:8080/app/appsmith/home-656fa21135f0045611dfdddb/edit?branch=newbranch" "Mozilla/5.0 (Macintosh; Intel Mac OS X 10_15_7) AppleWebKit/537.36 (KHTML, like Gecko) Chrome/119.0.0.0 Safari/537.36"
192.168.65.1 - - [07/Dec/2023:02:43:55 +0000] "PUT /api/v1/layouts/6570c1175c47f203f1c52703/pages/656fa21135f0045611dfdddb?applicationId=656fa21035f0045611dfddd9 HTTP/1.1" 200 1547 "http://localhost:8080/app/appsmith/home-656fa21135f0045611dfdddb/edit/widgets/tpfezkr6z0?branch=newbranch" "Mozilla/5.0 (Macintosh; Intel Mac OS X 10_15_7) AppleWebKit/537.36 (KHTML, like Gecko) Chrome/119.0.0.0 Safari/537.36"
192.168.65.1 - - [07/Dec/2023:02:43:58 +0000] "PUT /api/v1/layouts/6570c1175c47f203f1c52703/pages/656fa21135f0045611dfdddb?applicationId=656fa21035f0045611dfddd9 HTTP/1.1" 200 1542 "http://localhost:8080/app/appsmith/home-656fa21135f0045611dfdddb/edit/widgets/a9tludbw95?branch=newbranch" "Mozilla/5.0 (Macintosh; Intel Mac OS X 10_15_7) AppleWebKit/537.36 (KHTML, like Gecko) Chrome/119.0.0.0 Safari/537.36"
192.168.65.1 - - [07/Dec/2023:02:43:59 +0000] "PUT /api/v1/layouts/6570c1175c47f203f1c52703/pages/656fa21135f0045611dfdddb?applicationId=656fa21035f0045611dfddd9 HTTP/1.1" 200 1541 "http://localhost:8080/app/appsmith/home-656fa21135f0045611dfdddb/edit/widgets/a9tludbw95?branch=newbranch" "Mozilla/5.0 (Macintosh; Intel Mac OS X 10_15_7) AppleWebKit/537.36 (KHTML, like Gecko) Chrome/119.0.0.0 Safari/537.36"
127.0.0.1 - - [07/Dec/2023:02:44:03 +0000] "GET / HTTP/1.1" 200 6702 "-" "curl/7.68.0"
192.168.65.1 - - [07/Dec/2023:02:44:13 +0000] "PUT /api/v1/layouts/6570c1175c47f203f1c52703/pages/656fa21135f0045611dfdddb?applicationId=656fa21035f0045611dfddd9 HTTP/1.1" 200 1544 "http://localhost:8080/app/appsmith/home-656fa21135f0045611dfdddb/edit?branch=newbranch" "Mozilla/5.0 (Macintosh; Intel Mac OS X 10_15_7) AppleWebKit/537.36 (KHTML, like Gecko) Chrome/119.0.0.0 Safari/537.36"
192.168.65.1 - - [07/Dec/2023:02:44:16 +0000] "PUT /api/v1/layouts/6570c1175c47f203f1c52703/pages/656fa21135f0045611dfdddb?applicationId=656fa21035f0045611dfddd9 HTTP/1.1" 200 1546 "http://localhost:8080/app/appsmith/home-656fa21135f0045611dfdddb/edit/widgets/tpfezkr6z0?branch=newbranch" "Mozilla/5.0 (Macintosh; Intel Mac OS X 10_15_7) AppleWebKit/537.36 (KHTML, like Gecko) Chrome/119.0.0.0 Safari/537.36"
127.0.0.1 - - [07/Dec/2023:02:44:18 +0000] "GET / HTTP/1.1" 200 6702 "-" "curl/7.68.0"
192.168.65.1 - - [07/Dec/2023:02:44:20 +0000] "PUT /api/v1/layouts/6570c1175c47f203f1c52703/pages/656fa21135f0045611dfdddb?applicationId=656fa21035f0045611dfddd9 HTTP/1.1" 200 1570 "http://localhost:8080/app/appsmith/home-656fa21135f0045611dfdddb/edit?branch=newbranch" "Mozilla/5.0 (Macintosh; Intel Mac OS X 10_15_7) AppleWebKit/537.36 (KHTML, like Gecko) Chrome/119.0.0.0 Safari/537.36"
192.168.65.1 - - [07/Dec/2023:02:44:24 +0000] "PUT /api/v1/layouts/6570c1175c47f203f1c52703/pages/656fa21135f0045611dfdddb?applicationId=656fa21035f0045611dfddd9 HTTP/1.1" 200 1572 "http://localhost:8080/app/appsmith/home-656fa21135f0045611dfdddb/edit/widgets/pdf7xanyg5?branch=newbranch" "Mozilla/5.0 (Macintosh; Intel Mac OS X 10_15_7) AppleWebKit/537.36 (KHTML, like Gecko) Chrome/119.0.0.0 Safari/537.36"
192.168.65.1 - - [07/Dec/2023:02:44:28 +0000] "PUT /api/v1/layouts/6570c1175c47f203f1c52703/pages/656fa21135f0045611dfdddb?applicationId=656fa21035f0045611dfddd9 HTTP/1.1" 200 1574 "http://localhost:8080/app/appsmith/home-656fa21135f0045611dfdddb/edit?branch=newbranch" "Mozilla/5.0 (Macintosh; Intel Mac OS X 10_15_7) AppleWebKit/537.36 (KHTML, like Gecko) Chrome/119.0.0.0 Safari/537.36"
192.168.65.1 - - [07/Dec/2023:02:44:31 +0000] "PUT /api/v1/layouts/6570c1175c47f203f1c52703/pages/656fa21135f0045611dfdddb?applicationId=656fa21035f0045611dfddd9 HTTP/1.1" 200 1573 "http://localhost:8080/app/appsmith/home-656fa21135f0045611dfdddb/edit?branch=newbranch" "Mozilla/5.0 (Macintosh; Intel Mac OS X 10_15_7) AppleWebKit/537.36 (KHTML, like Gecko) Chrome/119.0.0.0 Safari/537.36"
192.168.65.1 - - [07/Dec/2023:02:44:33 +0000] "PUT /api/v1/layouts/6570c1175c47f203f1c52703/pages/656fa21135f0045611dfdddb?applicationId=656fa21035f0045611dfddd9 HTTP/1.1" 200 1575 "http://localhost:8080/app/appsmith/home-656fa21135f0045611dfdddb/edit/widgets/tpfezkr6z0?branch=newbranch" "Mozilla/5.0 (Macintosh; Intel Mac OS X 10_15_7) AppleWebKit/537.36 (KHTML, like Gecko) Chrome/119.0.0.0 Safari/537.36"
127.0.0.1 - - [07/Dec/2023:02:44:33 +0000] "GET / HTTP/1.1" 200 6702 "-" "curl/7.68.0"
192.168.65.1 - - [07/Dec/2023:02:44:34 +0000] "PUT /api/v1/layouts/6570c1175c47f203f1c52703/pages/656fa21135f0045611dfdddb?applicationId=656fa21035f0045611dfddd9 HTTP/1.1" 200 1573 "http://localhost:8080/app/appsmith/home-656fa21135f0045611dfdddb/edit/widgets/tpfezkr6z0?branch=newbranch" "Mozilla/5.0 (Macintosh; Intel Mac OS X 10_15_7) AppleWebKit/537.36 (KHTML, like Gecko) Chrome/119.0.0.0 Safari/537.36"
192.168.65.1 - - [07/Dec/2023:02:44:36 +0000] "PUT /api/v1/layouts/6570c1175c47f203f1c52703/pages/656fa21135f0045611dfdddb?applicationId=656fa21035f0045611dfddd9 HTTP/1.1" 200 1574 "http://localhost:8080/app/appsmith/home-656fa21135f0045611dfdddb/edit/widgets/a9tludbw95?branch=newbranch" "Mozilla/5.0 (Macintosh; Intel Mac OS X 10_15_7) AppleWebKit/537.36 (KHTML, like Gecko) Chrome/119.0.0.0 Safari/537.36"
192.168.65.1 - - [07/Dec/2023:02:44:37 +0000] "PUT /api/v1/layouts/6570c1175c47f203f1c52703/pages/656fa21135f0045611dfdddb?applicationId=656fa21035f0045611dfddd9 HTTP/1.1" 200 1574 "http://localhost:8080/app/appsmith/home-656fa21135f0045611dfdddb/edit/widgets/a9tludbw95?branch=newbranch" "Mozilla/5.0 (Macintosh; Intel Mac OS X 10_15_7) AppleWebKit/537.36 (KHTML, like Gecko) Chrome/119.0.0.0 Safari/537.36"
192.168.65.1 - - [07/Dec/2023:02:44:38 +0000] "PUT /api/v1/layouts/6570c1175c47f203f1c52703/pages/656fa21135f0045611dfdddb?applicationId=656fa21035f0045611dfddd9 HTTP/1.1" 200 1567 "http://localhost:8080/app/appsmith/home-656fa21135f0045611dfdddb/edit/widgets/a9tludbw95?branch=newbranch" "Mozilla/5.0 (Macintosh; Intel Mac OS X 10_15_7) AppleWebKit/537.36 (KHTML, like Gecko) Chrome/119.0.0.0 Safari/537.36"
192.168.65.1 - - [07/Dec/2023:02:44:41 +0000] "PUT /api/v1/layouts/6570c1175c47f203f1c52703/pages/656fa21135f0045611dfdddb?applicationId=656fa21035f0045611dfddd9 HTTP/1.1" 200 1569 "http://localhost:8080/app/appsmith/home-656fa21135f0045611dfdddb/edit/widgets/pdf7xanyg5,tpfezkr6z0,a9tludbw95?branch=newbranch" "Mozilla/5.0 (Macintosh; Intel Mac OS X 10_15_7) AppleWebKit/537.36 (KHTML, like Gecko) Chrome/119.0.0.0 Safari/537.36"
127.0.0.1 - - [07/Dec/2023:02:44:48 +0000] "GET / HTTP/1.1" 200 6702 "-" "curl/7.68.0"
192.168.65.1 - - [07/Dec/2023:02:44:57 +0000] "PUT /api/v1/layouts/6570c1175c47f203f1c52703/pages/656fa21135f0045611dfdddb?applicationId=656fa21035f0045611dfddd9 HTTP/1.1" 200 1608 "http://localhost:8080/app/appsmith/home-656fa21135f0045611dfdddb/edit/widgets/pdf7xanyg5?branch=newbranch" "Mozilla/5.0 (Macintosh; Intel Mac OS X 10_15_7) AppleWebKit/537.36 (KHTML, like Gecko) Chrome/119.0.0.0 Safari/537.36"
192.168.65.1 - - [07/Dec/2023:02:44:59 +0000] "PUT /api/v1/layouts/6570c1175c47f203f1c52703/pages/656fa21135f0045611dfdddb?applicationId=656fa21035f0045611dfddd9 HTTP/1.1" 200 1603 "http://localhost:8080/app/appsmith/home-656fa21135f0045611dfdddb/edit/widgets/pdf7xanyg5?branch=newbranch" "Mozilla/5.0 (Macintosh; Intel Mac OS X 10_15_7) AppleWebKit/537.36 (KHTML, like Gecko) Chrome/119.0.0.0 Safari/537.36"
127.0.0.1 - - [07/Dec/2023:02:45:03 +0000] "GET / HTTP/1.1" 200 6702 "-" "curl/7.68.0"
192.168.65.1 - - [07/Dec/2023:02:45:05 +0000] "PUT /api/v1/layouts/6570c1175c47f203f1c52703/pages/656fa21135f0045611dfdddb?applicationId=656fa21035f0045611dfddd9 HTTP/1.1" 200 1597 "http://localhost:8080/app/appsmith/home-656fa21135f0045611dfdddb/edit/widgets/pdf7xanyg5?branch=newbranch" "Mozilla/5.0 (Macintosh; Intel Mac OS X 10_15_7) AppleWebKit/537.36 (KHTML, like Gecko) Chrome/119.0.0.0 Safari/537.36"
192.168.65.1 - - [07/Dec/2023:02:45:08 +0000] "PUT /api/v1/layouts/6570c1175c47f203f1c52703/pages/656fa21135f0045611dfdddb?applicationId=656fa21035f0045611dfddd9 HTTP/1.1" 200 1646 "http://localhost:8080/app/appsmith/home-656fa21135f0045611dfdddb/edit/widgets/pdf7xanyg5?branch=newbranch" "Mozilla/5.0 (Macintosh; Intel Mac OS X 10_15_7) AppleWebKit/537.36 (KHTML, like Gecko) Chrome/119.0.0.0 Safari/537.36"
192.168.65.1 - - [07/Dec/2023:02:45:12 +0000] "PUT /api/v1/layouts/6570c1175c47f203f1c52703/pages/656fa21135f0045611dfdddb?applicationId=656fa21035f0045611dfddd9 HTTP/1.1" 200 1654 "http://localhost:8080/app/appsmith/home-656fa21135f0045611dfdddb/edit/widgets/pdf7xanyg5?branch=newbranch" "Mozilla/5.0 (Macintosh; Intel Mac OS X 10_15_7) AppleWebKit/537.36 (KHTML, like Gecko) Chrome/119.0.0.0 Safari/537.36"
192.168.65.1 - - [07/Dec/2023:02:45:18 +0000] "PUT /api/v1/layouts/6570c1175c47f203f1c52703/pages/656fa21135f0045611dfdddb?applicationId=656fa21035f0045611dfddd9 HTTP/1.1" 200 1664 "http://localhost:8080/app/appsmith/home-656fa21135f0045611dfdddb/edit/widgets/tpfezkr6z0?branch=newbranch" "Mozilla/5.0 (Macintosh; Intel Mac OS X 10_15_7) AppleWebKit/537.36 (KHTML, like Gecko) Chrome/119.0.0.0 Safari/537.36"
127.0.0.1 - - [07/Dec/2023:02:45:18 +0000] "GET / HTTP/1.1" 200 6702 "-" "curl/7.68.0"
192.168.65.1 - - [07/Dec/2023:02:45:26 +0000] "PUT /api/v1/layouts/6570c1175c47f203f1c52703/pages/656fa21135f0045611dfdddb?applicationId=656fa21035f0045611dfddd9 HTTP/1.1" 200 1664 "http://localhost:8080/app/appsmith/home-656fa21135f0045611dfdddb/edit/widgets/tpfezkr6z0?branch=newbranch" "Mozilla/5.0 (Macintosh; Intel Mac OS X 10_15_7) AppleWebKit/537.36 (KHTML, like Gecko) Chrome/119.0.0.0 Safari/537.36"
192.168.65.1 - - [07/Dec/2023:02:45:32 +0000] "PUT /api/v1/layouts/6570c1175c47f203f1c52703/pages/656fa21135f0045611dfdddb?applicationId=656fa21035f0045611dfddd9 HTTP/1.1" 200 1667 "http://localhost:8080/app/appsmith/home-656fa21135f0045611dfdddb/edit/widgets/a9tludbw95?branch=newbranch" "Mozilla/5.0 (Macintosh; Intel Mac OS X 10_15_7) AppleWebKit/537.36 (KHTML, like Gecko) Chrome/119.0.0.0 Safari/537.36"
127.0.0.1 - - [07/Dec/2023:02:45:34 +0000] "GET / HTTP/1.1" 200 6702 "-" "curl/7.68.0"
192.168.65.1 - - [07/Dec/2023:02:45:34 +0000] "PUT /api/v1/layouts/6570c1175c47f203f1c52703/pages/656fa21135f0045611dfdddb?applicationId=656fa21035f0045611dfddd9 HTTP/1.1" 200 1676 "http://localhost:8080/app/appsmith/home-656fa21135f0045611dfdddb/edit/widgets/a9tludbw95?branch=newbranch" "Mozilla/5.0 (Macintosh; Intel Mac OS X 10_15_7) AppleWebKit/537.36 (KHTML, like Gecko) Chrome/119.0.0.0 Safari/537.36"
192.168.65.1 - - [07/Dec/2023:02:45:35 +0000] "PUT /api/v1/layouts/6570c1175c47f203f1c52703/pages/656fa21135f0045611dfdddb?applicationId=656fa21035f0045611dfddd9 HTTP/1.1" 200 1667 "http://localhost:8080/app/appsmith/home-656fa21135f0045611dfdddb/edit/widgets/a9tludbw95?branch=newbranch" "Mozilla/5.0 (Macintosh; Intel Mac OS X 10_15_7) AppleWebKit/537.36 (KHTML, like Gecko) Chrome/119.0.0.0 Safari/537.36"
192.168.65.1 - - [07/Dec/2023:02:45:38 +0000] "PUT /api/v1/layouts/6570c1175c47f203f1c52703/pages/656fa21135f0045611dfdddb?applicationId=656fa21035f0045611dfddd9 HTTP/1.1" 200 1668 "http://localhost:8080/app/appsmith/home-656fa21135f0045611dfdddb/edit/widgets/a9tludbw95?branch=newbranch" "Mozilla/5.0 (Macintosh; Intel Mac OS X 10_15_7) AppleWebKit/537.36 (KHTML, like Gecko) Chrome/119.0.0.0 Safari/537.36"
192.168.65.1 - - [07/Dec/2023:02:45:40 +0000] "GET /api/v1/git/fetch/remote/app/656fa21035f0045611dfddd9? HTTP/1.1" 200 150 "http://localhost:8080/app/appsmith/home-656fa21135f0045611dfdddb/edit/widgets/a9tludbw95?branch=newbranch" "Mozilla/5.0 (Macintosh; Intel Mac OS X 10_15_7) AppleWebKit/537.36 (KHTML, like Gecko) Chrome/119.0.0.0 Safari/537.36"
192.168.65.1 - - [07/Dec/2023:02:45:40 +0000] "GET /api/v1/applications/ssh-keypair/656fa21035f0045611dfddd9 HTTP/1.1" 200 415 "http://localhost:8080/app/appsmith/home-656fa21135f0045611dfdddb/edit/widgets/a9tludbw95?branch=newbranch" "Mozilla/5.0 (Macintosh; Intel Mac OS X 10_15_7) AppleWebKit/537.36 (KHTML, like Gecko) Chrome/119.0.0.0 Safari/537.36"
192.168.65.1 - - [07/Dec/2023:02:45:40 +0000] "GET /app/appsmith/home-656fa21135f0045611dfdddb?branch=newbranch HTTP/1.1" 200 2566 "http://localhost:8080/app/appsmith/home-656fa21135f0045611dfdddb/edit/widgets/a9tludbw95?branch=newbranch" "Mozilla/5.0 (Macintosh; Intel Mac OS X 10_15_7) AppleWebKit/537.36 (KHTML, like Gecko) Chrome/119.0.0.0 Safari/537.36"
192.168.65.1 - - [07/Dec/2023:02:45:41 +0000] "GET /api/v1/users/features HTTP/1.1" 200 841 "http://localhost:8080/app/appsmith/home-656fa21135f0045611dfdddb?branch=newbranch" "Mozilla/5.0 (Macintosh; Intel Mac OS X 10_15_7) AppleWebKit/537.36 (KHTML, like Gecko) Chrome/119.0.0.0 Safari/537.36"
192.168.65.1 - - [07/Dec/2023:02:45:41 +0000] "GET /api/v1/product-alert/alert HTTP/1.1" 200 99 "http://localhost:8080/app/appsmith/home-656fa21135f0045611dfdddb?branch=newbranch" "Mozilla/5.0 (Macintosh; Intel Mac OS X 10_15_7) AppleWebKit/537.36 (KHTML, like Gecko) Chrome/119.0.0.0 Safari/537.36"
192.168.65.1 - - [07/Dec/2023:02:45:41 +0000] "GET /api/v1/tenants/current HTTP/1.1" 200 294 "http://localhost:8080/app/appsmith/home-656fa21135f0045611dfdddb?branch=newbranch" "Mozilla/5.0 (Macintosh; Intel Mac OS X 10_15_7) AppleWebKit/537.36 (KHTML, like Gecko) Chrome/119.0.0.0 Safari/537.36"
192.168.65.1 - - [07/Dec/2023:02:45:41 +0000] "GET /api/v1/users/me HTTP/1.1" 200 355 "http://localhost:8080/app/appsmith/home-656fa21135f0045611dfdddb?branch=newbranch" "Mozilla/5.0 (Macintosh; Intel Mac OS X 10_15_7) AppleWebKit/537.36 (KHTML, like Gecko) Chrome/119.0.0.0 Safari/537.36"
192.168.65.1 - - [07/Dec/2023:02:45:41 +0000] "GET /api/v1/pages?pageId=656fa21135f0045611dfdddb&mode=PUBLISHED HTTP/1.1" 200 780 "http://localhost:8080/app/appsmith/home-656fa21135f0045611dfdddb?branch=newbranch" "Mozilla/5.0 (Macintosh; Intel Mac OS X 10_15_7) AppleWebKit/537.36 (KHTML, like Gecko) Chrome/119.0.0.0 Safari/537.36"
192.168.65.1 - - [07/Dec/2023:02:45:41 +0000] "GET /api/v1/pages/656fa21135f0045611dfdddb/view?v=1701917141103 HTTP/1.1" 200 527 "http://localhost:8080/app/appsmith/page1-656fa21135f0045611dfdddb?branch=newbranch" "Mozilla/5.0 (Macintosh; Intel Mac OS X 10_15_7) AppleWebKit/537.36 (KHTML, like Gecko) Chrome/119.0.0.0 Safari/537.36"
192.168.65.1 - - [07/Dec/2023:02:45:41 +0000] "GET /api/v1/collections/actions/view?applicationId=656fa21035f0045611dfddd9 HTTP/1.1" 200 101 "http://localhost:8080/app/appsmith/page1-656fa21135f0045611dfdddb?branch=newbranch" "Mozilla/5.0 (Macintosh; Intel Mac OS X 10_15_7) AppleWebKit/537.36 (KHTML, like Gecko) Chrome/119.0.0.0 Safari/537.36"
192.168.65.1 - - [07/Dec/2023:02:45:41 +0000] "GET /api/v1/themes/applications/656fa21035f0045611dfddd9/current?mode=PUBLISHED HTTP/1.1" 200 1459 "http://localhost:8080/app/appsmith/page1-656fa21135f0045611dfdddb?branch=newbranch" "Mozilla/5.0 (Macintosh; Intel Mac OS X 10_15_7) AppleWebKit/537.36 (KHTML, like Gecko) Chrome/119.0.0.0 Safari/537.36"
192.168.65.1 - - [07/Dec/2023:02:45:41 +0000] "GET /api/v1/themes/applications/656fa21035f0045611dfddd9 HTTP/1.1" 200 5276 "http://localhost:8080/app/appsmith/page1-656fa21135f0045611dfdddb?branch=newbranch" "Mozilla/5.0 (Macintosh; Intel Mac OS X 10_15_7) AppleWebKit/537.36 (KHTML, like Gecko) Chrome/119.0.0.0 Safari/537.36"
192.168.65.1 - - [07/Dec/2023:02:45:41 +0000] "GET /api/v1/actions/view?applicationId=656fa21035f0045611dfddd9 HTTP/1.1" 200 495 "http://localhost:8080/app/appsmith/page1-656fa21135f0045611dfdddb?branch=newbranch" "Mozilla/5.0 (Macintosh; Intel Mac OS X 10_15_7) AppleWebKit/537.36 (KHTML, like Gecko) Chrome/119.0.0.0 Safari/537.36"
192.168.65.1 - - [07/Dec/2023:02:45:41 +0000] "GET /api/v1/libraries/656fa21035f0045611dfddd9/view HTTP/1.1" 200 101 "http://localhost:8080/app/appsmith/page1-656fa21135f0045611dfdddb?branch=newbranch" "Mozilla/5.0 (Macintosh; Intel Mac OS X 10_15_7) AppleWebKit/537.36 (KHTML, like Gecko) Chrome/119.0.0.0 Safari/537.36"
192.168.65.1 - - [07/Dec/2023:02:45:41 +0000] "GET /api/v1/git/status/app/656fa21035f0045611dfddd9?compareRemote=true HTTP/1.1" 200 465 "http://localhost:8080/app/appsmith/home-656fa21135f0045611dfdddb/edit/widgets/a9tludbw95?branch=newbranch" "Mozilla/5.0 (Macintosh; Intel Mac OS X 10_15_7) AppleWebKit/537.36 (KHTML, like Gecko) Chrome/119.0.0.0 Safari/537.36"
192.168.65.1 - - [07/Dec/2023:02:45:41 +0000] "GET /api/v1/pages/656fa21135f0045611dfdddb/view?v=1701917141443 HTTP/1.1" 200 527 "http://localhost:8080/app/appsmith/page1-656fa21135f0045611dfdddb?branch=newbranch" "Mozilla/5.0 (Macintosh; Intel Mac OS X 10_15_7) AppleWebKit/537.36 (KHTML, like Gecko) Chrome/119.0.0.0 Safari/537.36"
192.168.65.1 - - [07/Dec/2023:02:45:41 +0000] "GET /api/v1/pages/65712c408d8a482755cc970b/view?v=1701917141443 HTTP/1.1" 200 4544 "http://localhost:8080/app/appsmith/page1-656fa21135f0045611dfdddb?branch=newbranch" "Mozilla/5.0 (Macintosh; Intel Mac OS X 10_15_7) AppleWebKit/537.36 (KHTML, like Gecko) Chrome/119.0.0.0 Safari/537.36"
192.168.65.1 - - [07/Dec/2023:02:45:41 +0000] "GET /api/v1/pages/6570b92afc074a681b6f25b6/view?v=1701917141443 HTTP/1.1" 200 4764 "http://localhost:8080/app/appsmith/page1-656fa21135f0045611dfdddb?branch=newbranch" "Mozilla/5.0 (Macintosh; Intel Mac OS X 10_15_7) AppleWebKit/537.36 (KHTML, like Gecko) Chrome/119.0.0.0 Safari/537.36"
192.168.65.1 - - [07/Dec/2023:02:45:41 +0000] "GET /api/v1/pages/6570c1175c47f203f1c52707/view?v=1701917141443 HTTP/1.1" 200 4905 "http://localhost:8080/app/appsmith/page1-656fa21135f0045611dfdddb?branch=newbranch" "Mozilla/5.0 (Macintosh; Intel Mac OS X 10_15_7) AppleWebKit/537.36 (KHTML, like Gecko) Chrome/119.0.0.0 Safari/537.36"
192.168.65.1 - - [07/Dec/2023:02:45:41 +0000] "POST /api/v1/usage-pulse HTTP/1.1" 201 76 "http://localhost:8080/app/appsmith/page1-656fa21135f0045611dfdddb?branch=newbranch" "Mozilla/5.0 (Macintosh; Intel Mac OS X 10_15_7) AppleWebKit/537.36 (KHTML, like Gecko) Chrome/119.0.0.0 Safari/537.36"
192.168.65.1 - - [07/Dec/2023:02:45:43 +0000] "GET /pageService.js HTTP/1.1" 304 0 "http://localhost:8080/pageService.js" "Mozilla/5.0 (Macintosh; Intel Mac OS X 10_15_7) AppleWebKit/537.36 (KHTML, like Gecko) Chrome/119.0.0.0 Safari/537.36"
192.168.65.1 - - [07/Dec/2023:02:45:43 +0000] "GET /rts/?EIO=4&transport=websocket HTTP/1.1" 101 228 "-" "Mozilla/5.0 (Macintosh; Intel Mac OS X 10_15_7) AppleWebKit/537.36 (KHTML, like Gecko) Chrome/119.0.0.0 Safari/537.36"
192.168.65.1 - - [07/Dec/2023:02:45:48 +0000] "POST /api/v1/git/commit/app/656fa21035f0045611dfddd9?branchName=newbranch HTTP/1.1" 201 166 "http://localhost:8080/app/appsmith/home-656fa21135f0045611dfdddb/edit/widgets/a9tludbw95?branch=newbranch" "Mozilla/5.0 (Macintosh; Intel Mac OS X 10_15_7) AppleWebKit/537.36 (KHTML, like Gecko) Chrome/119.0.0.0 Safari/537.36"
127.0.0.1 - - [07/Dec/2023:02:45:49 +0000] "GET / HTTP/1.1" 200 6702 "-" "curl/7.68.0"
192.168.65.1 - - [07/Dec/2023:02:45:49 +0000] "GET /api/v1/git/status/app/656fa21035f0045611dfddd9?compareRemote=true HTTP/1.1" 200 309 "http://localhost:8080/app/appsmith/home-656fa21135f0045611dfdddb/edit/widgets/a9tludbw95?branch=newbranch" "Mozilla/5.0 (Macintosh; Intel Mac OS X 10_15_7) AppleWebKit/537.36 (KHTML, like Gecko) Chrome/119.0.0.0 Safari/537.36"
192.168.65.1 - - [07/Dec/2023:02:45:55 +0000] "GET /api/v1/pages/6570b92afc074a681b6f25b6 HTTP/1.1" 200 4779 "http://localhost:8080/app/appsmith/student-home-6570b92afc074a681b6f25b6/edit?branch=newbranch" "Mozilla/5.0 (Macintosh; Intel Mac OS X 10_15_7) AppleWebKit/537.36 (KHTML, like Gecko) Chrome/119.0.0.0 Safari/537.36"
192.168.65.1 - - [07/Dec/2023:02:45:55 +0000] "GET /api/v1/applications/snapshot/656fa21035f0045611dfddd9 HTTP/1.1" 200 129 "http://localhost:8080/app/appsmith/student-home-6570b92afc074a681b6f25b6/edit?branch=newbranch" "Mozilla/5.0 (Macintosh; Intel Mac OS X 10_15_7) AppleWebKit/537.36 (KHTML, like Gecko) Chrome/119.0.0.0 Safari/537.36"
192.168.65.1 - - [07/Dec/2023:02:45:55 +0000] "POST /api/v1/actions/execute HTTP/1.1" 200 559 "http://localhost:8080/app/appsmith/student-home-6570b92afc074a681b6f25b6/edit?branch=newbranch" "Mozilla/5.0 (Macintosh; Intel Mac OS X 10_15_7) AppleWebKit/537.36 (KHTML, like Gecko) Chrome/119.0.0.0 Safari/537.36"
192.168.65.1 - - [07/Dec/2023:02:45:55 +0000] "POST /api/v1/actions/execute HTTP/1.1" 200 559 "http://localhost:8080/app/appsmith/student-home-6570b92afc074a681b6f25b6/edit?branch=newbranch" "Mozilla/5.0 (Macintosh; Intel Mac OS X 10_15_7) AppleWebKit/537.36 (KHTML, like Gecko) Chrome/119.0.0.0 Safari/537.36"
192.168.65.1 - - [07/Dec/2023:02:45:55 +0000] "POST /api/v1/actions/execute HTTP/1.1" 200 557 "http://localhost:8080/app/appsmith/student-home-6570b92afc074a681b6f25b6/edit?branch=newbranch" "Mozilla/5.0 (Macintosh; Intel Mac OS X 10_15_7) AppleWebKit/537.36 (KHTML, like Gecko) Chrome/119.0.0.0 Safari/537.36"
192.168.65.1 - - [07/Dec/2023:02:45:57 +0000] "GET /api/v1/pages/656fa21135f0045611dfdddb HTTP/1.1" 200 1809 "http://localhost:8080/app/appsmith/page1-656fa21135f0045611dfdddb/edit?branch=newbranch" "Mozilla/5.0 (Macintosh; Intel Mac OS X 10_15_7) AppleWebKit/537.36 (KHTML, like Gecko) Chrome/119.0.0.0 Safari/537.36"
192.168.65.1 - - [07/Dec/2023:02:45:57 +0000] "GET /api/v1/applications/snapshot/656fa21035f0045611dfddd9 HTTP/1.1" 200 129 "http://localhost:8080/app/appsmith/page1-656fa21135f0045611dfdddb/edit?branch=newbranch" "Mozilla/5.0 (Macintosh; Intel Mac OS X 10_15_7) AppleWebKit/537.36 (KHTML, like Gecko) Chrome/119.0.0.0 Safari/537.36"
192.168.65.1 - - [07/Dec/2023:02:45:58 +0000] "GET /api/v1/pages/65712c408d8a482755cc970b HTTP/1.1" 200 4560 "http://localhost:8080/app/appsmith/professor-home-65712c408d8a482755cc970b/edit?branch=newbranch" "Mozilla/5.0 (Macintosh; Intel Mac OS X 10_15_7) AppleWebKit/537.36 (KHTML, like Gecko) Chrome/119.0.0.0 Safari/537.36"
192.168.65.1 - - [07/Dec/2023:02:45:58 +0000] "GET /api/v1/applications/snapshot/656fa21035f0045611dfddd9 HTTP/1.1" 200 129 "http://localhost:8080/app/appsmith/professor-home-65712c408d8a482755cc970b/edit/widgets/5qus2cfze0?branch=newbranch" "Mozilla/5.0 (Macintosh; Intel Mac OS X 10_15_7) AppleWebKit/537.36 (KHTML, like Gecko) Chrome/119.0.0.0 Safari/537.36"
192.168.65.1 - - [07/Dec/2023:02:45:58 +0000] "POST /api/v1/actions/execute HTTP/1.1" 200 426 "http://localhost:8080/app/appsmith/professor-home-65712c408d8a482755cc970b/edit/widgets/5qus2cfze0?branch=newbranch" "Mozilla/5.0 (Macintosh; Intel Mac OS X 10_15_7) AppleWebKit/537.36 (KHTML, like Gecko) Chrome/119.0.0.0 Safari/537.36"
192.168.65.1 - - [07/Dec/2023:02:45:58 +0000] "POST /api/v1/actions/execute HTTP/1.1" 200 426 "http://localhost:8080/app/appsmith/professor-home-65712c408d8a482755cc970b/edit/widgets/5qus2cfze0?branch=newbranch" "Mozilla/5.0 (Macintosh; Intel Mac OS X 10_15_7) AppleWebKit/537.36 (KHTML, like Gecko) Chrome/119.0.0.0 Safari/537.36"
192.168.65.1 - - [07/Dec/2023:02:46:02 +0000] "GET /api/v1/pages/656fa21135f0045611dfdddb HTTP/1.1" 200 1809 "http://localhost:8080/app/appsmith/page1-656fa21135f0045611dfdddb/edit?branch=newbranch" "Mozilla/5.0 (Macintosh; Intel Mac OS X 10_15_7) AppleWebKit/537.36 (KHTML, like Gecko) Chrome/119.0.0.0 Safari/537.36"
192.168.65.1 - - [07/Dec/2023:02:46:02 +0000] "GET /api/v1/applications/snapshot/656fa21035f0045611dfddd9 HTTP/1.1" 200 129 "http://localhost:8080/app/appsmith/page1-656fa21135f0045611dfdddb/edit?branch=newbranch" "Mozilla/5.0 (Macintosh; Intel Mac OS X 10_15_7) AppleWebKit/537.36 (KHTML, like Gecko) Chrome/119.0.0.0 Safari/537.36"
127.0.0.1 - - [07/Dec/2023:02:46:04 +0000] "GET / HTTP/1.1" 200 6702 "-" "curl/7.68.0"
192.168.65.1 - - [07/Dec/2023:02:46:04 +0000] "GET /api/v1/pages/6570c1175c47f203f1c52707 HTTP/1.1" 200 4919 "http://localhost:8080/app/appsmith/ta-home-6570c1175c47f203f1c52707/edit?branch=newbranch" "Mozilla/5.0 (Macintosh; Intel Mac OS X 10_15_7) AppleWebKit/537.36 (KHTML, like Gecko) Chrome/119.0.0.0 Safari/537.36"
192.168.65.1 - - [07/Dec/2023:02:46:04 +0000] "GET /api/v1/applications/snapshot/656fa21035f0045611dfddd9 HTTP/1.1" 200 129 "http://localhost:8080/app/appsmith/ta-home-6570c1175c47f203f1c52707/edit?branch=newbranch" "Mozilla/5.0 (Macintosh; Intel Mac OS X 10_15_7) AppleWebKit/537.36 (KHTML, like Gecko) Chrome/119.0.0.0 Safari/537.36"
192.168.65.1 - - [07/Dec/2023:02:46:04 +0000] "POST /api/v1/actions/execute HTTP/1.1" 200 560 "http://localhost:8080/app/appsmith/ta-home-6570c1175c47f203f1c52707/edit?branch=newbranch" "Mozilla/5.0 (Macintosh; Intel Mac OS X 10_15_7) AppleWebKit/537.36 (KHTML, like Gecko) Chrome/119.0.0.0 Safari/537.36"
192.168.65.1 - - [07/Dec/2023:02:46:04 +0000] "POST /api/v1/actions/execute HTTP/1.1" 200 556 "http://localhost:8080/app/appsmith/ta-home-6570c1175c47f203f1c52707/edit?branch=newbranch" "Mozilla/5.0 (Macintosh; Intel Mac OS X 10_15_7) AppleWebKit/537.36 (KHTML, like Gecko) Chrome/119.0.0.0 Safari/537.36"
192.168.65.1 - - [07/Dec/2023:02:46:04 +0000] "POST /api/v1/actions/execute HTTP/1.1" 200 552 "http://localhost:8080/app/appsmith/ta-home-6570c1175c47f203f1c52707/edit?branch=newbranch" "Mozilla/5.0 (Macintosh; Intel Mac OS X 10_15_7) AppleWebKit/537.36 (KHTML, like Gecko) Chrome/119.0.0.0 Safari/537.36"
192.168.65.1 - - [07/Dec/2023:02:46:06 +0000] "GET /api/v1/pages/656fa21135f0045611dfdddb HTTP/1.1" 200 1809 "http://localhost:8080/app/appsmith/page1-656fa21135f0045611dfdddb/edit?branch=newbranch" "Mozilla/5.0 (Macintosh; Intel Mac OS X 10_15_7) AppleWebKit/537.36 (KHTML, like Gecko) Chrome/119.0.0.0 Safari/537.36"
192.168.65.1 - - [07/Dec/2023:02:46:06 +0000] "GET /api/v1/applications/snapshot/656fa21035f0045611dfddd9 HTTP/1.1" 200 129 "http://localhost:8080/app/appsmith/page1-656fa21135f0045611dfdddb/edit?branch=newbranch" "Mozilla/5.0 (Macintosh; Intel Mac OS X 10_15_7) AppleWebKit/537.36 (KHTML, like Gecko) Chrome/119.0.0.0 Safari/537.36"
192.168.65.1 - - [07/Dec/2023:02:46:11 +0000] "GET /api/v1/pages/6570b92afc074a681b6f25b6 HTTP/1.1" 200 4779 "http://localhost:8080/app/appsmith/student-home-6570b92afc074a681b6f25b6/edit?branch=newbranch" "Mozilla/5.0 (Macintosh; Intel Mac OS X 10_15_7) AppleWebKit/537.36 (KHTML, like Gecko) Chrome/119.0.0.0 Safari/537.36"
192.168.65.1 - - [07/Dec/2023:02:46:11 +0000] "GET /api/v1/applications/snapshot/656fa21035f0045611dfddd9 HTTP/1.1" 200 129 "http://localhost:8080/app/appsmith/student-home-6570b92afc074a681b6f25b6/edit?branch=newbranch" "Mozilla/5.0 (Macintosh; Intel Mac OS X 10_15_7) AppleWebKit/537.36 (KHTML, like Gecko) Chrome/119.0.0.0 Safari/537.36"
