192.168.65.1 - - [07/Dec/2023:03:04:29 +0000] "PUT /api/v1/layouts/refactor HTTP/1.1" 200 3886 "http://localhost:8080/app/appsmith/create-study-group-657133af8d8a482755cc9726/edit/widgets/f24xwgk7gw?branch=newbranch" "Mozilla/5.0 (Macintosh; Intel Mac OS X 10_15_7) AppleWebKit/537.36 (KHTML, like Gecko) Chrome/119.0.0.0 Safari/537.36"
192.168.65.1 - - [07/Dec/2023:03:04:29 +0000] "GET /api/v1/collections/actions?pageId=657133af8d8a482755cc9726 HTTP/1.1" 200 101 "http://localhost:8080/app/appsmith/create-study-group-657133af8d8a482755cc9726/edit/widgets/f24xwgk7gw?branch=newbranch" "Mozilla/5.0 (Macintosh; Intel Mac OS X 10_15_7) AppleWebKit/537.36 (KHTML, like Gecko) Chrome/119.0.0.0 Safari/537.36"
192.168.65.1 - - [07/Dec/2023:03:04:29 +0000] "GET /api/v1/actions?pageId=657133af8d8a482755cc9726 HTTP/1.1" 200 872 "http://localhost:8080/app/appsmith/create-study-group-657133af8d8a482755cc9726/edit/widgets/f24xwgk7gw?branch=newbranch" "Mozilla/5.0 (Macintosh; Intel Mac OS X 10_15_7) AppleWebKit/537.36 (KHTML, like Gecko) Chrome/119.0.0.0 Safari/537.36"
127.0.0.1 - - [07/Dec/2023:03:04:43 +0000] "GET / HTTP/1.1" 200 6702 "-" "curl/7.68.0"
192.168.65.1 - - [07/Dec/2023:03:04:48 +0000] "PUT /api/v1/layouts/657133af8d8a482755cc9724/pages/657133af8d8a482755cc9726?applicationId=656fa21035f0045611dfddd9 HTTP/1.1" 200 3875 "http://localhost:8080/app/appsmith/create-study-group-657133af8d8a482755cc9726/edit?branch=newbranch" "Mozilla/5.0 (Macintosh; Intel Mac OS X 10_15_7) AppleWebKit/537.36 (KHTML, like Gecko) Chrome/119.0.0.0 Safari/537.36"
127.0.0.1 - - [07/Dec/2023:03:04:58 +0000] "GET / HTTP/1.1" 200 6702 "-" "curl/7.68.0"
192.168.65.1 - - [07/Dec/2023:03:05:01 +0000] "PUT /api/v1/layouts/657133af8d8a482755cc9724/pages/657133af8d8a482755cc9726?applicationId=656fa21035f0045611dfddd9 HTTP/1.1" 200 3879 "http://localhost:8080/app/appsmith/create-study-group-657133af8d8a482755cc9726/edit/widgets/j429zrkhnc?branch=newbranch" "Mozilla/5.0 (Macintosh; Intel Mac OS X 10_15_7) AppleWebKit/537.36 (KHTML, like Gecko) Chrome/119.0.0.0 Safari/537.36"
127.0.0.1 - - [07/Dec/2023:03:05:14 +0000] "GET / HTTP/1.1" 200 6702 "-" "curl/7.68.0"
192.168.65.1 - - [07/Dec/2023:03:05:25 +0000] "PUT /api/v1/layouts/657133af8d8a482755cc9724/pages/657133af8d8a482755cc9726?applicationId=656fa21035f0045611dfddd9 HTTP/1.1" 200 3874 "http://localhost:8080/app/appsmith/create-study-group-657133af8d8a482755cc9726/edit/widgets/hrhzvsvo8w?branch=newbranch" "Mozilla/5.0 (Macintosh; Intel Mac OS X 10_15_7) AppleWebKit/537.36 (KHTML, like Gecko) Chrome/119.0.0.0 Safari/537.36"
192.168.65.1 - - [07/Dec/2023:03:05:27 +0000] "PUT /api/v1/layouts/657133af8d8a482755cc9724/pages/657133af8d8a482755cc9726?applicationId=656fa21035f0045611dfddd9 HTTP/1.1" 200 3870 "http://localhost:8080/app/appsmith/create-study-group-657133af8d8a482755cc9726/edit/widgets/hrhzvsvo8w?branch=newbranch" "Mozilla/5.0 (Macintosh; Intel Mac OS X 10_15_7) AppleWebKit/537.36 (KHTML, like Gecko) Chrome/119.0.0.0 Safari/537.36"
127.0.0.1 - - [07/Dec/2023:03:05:29 +0000] "GET / HTTP/1.1" 200 6702 "-" "curl/7.68.0"
192.168.65.1 - - [07/Dec/2023:03:05:30 +0000] "PUT /api/v1/layouts/657133af8d8a482755cc9724/pages/657133af8d8a482755cc9726?applicationId=656fa21035f0045611dfddd9 HTTP/1.1" 200 3874 "http://localhost:8080/app/appsmith/create-study-group-657133af8d8a482755cc9726/edit/widgets/hrhzvsvo8w?branch=newbranch" "Mozilla/5.0 (Macintosh; Intel Mac OS X 10_15_7) AppleWebKit/537.36 (KHTML, like Gecko) Chrome/119.0.0.0 Safari/537.36"
192.168.65.1 - - [07/Dec/2023:03:05:36 +0000] "PUT /api/v1/layouts/refactor HTTP/1.1" 200 3882 "http://localhost:8080/app/appsmith/create-study-group-657133af8d8a482755cc9726/edit/widgets/hrhzvsvo8w?branch=newbranch" "Mozilla/5.0 (Macintosh; Intel Mac OS X 10_15_7) AppleWebKit/537.36 (KHTML, like Gecko) Chrome/119.0.0.0 Safari/537.36"
192.168.65.1 - - [07/Dec/2023:03:05:37 +0000] "GET /api/v1/collections/actions?pageId=657133af8d8a482755cc9726 HTTP/1.1" 200 101 "http://localhost:8080/app/appsmith/create-study-group-657133af8d8a482755cc9726/edit/widgets/hrhzvsvo8w?branch=newbranch" "Mozilla/5.0 (Macintosh; Intel Mac OS X 10_15_7) AppleWebKit/537.36 (KHTML, like Gecko) Chrome/119.0.0.0 Safari/537.36"
192.168.65.1 - - [07/Dec/2023:03:05:37 +0000] "GET /api/v1/actions?pageId=657133af8d8a482755cc9726 HTTP/1.1" 200 872 "http://localhost:8080/app/appsmith/create-study-group-657133af8d8a482755cc9726/edit/widgets/hrhzvsvo8w?branch=newbranch" "Mozilla/5.0 (Macintosh; Intel Mac OS X 10_15_7) AppleWebKit/537.36 (KHTML, like Gecko) Chrome/119.0.0.0 Safari/537.36"
127.0.0.1 - - [07/Dec/2023:03:05:44 +0000] "GET / HTTP/1.1" 200 6702 "-" "curl/7.68.0"
192.168.65.1 - - [07/Dec/2023:03:05:45 +0000] "PUT /api/v1/layouts/657133af8d8a482755cc9724/pages/657133af8d8a482755cc9726?applicationId=656fa21035f0045611dfddd9 HTTP/1.1" 200 3882 "http://localhost:8080/app/appsmith/create-study-group-657133af8d8a482755cc9726/edit/widgets/7oyog65yna?branch=newbranch" "Mozilla/5.0 (Macintosh; Intel Mac OS X 10_15_7) AppleWebKit/537.36 (KHTML, like Gecko) Chrome/119.0.0.0 Safari/537.36"
192.168.65.1 - - [07/Dec/2023:03:05:47 +0000] "PUT /api/v1/layouts/657133af8d8a482755cc9724/pages/657133af8d8a482755cc9726?applicationId=656fa21035f0045611dfddd9 HTTP/1.1" 200 3776 "http://localhost:8080/app/appsmith/create-study-group-657133af8d8a482755cc9726/edit?branch=newbranch" "Mozilla/5.0 (Macintosh; Intel Mac OS X 10_15_7) AppleWebKit/537.36 (KHTML, like Gecko) Chrome/119.0.0.0 Safari/537.36"
192.168.65.1 - - [07/Dec/2023:03:05:50 +0000] "PUT /api/v1/layouts/657133af8d8a482755cc9724/pages/657133af8d8a482755cc9726?applicationId=656fa21035f0045611dfddd9 HTTP/1.1" 200 3797 "http://localhost:8080/app/appsmith/create-study-group-657133af8d8a482755cc9726/edit?branch=newbranch" "Mozilla/5.0 (Macintosh; Intel Mac OS X 10_15_7) AppleWebKit/537.36 (KHTML, like Gecko) Chrome/119.0.0.0 Safari/537.36"
192.168.65.1 - - [07/Dec/2023:03:05:52 +0000] "PUT /api/v1/layouts/657133af8d8a482755cc9724/pages/657133af8d8a482755cc9726?applicationId=656fa21035f0045611dfddd9 HTTP/1.1" 200 3784 "http://localhost:8080/app/appsmith/create-study-group-657133af8d8a482755cc9726/edit/widgets/r3202qc8jn?branch=newbranch" "Mozilla/5.0 (Macintosh; Intel Mac OS X 10_15_7) AppleWebKit/537.36 (KHTML, like Gecko) Chrome/119.0.0.0 Safari/537.36"
192.168.65.1 - - [07/Dec/2023:03:05:54 +0000] "PUT /api/v1/layouts/657133af8d8a482755cc9724/pages/657133af8d8a482755cc9726?applicationId=656fa21035f0045611dfddd9 HTTP/1.1" 200 3785 "http://localhost:8080/app/appsmith/create-study-group-657133af8d8a482755cc9726/edit/widgets/j429zrkhnc?branch=newbranch" "Mozilla/5.0 (Macintosh; Intel Mac OS X 10_15_7) AppleWebKit/537.36 (KHTML, like Gecko) Chrome/119.0.0.0 Safari/537.36"
192.168.65.1 - - [07/Dec/2023:03:05:55 +0000] "PUT /api/v1/layouts/657133af8d8a482755cc9724/pages/657133af8d8a482755cc9726?applicationId=656fa21035f0045611dfddd9 HTTP/1.1" 200 3782 "http://localhost:8080/app/appsmith/create-study-group-657133af8d8a482755cc9726/edit/widgets/wybr48bss6?branch=newbranch" "Mozilla/5.0 (Macintosh; Intel Mac OS X 10_15_7) AppleWebKit/537.36 (KHTML, like Gecko) Chrome/119.0.0.0 Safari/537.36"
127.0.0.1 - - [07/Dec/2023:03:05:59 +0000] "GET / HTTP/1.1" 200 6702 "-" "curl/7.68.0"
192.168.65.1 - - [07/Dec/2023:03:06:12 +0000] "PUT /api/v1/layouts/657133af8d8a482755cc9724/pages/657133af8d8a482755cc9726?applicationId=656fa21035f0045611dfddd9 HTTP/1.1" 200 3763 "http://localhost:8080/app/appsmith/create-study-group-657133af8d8a482755cc9726/edit/widgets/k5cvbeen5b,4kpj8i7cx2,n5pgnr2nfc,rhmqfwz3ha,nffahenonb,acdxw6eyz7?branch=newbranch" "Mozilla/5.0 (Macintosh; Intel Mac OS X 10_15_7) AppleWebKit/537.36 (KHTML, like Gecko) Chrome/119.0.0.0 Safari/537.36"
127.0.0.1 - - [07/Dec/2023:03:06:14 +0000] "GET / HTTP/1.1" 200 6702 "-" "curl/7.68.0"
192.168.65.1 - - [07/Dec/2023:03:06:14 +0000] "PUT /api/v1/layouts/657133af8d8a482755cc9724/pages/657133af8d8a482755cc9726?applicationId=656fa21035f0045611dfddd9 HTTP/1.1" 200 3763 "http://localhost:8080/app/appsmith/create-study-group-657133af8d8a482755cc9726/edit/widgets/r6duvefjun?branch=newbranch" "Mozilla/5.0 (Macintosh; Intel Mac OS X 10_15_7) AppleWebKit/537.36 (KHTML, like Gecko) Chrome/119.0.0.0 Safari/537.36"
192.168.65.1 - - [07/Dec/2023:03:06:15 +0000] "PUT /api/v1/layouts/657133af8d8a482755cc9724/pages/657133af8d8a482755cc9726?applicationId=656fa21035f0045611dfddd9 HTTP/1.1" 200 3763 "http://localhost:8080/app/appsmith/create-study-group-657133af8d8a482755cc9726/edit/widgets/r6duvefjun?branch=newbranch" "Mozilla/5.0 (Macintosh; Intel Mac OS X 10_15_7) AppleWebKit/537.36 (KHTML, like Gecko) Chrome/119.0.0.0 Safari/537.36"
192.168.65.1 - - [07/Dec/2023:03:06:17 +0000] "PUT /api/v1/layouts/657133af8d8a482755cc9724/pages/657133af8d8a482755cc9726?applicationId=656fa21035f0045611dfddd9 HTTP/1.1" 200 3731 "http://localhost:8080/app/appsmith/create-study-group-657133af8d8a482755cc9726/edit/widgets/r6duvefjun?branch=newbranch" "Mozilla/5.0 (Macintosh; Intel Mac OS X 10_15_7) AppleWebKit/537.36 (KHTML, like Gecko) Chrome/119.0.0.0 Safari/537.36"
192.168.65.1 - - [07/Dec/2023:03:06:25 +0000] "PUT /api/v1/layouts/657133af8d8a482755cc9724/pages/657133af8d8a482755cc9726?applicationId=656fa21035f0045611dfddd9 HTTP/1.1" 200 3846 "http://localhost:8080/app/appsmith/create-study-group-657133af8d8a482755cc9726/edit/widgets/zgfkhy79k7?branch=newbranch" "Mozilla/5.0 (Macintosh; Intel Mac OS X 10_15_7) AppleWebKit/537.36 (KHTML, like Gecko) Chrome/119.0.0.0 Safari/537.36"
192.168.65.1 - - [07/Dec/2023:03:06:27 +0000] "PUT /api/v1/layouts/657133af8d8a482755cc9724/pages/657133af8d8a482755cc9726?applicationId=656fa21035f0045611dfddd9 HTTP/1.1" 200 3877 "http://localhost:8080/app/appsmith/create-study-group-657133af8d8a482755cc9726/edit/widgets/zgfkhy79k7?branch=newbranch" "Mozilla/5.0 (Macintosh; Intel Mac OS X 10_15_7) AppleWebKit/537.36 (KHTML, like Gecko) Chrome/119.0.0.0 Safari/537.36"
192.168.65.1 - - [07/Dec/2023:03:06:29 +0000] "PUT /api/v1/layouts/657133af8d8a482755cc9724/pages/657133af8d8a482755cc9726?applicationId=656fa21035f0045611dfddd9 HTTP/1.1" 200 3869 "http://localhost:8080/app/appsmith/create-study-group-657133af8d8a482755cc9726/edit/widgets/zgfkhy79k7?branch=newbranch" "Mozilla/5.0 (Macintosh; Intel Mac OS X 10_15_7) AppleWebKit/537.36 (KHTML, like Gecko) Chrome/119.0.0.0 Safari/537.36"
127.0.0.1 - - [07/Dec/2023:03:06:29 +0000] "GET / HTTP/1.1" 200 6702 "-" "curl/7.68.0"
192.168.65.1 - - [07/Dec/2023:03:06:31 +0000] "PUT /api/v1/layouts/657133af8d8a482755cc9724/pages/657133af8d8a482755cc9726?applicationId=656fa21035f0045611dfddd9 HTTP/1.1" 200 3879 "http://localhost:8080/app/appsmith/create-study-group-657133af8d8a482755cc9726/edit/widgets/zgfkhy79k7?branch=newbranch" "Mozilla/5.0 (Macintosh; Intel Mac OS X 10_15_7) AppleWebKit/537.36 (KHTML, like Gecko) Chrome/119.0.0.0 Safari/537.36"
192.168.65.1 - - [07/Dec/2023:03:06:42 +0000] "PUT /api/v1/layouts/657133af8d8a482755cc9724/pages/657133af8d8a482755cc9726?applicationId=656fa21035f0045611dfddd9 HTTP/1.1" 200 3890 "http://localhost:8080/app/appsmith/create-study-group-657133af8d8a482755cc9726/edit?branch=newbranch" "Mozilla/5.0 (Macintosh; Intel Mac OS X 10_15_7) AppleWebKit/537.36 (KHTML, like Gecko) Chrome/119.0.0.0 Safari/537.36"
127.0.0.1 - - [07/Dec/2023:03:06:44 +0000] "GET / HTTP/1.1" 200 6702 "-" "curl/7.68.0"
192.168.65.1 - - [07/Dec/2023:03:06:45 +0000] "PUT /api/v1/layouts/657133af8d8a482755cc9724/pages/657133af8d8a482755cc9726?applicationId=656fa21035f0045611dfddd9 HTTP/1.1" 200 3891 "http://localhost:8080/app/appsmith/create-study-group-657133af8d8a482755cc9726/edit?branch=newbranch" "Mozilla/5.0 (Macintosh; Intel Mac OS X 10_15_7) AppleWebKit/537.36 (KHTML, like Gecko) Chrome/119.0.0.0 Safari/537.36"
127.0.0.1 - - [07/Dec/2023:03:07:00 +0000] "GET / HTTP/1.1" 200 6702 "-" "curl/7.68.0"
192.168.65.1 - - [07/Dec/2023:03:07:13 +0000] "PUT /api/v1/actions/657134d48d8a482755cc972a HTTP/1.1" 200 879 "http://localhost:8080/app/appsmith/create-study-group-657133af8d8a482755cc9726/edit/api/657134d48d8a482755cc972a?branch=newbranch" "Mozilla/5.0 (Macintosh; Intel Mac OS X 10_15_7) AppleWebKit/537.36 (KHTML, like Gecko) Chrome/119.0.0.0 Safari/537.36"
192.168.65.1 - - [07/Dec/2023:03:07:14 +0000] "PUT /api/v1/actions/657134d48d8a482755cc972a HTTP/1.1" 200 882 "http://localhost:8080/app/appsmith/create-study-group-657133af8d8a482755cc9726/edit/api/657134d48d8a482755cc972a?branch=newbranch" "Mozilla/5.0 (Macintosh; Intel Mac OS X 10_15_7) AppleWebKit/537.36 (KHTML, like Gecko) Chrome/119.0.0.0 Safari/537.36"
127.0.0.1 - - [07/Dec/2023:03:07:15 +0000] "GET / HTTP/1.1" 200 6702 "-" "curl/7.68.0"
192.168.65.1 - - [07/Dec/2023:03:07:16 +0000] "PUT /api/v1/actions/657134d48d8a482755cc972a HTTP/1.1" 200 883 "http://localhost:8080/app/appsmith/create-study-group-657133af8d8a482755cc9726/edit/api/657134d48d8a482755cc972a?branch=newbranch" "Mozilla/5.0 (Macintosh; Intel Mac OS X 10_15_7) AppleWebKit/537.36 (KHTML, like Gecko) Chrome/119.0.0.0 Safari/537.36"
192.168.65.1 - - [07/Dec/2023:03:07:16 +0000] "PUT /api/v1/actions/657134d48d8a482755cc972a HTTP/1.1" 200 890 "http://localhost:8080/app/appsmith/create-study-group-657133af8d8a482755cc9726/edit/api/657134d48d8a482755cc972a?branch=newbranch" "Mozilla/5.0 (Macintosh; Intel Mac OS X 10_15_7) AppleWebKit/537.36 (KHTML, like Gecko) Chrome/119.0.0.0 Safari/537.36"
192.168.65.1 - - [07/Dec/2023:03:07:18 +0000] "PUT /api/v1/actions/657134d48d8a482755cc972a HTTP/1.1" 200 888 "http://localhost:8080/app/appsmith/create-study-group-657133af8d8a482755cc9726/edit/api/657134d48d8a482755cc972a?branch=newbranch" "Mozilla/5.0 (Macintosh; Intel Mac OS X 10_15_7) AppleWebKit/537.36 (KHTML, like Gecko) Chrome/119.0.0.0 Safari/537.36"
192.168.65.1 - - [07/Dec/2023:03:07:22 +0000] "PUT /api/v1/actions/657134d48d8a482755cc972a HTTP/1.1" 200 889 "http://localhost:8080/app/appsmith/create-study-group-657133af8d8a482755cc9726/edit/api/657134d48d8a482755cc972a?branch=newbranch" "Mozilla/5.0 (Macintosh; Intel Mac OS X 10_15_7) AppleWebKit/537.36 (KHTML, like Gecko) Chrome/119.0.0.0 Safari/537.36"
192.168.65.1 - - [07/Dec/2023:03:07:23 +0000] "PUT /api/v1/actions/657134d48d8a482755cc972a HTTP/1.1" 200 896 "http://localhost:8080/app/appsmith/create-study-group-657133af8d8a482755cc9726/edit/api/657134d48d8a482755cc972a?branch=newbranch" "Mozilla/5.0 (Macintosh; Intel Mac OS X 10_15_7) AppleWebKit/537.36 (KHTML, like Gecko) Chrome/119.0.0.0 Safari/537.36"
192.168.65.1 - - [07/Dec/2023:03:07:25 +0000] "PUT /api/v1/actions/657134d48d8a482755cc972a HTTP/1.1" 200 893 "http://localhost:8080/app/appsmith/create-study-group-657133af8d8a482755cc9726/edit/api/657134d48d8a482755cc972a?branch=newbranch" "Mozilla/5.0 (Macintosh; Intel Mac OS X 10_15_7) AppleWebKit/537.36 (KHTML, like Gecko) Chrome/119.0.0.0 Safari/537.36"
192.168.65.1 - - [07/Dec/2023:03:07:26 +0000] "PUT /api/v1/actions/657134d48d8a482755cc972a HTTP/1.1" 200 898 "http://localhost:8080/app/appsmith/create-study-group-657133af8d8a482755cc9726/edit/api/657134d48d8a482755cc972a?branch=newbranch" "Mozilla/5.0 (Macintosh; Intel Mac OS X 10_15_7) AppleWebKit/537.36 (KHTML, like Gecko) Chrome/119.0.0.0 Safari/537.36"
192.168.65.1 - - [07/Dec/2023:03:07:27 +0000] "PUT /api/v1/actions/657134d48d8a482755cc972a HTTP/1.1" 200 894 "http://localhost:8080/app/appsmith/create-study-group-657133af8d8a482755cc9726/edit/api/657134d48d8a482755cc972a?branch=newbranch" "Mozilla/5.0 (Macintosh; Intel Mac OS X 10_15_7) AppleWebKit/537.36 (KHTML, like Gecko) Chrome/119.0.0.0 Safari/537.36"
192.168.65.1 - - [07/Dec/2023:03:07:29 +0000] "PUT /api/v1/actions/657134d48d8a482755cc972a HTTP/1.1" 200 899 "http://localhost:8080/app/appsmith/create-study-group-657133af8d8a482755cc9726/edit/api/657134d48d8a482755cc972a?branch=newbranch" "Mozilla/5.0 (Macintosh; Intel Mac OS X 10_15_7) AppleWebKit/537.36 (KHTML, like Gecko) Chrome/119.0.0.0 Safari/537.36"
127.0.0.1 - - [07/Dec/2023:03:07:30 +0000] "GET / HTTP/1.1" 200 6702 "-" "curl/7.68.0"
192.168.65.1 - - [07/Dec/2023:03:07:30 +0000] "PUT /api/v1/actions/657134d48d8a482755cc972a HTTP/1.1" 200 891 "http://localhost:8080/app/appsmith/create-study-group-657133af8d8a482755cc9726/edit/api/657134d48d8a482755cc972a?branch=newbranch" "Mozilla/5.0 (Macintosh; Intel Mac OS X 10_15_7) AppleWebKit/537.36 (KHTML, like Gecko) Chrome/119.0.0.0 Safari/537.36"
192.168.65.1 - - [07/Dec/2023:03:07:31 +0000] "PUT /api/v1/actions/657134d48d8a482755cc972a HTTP/1.1" 200 899 "http://localhost:8080/app/appsmith/create-study-group-657133af8d8a482755cc9726/edit/api/657134d48d8a482755cc972a?branch=newbranch" "Mozilla/5.0 (Macintosh; Intel Mac OS X 10_15_7) AppleWebKit/537.36 (KHTML, like Gecko) Chrome/119.0.0.0 Safari/537.36"
192.168.65.1 - - [07/Dec/2023:03:07:32 +0000] "PUT /api/v1/actions/657134d48d8a482755cc972a HTTP/1.1" 200 893 "http://localhost:8080/app/appsmith/create-study-group-657133af8d8a482755cc9726/edit/api/657134d48d8a482755cc972a?branch=newbranch" "Mozilla/5.0 (Macintosh; Intel Mac OS X 10_15_7) AppleWebKit/537.36 (KHTML, like Gecko) Chrome/119.0.0.0 Safari/537.36"
192.168.65.1 - - [07/Dec/2023:03:07:33 +0000] "PUT /api/v1/actions/657134d48d8a482755cc972a HTTP/1.1" 200 897 "http://localhost:8080/app/appsmith/create-study-group-657133af8d8a482755cc9726/edit/api/657134d48d8a482755cc972a?branch=newbranch" "Mozilla/5.0 (Macintosh; Intel Mac OS X 10_15_7) AppleWebKit/537.36 (KHTML, like Gecko) Chrome/119.0.0.0 Safari/537.36"
192.168.65.1 - - [07/Dec/2023:03:07:34 +0000] "POST /api/v1/actions/execute HTTP/1.1" 200 5232 "http://localhost:8080/app/appsmith/create-study-group-657133af8d8a482755cc9726/edit/api/657134d48d8a482755cc972a?branch=newbranch" "Mozilla/5.0 (Macintosh; Intel Mac OS X 10_15_7) AppleWebKit/537.36 (KHTML, like Gecko) Chrome/119.0.0.0 Safari/537.36"
127.0.0.1 - - [07/Dec/2023:03:07:45 +0000] "GET / HTTP/1.1" 200 6702 "-" "curl/7.68.0"
192.168.65.1 - - [07/Dec/2023:03:07:59 +0000] "PUT /api/v1/layouts/657133af8d8a482755cc9724/pages/657133af8d8a482755cc9726?applicationId=656fa21035f0045611dfddd9 HTTP/1.1" 200 3881 "http://localhost:8080/app/appsmith/create-study-group-657133af8d8a482755cc9726/edit/widgets/r3202qc8jn?branch=newbranch" "Mozilla/5.0 (Macintosh; Intel Mac OS X 10_15_7) AppleWebKit/537.36 (KHTML, like Gecko) Chrome/119.0.0.0 Safari/537.36"
127.0.0.1 - - [07/Dec/2023:03:08:00 +0000] "GET / HTTP/1.1" 200 6702 "-" "curl/7.68.0"
192.168.65.1 - - [07/Dec/2023:03:08:03 +0000] "PUT /api/v1/layouts/657133af8d8a482755cc9724/pages/657133af8d8a482755cc9726?applicationId=656fa21035f0045611dfddd9 HTTP/1.1" 200 3815 "http://localhost:8080/app/appsmith/create-study-group-657133af8d8a482755cc9726/edit/widgets/r3202qc8jn?branch=newbranch" "Mozilla/5.0 (Macintosh; Intel Mac OS X 10_15_7) AppleWebKit/537.36 (KHTML, like Gecko) Chrome/119.0.0.0 Safari/537.36"
192.168.65.1 - - [07/Dec/2023:03:08:06 +0000] "PUT /api/v1/layouts/657133af8d8a482755cc9724/pages/657133af8d8a482755cc9726?applicationId=656fa21035f0045611dfddd9 HTTP/1.1" 200 3813 "http://localhost:8080/app/appsmith/create-study-group-657133af8d8a482755cc9726/edit/widgets/r3202qc8jn?branch=newbranch" "Mozilla/5.0 (Macintosh; Intel Mac OS X 10_15_7) AppleWebKit/537.36 (KHTML, like Gecko) Chrome/119.0.0.0 Safari/537.36"
192.168.65.1 - - [07/Dec/2023:03:08:07 +0000] "PUT /api/v1/layouts/657133af8d8a482755cc9724/pages/657133af8d8a482755cc9726?applicationId=656fa21035f0045611dfddd9 HTTP/1.1" 200 3813 "http://localhost:8080/app/appsmith/create-study-group-657133af8d8a482755cc9726/edit/widgets/r3202qc8jn?branch=newbranch" "Mozilla/5.0 (Macintosh; Intel Mac OS X 10_15_7) AppleWebKit/537.36 (KHTML, like Gecko) Chrome/119.0.0.0 Safari/537.36"
192.168.65.1 - - [07/Dec/2023:03:08:08 +0000] "PUT /api/v1/layouts/657133af8d8a482755cc9724/pages/657133af8d8a482755cc9726?applicationId=656fa21035f0045611dfddd9 HTTP/1.1" 200 3813 "http://localhost:8080/app/appsmith/create-study-group-657133af8d8a482755cc9726/edit/widgets/j429zrkhnc?branch=newbranch" "Mozilla/5.0 (Macintosh; Intel Mac OS X 10_15_7) AppleWebKit/537.36 (KHTML, like Gecko) Chrome/119.0.0.0 Safari/537.36"
127.0.0.1 - - [07/Dec/2023:03:08:15 +0000] "GET / HTTP/1.1" 200 6702 "-" "curl/7.68.0"
192.168.65.1 - - [07/Dec/2023:03:08:24 +0000] "POST /api/v1/actions/execute HTTP/1.1" 200 528 "http://localhost:8080/app/appsmith/create-study-group-657133af8d8a482755cc9726/edit/widgets/r3202qc8jn?branch=newbranch" "Mozilla/5.0 (Macintosh; Intel Mac OS X 10_15_7) AppleWebKit/537.36 (KHTML, like Gecko) Chrome/119.0.0.0 Safari/537.36"
192.168.65.1 - - [07/Dec/2023:03:08:27 +0000] "POST /api/v1/actions/execute HTTP/1.1" 200 528 "http://localhost:8080/app/appsmith/create-study-group-657133af8d8a482755cc9726/edit/api/657134d48d8a482755cc972a?branch=newbranch" "Mozilla/5.0 (Macintosh; Intel Mac OS X 10_15_7) AppleWebKit/537.36 (KHTML, like Gecko) Chrome/119.0.0.0 Safari/537.36"
127.0.0.1 - - [07/Dec/2023:03:08:30 +0000] "GET / HTTP/1.1" 200 6702 "-" "curl/7.68.0"
127.0.0.1 - - [07/Dec/2023:03:08:45 +0000] "GET / HTTP/1.1" 200 6702 "-" "curl/7.68.0"
192.168.65.1 - - [07/Dec/2023:03:08:47 +0000] "PUT /api/v1/layouts/657133af8d8a482755cc9724/pages/657133af8d8a482755cc9726?applicationId=656fa21035f0045611dfddd9 HTTP/1.1" 200 2838 "http://localhost:8080/app/appsmith/create-study-group-657133af8d8a482755cc9726/edit?branch=newbranch" "Mozilla/5.0 (Macintosh; Intel Mac OS X 10_15_7) AppleWebKit/537.36 (KHTML, like Gecko) Chrome/119.0.0.0 Safari/537.36"
127.0.0.1 - - [07/Dec/2023:03:09:01 +0000] "GET / HTTP/1.1" 200 6702 "-" "curl/7.68.0"
192.168.65.1 - - [07/Dec/2023:03:09:01 +0000] "PUT /api/v1/layouts/657133af8d8a482755cc9724/pages/657133af8d8a482755cc9726?applicationId=656fa21035f0045611dfddd9 HTTP/1.1" 200 2827 "http://localhost:8080/app/appsmith/create-study-group-657133af8d8a482755cc9726/edit/widgets/r6duvefjun?branch=newbranch" "Mozilla/5.0 (Macintosh; Intel Mac OS X 10_15_7) AppleWebKit/537.36 (KHTML, like Gecko) Chrome/119.0.0.0 Safari/537.36"
192.168.65.1 - - [07/Dec/2023:03:09:03 +0000] "PUT /api/v1/layouts/657133af8d8a482755cc9724/pages/657133af8d8a482755cc9726?applicationId=656fa21035f0045611dfddd9 HTTP/1.1" 200 2838 "http://localhost:8080/app/appsmith/create-study-group-657133af8d8a482755cc9726/edit/widgets/r6duvefjun?branch=newbranch" "Mozilla/5.0 (Macintosh; Intel Mac OS X 10_15_7) AppleWebKit/537.36 (KHTML, like Gecko) Chrome/119.0.0.0 Safari/537.36"
192.168.65.1 - - [07/Dec/2023:03:09:08 +0000] "PUT /api/v1/layouts/657133af8d8a482755cc9724/pages/657133af8d8a482755cc9726?applicationId=656fa21035f0045611dfddd9 HTTP/1.1" 200 2817 "http://localhost:8080/app/appsmith/create-study-group-657133af8d8a482755cc9726/edit/widgets/wybr48bss6,zgfkhy79k7?branch=newbranch" "Mozilla/5.0 (Macintosh; Intel Mac OS X 10_15_7) AppleWebKit/537.36 (KHTML, like Gecko) Chrome/119.0.0.0 Safari/537.36"
127.0.0.1 - - [07/Dec/2023:03:09:16 +0000] "GET / HTTP/1.1" 200 6702 "-" "curl/7.68.0"
192.168.65.1 - - [07/Dec/2023:03:09:24 +0000] "PUT /api/v1/layouts/refactor HTTP/1.1" 200 2831 "http://localhost:8080/app/appsmith/create-study-group-657133af8d8a482755cc9726/edit/widgets/nffahenonb?branch=newbranch" "Mozilla/5.0 (Macintosh; Intel Mac OS X 10_15_7) AppleWebKit/537.36 (KHTML, like Gecko) Chrome/119.0.0.0 Safari/537.36"
192.168.65.1 - - [07/Dec/2023:03:09:24 +0000] "GET /api/v1/collections/actions?pageId=657133af8d8a482755cc9726 HTTP/1.1" 200 101 "http://localhost:8080/app/appsmith/create-study-group-657133af8d8a482755cc9726/edit/widgets/nffahenonb?branch=newbranch" "Mozilla/5.0 (Macintosh; Intel Mac OS X 10_15_7) AppleWebKit/537.36 (KHTML, like Gecko) Chrome/119.0.0.0 Safari/537.36"
192.168.65.1 - - [07/Dec/2023:03:09:24 +0000] "GET /api/v1/actions?pageId=657133af8d8a482755cc9726 HTTP/1.1" 200 886 "http://localhost:8080/app/appsmith/create-study-group-657133af8d8a482755cc9726/edit/widgets/nffahenonb?branch=newbranch" "Mozilla/5.0 (Macintosh; Intel Mac OS X 10_15_7) AppleWebKit/537.36 (KHTML, like Gecko) Chrome/119.0.0.0 Safari/537.36"
192.168.65.1 - - [07/Dec/2023:03:09:30 +0000] "PUT /api/v1/layouts/refactor HTTP/1.1" 200 2834 "http://localhost:8080/app/appsmith/create-study-group-657133af8d8a482755cc9726/edit/widgets/acdxw6eyz7?branch=newbranch" "Mozilla/5.0 (Macintosh; Intel Mac OS X 10_15_7) AppleWebKit/537.36 (KHTML, like Gecko) Chrome/119.0.0.0 Safari/537.36"
192.168.65.1 - - [07/Dec/2023:03:09:30 +0000] "GET /api/v1/collections/actions?pageId=657133af8d8a482755cc9726 HTTP/1.1" 200 101 "http://localhost:8080/app/appsmith/create-study-group-657133af8d8a482755cc9726/edit/widgets/acdxw6eyz7?branch=newbranch" "Mozilla/5.0 (Macintosh; Intel Mac OS X 10_15_7) AppleWebKit/537.36 (KHTML, like Gecko) Chrome/119.0.0.0 Safari/537.36"
192.168.65.1 - - [07/Dec/2023:03:09:30 +0000] "GET /api/v1/actions?pageId=657133af8d8a482755cc9726 HTTP/1.1" 200 886 "http://localhost:8080/app/appsmith/create-study-group-657133af8d8a482755cc9726/edit/widgets/acdxw6eyz7?branch=newbranch" "Mozilla/5.0 (Macintosh; Intel Mac OS X 10_15_7) AppleWebKit/537.36 (KHTML, like Gecko) Chrome/119.0.0.0 Safari/537.36"
127.0.0.1 - - [07/Dec/2023:03:09:31 +0000] "GET / HTTP/1.1" 200 6702 "-" "curl/7.68.0"
192.168.65.1 - - [07/Dec/2023:03:09:35 +0000] "PUT /api/v1/layouts/refactor HTTP/1.1" 200 2837 "http://localhost:8080/app/appsmith/create-study-group-657133af8d8a482755cc9726/edit/widgets/rhmqfwz3ha?branch=newbranch" "Mozilla/5.0 (Macintosh; Intel Mac OS X 10_15_7) AppleWebKit/537.36 (KHTML, like Gecko) Chrome/119.0.0.0 Safari/537.36"
192.168.65.1 - - [07/Dec/2023:03:09:35 +0000] "GET /api/v1/collections/actions?pageId=657133af8d8a482755cc9726 HTTP/1.1" 200 101 "http://localhost:8080/app/appsmith/create-study-group-657133af8d8a482755cc9726/edit/widgets/rhmqfwz3ha?branch=newbranch" "Mozilla/5.0 (Macintosh; Intel Mac OS X 10_15_7) AppleWebKit/537.36 (KHTML, like Gecko) Chrome/119.0.0.0 Safari/537.36"
192.168.65.1 - - [07/Dec/2023:03:09:35 +0000] "GET /api/v1/actions?pageId=657133af8d8a482755cc9726 HTTP/1.1" 200 886 "http://localhost:8080/app/appsmith/create-study-group-657133af8d8a482755cc9726/edit/widgets/rhmqfwz3ha?branch=newbranch" "Mozilla/5.0 (Macintosh; Intel Mac OS X 10_15_7) AppleWebKit/537.36 (KHTML, like Gecko) Chrome/119.0.0.0 Safari/537.36"
192.168.65.1 - - [07/Dec/2023:03:09:43 +0000] "PUT /api/v1/layouts/refactor HTTP/1.1" 200 2843 "http://localhost:8080/app/appsmith/create-study-group-657133af8d8a482755cc9726/edit/widgets/k5cvbeen5b?branch=newbranch" "Mozilla/5.0 (Macintosh; Intel Mac OS X 10_15_7) AppleWebKit/537.36 (KHTML, like Gecko) Chrome/119.0.0.0 Safari/537.36"
192.168.65.1 - - [07/Dec/2023:03:09:43 +0000] "GET /api/v1/collections/actions?pageId=657133af8d8a482755cc9726 HTTP/1.1" 200 101 "http://localhost:8080/app/appsmith/create-study-group-657133af8d8a482755cc9726/edit/widgets/k5cvbeen5b?branch=newbranch" "Mozilla/5.0 (Macintosh; Intel Mac OS X 10_15_7) AppleWebKit/537.36 (KHTML, like Gecko) Chrome/119.0.0.0 Safari/537.36"
192.168.65.1 - - [07/Dec/2023:03:09:43 +0000] "GET /api/v1/actions?pageId=657133af8d8a482755cc9726 HTTP/1.1" 200 886 "http://localhost:8080/app/appsmith/create-study-group-657133af8d8a482755cc9726/edit/widgets/k5cvbeen5b?branch=newbranch" "Mozilla/5.0 (Macintosh; Intel Mac OS X 10_15_7) AppleWebKit/537.36 (KHTML, like Gecko) Chrome/119.0.0.0 Safari/537.36"
127.0.0.1 - - [07/Dec/2023:03:09:46 +0000] "GET / HTTP/1.1" 200 6702 "-" "curl/7.68.0"
192.168.65.1 - - [07/Dec/2023:03:09:59 +0000] "PUT /api/v1/layouts/refactor HTTP/1.1" 200 2838 "http://localhost:8080/app/appsmith/create-study-group-657133af8d8a482755cc9726/edit/widgets/4kpj8i7cx2?branch=newbranch" "Mozilla/5.0 (Macintosh; Intel Mac OS X 10_15_7) AppleWebKit/537.36 (KHTML, like Gecko) Chrome/119.0.0.0 Safari/537.36"
192.168.65.1 - - [07/Dec/2023:03:09:59 +0000] "GET /api/v1/collections/actions?pageId=657133af8d8a482755cc9726 HTTP/1.1" 200 101 "http://localhost:8080/app/appsmith/create-study-group-657133af8d8a482755cc9726/edit/widgets/4kpj8i7cx2?branch=newbranch" "Mozilla/5.0 (Macintosh; Intel Mac OS X 10_15_7) AppleWebKit/537.36 (KHTML, like Gecko) Chrome/119.0.0.0 Safari/537.36"
192.168.65.1 - - [07/Dec/2023:03:09:59 +0000] "GET /api/v1/actions?pageId=657133af8d8a482755cc9726 HTTP/1.1" 200 886 "http://localhost:8080/app/appsmith/create-study-group-657133af8d8a482755cc9726/edit/widgets/4kpj8i7cx2?branch=newbranch" "Mozilla/5.0 (Macintosh; Intel Mac OS X 10_15_7) AppleWebKit/537.36 (KHTML, like Gecko) Chrome/119.0.0.0 Safari/537.36"
127.0.0.1 - - [07/Dec/2023:03:10:01 +0000] "GET / HTTP/1.1" 200 6702 "-" "curl/7.68.0"
192.168.65.1 - - [07/Dec/2023:03:10:05 +0000] "PUT /api/v1/layouts/refactor HTTP/1.1" 200 2842 "http://localhost:8080/app/appsmith/create-study-group-657133af8d8a482755cc9726/edit/widgets/n5pgnr2nfc?branch=newbranch" "Mozilla/5.0 (Macintosh; Intel Mac OS X 10_15_7) AppleWebKit/537.36 (KHTML, like Gecko) Chrome/119.0.0.0 Safari/537.36"
192.168.65.1 - - [07/Dec/2023:03:10:05 +0000] "GET /api/v1/collections/actions?pageId=657133af8d8a482755cc9726 HTTP/1.1" 200 101 "http://localhost:8080/app/appsmith/create-study-group-657133af8d8a482755cc9726/edit/widgets/n5pgnr2nfc?branch=newbranch" "Mozilla/5.0 (Macintosh; Intel Mac OS X 10_15_7) AppleWebKit/537.36 (KHTML, like Gecko) Chrome/119.0.0.0 Safari/537.36"
192.168.65.1 - - [07/Dec/2023:03:10:06 +0000] "GET /api/v1/actions?pageId=657133af8d8a482755cc9726 HTTP/1.1" 200 886 "http://localhost:8080/app/appsmith/create-study-group-657133af8d8a482755cc9726/edit/widgets/n5pgnr2nfc?branch=newbranch" "Mozilla/5.0 (Macintosh; Intel Mac OS X 10_15_7) AppleWebKit/537.36 (KHTML, like Gecko) Chrome/119.0.0.0 Safari/537.36"
192.168.65.1 - - [07/Dec/2023:03:10:14 +0000] "POST /api/v1/actions/execute HTTP/1.1" 200 5153 "http://localhost:8080/app/appsmith/create-study-group-657133af8d8a482755cc9726/edit/widgets/r6duvefjun?branch=newbranch" "Mozilla/5.0 (Macintosh; Intel Mac OS X 10_15_7) AppleWebKit/537.36 (KHTML, like Gecko) Chrome/119.0.0.0 Safari/537.36"
192.168.65.1 - - [07/Dec/2023:03:10:16 +0000] "POST /api/v1/actions/execute HTTP/1.1" 200 5154 "http://localhost:8080/app/appsmith/create-study-group-657133af8d8a482755cc9726/edit/widgets/r6duvefjun?branch=newbranch" "Mozilla/5.0 (Macintosh; Intel Mac OS X 10_15_7) AppleWebKit/537.36 (KHTML, like Gecko) Chrome/119.0.0.0 Safari/537.36"
127.0.0.1 - - [07/Dec/2023:03:10:16 +0000] "GET / HTTP/1.1" 200 6702 "-" "curl/7.68.0"
192.168.65.1 - - [07/Dec/2023:03:10:20 +0000] "POST /api/v1/actions/execute HTTP/1.1" 200 5150 "http://localhost:8080/app/appsmith/create-study-group-657133af8d8a482755cc9726/edit/widgets/r6duvefjun?branch=newbranch" "Mozilla/5.0 (Macintosh; Intel Mac OS X 10_15_7) AppleWebKit/537.36 (KHTML, like Gecko) Chrome/119.0.0.0 Safari/537.36"
192.168.65.1 - - [07/Dec/2023:03:10:20 +0000] "PUT /api/v1/layouts/657133af8d8a482755cc9724/pages/657133af8d8a482755cc9726?applicationId=656fa21035f0045611dfddd9 HTTP/1.1" 200 2840 "http://localhost:8080/app/appsmith/create-study-group-657133af8d8a482755cc9726/edit/widgets/r6duvefjun?branch=newbranch" "Mozilla/5.0 (Macintosh; Intel Mac OS X 10_15_7) AppleWebKit/537.36 (KHTML, like Gecko) Chrome/119.0.0.0 Safari/537.36"
127.0.0.1 - - [07/Dec/2023:03:10:31 +0000] "GET / HTTP/1.1" 200 6702 "-" "curl/7.68.0"
127.0.0.1 - - [07/Dec/2023:03:10:47 +0000] "GET / HTTP/1.1" 200 6702 "-" "curl/7.68.0"
127.0.0.1 - - [07/Dec/2023:03:11:02 +0000] "GET / HTTP/1.1" 200 6702 "-" "curl/7.68.0"
192.168.65.1 - - [07/Dec/2023:03:11:17 +0000] "POST /api/v1/actions/execute HTTP/1.1" 200 530 "http://localhost:8080/app/appsmith/create-study-group-657133af8d8a482755cc9726/edit/widgets/r6duvefjun?branch=newbranch" "Mozilla/5.0 (Macintosh; Intel Mac OS X 10_15_7) AppleWebKit/537.36 (KHTML, like Gecko) Chrome/119.0.0.0 Safari/537.36"
127.0.0.1 - - [07/Dec/2023:03:11:17 +0000] "GET / HTTP/1.1" 200 6702 "-" "curl/7.68.0"
192.168.65.1 - - [07/Dec/2023:03:11:21 +0000] "POST /api/v1/actions/execute HTTP/1.1" 200 530 "http://localhost:8080/app/appsmith/create-study-group-657133af8d8a482755cc9726/edit/api/657134d48d8a482755cc972a?branch=newbranch" "Mozilla/5.0 (Macintosh; Intel Mac OS X 10_15_7) AppleWebKit/537.36 (KHTML, like Gecko) Chrome/119.0.0.0 Safari/537.36"
127.0.0.1 - - [07/Dec/2023:03:11:32 +0000] "GET / HTTP/1.1" 200 6702 "-" "curl/7.68.0"
192.168.65.1 - - [07/Dec/2023:03:11:40 +0000] "POST /api/v1/actions HTTP/1.1" 201 1836 "http://localhost:8080/app/appsmith/create-study-group-657133af8d8a482755cc9726/edit?branch=newbranch" "Mozilla/5.0 (Macintosh; Intel Mac OS X 10_15_7) AppleWebKit/537.36 (KHTML, like Gecko) Chrome/119.0.0.0 Safari/537.36"
127.0.0.1 - - [07/Dec/2023:03:11:47 +0000] "GET / HTTP/1.1" 200 6702 "-" "curl/7.68.0"
127.0.0.1 - - [07/Dec/2023:03:12:02 +0000] "GET / HTTP/1.1" 200 6702 "-" "curl/7.68.0"
192.168.65.1 - - [07/Dec/2023:03:12:07 +0000] "GET /api/v1/pages/657133af8d8a482755cc9726 HTTP/1.1" 200 2990 "http://localhost:8080/app/appsmith/create-study-group-657133af8d8a482755cc9726/edit/api/657137ec8d8a482755cc972c?branch=newbranch" "Mozilla/5.0 (Macintosh; Intel Mac OS X 10_15_7) AppleWebKit/537.36 (KHTML, like Gecko) Chrome/119.0.0.0 Safari/537.36"
192.168.65.1 - - [07/Dec/2023:03:12:07 +0000] "PUT /api/v1/actions/refactor HTTP/1.1" 200 2840 "http://localhost:8080/app/appsmith/create-study-group-657133af8d8a482755cc9726/edit/api/657137ec8d8a482755cc972c?branch=newbranch" "Mozilla/5.0 (Macintosh; Intel Mac OS X 10_15_7) AppleWebKit/537.36 (KHTML, like Gecko) Chrome/119.0.0.0 Safari/537.36"
192.168.65.1 - - [07/Dec/2023:03:12:07 +0000] "GET /api/v1/collections/actions?pageId=657133af8d8a482755cc9726 HTTP/1.1" 200 101 "http://localhost:8080/app/appsmith/create-study-group-657133af8d8a482755cc9726/edit/api/657137ec8d8a482755cc972c?branch=newbranch" "Mozilla/5.0 (Macintosh; Intel Mac OS X 10_15_7) AppleWebKit/537.36 (KHTML, like Gecko) Chrome/119.0.0.0 Safari/537.36"
192.168.65.1 - - [07/Dec/2023:03:12:07 +0000] "GET /api/v1/actions?pageId=657133af8d8a482755cc9726 HTTP/1.1" 200 995 "http://localhost:8080/app/appsmith/create-study-group-657133af8d8a482755cc9726/edit/api/657137ec8d8a482755cc972c?branch=newbranch" "Mozilla/5.0 (Macintosh; Intel Mac OS X 10_15_7) AppleWebKit/537.36 (KHTML, like Gecko) Chrome/119.0.0.0 Safari/537.36"
192.168.65.1 - - [07/Dec/2023:03:12:09 +0000] "GET /api/v1/pages/6570c1175c47f203f1c52707 HTTP/1.1" 200 5080 "http://localhost:8080/app/appsmith/ta-home-6570c1175c47f203f1c52707/edit?branch=newbranch" "Mozilla/5.0 (Macintosh; Intel Mac OS X 10_15_7) AppleWebKit/537.36 (KHTML, like Gecko) Chrome/119.0.0.0 Safari/537.36"
192.168.65.1 - - [07/Dec/2023:03:12:09 +0000] "GET /api/v1/applications/snapshot/656fa21035f0045611dfddd9 HTTP/1.1" 200 129 "http://localhost:8080/app/appsmith/ta-home-6570c1175c47f203f1c52707/edit?branch=newbranch" "Mozilla/5.0 (Macintosh; Intel Mac OS X 10_15_7) AppleWebKit/537.36 (KHTML, like Gecko) Chrome/119.0.0.0 Safari/537.36"
192.168.65.1 - - [07/Dec/2023:03:12:09 +0000] "POST /api/v1/actions/execute HTTP/1.1" 200 454 "http://localhost:8080/app/appsmith/ta-home-6570c1175c47f203f1c52707/edit?branch=newbranch" "Mozilla/5.0 (Macintosh; Intel Mac OS X 10_15_7) AppleWebKit/537.36 (KHTML, like Gecko) Chrome/119.0.0.0 Safari/537.36"
192.168.65.1 - - [07/Dec/2023:03:12:09 +0000] "POST /api/v1/actions/execute HTTP/1.1" 200 415 "http://localhost:8080/app/appsmith/ta-home-6570c1175c47f203f1c52707/edit?branch=newbranch" "Mozilla/5.0 (Macintosh; Intel Mac OS X 10_15_7) AppleWebKit/537.36 (KHTML, like Gecko) Chrome/119.0.0.0 Safari/537.36"
192.168.65.1 - - [07/Dec/2023:03:12:09 +0000] "POST /api/v1/actions/execute HTTP/1.1" 200 427 "http://localhost:8080/app/appsmith/ta-home-6570c1175c47f203f1c52707/edit?branch=newbranch" "Mozilla/5.0 (Macintosh; Intel Mac OS X 10_15_7) AppleWebKit/537.36 (KHTML, like Gecko) Chrome/119.0.0.0 Safari/537.36"
192.168.65.1 - - [07/Dec/2023:03:12:10 +0000] "GET /api/v1/pages/65712c408d8a482755cc970b HTTP/1.1" 200 4734 "http://localhost:8080/app/appsmith/professor-home-65712c408d8a482755cc970b/edit?branch=newbranch" "Mozilla/5.0 (Macintosh; Intel Mac OS X 10_15_7) AppleWebKit/537.36 (KHTML, like Gecko) Chrome/119.0.0.0 Safari/537.36"
192.168.65.1 - - [07/Dec/2023:03:12:10 +0000] "GET /api/v1/applications/snapshot/656fa21035f0045611dfddd9 HTTP/1.1" 200 129 "http://localhost:8080/app/appsmith/professor-home-65712c408d8a482755cc970b/edit?branch=newbranch" "Mozilla/5.0 (Macintosh; Intel Mac OS X 10_15_7) AppleWebKit/537.36 (KHTML, like Gecko) Chrome/119.0.0.0 Safari/537.36"
192.168.65.1 - - [07/Dec/2023:03:12:10 +0000] "POST /api/v1/actions/execute HTTP/1.1" 200 426 "http://localhost:8080/app/appsmith/professor-home-65712c408d8a482755cc970b/edit?branch=newbranch" "Mozilla/5.0 (Macintosh; Intel Mac OS X 10_15_7) AppleWebKit/537.36 (KHTML, like Gecko) Chrome/119.0.0.0 Safari/537.36"
192.168.65.1 - - [07/Dec/2023:03:12:10 +0000] "POST /api/v1/actions/execute HTTP/1.1" 200 426 "http://localhost:8080/app/appsmith/professor-home-65712c408d8a482755cc970b/edit?branch=newbranch" "Mozilla/5.0 (Macintosh; Intel Mac OS X 10_15_7) AppleWebKit/537.36 (KHTML, like Gecko) Chrome/119.0.0.0 Safari/537.36"
192.168.65.1 - - [07/Dec/2023:03:12:11 +0000] "GET /api/v1/pages/657133af8d8a482755cc9726 HTTP/1.1" 200 2990 "http://localhost:8080/app/appsmith/create-study-group-657133af8d8a482755cc9726/edit?branch=newbranch" "Mozilla/5.0 (Macintosh; Intel Mac OS X 10_15_7) AppleWebKit/537.36 (KHTML, like Gecko) Chrome/119.0.0.0 Safari/537.36"
192.168.65.1 - - [07/Dec/2023:03:12:11 +0000] "GET /api/v1/applications/snapshot/656fa21035f0045611dfddd9 HTTP/1.1" 200 129 "http://localhost:8080/app/appsmith/create-study-group-657133af8d8a482755cc9726/edit/api/657137ec8d8a482755cc972c?branch=newbranch" "Mozilla/5.0 (Macintosh; Intel Mac OS X 10_15_7) AppleWebKit/537.36 (KHTML, like Gecko) Chrome/119.0.0.0 Safari/537.36"
192.168.65.1 - - [07/Dec/2023:03:12:16 +0000] "PUT /api/v1/actions/657137ec8d8a482755cc972c HTTP/1.1" 200 683 "http://localhost:8080/app/appsmith/create-study-group-657133af8d8a482755cc9726/edit/api/657137ec8d8a482755cc972c?branch=newbranch" "Mozilla/5.0 (Macintosh; Intel Mac OS X 10_15_7) AppleWebKit/537.36 (KHTML, like Gecko) Chrome/119.0.0.0 Safari/537.36"
127.0.0.1 - - [07/Dec/2023:03:12:17 +0000] "GET / HTTP/1.1" 200 6702 "-" "curl/7.68.0"
192.168.65.1 - - [07/Dec/2023:03:12:18 +0000] "PUT /api/v1/actions/657137ec8d8a482755cc972c HTTP/1.1" 200 682 "http://localhost:8080/app/appsmith/create-study-group-657133af8d8a482755cc9726/edit/api/657137ec8d8a482755cc972c?branch=newbranch" "Mozilla/5.0 (Macintosh; Intel Mac OS X 10_15_7) AppleWebKit/537.36 (KHTML, like Gecko) Chrome/119.0.0.0 Safari/537.36"
192.168.65.1 - - [07/Dec/2023:03:12:24 +0000] "PUT /api/v1/actions/657137ec8d8a482755cc972c HTTP/1.1" 200 684 "http://localhost:8080/app/appsmith/create-study-group-657133af8d8a482755cc9726/edit/api/657137ec8d8a482755cc972c?branch=newbranch" "Mozilla/5.0 (Macintosh; Intel Mac OS X 10_15_7) AppleWebKit/537.36 (KHTML, like Gecko) Chrome/119.0.0.0 Safari/537.36"
127.0.0.1 - - [07/Dec/2023:03:12:32 +0000] "GET / HTTP/1.1" 200 6702 "-" "curl/7.68.0"
127.0.0.1 - - [07/Dec/2023:03:12:48 +0000] "GET / HTTP/1.1" 200 6702 "-" "curl/7.68.0"
192.168.65.1 - - [07/Dec/2023:03:12:48 +0000] "PUT /api/v1/actions/657137ec8d8a482755cc972c HTTP/1.1" 200 690 "http://localhost:8080/app/appsmith/create-study-group-657133af8d8a482755cc9726/edit/api/657137ec8d8a482755cc972c?branch=newbranch" "Mozilla/5.0 (Macintosh; Intel Mac OS X 10_15_7) AppleWebKit/537.36 (KHTML, like Gecko) Chrome/119.0.0.0 Safari/537.36"
192.168.65.1 - - [07/Dec/2023:03:12:49 +0000] "POST /api/v1/actions/execute HTTP/1.1" 200 557 "http://localhost:8080/app/appsmith/create-study-group-657133af8d8a482755cc9726/edit/api/657137ec8d8a482755cc972c?branch=newbranch" "Mozilla/5.0 (Macintosh; Intel Mac OS X 10_15_7) AppleWebKit/537.36 (KHTML, like Gecko) Chrome/119.0.0.0 Safari/537.36"
192.168.65.1 - - [07/Dec/2023:03:12:56 +0000] "PUT /api/v1/actions/657137ec8d8a482755cc972c HTTP/1.1" 200 690 "http://localhost:8080/app/appsmith/create-study-group-657133af8d8a482755cc9726/edit/api/657137ec8d8a482755cc972c?branch=newbranch" "Mozilla/5.0 (Macintosh; Intel Mac OS X 10_15_7) AppleWebKit/537.36 (KHTML, like Gecko) Chrome/119.0.0.0 Safari/537.36"
192.168.65.1 - - [07/Dec/2023:03:12:57 +0000] "POST /api/v1/actions/execute HTTP/1.1" 200 5868 "http://localhost:8080/app/appsmith/create-study-group-657133af8d8a482755cc9726/edit/api/657137ec8d8a482755cc972c?branch=newbranch" "Mozilla/5.0 (Macintosh; Intel Mac OS X 10_15_7) AppleWebKit/537.36 (KHTML, like Gecko) Chrome/119.0.0.0 Safari/537.36"
127.0.0.1 - - [07/Dec/2023:03:13:03 +0000] "GET / HTTP/1.1" 200 6702 "-" "curl/7.68.0"
192.168.65.1 - - [07/Dec/2023:03:13:05 +0000] "PUT /api/v1/layouts/657133af8d8a482755cc9724/pages/657133af8d8a482755cc9726?applicationId=656fa21035f0045611dfddd9 HTTP/1.1" 200 3399 "http://localhost:8080/app/appsmith/create-study-group-657133af8d8a482755cc9726/edit/widgets/p0nmk74sa5?branch=newbranch" "Mozilla/5.0 (Macintosh; Intel Mac OS X 10_15_7) AppleWebKit/537.36 (KHTML, like Gecko) Chrome/119.0.0.0 Safari/537.36"
192.168.65.1 - - [07/Dec/2023:03:13:06 +0000] "PUT /api/v1/layouts/657133af8d8a482755cc9724/pages/657133af8d8a482755cc9726?applicationId=656fa21035f0045611dfddd9 HTTP/1.1" 200 2840 "http://localhost:8080/app/appsmith/create-study-group-657133af8d8a482755cc9726/edit?branch=newbranch" "Mozilla/5.0 (Macintosh; Intel Mac OS X 10_15_7) AppleWebKit/537.36 (KHTML, like Gecko) Chrome/119.0.0.0 Safari/537.36"
192.168.65.1 - - [07/Dec/2023:03:13:12 +0000] "PUT /api/v1/layouts/657133af8d8a482755cc9724/pages/657133af8d8a482755cc9726?applicationId=656fa21035f0045611dfddd9 HTTP/1.1" 200 3449 "http://localhost:8080/app/appsmith/create-study-group-657133af8d8a482755cc9726/edit/widgets/fu5hklgr18?branch=newbranch" "Mozilla/5.0 (Macintosh; Intel Mac OS X 10_15_7) AppleWebKit/537.36 (KHTML, like Gecko) Chrome/119.0.0.0 Safari/537.36"
192.168.65.1 - - [07/Dec/2023:03:13:12 +0000] "PUT /api/v1/layouts/657133af8d8a482755cc9724/pages/657133af8d8a482755cc9726?applicationId=656fa21035f0045611dfddd9 HTTP/1.1" 200 3450 "http://localhost:8080/app/appsmith/create-study-group-657133af8d8a482755cc9726/edit/widgets/fu5hklgr18?branch=newbranch" "Mozilla/5.0 (Macintosh; Intel Mac OS X 10_15_7) AppleWebKit/537.36 (KHTML, like Gecko) Chrome/119.0.0.0 Safari/537.36"
192.168.65.1 - - [07/Dec/2023:03:13:14 +0000] "PUT /api/v1/layouts/657133af8d8a482755cc9724/pages/657133af8d8a482755cc9726?applicationId=656fa21035f0045611dfddd9 HTTP/1.1" 200 4236 "http://localhost:8080/app/appsmith/create-study-group-657133af8d8a482755cc9726/edit/widgets/fu5hklgr18?branch=newbranch" "Mozilla/5.0 (Macintosh; Intel Mac OS X 10_15_7) AppleWebKit/537.36 (KHTML, like Gecko) Chrome/119.0.0.0 Safari/537.36"
192.168.65.1 - - [07/Dec/2023:03:13:16 +0000] "PUT /api/v1/layouts/657133af8d8a482755cc9724/pages/657133af8d8a482755cc9726?applicationId=656fa21035f0045611dfddd9 HTTP/1.1" 200 4185 "http://localhost:8080/app/appsmith/create-study-group-657133af8d8a482755cc9726/edit/widgets/fu5hklgr18?branch=newbranch" "Mozilla/5.0 (Macintosh; Intel Mac OS X 10_15_7) AppleWebKit/537.36 (KHTML, like Gecko) Chrome/119.0.0.0 Safari/537.36"
192.168.65.1 - - [07/Dec/2023:03:13:17 +0000] "PUT /api/v1/layouts/657133af8d8a482755cc9724/pages/657133af8d8a482755cc9726?applicationId=656fa21035f0045611dfddd9 HTTP/1.1" 200 4185 "http://localhost:8080/app/appsmith/create-study-group-657133af8d8a482755cc9726/edit/widgets/fu5hklgr18?branch=newbranch" "Mozilla/5.0 (Macintosh; Intel Mac OS X 10_15_7) AppleWebKit/537.36 (KHTML, like Gecko) Chrome/119.0.0.0 Safari/537.36"
127.0.0.1 - - [07/Dec/2023:03:13:18 +0000] "GET / HTTP/1.1" 200 6702 "-" "curl/7.68.0"
192.168.65.1 - - [07/Dec/2023:03:13:18 +0000] "PUT /api/v1/layouts/657133af8d8a482755cc9724/pages/657133af8d8a482755cc9726?applicationId=656fa21035f0045611dfddd9 HTTP/1.1" 200 4185 "http://localhost:8080/app/appsmith/create-study-group-657133af8d8a482755cc9726/edit/widgets/fu5hklgr18?branch=newbranch" "Mozilla/5.0 (Macintosh; Intel Mac OS X 10_15_7) AppleWebKit/537.36 (KHTML, like Gecko) Chrome/119.0.0.0 Safari/537.36"
192.168.65.1 - - [07/Dec/2023:03:13:20 +0000] "PUT /api/v1/layouts/657133af8d8a482755cc9724/pages/657133af8d8a482755cc9726?applicationId=656fa21035f0045611dfddd9 HTTP/1.1" 200 4185 "http://localhost:8080/app/appsmith/create-study-group-657133af8d8a482755cc9726/edit/widgets/fu5hklgr18?branch=newbranch" "Mozilla/5.0 (Macintosh; Intel Mac OS X 10_15_7) AppleWebKit/537.36 (KHTML, like Gecko) Chrome/119.0.0.0 Safari/537.36"
192.168.65.1 - - [07/Dec/2023:03:13:22 +0000] "PUT /api/v1/layouts/657133af8d8a482755cc9724/pages/657133af8d8a482755cc9726?applicationId=656fa21035f0045611dfddd9 HTTP/1.1" 200 4185 "http://localhost:8080/app/appsmith/create-study-group-657133af8d8a482755cc9726/edit?branch=newbranch" "Mozilla/5.0 (Macintosh; Intel Mac OS X 10_15_7) AppleWebKit/537.36 (KHTML, like Gecko) Chrome/119.0.0.0 Safari/537.36"
192.168.65.1 - - [07/Dec/2023:03:13:25 +0000] "PUT /api/v1/layouts/657133af8d8a482755cc9724/pages/657133af8d8a482755cc9726?applicationId=656fa21035f0045611dfddd9 HTTP/1.1" 200 4185 "http://localhost:8080/app/appsmith/create-study-group-657133af8d8a482755cc9726/edit/widgets/fu5hklgr18?branch=newbranch" "Mozilla/5.0 (Macintosh; Intel Mac OS X 10_15_7) AppleWebKit/537.36 (KHTML, like Gecko) Chrome/119.0.0.0 Safari/537.36"
192.168.65.1 - - [07/Dec/2023:03:13:27 +0000] "PUT /api/v1/layouts/657133af8d8a482755cc9724/pages/657133af8d8a482755cc9726?applicationId=656fa21035f0045611dfddd9 HTTP/1.1" 200 4186 "http://localhost:8080/app/appsmith/create-study-group-657133af8d8a482755cc9726/edit?branch=newbranch" "Mozilla/5.0 (Macintosh; Intel Mac OS X 10_15_7) AppleWebKit/537.36 (KHTML, like Gecko) Chrome/119.0.0.0 Safari/537.36"
127.0.0.1 - - [07/Dec/2023:03:13:33 +0000] "GET / HTTP/1.1" 200 6702 "-" "curl/7.68.0"
127.0.0.1 - - [07/Dec/2023:03:13:48 +0000] "GET / HTTP/1.1" 200 6702 "-" "curl/7.68.0"
192.168.65.1 - - [07/Dec/2023:03:13:57 +0000] "PUT /api/v1/layouts/657133af8d8a482755cc9724/pages/657133af8d8a482755cc9726?applicationId=656fa21035f0045611dfddd9 HTTP/1.1" 200 4201 "http://localhost:8080/app/appsmith/create-study-group-657133af8d8a482755cc9726/edit/widgets/fu5hklgr18?branch=newbranch" "Mozilla/5.0 (Macintosh; Intel Mac OS X 10_15_7) AppleWebKit/537.36 (KHTML, like Gecko) Chrome/119.0.0.0 Safari/537.36"
192.168.65.1 - - [07/Dec/2023:03:13:58 +0000] "PUT /api/v1/layouts/657133af8d8a482755cc9724/pages/657133af8d8a482755cc9726?applicationId=656fa21035f0045611dfddd9 HTTP/1.1" 200 4196 "http://localhost:8080/app/appsmith/create-study-group-657133af8d8a482755cc9726/edit/widgets/fu5hklgr18?branch=newbranch" "Mozilla/5.0 (Macintosh; Intel Mac OS X 10_15_7) AppleWebKit/537.36 (KHTML, like Gecko) Chrome/119.0.0.0 Safari/537.36"
127.0.0.1 - - [07/Dec/2023:03:14:03 +0000] "GET / HTTP/1.1" 200 6702 "-" "curl/7.68.0"
192.168.65.1 - - [07/Dec/2023:03:14:08 +0000] "PUT /api/v1/layouts/657133af8d8a482755cc9724/pages/657133af8d8a482755cc9726?applicationId=656fa21035f0045611dfddd9 HTTP/1.1" 200 4206 "http://localhost:8080/app/appsmith/create-study-group-657133af8d8a482755cc9726/edit/widgets/fu5hklgr18?branch=newbranch" "Mozilla/5.0 (Macintosh; Intel Mac OS X 10_15_7) AppleWebKit/537.36 (KHTML, like Gecko) Chrome/119.0.0.0 Safari/537.36"
192.168.65.1 - - [07/Dec/2023:03:14:12 +0000] "PUT /api/v1/layouts/657133af8d8a482755cc9724/pages/657133af8d8a482755cc9726?applicationId=656fa21035f0045611dfddd9 HTTP/1.1" 200 4207 "http://localhost:8080/app/appsmith/create-study-group-657133af8d8a482755cc9726/edit/widgets/fu5hklgr18?branch=newbranch" "Mozilla/5.0 (Macintosh; Intel Mac OS X 10_15_7) AppleWebKit/537.36 (KHTML, like Gecko) Chrome/119.0.0.0 Safari/537.36"
192.168.65.1 - - [07/Dec/2023:03:14:14 +0000] "PUT /api/v1/layouts/657133af8d8a482755cc9724/pages/657133af8d8a482755cc9726?applicationId=656fa21035f0045611dfddd9 HTTP/1.1" 200 4214 "http://localhost:8080/app/appsmith/create-study-group-657133af8d8a482755cc9726/edit/widgets/fu5hklgr18?branch=newbranch" "Mozilla/5.0 (Macintosh; Intel Mac OS X 10_15_7) AppleWebKit/537.36 (KHTML, like Gecko) Chrome/119.0.0.0 Safari/537.36"
127.0.0.1 - - [07/Dec/2023:03:14:18 +0000] "GET / HTTP/1.1" 200 6702 "-" "curl/7.68.0"
192.168.65.1 - - [07/Dec/2023:03:14:19 +0000] "PUT /api/v1/layouts/657133af8d8a482755cc9724/pages/657133af8d8a482755cc9726?applicationId=656fa21035f0045611dfddd9 HTTP/1.1" 200 4224 "http://localhost:8080/app/appsmith/create-study-group-657133af8d8a482755cc9726/edit/widgets/fu5hklgr18?branch=newbranch" "Mozilla/5.0 (Macintosh; Intel Mac OS X 10_15_7) AppleWebKit/537.36 (KHTML, like Gecko) Chrome/119.0.0.0 Safari/537.36"
127.0.0.1 - - [07/Dec/2023:03:14:34 +0000] "GET / HTTP/1.1" 200 6702 "-" "curl/7.68.0"
127.0.0.1 - - [07/Dec/2023:03:14:49 +0000] "GET / HTTP/1.1" 200 6702 "-" "curl/7.68.0"
127.0.0.1 - - [07/Dec/2023:03:15:04 +0000] "GET / HTTP/1.1" 200 6702 "-" "curl/7.68.0"
192.168.65.1 - - [07/Dec/2023:03:15:07 +0000] "PUT /api/v1/layouts/657133af8d8a482755cc9724/pages/657133af8d8a482755cc9726?applicationId=656fa21035f0045611dfddd9 HTTP/1.1" 200 4224 "http://localhost:8080/app/appsmith/create-study-group-657133af8d8a482755cc9726/edit?branch=newbranch" "Mozilla/5.0 (Macintosh; Intel Mac OS X 10_15_7) AppleWebKit/537.36 (KHTML, like Gecko) Chrome/119.0.0.0 Safari/537.36"
192.168.65.1 - - [07/Dec/2023:03:15:15 +0000] "GET /api/v1/pages/6570b92afc074a681b6f25b6 HTTP/1.1" 200 4934 "http://localhost:8080/app/appsmith/student-home-6570b92afc074a681b6f25b6/edit?branch=newbranch" "Mozilla/5.0 (Macintosh; Intel Mac OS X 10_15_7) AppleWebKit/537.36 (KHTML, like Gecko) Chrome/119.0.0.0 Safari/537.36"
192.168.65.1 - - [07/Dec/2023:03:15:15 +0000] "GET /api/v1/applications/snapshot/656fa21035f0045611dfddd9 HTTP/1.1" 200 129 "http://localhost:8080/app/appsmith/student-home-6570b92afc074a681b6f25b6/edit?branch=newbranch" "Mozilla/5.0 (Macintosh; Intel Mac OS X 10_15_7) AppleWebKit/537.36 (KHTML, like Gecko) Chrome/119.0.0.0 Safari/537.36"
